[2026-09-24 21:39:10.212] [S] {"sid": "20260924_213910", "sys_t": "2026-09-24T21:39:10.211731"}
[2026-09-24 21:39:10.212] [SFX] {"sound": "hack_success", "volume": 0.8}
[2026-09-24 21:39:11.024] [SESSION_RESET] {"msg": "--- NEW LIFE STARTED ---"}
[2026-09-24 21:39:11.088] [JACK] CYBERDECK OS v4.2 // SYSTEME BEREIT
[2026-09-24 21:39:11.277] [SFX] {"sound": "guardian_move", "volume": 0.25}
[2026-09-24 21:39:11.528] [SFX] {"sound": "civ_move_1", "volume": 0.03}
[2026-09-24 21:39:11.651] [SFX] {"sound": "civ_move_1", "volume": 0.05}
[2026-09-24 21:39:11.675] [SFX] {"sound": "civ_move_2", "volume": 0.07}
[2026-09-24 21:39:11.809] [SFX] {"sound": "civ_move_2", "volume": 0.01}
[2026-09-24 21:39:11.893] [SFX] {"sound": "guardian_move", "volume": 0.25}
[2026-09-24 21:39:11.926] [SFX] {"sound": "civ_move_1", "volume": 0.03}
[2026-09-24 21:39:12.044] [SFX] {"sound": "civ_move_1", "volume": 0.06}
[2026-09-24 21:39:12.078] [SFX] {"sound": "civ_move_2", "volume": 0.07}
[2026-09-24 21:39:12.225] [SFX] {"sound": "civ_move_2", "volume": 0.01}
[2026-09-24 21:39:12.341] [SFX] {"sound": "civ_move_1", "volume": 0.04}
[2026-09-24 21:39:12.407] [M] {"button": 1, "pos": [316, 263], "ui_clicked": false}
[2026-09-24 21:39:12.455] [SFX] {"sound": "civ_move_1", "volume": 0.06}
[2026-09-24 21:39:12.490] [SFX] {"sound": "civ_move_2", "volume": 0.07}
[2026-09-24 21:39:12.515] [SFX] {"sound": "guardian_move", "volume": 0.24}
[2026-09-24 21:39:12.754] [SFX] {"sound": "civ_move_1", "volume": 0.04}
[2026-09-24 21:39:12.869] [SFX] {"sound": "civ_move_1", "volume": 0.07}
[2026-09-24 21:39:12.885] [M] {"button": 1, "pos": [280, 227], "ui_clicked": false}
[2026-09-24 21:39:12.911] [SFX] {"sound": "civ_move_2", "volume": 0.07}
[2026-09-24 21:39:13.108] [SFX] {"sound": "guardian_move", "volume": 0.24}
[2026-09-24 21:39:13.157] [SFX] {"sound": "civ_move_1", "volume": 0.04}
[2026-09-24 21:39:13.270] [SFX] {"sound": "civ_move_1", "volume": 0.07}
[2026-09-24 21:39:13.317] [SFX] {"sound": "civ_move_2", "volume": 0.07}
[2026-09-24 21:39:13.353] [M] {"button": 1, "pos": [304, 221], "ui_clicked": false}
[2026-09-24 21:39:13.359] [SFX] {"sound": "click_target", "volume": 0.69}
[2026-09-24 21:39:13.373] [SFX] {"sound": "player_move", "volume": 0.4}
[2026-09-24 21:39:13.564] [SFX] {"sound": "civ_move_1", "volume": 0.05}
[2026-09-24 21:39:13.678] [SFX] {"sound": "player_move", "volume": 0.4}
[2026-09-24 21:39:13.679] [SFX] {"sound": "civ_move_1", "volume": 0.09}
[2026-09-24 21:39:13.712] [SFX] {"sound": "guardian_move", "volume": 0.24}
[2026-09-24 21:39:13.733] [SFX] {"sound": "civ_move_2", "volume": 0.09}
[2026-09-24 21:39:13.862] [SFX] {"sound": "civ_move_2", "volume": 0.0}
[2026-09-24 21:39:13.975] [SFX] {"sound": "civ_move_1", "volume": 0.06}
[2026-09-24 21:39:14.091] [SFX] {"sound": "civ_move_1", "volume": 0.09}
[2026-09-24 21:39:14.140] [SFX] {"sound": "civ_move_2", "volume": 0.08}
[2026-09-24 21:39:14.322] [SFX] {"sound": "guardian_move", "volume": 0.23}
[2026-09-24 21:39:14.387] [SFX] {"sound": "civ_move_1", "volume": 0.06}
[2026-09-24 21:39:14.502] [SFX] {"sound": "civ_move_1", "volume": 0.1}
[2026-09-24 21:39:14.533] [M] {"button": 1, "pos": [317, 232], "ui_clicked": false}
[2026-09-24 21:39:14.550] [SFX] {"sound": "civ_move_2", "volume": 0.08}
[2026-09-24 21:39:14.794] [SFX] {"sound": "civ_move_1", "volume": 0.05}
[2026-09-24 21:39:14.911] [SFX] {"sound": "civ_move_1", "volume": 0.1}
[2026-09-24 21:39:14.934] [SFX] {"sound": "guardian_move", "volume": 0.22}
[2026-09-24 21:39:14.962] [SFX] {"sound": "civ_move_2", "volume": 0.09}
[2026-09-24 21:39:15.195] [SFX] {"sound": "civ_move_1", "volume": 0.05}
[2026-09-24 21:39:15.326] [SFX] {"sound": "civ_move_1", "volume": 0.1}
[2026-09-24 21:39:15.375] [SFX] {"sound": "civ_move_2", "volume": 0.09}
[2026-09-24 21:39:15.539] [SFX] {"sound": "guardian_move", "volume": 0.2}
[2026-09-24 21:39:15.606] [SFX] {"sound": "civ_move_1", "volume": 0.05}
[2026-09-24 21:39:15.737] [SFX] {"sound": "civ_move_1", "volume": 0.1}
[2026-09-24 21:39:15.787] [SFX] {"sound": "civ_move_2", "volume": 0.08}
[2026-09-24 21:39:16.015] [SFX] {"sound": "civ_move_1", "volume": 0.06}
[2026-09-24 21:39:16.147] [SFX] {"sound": "guardian_move", "volume": 0.19}
[2026-09-24 21:39:16.148] [SFX] {"sound": "civ_move_1", "volume": 0.1}
[2026-09-24 21:39:16.197] [SFX] {"sound": "civ_move_2", "volume": 0.08}
[2026-09-24 21:39:16.346] [M] {"button": 1, "pos": [322, 200], "ui_clicked": false}
[2026-09-24 21:39:16.354] [SFX] {"sound": "click_target", "volume": 0.75}
[2026-09-24 21:39:16.430] [SFX] {"sound": "civ_move_1", "volume": 0.07}
[2026-09-24 21:39:16.547] [SFX] {"sound": "civ_move_1", "volume": 0.09}
[2026-09-24 21:39:16.597] [SFX] {"sound": "civ_move_2", "volume": 0.07}
[2026-09-24 21:39:16.746] [SFX] {"sound": "guardian_move", "volume": 0.18}
[2026-09-24 21:39:16.844] [SFX] {"sound": "civ_move_1", "volume": 0.08}
[2026-09-24 21:39:16.959] [SFX] {"sound": "civ_move_1", "volume": 0.09}
[2026-09-24 21:39:17.007] [SFX] {"sound": "civ_move_2", "volume": 0.06}
[2026-09-24 21:39:17.251] [SFX] {"sound": "civ_move_1", "volume": 0.09}
[2026-09-24 21:39:17.352] [SFX] {"sound": "guardian_move", "volume": 0.16}
[2026-09-24 21:39:17.375] [SFX] {"sound": "civ_move_1", "volume": 0.09}
[2026-09-24 21:39:17.420] [SFX] {"sound": "civ_move_2", "volume": 0.06}
[2026-09-24 21:39:17.666] [SFX] {"sound": "civ_move_1", "volume": 0.09}
[2026-09-24 21:39:17.829] [SFX] {"sound": "civ_move_2", "volume": 0.05}
[2026-09-24 21:39:17.847] [M] {"button": 1, "pos": [316, 186], "ui_clicked": false}
[2026-09-24 21:39:17.954] [SFX] {"sound": "guardian_move", "volume": 0.17}
[2026-09-24 21:39:18.072] [SFX] {"sound": "civ_move_1", "volume": 0.08}
[2026-09-24 21:39:18.236] [SFX] {"sound": "civ_move_2", "volume": 0.04}
[2026-09-24 21:39:18.486] [M] {"button": 1, "pos": [355, 181], "ui_clicked": false}
[2026-09-24 21:39:18.493] [SFX] {"sound": "civ_move_1", "volume": 0.08}
[2026-09-24 21:39:18.494] [SFX] {"sound": "action_cancel", "volume": 1.0}
[2026-09-24 21:39:18.494] [P] {"start": [194, 10], "goal": [198, 10], "length": 5, "is_direction_change": false}
[2026-09-24 21:39:18.495] [SFX] {"sound": "click_target", "volume": 0.71}
[2026-09-24 21:39:18.526] [JACK] Kleine Schritte. Immer auf die Umgebung achten.
[2026-09-24 21:39:18.565] [SFX] {"sound": "guardian_move", "volume": 0.15}
[2026-09-24 21:39:18.598] [SFX] {"sound": "civ_move_1", "volume": 0.06}
[2026-09-24 21:39:18.646] [SFX] {"sound": "civ_move_2", "volume": 0.02}
[2026-09-24 21:39:18.777] [SFX] {"sound": "player_move", "volume": 0.4}
[2026-09-24 21:39:18.893] [SFX] {"sound": "civ_move_1", "volume": 0.06}
[2026-09-24 21:39:19.010] [SFX] {"sound": "civ_move_1", "volume": 0.04}
[2026-09-24 21:39:19.060] [SFX] {"sound": "civ_move_2", "volume": 0.03}
[2026-09-24 21:39:19.092] [SFX] {"sound": "player_move", "volume": 0.4}
[2026-09-24 21:39:19.174] [SFX] {"sound": "guardian_move", "volume": 0.15}
[2026-09-24 21:39:19.306] [SFX] {"sound": "civ_move_1", "volume": 0.08}
[2026-09-24 21:39:19.421] [SFX] {"sound": "civ_move_1", "volume": 0.05}
[2026-09-24 21:39:19.470] [SFX] {"sound": "civ_move_2", "volume": 0.03}
[2026-09-24 21:39:19.715] [SFX] {"sound": "civ_move_1", "volume": 0.07}
[2026-09-24 21:39:19.781] [SFX] {"sound": "guardian_move", "volume": 0.14}
[2026-09-24 21:39:19.814] [M] {"button": 1, "pos": [353, 157], "ui_clicked": false}
[2026-09-24 21:39:19.821] [P] {"start": [198, 10], "goal": [202, 7], "length": 4, "is_direction_change": false}
[2026-09-24 21:39:19.822] [SFX] {"sound": "click_target", "volume": 0.87}
[2026-09-24 21:39:19.854] [SFX] {"sound": "civ_move_1", "volume": 0.04}
[2026-09-24 21:39:19.876] [SFX] {"sound": "civ_move_2", "volume": 0.02}
[2026-09-24 21:39:20.074] [SFX] {"sound": "player_move", "volume": 0.4}
[2026-09-24 21:39:20.122] [SFX] {"sound": "civ_move_1", "volume": 0.07}
[2026-09-24 21:39:20.237] [SFX] {"sound": "civ_move_1", "volume": 0.01}
[2026-09-24 21:39:20.286] [SFX] {"sound": "civ_move_2", "volume": 0.0}
[2026-09-24 21:39:20.388] [SFX] {"sound": "guardian_move", "volume": 0.12}
[2026-09-24 21:39:20.534] [SFX] {"sound": "civ_move_1", "volume": 0.05}
[2026-09-24 21:39:20.934] [SFX] {"sound": "civ_move_1", "volume": 0.04}
[2026-09-24 21:39:21.001] [SFX] {"sound": "guardian_move", "volume": 0.12}
[2026-09-24 21:39:21.349] [SFX] {"sound": "civ_move_1", "volume": 0.03}
[2026-09-24 21:39:21.615] [SFX] {"sound": "guardian_move", "volume": 0.12}
[2026-09-24 21:39:21.763] [SFX] {"sound": "civ_move_1", "volume": 0.03}
[2026-09-24 21:39:21.925] [M] {"button": 1, "pos": [289, 235], "ui_clicked": false}
[2026-09-24 21:39:21.931] [P] {"start": [202, 7], "goal": [198, 13], "length": 11, "is_direction_change": false}
[2026-09-24 21:39:21.932] [SFX] {"sound": "click_target", "volume": 0.64}
[2026-09-24 21:39:22.102] [SFX] {"sound": "player_move", "volume": 0.4}
[2026-09-24 21:39:22.166] [SFX] {"sound": "civ_move_1", "volume": 0.02}
[2026-09-24 21:39:22.217] [SFX] {"sound": "guardian_move", "volume": 0.14}
[2026-09-24 21:39:22.415] [SFX] {"sound": "player_move", "volume": 0.4}
[2026-09-24 21:39:22.825] [SFX] {"sound": "guardian_move", "volume": 0.13}
[2026-09-24 21:39:23.041] [SFX] {"sound": "player_move", "volume": 0.4}
[2026-09-24 21:39:23.108] [SFX] {"sound": "civ_move_1", "volume": 0.01}
[2026-09-24 21:39:23.351] [SFX] {"sound": "player_move", "volume": 0.4}
[2026-09-24 21:39:23.401] [SFX] {"sound": "civ_move_1", "volume": 0.01}
[2026-09-24 21:39:23.435] [SFX] {"sound": "guardian_move", "volume": 0.16}
[2026-09-24 21:39:23.812] [SFX] {"sound": "civ_move_1", "volume": 0.0}
[2026-09-24 21:39:24.042] [SFX] {"sound": "guardian_move", "volume": 0.16}
[2026-09-24 21:39:24.123] [M] {"button": 1, "pos": [303, 227], "ui_clicked": false}
[2026-09-24 21:39:24.656] [SFX] {"sound": "guardian_move", "volume": 0.15}
[2026-09-24 21:39:25.037] [M] {"button": 1, "pos": [335, 207], "ui_clicked": false}
[2026-09-24 21:39:25.046] [P] {"start": [198, 13], "goal": [199, 16], "length": 4, "is_direction_change": false}
[2026-09-24 21:39:25.046] [SFX] {"sound": "click_target", "volume": 0.72}
[2026-09-24 21:39:25.077] [JACK] Sektor sieht ruhig aus. Erstmal Daten-Traces scannen.
[2026-09-24 21:39:25.263] [SFX] {"sound": "guardian_move", "volume": 0.16}
[2026-09-24 21:39:25.329] [SFX] {"sound": "player_move", "volume": 0.4}
[2026-09-24 21:39:25.876] [SFX] {"sound": "guardian_move", "volume": 0.14}
[2026-09-24 21:39:26.078] [M] {"button": 1, "pos": [334, 216], "ui_clicked": false}
[2026-09-24 21:39:26.086] [P] {"start": [199, 16], "goal": [200, 20], "length": 2, "is_direction_change": false}
[2026-09-24 21:39:26.087] [SFX] {"sound": "click_target", "volume": 0.7}
[2026-09-24 21:39:26.253] [SFX] {"sound": "player_move", "volume": 0.4}
[2026-09-24 21:39:26.484] [SFX] {"sound": "guardian_move", "volume": 0.14}
[2026-09-24 21:39:26.748] [SFX] {"sound": "civ_move_1", "volume": 0.0}
[2026-09-24 21:39:26.993] [M] {"button": 1, "pos": [336, 189], "ui_clicked": false}
[2026-09-24 21:39:27.094] [SFX] {"sound": "guardian_move", "volume": 0.12}
[2026-09-24 21:39:27.159] [SFX] {"sound": "civ_move_1", "volume": 0.01}
[2026-09-24 21:39:27.469] [M] {"button": 1, "pos": [361, 206], "ui_clicked": false}
[2026-09-24 21:39:27.569] [SFX] {"sound": "civ_move_1", "volume": 0.02}
[2026-09-24 21:39:27.699] [SFX] {"sound": "guardian_move", "volume": 0.1}
[2026-09-24 21:39:27.983] [SFX] {"sound": "civ_move_1", "volume": 0.03}
[2026-09-24 21:39:28.001] [M] {"button": 1, "pos": [357, 199], "ui_clicked": false}
[2026-09-24 21:39:28.009] [P] {"start": [200, 20], "goal": [204, 22], "length": 2, "is_direction_change": false}
[2026-09-24 21:39:28.010] [SFX] {"sound": "click_target", "volume": 0.7}
[2026-09-24 21:39:28.243] [SFX] {"sound": "player_move", "volume": 0.4}
[2026-09-24 21:39:28.309] [SFX] {"sound": "guardian_move", "volume": 0.06}
[2026-09-24 21:39:28.394] [SFX] {"sound": "civ_move_1", "volume": 0.06}
[2026-09-24 21:39:28.804] [SFX] {"sound": "civ_move_1", "volume": 0.07}
[2026-09-24 21:39:28.836] [M] {"button": 1, "pos": [355, 198], "ui_clicked": false}
[2026-09-24 21:39:28.844] [P] {"start": [204, 22], "goal": [208, 24], "length": 2, "is_direction_change": false}
[2026-09-24 21:39:28.845] [SFX] {"sound": "click_target", "volume": 0.7}
[2026-09-24 21:39:28.920] [SFX] {"sound": "guardian_move", "volume": 0.03}
[2026-09-24 21:39:29.082] [SFX] {"sound": "player_move", "volume": 0.4}
[2026-09-24 21:39:29.215] [SFX] {"sound": "civ_move_1", "volume": 0.1}
[2026-09-24 21:39:29.626] [SFX] {"sound": "civ_move_1", "volume": 0.11}
[2026-09-24 21:39:30.021] [M] {"button": 1, "pos": [320, 211], "ui_clicked": false}
[2026-09-24 21:39:30.038] [SFX] {"sound": "civ_move_1", "volume": 0.12}
[2026-09-24 21:39:30.439] [SFX] {"sound": "civ_move_1", "volume": 0.13}
[2026-09-24 21:39:30.487] [M] {"button": 1, "pos": [310, 211], "ui_clicked": false}
[2026-09-24 21:39:30.494] [P] {"start": [208, 24], "goal": [206, 27], "length": 2, "is_direction_change": false}
[2026-09-24 21:39:30.494] [SFX] {"sound": "click_target", "volume": 0.72}
[2026-09-24 21:39:30.728] [SFX] {"sound": "player_move", "volume": 0.4}
[2026-09-24 21:39:30.842] [SFX] {"sound": "civ_move_1", "volume": 0.15}
[2026-09-24 21:39:31.242] [M] {"button": 1, "pos": [310, 211], "ui_clicked": false}
[2026-09-24 21:39:31.249] [SFX] {"sound": "civ_move_1", "volume": 0.15}
[2026-09-24 21:39:31.636] [M] {"button": 1, "pos": [316, 213], "ui_clicked": false}
[2026-09-24 21:39:31.652] [SFX] {"sound": "civ_move_1", "volume": 0.16}
[2026-09-24 21:39:32.027] [M] {"button": 1, "pos": [321, 216], "ui_clicked": false}
[2026-09-24 21:39:32.033] [P] {"start": [206, 27], "goal": [206, 31], "length": 1, "is_direction_change": false}
[2026-09-24 21:39:32.034] [SFX] {"sound": "click_target", "volume": 0.71}
[2026-09-24 21:39:32.073] [SFX] {"sound": "civ_move_1", "volume": 0.17}
[2026-09-24 21:39:32.487] [SFX] {"sound": "civ_move_1", "volume": 0.19}
[2026-09-24 21:39:32.862] [M] {"button": 1, "pos": [317, 213], "ui_clicked": false}
[2026-09-24 21:39:32.894] [SFX] {"sound": "civ_move_1", "volume": 0.19}
[2026-09-24 21:39:33.307] [SFX] {"sound": "civ_move_1", "volume": 0.2}
[2026-09-24 21:39:33.472] [M] {"button": 1, "pos": [286, 207], "ui_clicked": false}
[2026-09-24 21:39:33.479] [P] {"start": [206, 31], "goal": [201, 34], "length": 2, "is_direction_change": false}
[2026-09-24 21:39:33.480] [SFX] {"sound": "click_target", "volume": 0.69}
[2026-09-24 21:39:33.574] [SFX] {"sound": "player_move", "volume": 0.4}
[2026-09-24 21:39:33.721] [SFX] {"sound": "civ_move_1", "volume": 0.24}
[2026-09-24 21:39:34.400] [M] {"button": 1, "pos": [272, 192], "ui_clicked": false}
[2026-09-24 21:39:34.549] [SFX] {"sound": "civ_move_1", "volume": 0.25}
[2026-09-24 21:39:34.750] [M] {"button": 1, "pos": [273, 186], "ui_clicked": false}
[2026-09-24 21:39:34.757] [P] {"start": [201, 34], "goal": [195, 34], "length": 1, "is_direction_change": false}
[2026-09-24 21:39:34.757] [SFX] {"sound": "click_target", "volume": 0.68}
[2026-09-24 21:39:34.798] [SFX] {"sound": "player_move", "volume": 0.4}
[2026-09-24 21:39:34.953] [SFX] {"sound": "civ_move_1", "volume": 0.23}
[2026-09-24 21:39:35.773] [SFX] {"sound": "civ_move_1", "volume": 0.24}
[2026-09-24 21:39:35.920] [M] {"button": 1, "pos": [371, 188], "ui_clicked": false}
[2026-09-24 21:39:35.928] [P] {"start": [195, 34], "goal": [201, 34], "length": 1, "is_direction_change": false}
[2026-09-24 21:39:35.929] [SFX] {"sound": "click_target", "volume": 0.67}
[2026-09-24 21:39:35.980] [SFX] {"sound": "player_move", "volume": 0.4}
[2026-09-24 21:39:36.178] [SFX] {"sound": "civ_move_1", "volume": 0.28}
[2026-09-24 21:39:36.229] [C] {"civ_pos": [201, 32]}
[2026-09-24 21:39:36.586] [SFX] {"sound": "civ_move_1", "volume": 0.28}
[2026-09-24 21:39:37.398] [SFX] {"sound": "civ_move_1", "volume": 0.27}
[2026-09-24 21:39:37.790] [M] {"button": 1, "pos": [283, 164], "ui_clicked": false}
[2026-09-24 21:39:37.805] [SFX] {"sound": "civ_move_1", "volume": 0.26}
[2026-09-24 21:39:38.206] [M] {"button": 1, "pos": [289, 169], "ui_clicked": false}
[2026-09-24 21:39:38.215] [SFX] {"sound": "civ_move_1", "volume": 0.25}
[2026-09-24 21:39:38.216] [P] {"start": [201, 34], "goal": [197, 32], "length": 3, "is_direction_change": false}
[2026-09-24 21:39:38.217] [SFX] {"sound": "click_target", "volume": 0.9}
[2026-09-24 21:39:38.290] [SFX] {"sound": "player_move", "volume": 0.4}
[2026-09-24 21:39:38.616] [SFX] {"sound": "civ_move_1", "volume": 0.2}
[2026-09-24 21:39:38.815] [SFX] {"sound": "threat_pulse", "volume": 0.3}
[2026-09-24 21:39:38.913] [SFX] {"sound": "player_move", "volume": 0.4}
[2026-09-24 21:39:39.028] [SFX] {"sound": "civ_move_1", "volume": 0.25}
[2026-09-24 21:39:39.439] [SFX] {"sound": "civ_move_1", "volume": 0.24}
[2026-09-24 21:39:39.852] [SFX] {"sound": "civ_move_1", "volume": 0.23}
[2026-09-24 21:39:40.262] [SFX] {"sound": "civ_move_1", "volume": 0.22}
[2026-09-24 21:39:40.675] [SFX] {"sound": "civ_move_1", "volume": 0.2}
[2026-09-24 21:39:41.056] [M] {"button": 1, "pos": [383, 184], "ui_clicked": false}
[2026-09-24 21:39:41.063] [P] {"start": [197, 32], "goal": [204, 32], "length": 1, "is_direction_change": false}
[2026-09-24 21:39:41.064] [SFX] {"sound": "click_target", "volume": 0.64}
[2026-09-24 21:39:41.095] [SFX] {"sound": "civ_move_1", "volume": 0.19}
[2026-09-24 21:39:41.210] [SFX] {"sound": "player_move", "volume": 0.4}
[2026-09-24 21:39:41.509] [SFX] {"sound": "civ_move_1", "volume": 0.13}
[2026-09-24 21:39:41.921] [SFX] {"sound": "civ_move_1", "volume": 0.11}
[2026-09-24 21:39:42.335] [SFX] {"sound": "civ_move_1", "volume": 0.1}
[2026-09-24 21:39:42.599] [M] {"button": 1, "pos": [271, 183], "ui_clicked": false}
[2026-09-24 21:39:42.608] [P] {"start": [204, 32], "goal": [197, 32], "length": 1, "is_direction_change": false}
[2026-09-24 21:39:42.609] [SFX] {"sound": "click_target", "volume": 0.68}
[2026-09-24 21:39:42.675] [SFX] {"sound": "player_move", "volume": 0.4}
[2026-09-24 21:39:42.741] [SFX] {"sound": "civ_move_1", "volume": 0.11}
[2026-09-24 21:39:42.989] [SFX] {"sound": "player_move", "volume": 0.4}
[2026-09-24 21:39:43.141] [SFX] {"sound": "civ_move_1", "volume": 0.13}
[2026-09-24 21:39:43.541] [SFX] {"sound": "civ_move_1", "volume": 0.12}
[2026-09-24 21:39:43.955] [SFX] {"sound": "civ_move_1", "volume": 0.11}
[2026-09-24 21:39:44.368] [SFX] {"sound": "civ_move_1", "volume": 0.09}
[2026-09-24 21:39:44.778] [SFX] {"sound": "civ_move_1", "volume": 0.08}
[2026-09-24 21:39:44.861] [M] {"button": 1, "pos": [356, 183], "ui_clicked": false}
[2026-09-24 21:39:44.868] [P] {"start": [197, 32], "goal": [201, 32], "length": 1, "is_direction_change": false}
[2026-09-24 21:39:44.868] [SFX] {"sound": "click_target", "volume": 0.71}
[2026-09-24 21:39:44.930] [JACK] Kurzer Blick um die Ecke...
[2026-09-24 21:39:45.172] [SFX] {"sound": "player_move", "volume": 0.4}
[2026-09-24 21:39:45.195] [SFX] {"sound": "civ_move_1", "volume": 0.05}
[2026-09-24 21:39:45.406] [SFX] {"sound": "threat_pulse", "volume": 0.31}
[2026-09-24 21:39:45.590] [SFX] {"sound": "civ_move_1", "volume": 0.03}
[2026-09-24 21:39:45.926] [M] {"button": 1, "pos": [360, 183], "ui_clicked": false}
[2026-09-24 21:39:45.933] [P] {"start": [201, 32], "goal": [205, 32], "length": 1, "is_direction_change": false}
[2026-09-24 21:39:45.933] [SFX] {"sound": "click_target", "volume": 0.7}
[2026-09-24 21:39:45.991] [SFX] {"sound": "civ_move_1", "volume": 0.01}
[2026-09-24 21:39:46.156] [SFX] {"sound": "player_move", "volume": 0.4}
[2026-09-24 21:39:46.157] [SFX] {"sound": "civ_move_1", "volume": 0.01}
[2026-09-24 21:39:46.321] [SFX] {"sound": "threat_pulse", "volume": 0.31}
[2026-09-24 21:39:46.572] [SFX] {"sound": "civ_move_1", "volume": 0.02}
[2026-09-24 21:39:46.987] [SFX] {"sound": "civ_move_1", "volume": 0.03}
[2026-09-24 21:39:47.400] [SFX] {"sound": "civ_move_1", "volume": 0.04}
[2026-09-24 21:39:47.481] [M] {"button": 1, "pos": [280, 183], "ui_clicked": false}
[2026-09-24 21:39:47.489] [P] {"start": [205, 32], "goal": [199, 32], "length": 1, "is_direction_change": false}
[2026-09-24 21:39:47.489] [SFX] {"sound": "click_target", "volume": 0.7}
[2026-09-24 21:39:47.764] [SFX] {"sound": "player_move", "volume": 0.4}
[2026-09-24 21:39:47.813] [SFX] {"sound": "civ_move_1", "volume": 0.04}
[2026-09-24 21:39:48.639] [SFX] {"sound": "civ_move_1", "volume": 0.05}
[2026-09-24 21:39:49.050] [M] {"button": 1, "pos": [367, 183], "ui_clicked": false}
[2026-09-24 21:39:49.058] [SFX] {"sound": "civ_move_1", "volume": 0.06}
[2026-09-24 21:39:49.058] [P] {"start": [199, 32], "goal": [204, 32], "length": 1, "is_direction_change": false}
[2026-09-24 21:39:49.059] [SFX] {"sound": "click_target", "volume": 0.68}
[2026-09-24 21:39:49.294] [SFX] {"sound": "player_move", "volume": 0.4}
[2026-09-24 21:39:49.462] [SFX] {"sound": "civ_move_1", "volume": 0.08}
[2026-09-24 21:39:49.873] [SFX] {"sound": "civ_move_1", "volume": 0.09}
[2026-09-24 21:39:50.024] [M] {"button": 1, "pos": [254, 184], "ui_clicked": false}
[2026-09-24 21:39:50.032] [P] {"start": [204, 32], "goal": [195, 32], "length": 1, "is_direction_change": false}
[2026-09-24 21:39:50.032] [SFX] {"sound": "click_target", "volume": 0.63}
[2026-09-24 21:39:50.285] [SFX] {"sound": "civ_move_1", "volume": 0.09}
[2026-09-24 21:39:50.308] [SFX] {"sound": "player_move", "volume": 0.4}
[2026-09-24 21:39:50.695] [SFX] {"sound": "civ_move_1", "volume": 0.08}
[2026-09-24 21:39:51.105] [SFX] {"sound": "civ_move_1", "volume": 0.09}
[2026-09-24 21:39:51.928] [SFX] {"sound": "civ_move_1", "volume": 0.1}
[2026-09-24 21:39:51.943] [M] {"button": 1, "pos": [361, 181], "ui_clicked": false}
[2026-09-24 21:39:51.950] [P] {"start": [195, 32], "goal": [200, 32], "length": 1, "is_direction_change": false}
[2026-09-24 21:39:51.951] [SFX] {"sound": "click_target", "volume": 0.7}
[2026-09-24 21:39:52.047] [SFX] {"sound": "player_move", "volume": 0.4}
[2026-09-24 21:39:52.342] [SFX] {"sound": "civ_move_1", "volume": 0.13}
[2026-09-24 21:39:52.343] [SFX] {"sound": "civ_move_2", "volume": 0.01}
[2026-09-24 21:39:52.755] [M] {"button": 1, "pos": [366, 183], "ui_clicked": false}
[2026-09-24 21:39:52.761] [SFX] {"sound": "civ_move_1", "volume": 0.13}
[2026-09-24 21:39:52.762] [SFX] {"sound": "civ_move_2", "volume": 0.02}
[2026-09-24 21:39:52.763] [P] {"start": [200, 32], "goal": [205, 32], "length": 1, "is_direction_change": false}
[2026-09-24 21:39:52.763] [SFX] {"sound": "click_target", "volume": 0.69}
[2026-09-24 21:39:52.930] [SFX] {"sound": "player_move", "volume": 0.4}
[2026-09-24 21:39:52.931] [SFX] {"sound": "civ_move_1", "volume": 0.01}
[2026-09-24 21:39:53.162] [SFX] {"sound": "civ_move_1", "volume": 0.16}
[2026-09-24 21:39:53.163] [SFX] {"sound": "civ_move_2", "volume": 0.04}
[2026-09-24 21:39:53.346] [SFX] {"sound": "civ_move_1", "volume": 0.01}
[2026-09-24 21:39:53.563] [SFX] {"sound": "civ_move_1", "volume": 0.17}
[2026-09-24 21:39:53.563] [SFX] {"sound": "civ_move_2", "volume": 0.05}
[2026-09-24 21:39:53.759] [SFX] {"sound": "civ_move_1", "volume": 0.02}
[2026-09-24 21:39:53.974] [SFX] {"sound": "civ_move_1", "volume": 0.17}
[2026-09-24 21:39:53.975] [SFX] {"sound": "civ_move_2", "volume": 0.06}
[2026-09-24 21:39:53.976] [SFX] {"sound": "civ_move_2", "volume": 0.0}
[2026-09-24 21:39:54.172] [SFX] {"sound": "civ_move_1", "volume": 0.03}
[2026-09-24 21:39:54.388] [SFX] {"sound": "civ_move_1", "volume": 0.18}
[2026-09-24 21:39:54.388] [SFX] {"sound": "civ_move_2", "volume": 0.07}
[2026-09-24 21:39:54.389] [SFX] {"sound": "civ_move_2", "volume": 0.01}
[2026-09-24 21:39:54.588] [SFX] {"sound": "civ_move_1", "volume": 0.04}
[2026-09-24 21:39:54.788] [SFX] {"sound": "civ_move_1", "volume": 0.18}
[2026-09-24 21:39:54.788] [SFX] {"sound": "civ_move_2", "volume": 0.08}
[2026-09-24 21:39:54.789] [SFX] {"sound": "civ_move_2", "volume": 0.02}
[2026-09-24 21:39:55.000] [SFX] {"sound": "civ_move_1", "volume": 0.05}
[2026-09-24 21:39:55.199] [SFX] {"sound": "civ_move_1", "volume": 0.19}
[2026-09-24 21:39:55.200] [SFX] {"sound": "civ_move_2", "volume": 0.09}
[2026-09-24 21:39:55.200] [SFX] {"sound": "civ_move_2", "volume": 0.03}
[2026-09-24 21:39:55.411] [SFX] {"sound": "civ_move_1", "volume": 0.06}
