[2026-09-26 00:47:50.806] [S] {"sid": "20260926_004750", "sys_t": "2026-09-26T00:47:50.805989"}
[2026-09-26 00:47:50.807] [SFX] {"sound": "hack_success", "volume": 0.8}
[2026-09-26 00:47:52.761] [SESSION_RESET] {"msg": "--- NEW LIFE STARTED ---"}
[2026-09-26 00:47:52.814] [S] {"map": "Shadowgrid"}
[2026-09-26 00:47:52.841] [JACK] Ah, im Shadowgrid angekommen... endlich.
[2026-09-26 00:47:52.988] [SFX] {"sound": "civ_move_2", "volume": 0.01}
[2026-09-26 00:47:53.967] [SFX] {"sound": "civ_move_2", "volume": 0.0}
[2026-09-26 00:47:54.292] [M] {"button": 1, "pos": [302, 205], "ui_clicked": false}
[2026-09-26 00:47:54.352] [SFX] {"sound": "civ_move_2", "volume": 0.01}
[2026-09-26 00:47:54.374] [SFX] {"sound": "guardian_move", "volume": 0.07}
[2026-09-26 00:47:54.652] [SFX] {"sound": "civ_move_2", "volume": 0.01}
[2026-09-26 00:47:54.669] [M] {"button": 1, "pos": [297, 211], "ui_clicked": false}
[2026-09-26 00:47:54.768] [SFX] {"sound": "civ_move_2", "volume": 0.02}
[2026-09-26 00:47:55.002] [SFX] {"sound": "guardian_move", "volume": 0.07}
[2026-09-26 00:47:55.068] [SFX] {"sound": "civ_move_2", "volume": 0.01}
[2026-09-26 00:47:55.102] [M] {"button": 1, "pos": [297, 213], "ui_clicked": false}
[2026-09-26 00:47:55.169] [SFX] {"sound": "civ_move_2", "volume": 0.02}
[2026-09-26 00:47:55.402] [SFX] {"sound": "guardian_move", "volume": 0.17}
[2026-09-26 00:47:55.469] [SFX] {"sound": "civ_move_2", "volume": 0.02}
[2026-09-26 00:47:55.569] [SFX] {"sound": "civ_move_2", "volume": 0.01}
[2026-09-26 00:47:55.613] [SFX] {"sound": "guardian_move", "volume": 0.06}
[2026-09-26 00:47:55.878] [SFX] {"sound": "civ_move_2", "volume": 0.02}
[2026-09-26 00:47:55.977] [M] {"button": 1, "pos": [292, 208], "ui_clicked": false}
[2026-09-26 00:47:55.985] [SFX] {"sound": "civ_move_2", "volume": 0.01}
[2026-09-26 00:47:55.986] [P] {"start": [82, 20], "goal": [78, 23], "length": 3, "is_direction_change": false}
[2026-09-26 00:47:55.986] [SFX] {"sound": "click_target", "volume": 0.7}
[2026-09-26 00:47:56.007] [SFX] {"sound": "player_move", "volume": 0.4}
[2026-09-26 00:47:56.032] [SFX] {"sound": "guardian_move", "volume": 0.17}
[2026-09-26 00:47:56.213] [SFX] {"sound": "guardian_move", "volume": 0.06}
[2026-09-26 00:47:56.282] [SFX] {"sound": "civ_move_2", "volume": 0.03}
[2026-09-26 00:47:56.304] [SFX] {"sound": "player_move", "volume": 0.4}
[2026-09-26 00:47:56.391] [SFX] {"sound": "civ_move_2", "volume": 0.01}
[2026-09-26 00:47:56.637] [SFX] {"sound": "guardian_move", "volume": 0.18}
[2026-09-26 00:47:56.686] [SFX] {"sound": "civ_move_2", "volume": 0.04}
[2026-09-26 00:47:56.804] [SFX] {"sound": "civ_move_2", "volume": 0.01}
[2026-09-26 00:47:56.826] [SFX] {"sound": "guardian_move", "volume": 0.07}
[2026-09-26 00:47:57.054] [M] {"button": 1, "pos": [356, 212], "ui_clicked": false}
[2026-09-26 00:47:57.061] [P] {"start": [78, 23], "goal": [82, 26], "length": 2, "is_direction_change": false}
[2026-09-26 00:47:57.062] [SFX] {"sound": "click_target", "volume": 0.68}
[2026-09-26 00:47:57.112] [SFX] {"sound": "civ_move_2", "volume": 0.04}
[2026-09-26 00:47:57.179] [SFX] {"sound": "threat_pulse", "volume": 0.3}
[2026-09-26 00:47:57.212] [SFX] {"sound": "civ_move_2", "volume": 0.02}
[2026-09-26 00:47:57.245] [SFX] {"sound": "guardian_move", "volume": 0.21}
[2026-09-26 00:47:57.345] [SFX] {"sound": "player_move", "volume": 0.4}
[2026-09-26 00:47:57.430] [SFX] {"sound": "guardian_move", "volume": 0.08}
[2026-09-26 00:47:57.512] [SFX] {"sound": "civ_move_2", "volume": 0.06}
[2026-09-26 00:47:57.628] [SFX] {"sound": "civ_move_2", "volume": 0.03}
[2026-09-26 00:47:57.858] [SFX] {"sound": "guardian_move", "volume": 0.21}
[2026-09-26 00:47:57.919] [SFX] {"sound": "civ_move_2", "volume": 0.05}
[2026-09-26 00:47:57.969] [M] {"button": 1, "pos": [293, 227], "ui_clicked": false}
[2026-09-26 00:47:57.976] [P] {"start": [82, 26], "goal": [78, 31], "length": 5, "is_direction_change": false}
[2026-09-26 00:47:57.977] [SFX] {"sound": "click_target", "volume": 0.66}
[2026-09-26 00:47:58.028] [SFX] {"sound": "civ_move_2", "volume": 0.03}
[2026-09-26 00:47:58.049] [SFX] {"sound": "guardian_move", "volume": 0.07}
[2026-09-26 00:47:58.208] [SFX] {"sound": "player_move", "volume": 0.4}
[2026-09-26 00:47:58.325] [SFX] {"sound": "civ_move_2", "volume": 0.07}
[2026-09-26 00:47:58.438] [SFX] {"sound": "civ_move_2", "volume": 0.02}
[2026-09-26 00:47:58.462] [SENTINEL_EMPTIED_IOT] {"iot": "listener", "stolen_data": 5, "had_jack_sighting": false, "node": [181, 66]}
[2026-09-26 00:47:58.477] [SFX] {"sound": "guardian_move", "volume": 0.23}
[2026-09-26 00:47:58.522] [M] {"button": 1, "pos": [306, 230], "ui_clicked": false}
[2026-09-26 00:47:58.653] [SFX] {"sound": "guardian_move", "volume": 0.11}
[2026-09-26 00:47:58.735] [SFX] {"sound": "civ_move_2", "volume": 0.06}
[2026-09-26 00:47:58.853] [SFX] {"sound": "civ_move_2", "volume": 0.01}
[2026-09-26 00:47:59.083] [SFX] {"sound": "guardian_move", "volume": 0.22}
[2026-09-26 00:47:59.150] [SFX] {"sound": "civ_move_2", "volume": 0.06}
[2026-09-26 00:47:59.263] [SFX] {"sound": "guardian_move", "volume": 0.12}
[2026-09-26 00:47:59.264] [SFX] {"sound": "civ_move_2", "volume": 0.01}
[2026-09-26 00:47:59.330] [M] {"button": 1, "pos": [343, 217], "ui_clicked": false}
[2026-09-26 00:47:59.338] [P] {"start": [78, 31], "goal": [80, 35], "length": 3, "is_direction_change": false}
[2026-09-26 00:47:59.339] [SFX] {"sound": "click_target", "volume": 0.69}
[2026-09-26 00:47:59.372] [JACK] Vorsichtig vorantasten...
[2026-09-26 00:47:59.387] [SFX] {"sound": "player_move", "volume": 0.4}
[2026-09-26 00:47:59.549] [SFX] {"sound": "civ_move_2", "volume": 0.07}
[2026-09-26 00:47:59.666] [SFX] {"sound": "civ_move_2", "volume": 0.02}
[2026-09-26 00:47:59.689] [SFX] {"sound": "player_move", "volume": 0.4}
[2026-09-26 00:47:59.704] [SFX] {"sound": "guardian_move", "volume": 0.24}
[2026-09-26 00:47:59.863] [SFX] {"sound": "guardian_move", "volume": 0.15}
[2026-09-26 00:47:59.961] [SFX] {"sound": "civ_move_2", "volume": 0.07}
[2026-09-26 00:48:00.079] [SFX] {"sound": "civ_move_2", "volume": 0.01}
[2026-09-26 00:48:00.313] [SFX] {"sound": "guardian_move", "volume": 0.23}
[2026-09-26 00:48:00.365] [SFX] {"sound": "civ_move_2", "volume": 0.06}
[2026-09-26 00:48:00.479] [SFX] {"sound": "guardian_move", "volume": 0.15}
[2026-09-26 00:48:00.480] [SFX] {"sound": "civ_move_2", "volume": 0.01}
[2026-09-26 00:48:00.774] [SFX] {"sound": "civ_move_2", "volume": 0.06}
[2026-09-26 00:48:00.924] [SFX] {"sound": "guardian_move", "volume": 0.21}
[2026-09-26 00:48:01.006] [M] {"button": 1, "pos": [341, 228], "ui_clicked": false}
[2026-09-26 00:48:01.013] [P] {"start": [80, 35], "goal": [82, 40], "length": 6, "is_direction_change": false}
[2026-09-26 00:48:01.013] [SFX] {"sound": "click_target", "volume": 0.67}
[2026-09-26 00:48:01.095] [SFX] {"sound": "guardian_move", "volume": 0.14}
[2026-09-26 00:48:01.178] [SFX] {"sound": "civ_move_2", "volume": 0.06}
[2026-09-26 00:48:01.245] [SFX] {"sound": "player_move", "volume": 0.4}
[2026-09-26 00:48:01.293] [SFX] {"sound": "civ_move_2", "volume": 0.01}
[2026-09-26 00:48:01.528] [SFX] {"sound": "guardian_move", "volume": 0.22}
[2026-09-26 00:48:01.550] [SFX] {"sound": "player_move", "volume": 0.4}
[2026-09-26 00:48:01.579] [SFX] {"sound": "civ_move_2", "volume": 0.06}
[2026-09-26 00:48:01.695] [SFX] {"sound": "guardian_move", "volume": 0.19}
[2026-09-26 00:48:01.696] [SFX] {"sound": "civ_move_2", "volume": 0.01}
[2026-09-26 00:48:01.994] [SFX] {"sound": "civ_move_2", "volume": 0.06}
[2026-09-26 00:48:02.132] [SFX] {"sound": "guardian_move", "volume": 0.23}
[2026-09-26 00:48:02.297] [SFX] {"sound": "guardian_move", "volume": 0.19}
[2026-09-26 00:48:02.395] [SFX] {"sound": "civ_move_2", "volume": 0.05}
[2026-09-26 00:48:02.578] [M] {"button": 1, "pos": [381, 184], "ui_clicked": false}
[2026-09-26 00:48:02.585] [P] {"start": [82, 40], "goal": [89, 40], "length": 1, "is_direction_change": false}
[2026-09-26 00:48:02.586] [SFX] {"sound": "click_target", "volume": 0.65}
[2026-09-26 00:48:02.731] [SFX] {"sound": "guardian_move", "volume": 0.22}
[2026-09-26 00:48:02.753] [SFX] {"sound": "player_move", "volume": 0.4}
[2026-09-26 00:48:02.795] [SFX] {"sound": "civ_move_2", "volume": 0.07}
[2026-09-26 00:48:02.912] [SFX] {"sound": "guardian_move", "volume": 0.19}
[2026-09-26 00:48:02.912] [SFX] {"sound": "civ_move_2", "volume": 0.02}
[2026-09-26 00:48:03.207] [SFX] {"sound": "civ_move_2", "volume": 0.07}
[2026-09-26 00:48:03.322] [SFX] {"sound": "civ_move_2", "volume": 0.01}
[2026-09-26 00:48:03.343] [SFX] {"sound": "guardian_move", "volume": 0.21}
[2026-09-26 00:48:03.521] [SFX] {"sound": "guardian_move", "volume": 0.19}
[2026-09-26 00:48:03.621] [SFX] {"sound": "civ_move_2", "volume": 0.07}
[2026-09-26 00:48:03.852] [M] {"button": 1, "pos": [330, 228], "ui_clicked": false}
[2026-09-26 00:48:03.860] [P] {"start": [89, 40], "goal": [90, 45], "length": 2, "is_direction_change": false}
[2026-09-26 00:48:03.861] [SFX] {"sound": "click_target", "volume": 0.68}
[2026-09-26 00:48:03.954] [SFX] {"sound": "guardian_move", "volume": 0.2}
[2026-09-26 00:48:03.977] [SFX] {"sound": "player_move", "volume": 0.4}
[2026-09-26 00:48:04.021] [SFX] {"sound": "civ_move_2", "volume": 0.07}
[2026-09-26 00:48:04.137] [SFX] {"sound": "guardian_move", "volume": 0.22}
[2026-09-26 00:48:04.160] [SFX] {"sound": "civ_move_2", "volume": 0.01}
[2026-09-26 00:48:04.303] [SFX] {"sound": "civ_move_1", "volume": 0.04}
[2026-09-26 00:48:04.437] [SFX] {"sound": "civ_move_2", "volume": 0.07}
[2026-09-26 00:48:04.569] [SFX] {"sound": "guardian_move", "volume": 0.23}
[2026-09-26 00:48:04.717] [SFX] {"sound": "civ_move_1", "volume": 0.05}
[2026-09-26 00:48:04.751] [SFX] {"sound": "guardian_move", "volume": 0.22}
[2026-09-26 00:48:04.850] [SFX] {"sound": "civ_move_2", "volume": 0.06}
[2026-09-26 00:48:05.132] [SFX] {"sound": "civ_move_1", "volume": 0.06}
[2026-09-26 00:48:05.182] [SFX] {"sound": "guardian_move", "volume": 0.22}
[2026-09-26 00:48:05.266] [M] {"button": 1, "pos": [377, 212], "ui_clicked": false}
[2026-09-26 00:48:05.273] [SFX] {"sound": "civ_move_2", "volume": 0.05}
[2026-09-26 00:48:05.273] [P] {"start": [90, 45], "goal": [97, 48], "length": 2, "is_direction_change": false}
[2026-09-26 00:48:05.274] [SFX] {"sound": "click_target", "volume": 0.64}
[2026-09-26 00:48:05.350] [SFX] {"sound": "guardian_move", "volume": 0.22}
[2026-09-26 00:48:05.384] [SFX] {"sound": "player_move", "volume": 0.4}
[2026-09-26 00:48:05.532] [SFX] {"sound": "civ_move_1", "volume": 0.08}
[2026-09-26 00:48:05.680] [SFX] {"sound": "civ_move_2", "volume": 0.08}
[2026-09-26 00:48:05.701] [SFX] {"sound": "player_move", "volume": 0.4}
[2026-09-26 00:48:05.781] [SFX] {"sound": "civ_move_2", "volume": 0.01}
[2026-09-26 00:48:05.804] [SFX] {"sound": "guardian_move", "volume": 0.26}
[2026-09-26 00:48:05.947] [SFX] {"sound": "civ_move_1", "volume": 0.09}
[2026-09-26 00:48:05.969] [SFX] {"sound": "guardian_move", "volume": 0.25}
[2026-09-26 00:48:06.094] [SFX] {"sound": "civ_move_2", "volume": 0.08}
[2026-09-26 00:48:06.192] [SFX] {"sound": "civ_move_2", "volume": 0.0}
[2026-09-26 00:48:06.359] [SFX] {"sound": "civ_move_1", "volume": 0.1}
[2026-09-26 00:48:06.409] [SFX] {"sound": "guardian_move", "volume": 0.25}
[2026-09-26 00:48:06.510] [SFX] {"sound": "civ_move_2", "volume": 0.07}
[2026-09-26 00:48:06.576] [SFX] {"sound": "guardian_move", "volume": 0.24}
[2026-09-26 00:48:06.658] [M] {"button": 1, "pos": [402, 180], "ui_clicked": false}
[2026-09-26 00:48:06.690] [SENTINEL_EMPTIED_IOT] {"iot": "listener", "stolen_data": 0, "had_jack_sighting": false, "node": [181, 66]}
[2026-09-26 00:48:06.774] [SFX] {"sound": "civ_move_1", "volume": 0.11}
[2026-09-26 00:48:06.922] [SFX] {"sound": "civ_move_2", "volume": 0.06}
[2026-09-26 00:48:07.022] [SFX] {"sound": "guardian_move", "volume": 0.24}
[2026-09-26 00:48:07.189] [SFX] {"sound": "guardian_move", "volume": 0.22}
[2026-09-26 00:48:07.190] [SFX] {"sound": "civ_move_1", "volume": 0.12}
[2026-09-26 00:48:07.238] [M] {"button": 1, "pos": [375, 185], "ui_clicked": false}
[2026-09-26 00:48:07.246] [P] {"start": [97, 48], "goal": [103, 48], "length": 1, "is_direction_change": false}
[2026-09-26 00:48:07.247] [SFX] {"sound": "click_target", "volume": 0.66}
[2026-09-26 00:48:07.326] [SFX] {"sound": "civ_move_2", "volume": 0.06}
[2026-09-26 00:48:07.477] [SFX] {"sound": "player_move", "volume": 0.4}
[2026-09-26 00:48:07.594] [SFX] {"sound": "civ_move_1", "volume": 0.0}
[2026-09-26 00:48:07.594] [SFX] {"sound": "civ_move_1", "volume": 0.11}
[2026-09-26 00:48:07.628] [SFX] {"sound": "guardian_move", "volume": 0.25}
[2026-09-26 00:48:07.727] [SFX] {"sound": "civ_move_2", "volume": 0.07}
[2026-09-26 00:48:07.794] [SFX] {"sound": "guardian_move", "volume": 0.24}
[2026-09-26 00:48:07.817] [SFX] {"sound": "civ_move_2", "volume": 0.0}
[2026-09-26 00:48:07.962] [M] {"button": 1, "pos": [375, 185], "ui_clicked": false}
[2026-09-26 00:48:07.971] [P] {"start": [103, 48], "goal": [109, 48], "length": 1, "is_direction_change": false}
[2026-09-26 00:48:07.972] [SFX] {"sound": "click_target", "volume": 0.67}
[2026-09-26 00:48:08.017] [SFX] {"sound": "civ_move_1", "volume": 0.01}
[2026-09-26 00:48:08.018] [SFX] {"sound": "civ_move_1", "volume": 0.11}
[2026-09-26 00:48:08.131] [SFX] {"sound": "civ_move_2", "volume": 0.08}
[2026-09-26 00:48:08.213] [SFX] {"sound": "player_move", "volume": 0.4}
[2026-09-26 00:48:08.214] [SFX] {"sound": "civ_move_2", "volume": 0.02}
[2026-09-26 00:48:08.237] [SFX] {"sound": "guardian_move", "volume": 0.26}
[2026-09-26 00:48:08.395] [SFX] {"sound": "guardian_move", "volume": 0.25}
[2026-09-26 00:48:08.429] [SFX] {"sound": "civ_move_1", "volume": 0.03}
[2026-09-26 00:48:08.430] [SFX] {"sound": "civ_move_1", "volume": 0.1}
[2026-09-26 00:48:08.446] [M] {"button": 1, "pos": [389, 185], "ui_clicked": false}
[2026-09-26 00:48:08.456] [P] {"start": [109, 48], "goal": [116, 48], "length": 1, "is_direction_change": false}
[2026-09-26 00:48:08.456] [SFX] {"sound": "click_target", "volume": 0.65}
[2026-09-26 00:48:08.479] [SFX] {"sound": "civ_move_2", "volume": 0.02}
[2026-09-26 00:48:08.538] [SFX] {"sound": "civ_move_2", "volume": 0.1}
[2026-09-26 00:48:08.620] [SFX] {"sound": "civ_move_2", "volume": 0.04}
[2026-09-26 00:48:08.703] [SFX] {"sound": "player_move", "volume": 0.4}
[2026-09-26 00:48:08.837] [SFX] {"sound": "guardian_move", "volume": 0.24}
[2026-09-26 00:48:08.837] [SFX] {"sound": "civ_move_1", "volume": 0.05}
[2026-09-26 00:48:08.838] [SFX] {"sound": "civ_move_1", "volume": 0.07}
[2026-09-26 00:48:08.872] [SFX] {"sound": "civ_move_2", "volume": 0.07}
[2026-09-26 00:48:08.873] [SFX] {"sound": "civ_move_1", "volume": 0.01}
[2026-09-26 00:48:08.938] [M] {"button": 1, "pos": [389, 185], "ui_clicked": false}
[2026-09-26 00:48:08.945] [SFX] {"sound": "civ_move_2", "volume": 0.04}
[2026-09-26 00:48:08.946] [SFX] {"sound": "civ_move_2", "volume": 0.12}
[2026-09-26 00:48:08.947] [P] {"start": [116, 48], "goal": [123, 48], "length": 1, "is_direction_change": false}
[2026-09-26 00:48:08.948] [SFX] {"sound": "click_target", "volume": 0.66}
[2026-09-26 00:48:09.009] [SFX] {"sound": "guardian_move", "volume": 0.25}
[2026-09-26 00:48:09.032] [SFX] {"sound": "civ_move_2", "volume": 0.06}
[2026-09-26 00:48:09.159] [SFX] {"sound": "player_move", "volume": 0.4}
[2026-09-26 00:48:09.242] [SFX] {"sound": "civ_move_1", "volume": 0.05}
[2026-09-26 00:48:09.243] [SFX] {"sound": "civ_move_1", "volume": 0.04}
[2026-09-26 00:48:09.276] [SFX] {"sound": "civ_move_2", "volume": 0.12}
[2026-09-26 00:48:09.277] [SFX] {"sound": "civ_move_1", "volume": 0.06}
[2026-09-26 00:48:09.278] [SFX] {"sound": "civ_move_2", "volume": 0.04}
[2026-09-26 00:48:09.342] [SFX] {"sound": "civ_move_2", "volume": 0.1}
[2026-09-26 00:48:09.343] [SFX] {"sound": "civ_move_2", "volume": 0.15}
[2026-09-26 00:48:09.428] [SFX] {"sound": "civ_move_2", "volume": 0.08}
[2026-09-26 00:48:09.443] [M] {"button": 1, "pos": [389, 185], "ui_clicked": false}
[2026-09-26 00:48:09.454] [SFX] {"sound": "guardian_move", "volume": 0.21}
[2026-09-26 00:48:09.456] [P] {"start": [123, 48], "goal": [130, 48], "length": 1, "is_direction_change": false}
[2026-09-26 00:48:09.457] [SFX] {"sound": "click_target", "volume": 0.66}
[2026-09-26 00:48:09.611] [SFX] {"sound": "guardian_move", "volume": 0.22}
[2026-09-26 00:48:09.633] [SFX] {"sound": "player_move", "volume": 0.4}
[2026-09-26 00:48:09.650] [SFX] {"sound": "civ_move_1", "volume": 0.04}
[2026-09-26 00:48:09.650] [SFX] {"sound": "civ_move_1", "volume": 0.01}
[2026-09-26 00:48:09.677] [SFX] {"sound": "civ_move_2", "volume": 0.15}
[2026-09-26 00:48:09.678] [SFX] {"sound": "civ_move_1", "volume": 0.1}
[2026-09-26 00:48:09.679] [SFX] {"sound": "civ_move_2", "volume": 0.07}
[2026-09-26 00:48:09.744] [SFX] {"sound": "civ_move_2", "volume": 0.15}
[2026-09-26 00:48:09.745] [SFX] {"sound": "civ_move_2", "volume": 0.17}
[2026-09-26 00:48:09.829] [SFX] {"sound": "civ_move_2", "volume": 0.11}
[2026-09-26 00:48:09.963] [M] {"button": 1, "pos": [389, 185], "ui_clicked": false}
[2026-09-26 00:48:09.971] [P] {"start": [130, 48], "goal": [137, 48], "length": 1, "is_direction_change": false}
[2026-09-26 00:48:09.972] [SFX] {"sound": "click_target", "volume": 0.65}
[2026-09-26 00:48:10.045] [SFX] {"sound": "guardian_move", "volume": 0.17}
[2026-09-26 00:48:10.046] [SFX] {"sound": "civ_move_1", "volume": 0.03}
[2026-09-26 00:48:10.081] [SFX] {"sound": "civ_move_2", "volume": 0.18}
[2026-09-26 00:48:10.082] [SFX] {"sound": "civ_move_1", "volume": 0.13}
[2026-09-26 00:48:10.083] [SFX] {"sound": "civ_move_2", "volume": 0.09}
[2026-09-26 00:48:10.113] [SFX] {"sound": "player_move", "volume": 0.4}
[2026-09-26 00:48:10.146] [SFX] {"sound": "civ_move_2", "volume": 0.19}
[2026-09-26 00:48:10.147] [SFX] {"sound": "civ_move_2", "volume": 0.18}
[2026-09-26 00:48:10.214] [SFX] {"sound": "guardian_move", "volume": 0.17}
[2026-09-26 00:48:10.237] [SFX] {"sound": "civ_move_2", "volume": 0.13}
[2026-09-26 00:48:10.447] [SFX] {"sound": "civ_move_1", "volume": 0.01}
[2026-09-26 00:48:10.481] [SFX] {"sound": "civ_move_2", "volume": 0.19}
[2026-09-26 00:48:10.481] [SFX] {"sound": "civ_move_1", "volume": 0.15}
[2026-09-26 00:48:10.482] [SFX] {"sound": "civ_move_2", "volume": 0.11}
[2026-09-26 00:48:10.546] [SFX] {"sound": "civ_move_2", "volume": 0.22}
[2026-09-26 00:48:10.547] [SFX] {"sound": "civ_move_2", "volume": 0.19}
[2026-09-26 00:48:10.612] [SFX] {"sound": "guardian_move", "volume": 0.04}
[2026-09-26 00:48:10.644] [SFX] {"sound": "civ_move_2", "volume": 0.13}
[2026-09-26 00:48:10.666] [SFX] {"sound": "guardian_move", "volume": 0.15}
[2026-09-26 00:48:10.694] [M] {"button": 1, "pos": [437, 186], "ui_clicked": false}
[2026-09-26 00:48:10.702] [P] {"start": [137, 48], "goal": [151, 48], "length": 1, "is_direction_change": false}
[2026-09-26 00:48:10.703] [SFX] {"sound": "click_target", "volume": 0.52}
[2026-09-26 00:48:10.765] [SENTINEL_EMPTIED_IOT] {"iot": "listener", "stolen_data": 1, "had_jack_sighting": false, "node": [181, 66]}
[2026-09-26 00:48:10.815] [SFX] {"sound": "player_move", "volume": 0.4}
[2026-09-26 00:48:10.815] [SFX] {"sound": "guardian_move", "volume": 0.16}
[2026-09-26 00:48:10.895] [SFX] {"sound": "civ_move_2", "volume": 0.18}
[2026-09-26 00:48:10.897] [SFX] {"sound": "civ_move_1", "volume": 0.17}
[2026-09-26 00:48:10.898] [SFX] {"sound": "civ_move_2", "volume": 0.13}
[2026-09-26 00:48:10.962] [SFX] {"sound": "civ_move_2", "volume": 0.24}
[2026-09-26 00:48:10.963] [SFX] {"sound": "civ_move_2", "volume": 0.19}
[2026-09-26 00:48:11.045] [SFX] {"sound": "civ_move_2", "volume": 0.16}
[2026-09-26 00:48:11.128] [SFX] {"sound": "player_move", "volume": 0.4}
[2026-09-26 00:48:11.151] [SFX] {"sound": "guardian_move", "volume": 0.03}
[2026-09-26 00:48:11.211] [SFX] {"sound": "guardian_move", "volume": 0.12}
[2026-09-26 00:48:11.262] [SFX] {"sound": "guardian_move", "volume": 0.08}
[2026-09-26 00:48:11.297] [SFX] {"sound": "civ_move_2", "volume": 0.14}
[2026-09-26 00:48:11.298] [SFX] {"sound": "civ_move_1", "volume": 0.21}
[2026-09-26 00:48:11.299] [SFX] {"sound": "civ_move_2", "volume": 0.16}
[2026-09-26 00:48:11.364] [SFX] {"sound": "civ_move_2", "volume": 0.18}
[2026-09-26 00:48:11.431] [SFX] {"sound": "guardian_move", "volume": 0.09}
[2026-09-26 00:48:11.454] [SFX] {"sound": "civ_move_2", "volume": 0.17}
[2026-09-26 00:48:11.471] [SFX] {"sound": "guardian_move", "volume": 0.05}
[2026-09-26 00:48:11.699] [SFX] {"sound": "civ_move_2", "volume": 0.12}
[2026-09-26 00:48:11.700] [SFX] {"sound": "civ_move_1", "volume": 0.21}
[2026-09-26 00:48:11.701] [SFX] {"sound": "civ_move_2", "volume": 0.16}
[2026-09-26 00:48:11.752] [SFX] {"sound": "guardian_move", "volume": 0.05}
[2026-09-26 00:48:11.773] [SFX] {"sound": "civ_move_2", "volume": 0.18}
[2026-09-26 00:48:11.819] [SFX] {"sound": "guardian_move", "volume": 0.14}
[2026-09-26 00:48:11.852] [SFX] {"sound": "civ_move_2", "volume": 0.16}
[2026-09-26 00:48:11.873] [SFX] {"sound": "guardian_move", "volume": 0.08}
[2026-09-26 00:48:12.031] [SFX] {"sound": "guardian_move", "volume": 0.11}
[2026-09-26 00:48:12.064] [SFX] {"sound": "guardian_move", "volume": 0.07}
[2026-09-26 00:48:12.114] [SFX] {"sound": "civ_move_2", "volume": 0.11}
[2026-09-26 00:48:12.115] [SFX] {"sound": "civ_move_1", "volume": 0.2}
[2026-09-26 00:48:12.116] [SFX] {"sound": "civ_move_2", "volume": 0.17}
[2026-09-26 00:48:12.181] [SFX] {"sound": "civ_move_2", "volume": 0.19}
[2026-09-26 00:48:12.265] [SFX] {"sound": "civ_move_2", "volume": 0.15}
[2026-09-26 00:48:12.364] [SFX] {"sound": "guardian_move", "volume": 0.03}
[2026-09-26 00:48:12.414] [SENTINEL_EMPTIED_IOT] {"iot": "listener", "stolen_data": 0, "had_jack_sighting": false, "node": [181, 66]}
[2026-09-26 00:48:12.436] [SFX] {"sound": "guardian_move", "volume": 0.15}
[2026-09-26 00:48:12.479] [SFX] {"sound": "guardian_move", "volume": 0.09}
[2026-09-26 00:48:12.528] [SFX] {"sound": "civ_move_2", "volume": 0.1}
[2026-09-26 00:48:12.529] [SFX] {"sound": "civ_move_1", "volume": 0.19}
[2026-09-26 00:48:12.529] [SFX] {"sound": "civ_move_2", "volume": 0.18}
[2026-09-26 00:48:12.594] [SFX] {"sound": "civ_move_2", "volume": 0.19}
[2026-09-26 00:48:12.643] [SFX] {"sound": "guardian_move", "volume": 0.13}
[2026-09-26 00:48:12.676] [SFX] {"sound": "guardian_move", "volume": 0.08}
[2026-09-26 00:48:12.676] [SFX] {"sound": "civ_move_2", "volume": 0.15}
[2026-09-26 00:48:12.941] [SFX] {"sound": "civ_move_2", "volume": 0.09}
[2026-09-26 00:48:12.942] [SFX] {"sound": "civ_move_1", "volume": 0.18}
[2026-09-26 00:48:12.943] [SFX] {"sound": "civ_move_2", "volume": 0.18}
[2026-09-26 00:48:12.991] [SFX] {"sound": "guardian_move", "volume": 0.02}
[2026-09-26 00:48:13.012] [SFX] {"sound": "civ_move_2", "volume": 0.19}
[2026-09-26 00:48:13.039] [SFX] {"sound": "guardian_move", "volume": 0.16}
[2026-09-26 00:48:13.089] [SFX] {"sound": "guardian_move", "volume": 0.11}
[2026-09-26 00:48:13.090] [SFX] {"sound": "civ_move_2", "volume": 0.14}
[2026-09-26 00:48:13.256] [SFX] {"sound": "guardian_move", "volume": 0.14}
[2026-09-26 00:48:13.287] [SFX] {"sound": "guardian_move", "volume": 0.1}
[2026-09-26 00:48:13.354] [SFX] {"sound": "civ_move_2", "volume": 0.08}
[2026-09-26 00:48:13.355] [SFX] {"sound": "civ_move_1", "volume": 0.17}
[2026-09-26 00:48:13.355] [SFX] {"sound": "civ_move_2", "volume": 0.17}
[2026-09-26 00:48:13.418] [SFX] {"sound": "civ_move_2", "volume": 0.19}
[2026-09-26 00:48:13.501] [SFX] {"sound": "civ_move_2", "volume": 0.13}
[2026-09-26 00:48:13.651] [SFX] {"sound": "guardian_move", "volume": 0.17}
[2026-09-26 00:48:13.701] [SFX] {"sound": "guardian_move", "volume": 0.13}
[2026-09-26 00:48:13.767] [SFX] {"sound": "civ_move_2", "volume": 0.07}
[2026-09-26 00:48:13.768] [SFX] {"sound": "civ_move_1", "volume": 0.16}
[2026-09-26 00:48:13.769] [SFX] {"sound": "civ_move_2", "volume": 0.16}
[2026-09-26 00:48:13.832] [SFX] {"sound": "civ_move_2", "volume": 0.19}
[2026-09-26 00:48:13.865] [SFX] {"sound": "guardian_move", "volume": 0.16}
[2026-09-26 00:48:13.880] [M] {"button": 1, "pos": [358, 220], "ui_clicked": false}
[2026-09-26 00:48:13.898] [SFX] {"sound": "guardian_move", "volume": 0.11}
[2026-09-26 00:48:13.920] [SFX] {"sound": "civ_move_2", "volume": 0.12}
[2026-09-26 00:48:14.145] [M] {"button": 1, "pos": [349, 231], "ui_clicked": false}
[2026-09-26 00:48:14.153] [P] {"start": [151, 48], "goal": [154, 54], "length": 2, "is_direction_change": false}
[2026-09-26 00:48:14.154] [SFX] {"sound": "click_target", "volume": 0.65}
[2026-09-26 00:48:14.199] [SFX] {"sound": "player_move", "volume": 0.4}
[2026-09-26 00:48:14.200] [SFX] {"sound": "civ_move_2", "volume": 0.05}
[2026-09-26 00:48:14.201] [SFX] {"sound": "civ_move_1", "volume": 0.15}
[2026-09-26 00:48:14.202] [SFX] {"sound": "civ_move_2", "volume": 0.16}
[2026-09-26 00:48:14.233] [SFX] {"sound": "civ_move_2", "volume": 0.19}
[2026-09-26 00:48:14.266] [SFX] {"sound": "guardian_move", "volume": 0.19}
[2026-09-26 00:48:14.316] [SFX] {"sound": "guardian_move", "volume": 0.13}
[2026-09-26 00:48:14.317] [SFX] {"sound": "civ_move_2", "volume": 0.12}
[2026-09-26 00:48:14.464] [SFX] {"sound": "guardian_move", "volume": 0.17}
[2026-09-26 00:48:14.513] [SFX] {"sound": "player_move", "volume": 0.4}
[2026-09-26 00:48:14.514] [SFX] {"sound": "guardian_move", "volume": 0.16}
[2026-09-26 00:48:14.579] [SFX] {"sound": "civ_move_2", "volume": 0.03}
[2026-09-26 00:48:14.612] [SFX] {"sound": "civ_move_2", "volume": 0.04}
[2026-09-26 00:48:14.613] [SFX] {"sound": "civ_move_1", "volume": 0.13}
[2026-09-26 00:48:14.614] [SFX] {"sound": "civ_move_2", "volume": 0.11}
[2026-09-26 00:48:14.646] [SFX] {"sound": "civ_move_2", "volume": 0.22}
[2026-09-26 00:48:14.729] [SFX] {"sound": "civ_move_2", "volume": 0.15}
[2026-09-26 00:48:14.829] [SFX] {"sound": "guardian_move", "volume": 0.01}
[2026-09-26 00:48:14.879] [SFX] {"sound": "guardian_move", "volume": 0.26}
[2026-09-26 00:48:14.928] [SFX] {"sound": "guardian_move", "volume": 0.16}
[2026-09-26 00:48:14.993] [SFX] {"sound": "civ_move_2", "volume": 0.04}
[2026-09-26 00:48:15.026] [SFX] {"sound": "civ_move_2", "volume": 0.03}
[2026-09-26 00:48:15.027] [SFX] {"sound": "civ_move_1", "volume": 0.12}
[2026-09-26 00:48:15.027] [SFX] {"sound": "civ_move_2", "volume": 0.11}
[2026-09-26 00:48:15.058] [SFX] {"sound": "civ_move_2", "volume": 0.21}
[2026-09-26 00:48:15.083] [SFX] {"sound": "guardian_move", "volume": 0.19}
[2026-09-26 00:48:15.143] [SFX] {"sound": "civ_move_2", "volume": 0.15}
[2026-09-26 00:48:15.410] [SFX] {"sound": "civ_move_2", "volume": 0.04}
[2026-09-26 00:48:15.431] [SFX] {"sound": "civ_move_2", "volume": 0.02}
[2026-09-26 00:48:15.432] [SFX] {"sound": "civ_move_2", "volume": 0.1}
[2026-09-26 00:48:15.458] [SFX] {"sound": "civ_move_2", "volume": 0.2}
[2026-09-26 00:48:15.493] [SFX] {"sound": "guardian_move", "volume": 0.27}
[2026-09-26 00:48:15.543] [SFX] {"sound": "guardian_move", "volume": 0.18}
[2026-09-26 00:48:15.566] [SFX] {"sound": "civ_move_2", "volume": 0.15}
[2026-09-26 00:48:15.643] [M] {"button": 1, "pos": [368, 206], "ui_clicked": false}
[2026-09-26 00:48:15.674] [SFX] {"sound": "guardian_move", "volume": 0.21}
[2026-09-26 00:48:15.741] [SFX] {"sound": "guardian_move", "volume": 0.19}
[2026-09-26 00:48:15.809] [SFX] {"sound": "civ_move_2", "volume": 0.05}
[2026-09-26 00:48:15.842] [SFX] {"sound": "civ_move_2", "volume": 0.01}
[2026-09-26 00:48:15.874] [SFX] {"sound": "civ_move_2", "volume": 0.19}
[2026-09-26 00:48:15.973] [SFX] {"sound": "civ_move_2", "volume": 0.14}
[2026-09-26 00:48:16.106] [SFX] {"sound": "guardian_move", "volume": 0.29}
[2026-09-26 00:48:16.155] [SFX] {"sound": "guardian_move", "volume": 0.2}
[2026-09-26 00:48:16.189] [SFX] {"sound": "civ_move_1", "volume": 0.14}
[2026-09-26 00:48:16.224] [SFX] {"sound": "civ_move_2", "volume": 0.05}
[2026-09-26 00:48:16.289] [SFX] {"sound": "guardian_move", "volume": 0.23}
[2026-09-26 00:48:16.290] [SFX] {"sound": "civ_move_2", "volume": 0.18}
[2026-09-26 00:48:16.357] [SFX] {"sound": "guardian_move", "volume": 0.2}
[2026-09-26 00:48:16.505] [M] {"button": 1, "pos": [322, 199], "ui_clicked": false}
[2026-09-26 00:48:16.512] [P] {"start": [154, 54], "goal": [154, 56], "length": 1, "is_direction_change": false}
[2026-09-26 00:48:16.513] [SFX] {"sound": "click_target", "volume": 0.75}
[2026-09-26 00:48:16.555] [JACK] Hörst du das Wummern? Sentinels in der Nähe... Bloß keinen falschen Schritt machen!
[2026-09-26 00:48:16.582] [SFX] {"sound": "civ_move_1", "volume": 0.05}
[2026-09-26 00:48:16.606] [SFX] {"sound": "civ_move_1", "volume": 0.14}
[2026-09-26 00:48:16.632] [SFX] {"sound": "civ_move_2", "volume": 0.07}
[2026-09-26 00:48:16.695] [SFX] {"sound": "civ_move_2", "volume": 0.21}
[2026-09-26 00:48:16.718] [SFX] {"sound": "guardian_move", "volume": 0.4}
[2026-09-26 00:48:16.762] [SFX] {"sound": "guardian_move", "volume": 0.27}
[2026-09-26 00:48:16.785] [SFX] {"sound": "threat_pulse", "volume": 0.34}
[2026-09-26 00:48:16.830] [SENTINEL_EMPTIED_IOT] {"iot": "listener", "stolen_data": 4, "had_jack_sighting": false, "node": [156, 45]}
[2026-09-26 00:48:16.894] [SFX] {"sound": "guardian_move", "volume": 0.31}
[2026-09-26 00:48:16.960] [SFX] {"sound": "guardian_move", "volume": 0.22}
[2026-09-26 00:48:16.994] [SFX] {"sound": "civ_move_1", "volume": 0.05}
[2026-09-26 00:48:17.027] [SFX] {"sound": "civ_move_1", "volume": 0.15}
[2026-09-26 00:48:17.049] [SFX] {"sound": "civ_move_2", "volume": 0.07}
[2026-09-26 00:48:17.112] [SFX] {"sound": "civ_move_2", "volume": 0.2}
[2026-09-26 00:48:17.159] [SFX] {"sound": "civ_move_2", "volume": 0.11}
[2026-09-26 00:48:17.375] [SFX] {"sound": "guardian_move", "volume": 0.3}
[2026-09-26 00:48:17.425] [SFX] {"sound": "civ_move_1", "volume": 0.0}
[2026-09-26 00:48:17.426] [SFX] {"sound": "civ_move_1", "volume": 0.05}
[2026-09-26 00:48:17.448] [SFX] {"sound": "civ_move_1", "volume": 0.16}
[2026-09-26 00:48:17.463] [SFX] {"sound": "civ_move_2", "volume": 0.08}
[2026-09-26 00:48:17.508] [SFX] {"sound": "guardian_move", "volume": 0.34}
[2026-09-26 00:48:17.530] [SFX] {"sound": "civ_move_2", "volume": 0.19}
[2026-09-26 00:48:17.574] [SFX] {"sound": "guardian_move", "volume": 0.23}
[2026-09-26 00:48:17.576] [SFX] {"sound": "civ_move_2", "volume": 0.11}
[2026-09-26 00:48:17.692] [SFX] {"sound": "threat_pulse", "volume": 0.36}
[2026-09-26 00:48:17.841] [SFX] {"sound": "civ_move_1", "volume": 0.01}
[2026-09-26 00:48:17.842] [SFX] {"sound": "civ_move_1", "volume": 0.16}
[2026-09-26 00:48:17.843] [SFX] {"sound": "civ_move_1", "volume": 0.06}
[2026-09-26 00:48:17.859] [M] {"button": 1, "pos": [341, 182], "ui_clicked": false}
[2026-09-26 00:48:17.866] [SFX] {"sound": "civ_move_2", "volume": 0.08}
[2026-09-26 00:48:17.867] [P] {"start": [154, 56], "goal": [156, 56], "length": 1, "is_direction_change": false}
[2026-09-26 00:48:17.867] [SFX] {"sound": "click_target", "volume": 0.75}
[2026-09-26 00:48:17.926] [SFX] {"sound": "civ_move_2", "volume": 0.19}
[2026-09-26 00:48:17.976] [SFX] {"sound": "guardian_move", "volume": 0.3}
[2026-09-26 00:48:18.000] [SFX] {"sound": "civ_move_2", "volume": 0.13}
[2026-09-26 00:48:18.110] [SFX] {"sound": "guardian_move", "volume": 0.34}
[2026-09-26 00:48:18.175] [SFX] {"sound": "guardian_move", "volume": 0.24}
[2026-09-26 00:48:18.242] [SFX] {"sound": "civ_move_1", "volume": 0.03}
[2026-09-26 00:48:18.243] [SFX] {"sound": "civ_move_1", "volume": 0.18}
[2026-09-26 00:48:18.244] [SFX] {"sound": "civ_move_1", "volume": 0.08}
[2026-09-26 00:48:18.265] [SFX] {"sound": "civ_move_2", "volume": 0.09}
[2026-09-26 00:48:18.342] [SFX] {"sound": "civ_move_2", "volume": 0.01}
[2026-09-26 00:48:18.342] [SFX] {"sound": "civ_move_2", "volume": 0.18}
[2026-09-26 00:48:18.406] [SFX] {"sound": "civ_move_2", "volume": 0.15}
[2026-09-26 00:48:18.423] [M] {"button": 4, "pos": [359, 194], "ui_clicked": false}
[2026-09-26 00:48:18.585] [SFX] {"sound": "guardian_move", "volume": 0.32}
[2026-09-26 00:48:18.607] [SFX] {"sound": "threat_pulse", "volume": 0.34}
[2026-09-26 00:48:18.652] [SFX] {"sound": "civ_move_1", "volume": 0.03}
[2026-09-26 00:48:18.653] [SFX] {"sound": "civ_move_1", "volume": 0.18}
[2026-09-26 00:48:18.653] [SFX] {"sound": "civ_move_1", "volume": 0.09}
[2026-09-26 00:48:18.675] [SFX] {"sound": "civ_move_2", "volume": 0.09}
[2026-09-26 00:48:18.720] [SFX] {"sound": "guardian_move", "volume": 0.36}
[2026-09-26 00:48:18.752] [SFX] {"sound": "civ_move_2", "volume": 0.02}
[2026-09-26 00:48:18.753] [SFX] {"sound": "civ_move_2", "volume": 0.17}
[2026-09-26 00:48:18.786] [SFX] {"sound": "guardian_move", "volume": 0.26}
[2026-09-26 00:48:18.817] [SFX] {"sound": "civ_move_2", "volume": 0.16}
[2026-09-26 00:48:19.065] [SFX] {"sound": "civ_move_1", "volume": 0.04}
[2026-09-26 00:48:19.066] [SFX] {"sound": "civ_move_1", "volume": 0.18}
[2026-09-26 00:48:19.067] [SFX] {"sound": "civ_move_1", "volume": 0.1}
[2026-09-26 00:48:19.089] [SFX] {"sound": "civ_move_2", "volume": 0.09}
[2026-09-26 00:48:19.153] [SFX] {"sound": "civ_move_2", "volume": 0.03}
[2026-09-26 00:48:19.154] [SFX] {"sound": "civ_move_2", "volume": 0.15}
[2026-09-26 00:48:19.185] [SFX] {"sound": "guardian_move", "volume": 0.35}
[2026-09-26 00:48:19.220] [SFX] {"sound": "civ_move_2", "volume": 0.17}
[2026-09-26 00:48:19.302] [M] {"button": 1, "pos": [304, 205], "ui_clicked": false}
[2026-09-26 00:48:19.334] [SFX] {"sound": "guardian_move", "volume": 0.39}
[2026-09-26 00:48:19.387] [SFX] {"sound": "guardian_move", "volume": 0.28}
[2026-09-26 00:48:19.469] [SFX] {"sound": "civ_move_1", "volume": 0.05}
[2026-09-26 00:48:19.470] [SFX] {"sound": "civ_move_1", "volume": 0.18}
[2026-09-26 00:48:19.471] [SFX] {"sound": "civ_move_1", "volume": 0.11}
[2026-09-26 00:48:19.491] [SFX] {"sound": "civ_move_2", "volume": 0.1}
[2026-09-26 00:48:19.507] [SFX] {"sound": "threat_pulse", "volume": 0.4}
[2026-09-26 00:48:19.569] [SFX] {"sound": "civ_move_2", "volume": 0.04}
[2026-09-26 00:48:19.569] [SFX] {"sound": "civ_move_2", "volume": 0.14}
[2026-09-26 00:48:19.617] [SENTINEL_EMPTIED_IOT] {"iot": "listener", "stolen_data": 1, "had_jack_sighting": false, "node": [181, 66]}
[2026-09-26 00:48:19.640] [SFX] {"sound": "civ_move_2", "volume": 0.18}
[2026-09-26 00:48:19.786] [SFX] {"sound": "guardian_move", "volume": 0.37}
[2026-09-26 00:48:19.818] [M] {"button": 1, "pos": [347, 188], "ui_clicked": false}
[2026-09-26 00:48:19.826] [P] {"start": [156, 56], "goal": [157, 56], "length": 1, "is_direction_change": false}
[2026-09-26 00:48:19.827] [SFX] {"sound": "click_target", "volume": 0.77}
[2026-09-26 00:48:19.867] [JACK] Verdammt, die Sentinels kreisen um uns... Ich habe echte Angst, ertappt zu werden!
[2026-09-26 00:48:19.882] [SFX] {"sound": "civ_move_1", "volume": 0.06}
[2026-09-26 00:48:19.883] [SFX] {"sound": "civ_move_1", "volume": 0.17}
[2026-09-26 00:48:19.884] [SFX] {"sound": "civ_move_1", "volume": 0.12}
[2026-09-26 00:48:19.898] [SFX] {"sound": "civ_move_2", "volume": 0.1}
[2026-09-26 00:48:19.975] [SFX] {"sound": "civ_move_2", "volume": 0.06}
[2026-09-26 00:48:19.976] [SFX] {"sound": "civ_move_2", "volume": 0.14}
[2026-09-26 00:48:19.998] [SFX] {"sound": "guardian_move", "volume": 0.29}
[2026-09-26 00:48:20.041] [SFX] {"sound": "civ_move_2", "volume": 0.2}
[2026-09-26 00:48:20.288] [SFX] {"sound": "civ_move_1", "volume": 0.06}
[2026-09-26 00:48:20.289] [SFX] {"sound": "civ_move_1", "volume": 0.17}
[2026-09-26 00:48:20.290] [SFX] {"sound": "civ_move_1", "volume": 0.13}
[2026-09-26 00:48:20.305] [M] {"button": 1, "pos": [348, 191], "ui_clicked": false}
[2026-09-26 00:48:20.313] [SFX] {"sound": "civ_move_2", "volume": 0.1}
[2026-09-26 00:48:20.314] [SFX] {"sound": "threat_pulse", "volume": 0.45}
[2026-09-26 00:48:20.314] [P] {"start": [157, 56], "goal": [158, 56], "length": 1, "is_direction_change": false}
[2026-09-26 00:48:20.315] [SFX] {"sound": "click_target", "volume": 0.77}
[2026-09-26 00:48:20.348] [JACK] Überall Wacheinheiten... Ihr bedrohliches Summen brennt sich ins Deck.
[2026-09-26 00:48:20.349] [SFX] {"sound": "player_move", "volume": 0.4}
[2026-09-26 00:48:20.375] [SFX] {"sound": "civ_move_2", "volume": 0.07}
[2026-09-26 00:48:20.399] [SFX] {"sound": "guardian_move", "volume": 0.38}
[2026-09-26 00:48:20.442] [SFX] {"sound": "civ_move_2", "volume": 0.22}
[2026-09-26 00:48:20.593] [SFX] {"sound": "guardian_move", "volume": 0.37}
[2026-09-26 00:48:20.694] [SFX] {"sound": "civ_move_1", "volume": 0.07}
[2026-09-26 00:48:20.695] [SFX] {"sound": "civ_move_1", "volume": 0.16}
[2026-09-26 00:48:20.696] [SFX] {"sound": "civ_move_1", "volume": 0.14}
[2026-09-26 00:48:20.716] [SFX] {"sound": "civ_move_2", "volume": 0.09}
[2026-09-26 00:48:20.778] [SFX] {"sound": "civ_move_2", "volume": 0.08}
[2026-09-26 00:48:20.844] [SFX] {"sound": "civ_move_2", "volume": 0.23}
[2026-09-26 00:48:20.994] [SENTINEL_EMPTIED_IOT] {"iot": "listener", "stolen_data": 0, "had_jack_sighting": false, "node": [181, 66]}
[2026-09-26 00:48:21.017] [SFX] {"sound": "threat_pulse", "volume": 0.5}
[2026-09-26 00:48:21.032] [SENTINEL_EMPTIED_IOT] {"iot": "listener", "stolen_data": 4, "had_jack_sighting": false, "node": [152, 50]}
[2026-09-26 00:48:21.034] [SFX] {"sound": "guardian_move", "volume": 0.4}
[2026-09-26 00:48:21.110] [SFX] {"sound": "civ_move_1", "volume": 0.08}
[2026-09-26 00:48:21.111] [SFX] {"sound": "civ_move_2", "volume": 0.09}
[2026-09-26 00:48:21.112] [SFX] {"sound": "civ_move_1", "volume": 0.15}
[2026-09-26 00:48:21.179] [SFX] {"sound": "civ_move_2", "volume": 0.09}
[2026-09-26 00:48:21.202] [SFX] {"sound": "guardian_move", "volume": 0.4}
[2026-09-26 00:48:21.245] [SFX] {"sound": "civ_move_2", "volume": 0.25}
[2026-09-26 00:48:21.512] [SFX] {"sound": "civ_move_1", "volume": 0.08}
[2026-09-26 00:48:21.513] [SFX] {"sound": "civ_move_2", "volume": 0.09}
[2026-09-26 00:48:21.514] [SFX] {"sound": "civ_move_1", "volume": 0.15}
[2026-09-26 00:48:21.514] [SFX] {"sound": "threat_pulse", "volume": 0.51}
[2026-09-26 00:48:21.595] [SFX] {"sound": "civ_move_2", "volume": 0.1}
[2026-09-26 00:48:21.646] [SFX] {"sound": "civ_move_2", "volume": 0.26}
[2026-09-26 00:48:21.913] [SFX] {"sound": "civ_move_1", "volume": 0.09}
[2026-09-26 00:48:21.914] [SFX] {"sound": "civ_move_1", "volume": 0.0}
[2026-09-26 00:48:21.914] [SFX] {"sound": "civ_move_2", "volume": 0.09}
[2026-09-26 00:48:21.915] [SFX] {"sound": "civ_move_1", "volume": 0.14}
[2026-09-26 00:48:21.915] [SFX] {"sound": "civ_move_1", "volume": 0.16}
[2026-09-26 00:48:21.996] [SFX] {"sound": "civ_move_2", "volume": 0.11}
[2026-09-26 00:48:22.021] [SFX] {"sound": "threat_pulse", "volume": 0.49}
[2026-09-26 00:48:22.047] [SFX] {"sound": "civ_move_2", "volume": 0.27}
[2026-09-26 00:48:22.328] [SFX] {"sound": "civ_move_1", "volume": 0.09}
[2026-09-26 00:48:22.329] [SFX] {"sound": "civ_move_1", "volume": 0.01}
[2026-09-26 00:48:22.330] [SFX] {"sound": "civ_move_2", "volume": 0.08}
[2026-09-26 00:48:22.331] [SFX] {"sound": "civ_move_1", "volume": 0.13}
[2026-09-26 00:48:22.331] [SFX] {"sound": "civ_move_1", "volume": 0.16}
[2026-09-26 00:48:22.332] [C] {"civ_pos": [160, 56]}
[2026-09-26 00:48:22.411] [SFX] {"sound": "civ_move_2", "volume": 0.12}
[2026-09-26 00:48:22.458] [SFX] {"sound": "civ_move_2", "volume": 0.28}
[2026-09-26 00:48:22.627] [SFX] {"sound": "threat_pulse", "volume": 0.45}
[2026-09-26 00:48:22.676] [M] {"button": 1, "pos": [351, 189], "ui_clicked": false}
[2026-09-26 00:48:31.821] [M] {"button": 5, "pos": [389, 150], "ui_clicked": true}
[2026-09-26 00:48:32.917] [M] {"button": 4, "pos": [397, 143], "ui_clicked": true}
[2026-09-26 00:48:32.950] [M] {"button": 4, "pos": [397, 142], "ui_clicked": true}
[2026-09-26 00:48:56.772] [M] {"button": 5, "pos": [492, 124], "ui_clicked": true}
[2026-09-26 00:48:56.905] [M] {"button": 5, "pos": [492, 125], "ui_clicked": true}
[2026-09-26 00:48:58.596] [M] {"button": 1, "pos": [336, 276], "ui_clicked": true}
[2026-09-26 00:49:18.565] [M] {"button": 1, "pos": [376, 36], "ui_clicked": true}
