[2026-09-24 21:27:43.839] [S] {"sid": "20260924_212743", "sys_t": "2026-09-24T21:27:43.825630"}
[2026-09-24 21:27:43.840] [SFX] {"sound": "hack_success", "volume": 0.8}
[2026-09-24 21:27:44.627] [SESSION_RESET] {"msg": "--- NEW LIFE STARTED ---"}
[2026-09-24 21:27:44.697] [JACK] CYBERDECK OS v4.2 // SYSTEME BEREIT
[2026-09-24 21:27:44.699] [SFX] {"sound": "guardian_move", "volume": 0.08}
[2026-09-24 21:27:45.189] [SFX] {"sound": "civ_move_2", "volume": 0.03}
[2026-09-24 21:27:45.223] [SFX] {"sound": "civ_move_2", "volume": 0.14}
[2026-09-24 21:27:45.281] [SFX] {"sound": "civ_move_2", "volume": 0.07}
[2026-09-24 21:27:45.301] [SFX] {"sound": "guardian_move", "volume": 0.07}
[2026-09-24 21:27:45.346] [SFX] {"sound": "civ_move_1", "volume": 0.01}
[2026-09-24 21:27:45.595] [SFX] {"sound": "civ_move_2", "volume": 0.02}
[2026-09-24 21:27:45.618] [SFX] {"sound": "civ_move_2", "volume": 0.13}
[2026-09-24 21:27:45.694] [SFX] {"sound": "civ_move_2", "volume": 0.06}
[2026-09-24 21:27:45.760] [SFX] {"sound": "civ_move_1", "volume": 0.0}
[2026-09-24 21:27:45.908] [SFX] {"sound": "guardian_move", "volume": 0.06}
[2026-09-24 21:27:46.006] [SFX] {"sound": "civ_move_2", "volume": 0.01}
[2026-09-24 21:27:46.030] [SFX] {"sound": "civ_move_2", "volume": 0.12}
[2026-09-24 21:27:46.087] [M] {"button": 1, "pos": [325, 224], "ui_clicked": false}
[2026-09-24 21:27:46.094] [P] {"start": [202, 10], "goal": [202, 15], "length": 1, "is_direction_change": false}
[2026-09-24 21:27:46.094] [SFX] {"sound": "click_target", "volume": 0.69}
[2026-09-24 21:27:46.116] [SFX] {"sound": "player_move", "volume": 0.4}
[2026-09-24 21:27:46.116] [SFX] {"sound": "civ_move_2", "volume": 0.06}
[2026-09-24 21:27:46.171] [SFX] {"sound": "civ_move_1", "volume": 0.0}
[2026-09-24 21:27:46.422] [SFX] {"sound": "civ_move_2", "volume": 0.04}
[2026-09-24 21:27:46.423] [SFX] {"sound": "civ_move_2", "volume": 0.14}
[2026-09-24 21:27:46.506] [SFX] {"sound": "civ_move_2", "volume": 0.07}
[2026-09-24 21:27:46.528] [SFX] {"sound": "guardian_move", "volume": 0.07}
[2026-09-24 21:27:46.573] [SFX] {"sound": "civ_move_1", "volume": 0.01}
[2026-09-24 21:27:46.823] [SFX] {"sound": "civ_move_2", "volume": 0.03}
[2026-09-24 21:27:46.823] [SFX] {"sound": "civ_move_2", "volume": 0.13}
[2026-09-24 21:27:46.840] [M] {"button": 1, "pos": [325, 225], "ui_clicked": false}
[2026-09-24 21:27:46.846] [SFX] {"sound": "click_target", "volume": 0.69}
[2026-09-24 21:27:46.907] [SFX] {"sound": "civ_move_2", "volume": 0.07}
[2026-09-24 21:27:46.927] [SFX] {"sound": "player_move", "volume": 0.4}
[2026-09-24 21:27:46.989] [SFX] {"sound": "civ_move_1", "volume": 0.02}
[2026-09-24 21:27:47.013] [SFX] {"sound": "threat_pulse", "volume": 0.3}
[2026-09-24 21:27:47.122] [SFX] {"sound": "guardian_move", "volume": 0.08}
[2026-09-24 21:27:47.238] [SFX] {"sound": "civ_move_2", "volume": 0.04}
[2026-09-24 21:27:47.239] [SFX] {"sound": "civ_move_2", "volume": 0.15}
[2026-09-24 21:27:47.317] [SFX] {"sound": "civ_move_2", "volume": 0.08}
[2026-09-24 21:27:47.400] [SFX] {"sound": "civ_move_1", "volume": 0.02}
[2026-09-24 21:27:47.645] [SFX] {"sound": "civ_move_2", "volume": 0.03}
[2026-09-24 21:27:47.645] [SFX] {"sound": "civ_move_2", "volume": 0.14}
[2026-09-24 21:27:47.726] [SFX] {"sound": "guardian_move", "volume": 0.06}
[2026-09-24 21:27:47.727] [SFX] {"sound": "civ_move_2", "volume": 0.07}
[2026-09-24 21:27:47.807] [SFX] {"sound": "civ_move_1", "volume": 0.01}
[2026-09-24 21:27:47.922] [SFX] {"sound": "threat_pulse", "volume": 0.31}
[2026-09-24 21:27:48.056] [SFX] {"sound": "civ_move_2", "volume": 0.02}
[2026-09-24 21:27:48.056] [SFX] {"sound": "civ_move_2", "volume": 0.13}
[2026-09-24 21:27:48.138] [SFX] {"sound": "civ_move_2", "volume": 0.06}
[2026-09-24 21:27:48.337] [M] {"button": 1, "pos": [317, 220], "ui_clicked": false}
[2026-09-24 21:27:48.343] [SFX] {"sound": "guardian_move", "volume": 0.05}
[2026-09-24 21:27:48.344] [SFX] {"sound": "action_cancel", "volume": 1.0}
[2026-09-24 21:27:48.344] [P] {"start": [202, 19], "goal": [201, 24], "length": 2, "is_direction_change": false}
[2026-09-24 21:27:48.345] [SFX] {"sound": "click_target", "volume": 0.7}
[2026-09-24 21:27:48.465] [SFX] {"sound": "civ_move_2", "volume": 0.02}
[2026-09-24 21:27:48.466] [SFX] {"sound": "civ_move_2", "volume": 0.13}
[2026-09-24 21:27:48.513] [SFX] {"sound": "player_move", "volume": 0.4}
[2026-09-24 21:27:48.546] [SFX] {"sound": "civ_move_2", "volume": 0.07}
[2026-09-24 21:27:48.629] [SFX] {"sound": "civ_move_1", "volume": 0.01}
[2026-09-24 21:27:48.877] [SFX] {"sound": "civ_move_2", "volume": 0.03}
[2026-09-24 21:27:48.878] [SFX] {"sound": "civ_move_2", "volume": 0.14}
[2026-09-24 21:27:48.945] [SFX] {"sound": "guardian_move", "volume": 0.05}
[2026-09-24 21:27:48.968] [SFX] {"sound": "civ_move_2", "volume": 0.07}
[2026-09-24 21:27:49.044] [SFX] {"sound": "civ_move_1", "volume": 0.01}
[2026-09-24 21:27:49.278] [SFX] {"sound": "civ_move_2", "volume": 0.02}
[2026-09-24 21:27:49.279] [SFX] {"sound": "civ_move_2", "volume": 0.13}
[2026-09-24 21:27:49.362] [SFX] {"sound": "civ_move_2", "volume": 0.06}
[2026-09-24 21:27:49.560] [SFX] {"sound": "guardian_move", "volume": 0.03}
[2026-09-24 21:27:49.692] [SFX] {"sound": "civ_move_2", "volume": 0.01}
[2026-09-24 21:27:49.692] [SFX] {"sound": "civ_move_2", "volume": 0.12}
[2026-09-24 21:27:49.774] [SFX] {"sound": "civ_move_2", "volume": 0.05}
[2026-09-24 21:27:50.104] [SFX] {"sound": "civ_move_2", "volume": 0.0}
[2026-09-24 21:27:50.105] [SFX] {"sound": "civ_move_2", "volume": 0.11}
[2026-09-24 21:27:50.169] [SFX] {"sound": "guardian_move", "volume": 0.01}
[2026-09-24 21:27:50.191] [SFX] {"sound": "civ_move_2", "volume": 0.04}
[2026-09-24 21:27:50.513] [SFX] {"sound": "civ_move_2", "volume": 0.1}
[2026-09-24 21:27:50.595] [SFX] {"sound": "civ_move_2", "volume": 0.03}
[2026-09-24 21:27:50.926] [SFX] {"sound": "civ_move_2", "volume": 0.09}
[2026-09-24 21:27:51.008] [SFX] {"sound": "civ_move_2", "volume": 0.02}
[2026-09-24 21:27:51.339] [SFX] {"sound": "civ_move_2", "volume": 0.08}
[2026-09-24 21:27:51.408] [SFX] {"sound": "civ_move_2", "volume": 0.01}
[2026-09-24 21:27:51.755] [SFX] {"sound": "civ_move_2", "volume": 0.07}
[2026-09-24 21:27:51.818] [SFX] {"sound": "civ_move_2", "volume": 0.0}
[2026-09-24 21:27:52.145] [M] {"button": 1, "pos": [328, 118], "ui_clicked": false}
[2026-09-24 21:27:52.153] [P] {"start": [201, 24], "goal": [202, 16], "length": 2, "is_direction_change": false}
[2026-09-24 21:27:52.154] [SFX] {"sound": "click_target", "volume": 0.8}
[2026-09-24 21:27:52.186] [JACK] Kurzer Blick um die Ecke...
[2026-09-24 21:27:52.187] [SFX] {"sound": "civ_move_2", "volume": 0.06}
[2026-09-24 21:27:52.276] [SFX] {"sound": "player_move", "volume": 0.4}
[2026-09-24 21:27:52.572] [SFX] {"sound": "civ_move_2", "volume": 0.02}
[2026-09-24 21:27:52.594] [SFX] {"sound": "player_move", "volume": 0.4}
[2026-09-24 21:27:53.612] [M] {"button": 1, "pos": [328, 238], "ui_clicked": false}
[2026-09-24 21:27:53.620] [P] {"start": [202, 16], "goal": [202, 23], "length": 1, "is_direction_change": false}
[2026-09-24 21:27:53.621] [SFX] {"sound": "click_target", "volume": 0.65}
[2026-09-24 21:27:53.824] [SFX] {"sound": "player_move", "volume": 0.4}
[2026-09-24 21:27:54.219] [SFX] {"sound": "civ_move_2", "volume": 0.0}
[2026-09-24 21:27:54.581] [M] {"button": 1, "pos": [321, 238], "ui_clicked": false}
[2026-09-24 21:27:54.588] [P] {"start": [202, 23], "goal": [202, 30], "length": 1, "is_direction_change": false}
[2026-09-24 21:27:54.588] [SFX] {"sound": "click_target", "volume": 0.66}
[2026-09-24 21:27:54.636] [SFX] {"sound": "civ_move_2", "volume": 0.0}
[2026-09-24 21:27:54.669] [SFX] {"sound": "player_move", "volume": 0.4}
[2026-09-24 21:27:55.047] [SFX] {"sound": "civ_move_2", "volume": 0.03}
[2026-09-24 21:27:55.341] [M] {"button": 1, "pos": [326, 237], "ui_clicked": false}
[2026-09-24 21:27:55.348] [P] {"start": [202, 30], "goal": [202, 36], "length": 1, "is_direction_change": false}
[2026-09-24 21:27:55.349] [SFX] {"sound": "click_target", "volume": 0.66}
[2026-09-24 21:27:55.388] [SFX] {"sound": "player_move", "volume": 0.4}
[2026-09-24 21:27:55.453] [SFX] {"sound": "civ_move_2", "volume": 0.03}
[2026-09-24 21:27:55.862] [SFX] {"sound": "civ_move_2", "volume": 0.04}
[2026-09-24 21:27:55.926] [M] {"button": 1, "pos": [331, 237], "ui_clicked": false}
[2026-09-24 21:27:56.272] [SFX] {"sound": "civ_move_2", "volume": 0.03}
[2026-09-24 21:27:56.581] [M] {"button": 1, "pos": [324, 235], "ui_clicked": false}
[2026-09-24 21:27:56.588] [P] {"start": [202, 36], "goal": [202, 42], "length": 1, "is_direction_change": false}
[2026-09-24 21:27:56.589] [SFX] {"sound": "click_target", "volume": 0.66}
[2026-09-24 21:27:56.643] [SFX] {"sound": "player_move", "volume": 0.4}
[2026-09-24 21:27:56.676] [SFX] {"sound": "civ_move_2", "volume": 0.03}
[2026-09-24 21:27:57.085] [SFX] {"sound": "civ_move_2", "volume": 0.05}
[2026-09-24 21:27:57.202] [M] {"button": 1, "pos": [322, 235], "ui_clicked": false}
[2026-09-24 21:27:57.208] [P] {"start": [202, 42], "goal": [202, 48], "length": 1, "is_direction_change": false}
[2026-09-24 21:27:57.209] [SFX] {"sound": "click_target", "volume": 0.67}
[2026-09-24 21:27:57.282] [SFX] {"sound": "player_move", "volume": 0.4}
[2026-09-24 21:27:57.498] [SFX] {"sound": "civ_move_2", "volume": 0.07}
[2026-09-24 21:27:57.545] [SFX] {"sound": "civ_move_2", "volume": 0.01}
[2026-09-24 21:27:57.743] [M] {"button": 1, "pos": [322, 235], "ui_clicked": false}
[2026-09-24 21:27:57.749] [P] {"start": [202, 48], "goal": [202, 54], "length": 1, "is_direction_change": false}
[2026-09-24 21:27:57.750] [SFX] {"sound": "click_target", "volume": 0.68}
[2026-09-24 21:27:57.844] [SFX] {"sound": "player_move", "volume": 0.4}
[2026-09-24 21:27:57.909] [SFX] {"sound": "civ_move_2", "volume": 0.08}
[2026-09-24 21:27:57.959] [SFX] {"sound": "civ_move_2", "volume": 0.02}
[2026-09-24 21:27:57.960] [SFX] {"sound": "civ_move_2", "volume": 0.03}
[2026-09-24 21:27:58.275] [M] {"button": 1, "pos": [322, 235], "ui_clicked": false}
[2026-09-24 21:27:58.283] [P] {"start": [202, 54], "goal": [202, 59], "length": 1, "is_direction_change": false}
[2026-09-24 21:27:58.283] [SFX] {"sound": "click_target", "volume": 0.68}
[2026-09-24 21:27:58.328] [SFX] {"sound": "civ_move_2", "volume": 0.1}
[2026-09-24 21:27:58.360] [SFX] {"sound": "civ_move_2", "volume": 0.03}
[2026-09-24 21:27:58.361] [SFX] {"sound": "civ_move_2", "volume": 0.06}
[2026-09-24 21:27:58.382] [SFX] {"sound": "player_move", "volume": 0.4}
[2026-09-24 21:27:58.738] [SFX] {"sound": "civ_move_2", "volume": 0.0}
[2026-09-24 21:27:58.739] [SFX] {"sound": "civ_move_2", "volume": 0.11}
[2026-09-24 21:27:58.772] [M] {"button": 1, "pos": [322, 235], "ui_clicked": false}
[2026-09-24 21:27:58.779] [SFX] {"sound": "civ_move_2", "volume": 0.05}
[2026-09-24 21:27:58.779] [SFX] {"sound": "civ_move_2", "volume": 0.09}
[2026-09-24 21:27:58.780] [P] {"start": [202, 59], "goal": [202, 65], "length": 1, "is_direction_change": false}
[2026-09-24 21:27:58.781] [SFX] {"sound": "click_target", "volume": 0.68}
[2026-09-24 21:27:58.933] [SFX] {"sound": "player_move", "volume": 0.4}
[2026-09-24 21:27:59.145] [SFX] {"sound": "civ_move_2", "volume": 0.03}
[2026-09-24 21:27:59.146] [SFX] {"sound": "civ_move_2", "volume": 0.14}
[2026-09-24 21:27:59.178] [SFX] {"sound": "civ_move_2", "volume": 0.07}
[2026-09-24 21:27:59.178] [SFX] {"sound": "civ_move_2", "volume": 0.14}
[2026-09-24 21:27:59.241] [SFX] {"sound": "civ_move_1", "volume": 0.01}
[2026-09-24 21:27:59.291] [M] {"button": 1, "pos": [322, 235], "ui_clicked": false}
[2026-09-24 21:27:59.298] [SFX] {"sound": "click_target", "volume": 0.68}
[2026-09-24 21:27:59.473] [SFX] {"sound": "player_move", "volume": 0.4}
[2026-09-24 21:27:59.556] [SFX] {"sound": "civ_move_2", "volume": 0.05}
[2026-09-24 21:27:59.556] [SFX] {"sound": "civ_move_2", "volume": 0.16}
[2026-09-24 21:27:59.590] [SFX] {"sound": "civ_move_2", "volume": 0.09}
[2026-09-24 21:27:59.591] [SFX] {"sound": "civ_move_2", "volume": 0.18}
[2026-09-24 21:27:59.655] [SFX] {"sound": "civ_move_1", "volume": 0.03}
[2026-09-24 21:27:59.722] [SFX] {"sound": "threat_pulse", "volume": 0.3}
[2026-09-24 21:27:59.965] [SFX] {"sound": "civ_move_2", "volume": 0.04}
[2026-09-24 21:27:59.966] [SFX] {"sound": "civ_move_2", "volume": 0.15}
[2026-09-24 21:27:59.997] [SFX] {"sound": "civ_move_2", "volume": 0.08}
[2026-09-24 21:27:59.998] [SFX] {"sound": "civ_move_2", "volume": 0.19}
[2026-09-24 21:28:00.064] [SFX] {"sound": "civ_move_1", "volume": 0.02}
[2026-09-24 21:28:00.376] [SFX] {"sound": "civ_move_2", "volume": 0.03}
[2026-09-24 21:28:00.377] [SFX] {"sound": "civ_move_2", "volume": 0.14}
[2026-09-24 21:28:00.408] [SFX] {"sound": "civ_move_2", "volume": 0.07}
[2026-09-24 21:28:00.408] [SFX] {"sound": "civ_move_2", "volume": 0.2}
[2026-09-24 21:28:00.475] [SFX] {"sound": "civ_move_1", "volume": 0.01}
[2026-09-24 21:28:00.624] [SFX] {"sound": "threat_pulse", "volume": 0.31}
[2026-09-24 21:28:00.789] [SFX] {"sound": "civ_move_2", "volume": 0.02}
[2026-09-24 21:28:00.789] [SFX] {"sound": "civ_move_2", "volume": 0.13}
[2026-09-24 21:28:00.821] [SFX] {"sound": "civ_move_2", "volume": 0.06}
[2026-09-24 21:28:00.822] [SFX] {"sound": "civ_move_2", "volume": 0.21}
[2026-09-24 21:28:00.888] [SFX] {"sound": "civ_move_1", "volume": 0.01}
[2026-09-24 21:28:01.200] [SFX] {"sound": "civ_move_2", "volume": 0.01}
[2026-09-24 21:28:01.201] [SFX] {"sound": "civ_move_2", "volume": 0.12}
[2026-09-24 21:28:01.233] [SFX] {"sound": "civ_move_2", "volume": 0.05}
[2026-09-24 21:28:01.234] [SFX] {"sound": "civ_move_2", "volume": 0.22}
[2026-09-24 21:28:01.300] [SFX] {"sound": "civ_move_1", "volume": 0.01}
[2026-09-24 21:28:01.397] [C] {"civ_pos": [202, 72]}
[2026-09-24 21:28:01.531] [SFX] {"sound": "threat_pulse", "volume": 0.32}
[2026-09-24 21:28:01.614] [SFX] {"sound": "civ_move_2", "volume": 0.01}
[2026-09-24 21:28:01.614] [SFX] {"sound": "civ_move_2", "volume": 0.11}
[2026-09-24 21:28:01.646] [SFX] {"sound": "civ_move_2", "volume": 0.04}
[2026-09-24 21:28:01.647] [SFX] {"sound": "civ_move_2", "volume": 0.23}
[2026-09-24 21:28:01.712] [SFX] {"sound": "civ_move_1", "volume": 0.01}
[2026-09-24 21:28:02.021] [SFX] {"sound": "civ_move_2", "volume": 0.01}
[2026-09-24 21:28:02.022] [SFX] {"sound": "civ_move_2", "volume": 0.1}
[2026-09-24 21:28:02.055] [SFX] {"sound": "civ_move_2", "volume": 0.03}
[2026-09-24 21:28:02.056] [SFX] {"sound": "civ_move_2", "volume": 0.3}
[2026-09-24 21:28:02.120] [SFX] {"sound": "civ_move_1", "volume": 0.01}
[2026-09-24 21:28:02.431] [SFX] {"sound": "civ_move_2", "volume": 0.01}
[2026-09-24 21:28:02.432] [SFX] {"sound": "civ_move_2", "volume": 0.09}
[2026-09-24 21:28:02.432] [SFX] {"sound": "threat_pulse", "volume": 0.33}
[2026-09-24 21:28:02.464] [SFX] {"sound": "civ_move_2", "volume": 0.02}
[2026-09-24 21:28:02.465] [SFX] {"sound": "civ_move_2", "volume": 0.29}
[2026-09-24 21:28:02.529] [SFX] {"sound": "civ_move_1", "volume": 0.01}
[2026-09-24 21:28:02.558] [SFX] {"sound": "guardian_move", "volume": 0.0}
[2026-09-24 21:28:02.794] [M] {"button": 1, "pos": [344, 172], "ui_clicked": false}
[2026-09-24 21:28:02.844] [SFX] {"sound": "civ_move_2", "volume": 0.01}
[2026-09-24 21:28:02.845] [SFX] {"sound": "civ_move_2", "volume": 0.08}
[2026-09-24 21:28:02.877] [SFX] {"sound": "civ_move_2", "volume": 0.01}
[2026-09-24 21:28:02.877] [SFX] {"sound": "civ_move_2", "volume": 0.28}
[2026-09-24 21:28:02.944] [SFX] {"sound": "civ_move_1", "volume": 0.01}
[2026-09-24 21:28:03.145] [SFX] {"sound": "guardian_move", "volume": 0.01}
[2026-09-24 21:28:03.261] [SFX] {"sound": "civ_move_2", "volume": 0.01}
[2026-09-24 21:28:03.262] [SFX] {"sound": "civ_move_2", "volume": 0.07}
[2026-09-24 21:28:03.283] [SFX] {"sound": "civ_move_2", "volume": 0.01}
[2026-09-24 21:28:03.284] [SFX] {"sound": "civ_move_2", "volume": 0.26}
[2026-09-24 21:28:03.343] [SFX] {"sound": "threat_pulse", "volume": 0.35}
[2026-09-24 21:28:03.366] [SFX] {"sound": "civ_move_1", "volume": 0.0}
[2026-09-24 21:28:03.608] [M] {"button": 1, "pos": [325, 152], "ui_clicked": false}
[2026-09-24 21:28:03.614] [SFX] {"sound": "action_cancel", "volume": 1.0}
[2026-09-24 21:28:03.615] [P] {"start": [202, 70], "goal": [202, 66], "length": 1, "is_direction_change": false}
[2026-09-24 21:28:03.616] [SFX] {"sound": "click_target", "volume": 0.91}
[2026-09-24 21:28:03.670] [SFX] {"sound": "civ_move_2", "volume": 0.05}
[2026-09-24 21:28:03.693] [SFX] {"sound": "civ_move_2", "volume": 0.0}
[2026-09-24 21:28:03.693] [SFX] {"sound": "civ_move_2", "volume": 0.26}
[2026-09-24 21:28:03.753] [SFX] {"sound": "guardian_move", "volume": 0.05}
[2026-09-24 21:28:04.081] [SFX] {"sound": "civ_move_2", "volume": 0.03}
[2026-09-24 21:28:04.103] [SFX] {"sound": "civ_move_2", "volume": 0.27}
[2026-09-24 21:28:04.247] [SFX] {"sound": "threat_pulse", "volume": 0.32}
[2026-09-24 21:28:04.363] [SFX] {"sound": "guardian_move", "volume": 0.07}
[2026-09-24 21:28:04.493] [SFX] {"sound": "civ_move_2", "volume": 0.02}
[2026-09-24 21:28:04.514] [SFX] {"sound": "civ_move_2", "volume": 0.26}
[2026-09-24 21:28:04.902] [SFX] {"sound": "civ_move_2", "volume": 0.01}
[2026-09-24 21:28:04.925] [SFX] {"sound": "civ_move_2", "volume": 0.25}
[2026-09-24 21:28:04.970] [SFX] {"sound": "guardian_move", "volume": 0.08}
[2026-09-24 21:28:05.001] [M] {"button": 1, "pos": [328, 245], "ui_clicked": false}
[2026-09-24 21:28:05.008] [P] {"start": [202, 66], "goal": [202, 74], "length": 1, "is_direction_change": false}
[2026-09-24 21:28:05.009] [SFX] {"sound": "click_target", "volume": 0.64}
[2026-09-24 21:28:05.046] [JACK] Sektor sieht ruhig aus. Erstmal Daten-Traces scannen.
[2026-09-24 21:28:05.047] [SFX] {"sound": "player_move", "volume": 0.4}
[2026-09-24 21:28:05.314] [SFX] {"sound": "civ_move_2", "volume": 0.0}
[2026-09-24 21:28:05.314] [SFX] {"sound": "civ_move_2", "volume": 0.03}
[2026-09-24 21:28:05.315] [SFX] {"sound": "civ_move_2", "volume": 0.0}
[2026-09-24 21:28:05.335] [SFX] {"sound": "player_move", "volume": 0.4}
[2026-09-24 21:28:05.336] [SFX] {"sound": "civ_move_2", "volume": 0.02}
[2026-09-24 21:28:05.337] [SFX] {"sound": "civ_move_2", "volume": 0.18}
[2026-09-24 21:28:05.409] [SFX] {"sound": "civ_move_1", "volume": 0.0}
[2026-09-24 21:28:05.576] [SFX] {"sound": "guardian_move", "volume": 0.01}
[2026-09-24 21:28:05.577] [SFX] {"sound": "civ_move_2", "volume": 0.0}
[2026-09-24 21:28:05.678] [SFX] {"sound": "guardian_move", "volume": 0.01}
[2026-09-24 21:28:05.722] [SFX] {"sound": "civ_move_2", "volume": 0.01}
[2026-09-24 21:28:05.723] [SFX] {"sound": "civ_move_2", "volume": 0.04}
[2026-09-24 21:28:05.724] [SFX] {"sound": "civ_move_2", "volume": 0.01}
[2026-09-24 21:28:05.744] [SFX] {"sound": "civ_move_2", "volume": 0.02}
[2026-09-24 21:28:05.745] [SFX] {"sound": "civ_move_2", "volume": 0.16}
[2026-09-24 21:28:05.987] [SFX] {"sound": "civ_move_2", "volume": 0.01}
[2026-09-24 21:28:06.138] [SFX] {"sound": "civ_move_2", "volume": 0.0}
[2026-09-24 21:28:06.139] [SFX] {"sound": "civ_move_2", "volume": 0.04}
[2026-09-24 21:28:06.140] [SFX] {"sound": "civ_move_2", "volume": 0.01}
[2026-09-24 21:28:06.162] [SFX] {"sound": "civ_move_2", "volume": 0.02}
[2026-09-24 21:28:06.163] [SFX] {"sound": "civ_move_2", "volume": 0.15}
[2026-09-24 21:28:06.189] [SFX] {"sound": "guardian_move", "volume": 0.02}
[2026-09-24 21:28:06.274] [SFX] {"sound": "guardian_move", "volume": 0.01}
[2026-09-24 21:28:06.387] [SFX] {"sound": "civ_move_2", "volume": 0.01}
[2026-09-24 21:28:06.538] [SFX] {"sound": "civ_move_2", "volume": 0.03}
[2026-09-24 21:28:06.539] [SFX] {"sound": "civ_move_2", "volume": 0.01}
[2026-09-24 21:28:06.561] [SFX] {"sound": "civ_move_2", "volume": 0.02}
[2026-09-24 21:28:06.562] [SFX] {"sound": "civ_move_2", "volume": 0.14}
[2026-09-24 21:28:06.804] [SFX] {"sound": "guardian_move", "volume": 0.02}
[2026-09-24 21:28:06.805] [SFX] {"sound": "civ_move_2", "volume": 0.01}
[2026-09-24 21:28:06.887] [SFX] {"sound": "guardian_move", "volume": 0.02}
[2026-09-24 21:28:06.951] [SFX] {"sound": "civ_move_2", "volume": 0.03}
[2026-09-24 21:28:06.952] [SFX] {"sound": "civ_move_2", "volume": 0.01}
[2026-09-24 21:28:06.974] [SFX] {"sound": "civ_move_2", "volume": 0.12}
[2026-09-24 21:28:07.214] [SFX] {"sound": "civ_move_2", "volume": 0.01}
[2026-09-24 21:28:07.361] [SFX] {"sound": "civ_move_2", "volume": 0.03}
[2026-09-24 21:28:07.362] [SFX] {"sound": "civ_move_2", "volume": 0.01}
[2026-09-24 21:28:07.383] [SFX] {"sound": "civ_move_2", "volume": 0.11}
[2026-09-24 21:28:07.411] [SFX] {"sound": "guardian_move", "volume": 0.02}
[2026-09-24 21:28:07.512] [M] {"button": 1, "pos": [324, 135], "ui_clicked": false}
[2026-09-24 21:28:07.520] [P] {"start": [202, 74], "goal": [202, 68], "length": 1, "is_direction_change": false}
[2026-09-24 21:28:07.521] [SFX] {"sound": "click_target", "volume": 0.86}
[2026-09-24 21:28:07.759] [SFX] {"sound": "player_move", "volume": 0.4}
[2026-09-24 21:28:07.792] [SFX] {"sound": "civ_move_2", "volume": 0.14}
[2026-09-24 21:28:08.022] [SFX] {"sound": "guardian_move", "volume": 0.1}
[2026-09-24 21:28:08.203] [SFX] {"sound": "civ_move_2", "volume": 0.13}
[2026-09-24 21:28:08.616] [SFX] {"sound": "civ_move_2", "volume": 0.12}
[2026-09-24 21:28:08.640] [SFX] {"sound": "guardian_move", "volume": 0.12}
[2026-09-24 21:28:08.681] [M] {"button": 1, "pos": [324, 108], "ui_clicked": false}
[2026-09-24 21:28:08.690] [P] {"start": [202, 68], "goal": [202, 59], "length": 1, "is_direction_change": false}
[2026-09-24 21:28:08.691] [SFX] {"sound": "click_target", "volume": 0.78}
[2026-09-24 21:28:08.946] [SFX] {"sound": "player_move", "volume": 0.4}
[2026-09-24 21:28:09.027] [SFX] {"sound": "civ_move_2", "volume": 0.16}
[2026-09-24 21:28:09.239] [SFX] {"sound": "guardian_move", "volume": 0.24}
[2026-09-24 21:28:09.438] [SFX] {"sound": "civ_move_2", "volume": 0.16}
[2026-09-24 21:28:09.572] [M] {"button": 1, "pos": [320, 245], "ui_clicked": false}
[2026-09-24 21:28:09.853] [SFX] {"sound": "guardian_move", "volume": 0.26}
[2026-09-24 21:28:09.853] [SFX] {"sound": "civ_move_2", "volume": 0.15}
[2026-09-24 21:28:10.032] [SFX] {"sound": "civ_move_2", "volume": 0.01}
[2026-09-24 21:28:10.082] [M] {"button": 1, "pos": [323, 266], "ui_clicked": false}
[2026-09-24 21:28:10.090] [P] {"start": [202, 59], "goal": [202, 69], "length": 1, "is_direction_change": false}
[2026-09-24 21:28:10.090] [SFX] {"sound": "click_target", "volume": 0.58}
[2026-09-24 21:28:10.216] [SFX] {"sound": "player_move", "volume": 0.4}
[2026-09-24 21:28:10.265] [SFX] {"sound": "civ_move_2", "volume": 0.11}
[2026-09-24 21:28:10.463] [SFX] {"sound": "guardian_move", "volume": 0.21}
[2026-09-24 21:28:10.529] [SFX] {"sound": "player_move", "volume": 0.4}
[2026-09-24 21:28:10.677] [SFX] {"sound": "civ_move_2", "volume": 0.05}
[2026-09-24 21:28:11.074] [M] {"button": 1, "pos": [323, 277], "ui_clicked": false}
[2026-09-24 21:28:11.082] [SFX] {"sound": "guardian_move", "volume": 0.21}
[2026-09-24 21:28:11.083] [P] {"start": [202, 69], "goal": [202, 80], "length": 1, "is_direction_change": false}
[2026-09-24 21:28:11.084] [SFX] {"sound": "click_target", "volume": 0.56}
[2026-09-24 21:28:11.115] [SFX] {"sound": "civ_move_2", "volume": 0.05}
[2026-09-24 21:28:11.337] [SFX] {"sound": "player_move", "volume": 0.4}
[2026-09-24 21:28:11.338] [SFX] {"sound": "civ_move_2", "volume": 0.0}
[2026-09-24 21:28:11.472] [SFX] {"sound": "civ_move_2", "volume": 0.01}
[2026-09-24 21:28:11.585] [SFX] {"sound": "civ_move_1", "volume": 0.03}
[2026-09-24 21:28:11.684] [SFX] {"sound": "guardian_move", "volume": 0.12}
[2026-09-24 21:28:11.749] [SFX] {"sound": "civ_move_2", "volume": 0.03}
[2026-09-24 21:28:11.772] [SFX] {"sound": "guardian_move", "volume": 0.02}
[2026-09-24 21:28:11.831] [M] {"button": 1, "pos": [325, 275], "ui_clicked": false}
[2026-09-24 21:28:11.838] [P] {"start": [202, 80], "goal": [202, 90], "length": 1, "is_direction_change": false}
[2026-09-24 21:28:11.839] [SFX] {"sound": "click_target", "volume": 0.59}
[2026-09-24 21:28:11.879] [SFX] {"sound": "player_move", "volume": 0.4}
[2026-09-24 21:28:11.880] [SFX] {"sound": "civ_move_2", "volume": 0.04}
[2026-09-24 21:28:11.880] [SFX] {"sound": "civ_move_2", "volume": 0.02}
[2026-09-24 21:28:11.881] [SFX] {"sound": "civ_move_2", "volume": 0.0}
[2026-09-24 21:28:11.912] [SFX] {"sound": "civ_move_2", "volume": 0.02}
[2026-09-24 21:28:11.913] [SFX] {"sound": "civ_move_2", "volume": 0.01}
[2026-09-24 21:28:11.994] [SFX] {"sound": "civ_move_1", "volume": 0.06}
[2026-09-24 21:28:12.157] [SFX] {"sound": "civ_move_2", "volume": 0.06}
[2026-09-24 21:28:12.190] [SFX] {"sound": "player_move", "volume": 0.4}
[2026-09-24 21:28:12.292] [SFX] {"sound": "guardian_move", "volume": 0.05}
[2026-09-24 21:28:12.292] [SFX] {"sound": "civ_move_2", "volume": 0.09}
[2026-09-24 21:28:12.293] [SFX] {"sound": "civ_move_2", "volume": 0.05}
[2026-09-24 21:28:12.294] [SFX] {"sound": "civ_move_2", "volume": 0.04}
[2026-09-24 21:28:12.324] [SFX] {"sound": "civ_move_2", "volume": 0.07}
[2026-09-24 21:28:12.325] [SFX] {"sound": "civ_move_2", "volume": 0.05}
[2026-09-24 21:28:12.373] [SFX] {"sound": "guardian_move", "volume": 0.08}
[2026-09-24 21:28:12.406] [SFX] {"sound": "civ_move_1", "volume": 0.1}
[2026-09-24 21:28:12.572] [SFX] {"sound": "civ_move_2", "volume": 0.07}
[2026-09-24 21:28:12.707] [SFX] {"sound": "civ_move_2", "volume": 0.1}
[2026-09-24 21:28:12.708] [SFX] {"sound": "civ_move_2", "volume": 0.04}
[2026-09-24 21:28:12.709] [SFX] {"sound": "civ_move_2", "volume": 0.05}
[2026-09-24 21:28:12.742] [SFX] {"sound": "civ_move_2", "volume": 0.07}
[2026-09-24 21:28:12.742] [SFX] {"sound": "civ_move_2", "volume": 0.06}
[2026-09-24 21:28:12.809] [SFX] {"sound": "civ_move_1", "volume": 0.1}
[2026-09-24 21:28:12.892] [SFX] {"sound": "guardian_move", "volume": 0.07}
[2026-09-24 21:28:12.975] [SFX] {"sound": "guardian_move", "volume": 0.06}
[2026-09-24 21:28:12.976] [SFX] {"sound": "civ_move_2", "volume": 0.06}
[2026-09-24 21:28:13.109] [SFX] {"sound": "civ_move_2", "volume": 0.1}
[2026-09-24 21:28:13.109] [SFX] {"sound": "civ_move_2", "volume": 0.04}
[2026-09-24 21:28:13.110] [SFX] {"sound": "civ_move_2", "volume": 0.06}
[2026-09-24 21:28:13.142] [SFX] {"sound": "civ_move_2", "volume": 0.08}
[2026-09-24 21:28:13.142] [SFX] {"sound": "civ_move_2", "volume": 0.07}
[2026-09-24 21:28:13.221] [SFX] {"sound": "civ_move_1", "volume": 0.11}
[2026-09-24 21:28:13.387] [SFX] {"sound": "civ_move_2", "volume": 0.06}
[2026-09-24 21:28:13.436] [M] {"button": 1, "pos": [324, 159], "ui_clicked": false}
[2026-09-24 21:28:13.444] [P] {"start": [202, 90], "goal": [202, 87], "length": 1, "is_direction_change": false}
[2026-09-24 21:28:13.445] [SFX] {"sound": "click_target", "volume": 0.93}
[2026-09-24 21:28:13.502] [SFX] {"sound": "guardian_move", "volume": 0.11}
[2026-09-24 21:28:13.525] [SFX] {"sound": "civ_move_2", "volume": 0.09}
[2026-09-24 21:28:13.525] [SFX] {"sound": "civ_move_2", "volume": 0.04}
[2026-09-24 21:28:13.526] [SFX] {"sound": "civ_move_2", "volume": 0.06}
[2026-09-24 21:28:13.549] [SFX] {"sound": "civ_move_2", "volume": 0.07}
[2026-09-24 21:28:13.550] [SFX] {"sound": "civ_move_2", "volume": 0.06}
[2026-09-24 21:28:13.582] [SFX] {"sound": "guardian_move", "volume": 0.03}
[2026-09-24 21:28:13.633] [SFX] {"sound": "civ_move_1", "volume": 0.09}
[2026-09-24 21:28:13.799] [SFX] {"sound": "civ_move_2", "volume": 0.04}
[2026-09-24 21:28:13.931] [SFX] {"sound": "civ_move_2", "volume": 0.09}
[2026-09-24 21:28:13.931] [SFX] {"sound": "civ_move_2", "volume": 0.04}
[2026-09-24 21:28:13.932] [SFX] {"sound": "civ_move_2", "volume": 0.06}
[2026-09-24 21:28:13.963] [SFX] {"sound": "civ_move_2", "volume": 0.07}
[2026-09-24 21:28:14.048] [SFX] {"sound": "civ_move_1", "volume": 0.09}
[2026-09-24 21:28:14.111] [SFX] {"sound": "guardian_move", "volume": 0.15}
[2026-09-24 21:28:14.193] [SFX] {"sound": "guardian_move", "volume": 0.02}
[2026-09-24 21:28:14.215] [SFX] {"sound": "civ_move_2", "volume": 0.03}
[2026-09-24 21:28:14.344] [SFX] {"sound": "civ_move_2", "volume": 0.04}
[2026-09-24 21:28:14.344] [SFX] {"sound": "civ_move_2", "volume": 0.07}
[2026-09-24 21:28:14.367] [SFX] {"sound": "civ_move_2", "volume": 0.09}
[2026-09-24 21:28:14.383] [SFX] {"sound": "civ_move_2", "volume": 0.08}
[2026-09-24 21:28:14.384] [SFX] {"sound": "civ_move_2", "volume": 0.07}
[2026-09-24 21:28:14.459] [SFX] {"sound": "civ_move_1", "volume": 0.09}
[2026-09-24 21:28:14.626] [SFX] {"sound": "civ_move_2", "volume": 0.02}
[2026-09-24 21:28:14.728] [SFX] {"sound": "guardian_move", "volume": 0.17}
[2026-09-24 21:28:14.750] [SFX] {"sound": "civ_move_2", "volume": 0.05}
[2026-09-24 21:28:14.751] [SFX] {"sound": "civ_move_2", "volume": 0.08}
[2026-09-24 21:28:14.767] [SFX] {"sound": "civ_move_2", "volume": 0.09}
[2026-09-24 21:28:14.784] [SFX] {"sound": "civ_move_2", "volume": 0.08}
[2026-09-24 21:28:14.784] [SFX] {"sound": "civ_move_2", "volume": 0.07}
[2026-09-24 21:28:14.800] [SFX] {"sound": "guardian_move", "volume": 0.0}
[2026-09-24 21:28:14.860] [SFX] {"sound": "civ_move_1", "volume": 0.09}
[2026-09-24 21:28:15.026] [SFX] {"sound": "civ_move_2", "volume": 0.02}
[2026-09-24 21:28:15.156] [SFX] {"sound": "civ_move_2", "volume": 0.06}
[2026-09-24 21:28:15.157] [SFX] {"sound": "civ_move_2", "volume": 0.08}
[2026-09-24 21:28:15.178] [SFX] {"sound": "civ_move_2", "volume": 0.09}
[2026-09-24 21:28:15.195] [SFX] {"sound": "civ_move_2", "volume": 0.08}
[2026-09-24 21:28:15.272] [SFX] {"sound": "civ_move_1", "volume": 0.09}
[2026-09-24 21:28:15.338] [SFX] {"sound": "guardian_move", "volume": 0.2}
[2026-09-24 21:28:15.438] [SFX] {"sound": "civ_move_2", "volume": 0.01}
[2026-09-24 21:28:15.571] [SFX] {"sound": "civ_move_2", "volume": 0.06}
[2026-09-24 21:28:15.571] [SFX] {"sound": "civ_move_2", "volume": 0.09}
[2026-09-24 21:28:15.588] [M] {"button": 1, "pos": [331, 155], "ui_clicked": false}
[2026-09-24 21:28:15.595] [SFX] {"sound": "civ_move_2", "volume": 0.09}
[2026-09-24 21:28:15.610] [SFX] {"sound": "civ_move_2", "volume": 0.08}
[2026-09-24 21:28:15.672] [SFX] {"sound": "civ_move_1", "volume": 0.09}
[2026-09-24 21:28:15.840] [SFX] {"sound": "civ_move_2", "volume": 0.0}
[2026-09-24 21:28:15.938] [SFX] {"sound": "guardian_move", "volume": 0.22}
[2026-09-24 21:28:15.973] [SFX] {"sound": "civ_move_2", "volume": 0.07}
[2026-09-24 21:28:15.974] [SFX] {"sound": "civ_move_2", "volume": 0.09}
[2026-09-24 21:28:16.004] [SFX] {"sound": "civ_move_2", "volume": 0.08}
[2026-09-24 21:28:16.071] [SFX] {"sound": "civ_move_1", "volume": 0.08}
[2026-09-24 21:28:16.389] [SFX] {"sound": "civ_move_2", "volume": 0.07}
[2026-09-24 21:28:16.391] [SFX] {"sound": "civ_move_2", "volume": 0.1}
[2026-09-24 21:28:16.409] [SFX] {"sound": "civ_move_2", "volume": 0.09}
[2026-09-24 21:28:16.486] [SFX] {"sound": "civ_move_1", "volume": 0.08}
[2026-09-24 21:28:16.553] [SFX] {"sound": "guardian_move", "volume": 0.25}
[2026-09-24 21:28:16.799] [SFX] {"sound": "civ_move_2", "volume": 0.08}
[2026-09-24 21:28:16.800] [SFX] {"sound": "civ_move_2", "volume": 0.1}
[2026-09-24 21:28:16.822] [SFX] {"sound": "civ_move_2", "volume": 0.08}
[2026-09-24 21:28:16.836] [SFX] {"sound": "civ_move_2", "volume": 0.09}
[2026-09-24 21:28:16.897] [SFX] {"sound": "civ_move_1", "volume": 0.08}
[2026-09-24 21:28:17.159] [SFX] {"sound": "guardian_move", "volume": 0.27}
[2026-09-24 21:28:17.209] [SFX] {"sound": "civ_move_2", "volume": 0.08}
[2026-09-24 21:28:17.209] [SFX] {"sound": "civ_move_2", "volume": 0.11}
[2026-09-24 21:28:17.231] [SFX] {"sound": "civ_move_2", "volume": 0.08}
[2026-09-24 21:28:17.248] [SFX] {"sound": "civ_move_2", "volume": 0.09}
[2026-09-24 21:28:17.308] [SFX] {"sound": "civ_move_1", "volume": 0.07}
[2026-09-24 21:28:17.621] [SFX] {"sound": "civ_move_2", "volume": 0.08}
[2026-09-24 21:28:17.622] [SFX] {"sound": "civ_move_2", "volume": 0.11}
[2026-09-24 21:28:17.643] [SFX] {"sound": "civ_move_2", "volume": 0.08}
[2026-09-24 21:28:17.659] [SFX] {"sound": "civ_move_2", "volume": 0.09}
[2026-09-24 21:28:17.722] [SFX] {"sound": "civ_move_1", "volume": 0.07}
[2026-09-24 21:28:17.772] [SFX] {"sound": "guardian_move", "volume": 0.3}
[2026-09-24 21:28:18.022] [SFX] {"sound": "civ_move_2", "volume": 0.09}
[2026-09-24 21:28:18.023] [SFX] {"sound": "civ_move_2", "volume": 0.11}
[2026-09-24 21:28:18.044] [SFX] {"sound": "civ_move_2", "volume": 0.07}
[2026-09-24 21:28:18.061] [SFX] {"sound": "civ_move_2", "volume": 0.09}
[2026-09-24 21:28:18.134] [SFX] {"sound": "civ_move_1", "volume": 0.07}
[2026-09-24 21:28:18.382] [SFX] {"sound": "guardian_move", "volume": 0.32}
[2026-09-24 21:28:18.431] [SFX] {"sound": "civ_move_2", "volume": 0.09}
[2026-09-24 21:28:18.431] [SFX] {"sound": "civ_move_2", "volume": 0.11}
[2026-09-24 21:28:18.454] [SFX] {"sound": "civ_move_2", "volume": 0.07}
[2026-09-24 21:28:18.469] [SFX] {"sound": "civ_move_2", "volume": 0.09}
[2026-09-24 21:28:18.546] [SFX] {"sound": "civ_move_1", "volume": 0.06}
[2026-09-24 21:28:18.839] [SFX] {"sound": "civ_move_2", "volume": 0.09}
[2026-09-24 21:28:18.840] [SFX] {"sound": "civ_move_2", "volume": 0.11}
[2026-09-24 21:28:18.862] [SFX] {"sound": "civ_move_2", "volume": 0.07}
[2026-09-24 21:28:18.879] [SFX] {"sound": "civ_move_2", "volume": 0.08}
[2026-09-24 21:28:18.879] [SFX] {"sound": "civ_move_2", "volume": 0.09}
[2026-09-24 21:28:18.953] [SFX] {"sound": "civ_move_1", "volume": 0.05}
[2026-09-24 21:28:18.987] [SFX] {"sound": "guardian_move", "volume": 0.34}
[2026-09-24 21:28:19.249] [SFX] {"sound": "civ_move_2", "volume": 0.09}
[2026-09-24 21:28:19.249] [SFX] {"sound": "civ_move_2", "volume": 0.12}
[2026-09-24 21:28:19.270] [SFX] {"sound": "civ_move_2", "volume": 0.06}
[2026-09-24 21:28:19.286] [SFX] {"sound": "civ_move_2", "volume": 0.08}
[2026-09-24 21:28:19.287] [SFX] {"sound": "civ_move_2", "volume": 0.09}
[2026-09-24 21:28:19.366] [SFX] {"sound": "civ_move_1", "volume": 0.05}
[2026-09-24 21:28:19.599] [SFX] {"sound": "guardian_move", "volume": 0.37}
[2026-09-24 21:28:19.649] [SFX] {"sound": "civ_move_2", "volume": 0.09}
[2026-09-24 21:28:19.649] [SFX] {"sound": "civ_move_2", "volume": 0.13}
[2026-09-24 21:28:19.681] [SFX] {"sound": "civ_move_2", "volume": 0.05}
[2026-09-24 21:28:19.681] [SFX] {"sound": "threat_pulse", "volume": 0.32}
[2026-09-24 21:28:19.703] [SFX] {"sound": "civ_move_2", "volume": 0.08}
[2026-09-24 21:28:19.782] [SFX] {"sound": "civ_move_1", "volume": 0.04}
[2026-09-24 21:28:20.064] [SFX] {"sound": "civ_move_2", "volume": 0.09}
[2026-09-24 21:28:20.064] [SFX] {"sound": "civ_move_2", "volume": 0.14}
[2026-09-24 21:28:20.096] [SFX] {"sound": "civ_move_2", "volume": 0.05}
[2026-09-24 21:28:20.117] [SFX] {"sound": "civ_move_2", "volume": 0.07}
[2026-09-24 21:28:20.117] [SFX] {"sound": "civ_move_2", "volume": 0.08}
[2026-09-24 21:28:20.194] [SFX] {"sound": "civ_move_1", "volume": 0.04}
[2026-09-24 21:28:20.216] [SFX] {"sound": "guardian_move", "volume": 0.39}
[2026-09-24 21:28:20.474] [SFX] {"sound": "civ_move_2", "volume": 0.09}
[2026-09-24 21:28:20.474] [SFX] {"sound": "civ_move_2", "volume": 0.15}
[2026-09-24 21:28:20.505] [SFX] {"sound": "civ_move_2", "volume": 0.04}
[2026-09-24 21:28:20.526] [SFX] {"sound": "civ_move_2", "volume": 0.07}
[2026-09-24 21:28:20.527] [SFX] {"sound": "civ_move_2", "volume": 0.08}
[2026-09-24 21:28:20.591] [SFX] {"sound": "threat_pulse", "volume": 0.39}
[2026-09-24 21:28:20.627] [SFX] {"sound": "civ_move_1", "volume": 0.03}
[2026-09-24 21:28:20.832] [SFX] {"sound": "guardian_move", "volume": 0.32}
[2026-09-24 21:28:20.881] [SFX] {"sound": "civ_move_2", "volume": 0.09}
[2026-09-24 21:28:20.882] [SFX] {"sound": "civ_move_2", "volume": 0.16}
[2026-09-24 21:28:20.915] [SFX] {"sound": "civ_move_2", "volume": 0.04}
[2026-09-24 21:28:20.937] [SFX] {"sound": "civ_move_2", "volume": 0.06}
[2026-09-24 21:28:20.938] [SFX] {"sound": "civ_move_2", "volume": 0.07}
[2026-09-24 21:28:21.014] [SFX] {"sound": "civ_move_1", "volume": 0.02}
[2026-09-24 21:28:21.291] [SFX] {"sound": "civ_move_2", "volume": 0.08}
[2026-09-24 21:28:21.292] [SFX] {"sound": "civ_move_2", "volume": 0.17}
[2026-09-24 21:28:21.324] [SFX] {"sound": "civ_move_2", "volume": 0.03}
[2026-09-24 21:28:21.346] [SFX] {"sound": "civ_move_2", "volume": 0.06}
[2026-09-24 21:28:21.346] [SFX] {"sound": "civ_move_2", "volume": 0.07}
[2026-09-24 21:28:21.406] [SFX] {"sound": "threat_pulse", "volume": 0.45}
[2026-09-24 21:28:21.426] [SFX] {"sound": "civ_move_1", "volume": 0.01}
[2026-09-24 21:28:21.471] [SFX] {"sound": "guardian_move", "volume": 0.32}
[2026-09-24 21:28:21.700] [SFX] {"sound": "civ_move_2", "volume": 0.08}
[2026-09-24 21:28:21.701] [SFX] {"sound": "civ_move_2", "volume": 0.18}
[2026-09-24 21:28:21.732] [SFX] {"sound": "civ_move_2", "volume": 0.02}
[2026-09-24 21:28:21.754] [SFX] {"sound": "civ_move_2", "volume": 0.05}
[2026-09-24 21:28:21.755] [SFX] {"sound": "civ_move_2", "volume": 0.06}
[2026-09-24 21:28:21.830] [SFX] {"sound": "civ_move_1", "volume": 0.01}
[2026-09-24 21:28:22.092] [SFX] {"sound": "guardian_move", "volume": 0.32}
[2026-09-24 21:28:22.115] [SFX] {"sound": "civ_move_2", "volume": 0.08}
[2026-09-24 21:28:22.115] [SFX] {"sound": "civ_move_2", "volume": 0.19}
[2026-09-24 21:28:22.116] [SFX] {"sound": "threat_pulse", "volume": 0.51}
[2026-09-24 21:28:22.140] [SFX] {"sound": "civ_move_2", "volume": 0.01}
[2026-09-24 21:28:22.161] [SFX] {"sound": "civ_move_2", "volume": 0.04}
[2026-09-24 21:28:22.162] [SFX] {"sound": "civ_move_2", "volume": 0.06}
[2026-09-24 21:28:22.471] [SFX] {"sound": "civ_move_2", "volume": 0.01}
[2026-09-24 21:28:22.521] [SFX] {"sound": "civ_move_2", "volume": 0.07}
[2026-09-24 21:28:22.522] [SFX] {"sound": "civ_move_2", "volume": 0.2}
[2026-09-24 21:28:22.554] [SFX] {"sound": "civ_move_2", "volume": 0.01}
[2026-09-24 21:28:22.577] [SFX] {"sound": "civ_move_2", "volume": 0.04}
[2026-09-24 21:28:22.578] [SFX] {"sound": "civ_move_2", "volume": 0.05}
[2026-09-24 21:28:22.620] [SFX] {"sound": "threat_pulse", "volume": 0.55}
[2026-09-24 21:28:22.736] [SFX] {"sound": "guardian_move", "volume": 0.31}
[2026-09-24 21:28:22.885] [SFX] {"sound": "civ_move_2", "volume": 0.01}
