[2026-09-24 21:46:06.746] [S] {"sid": "20260924_214606", "sys_t": "2026-09-24T21:46:06.745910"}
[2026-09-24 21:46:06.747] [SFX] {"sound": "hack_success", "volume": 0.8}
[2026-09-24 21:46:07.550] [SESSION_RESET] {"msg": "--- NEW LIFE STARTED ---"}
[2026-09-24 21:46:07.616] [JACK] CYBERDECK OS v4.2 // SYSTEME BEREIT
[2026-09-24 21:46:08.052] [SFX] {"sound": "civ_move_2", "volume": 0.16}
[2026-09-24 21:46:08.081] [SFX] {"sound": "civ_move_1", "volume": 0.04}
[2026-09-24 21:46:08.475] [SFX] {"sound": "civ_move_2", "volume": 0.16}
[2026-09-24 21:46:08.488] [SFX] {"sound": "civ_move_1", "volume": 0.03}
[2026-09-24 21:46:08.697] [SFX] {"sound": "civ_move_2", "volume": 0.0}
[2026-09-24 21:46:08.877] [SFX] {"sound": "civ_move_2", "volume": 0.16}
[2026-09-24 21:46:08.899] [SFX] {"sound": "civ_move_1", "volume": 0.02}
[2026-09-24 21:46:08.961] [M] {"button": 1, "pos": [301, 220], "ui_clicked": false}
[2026-09-24 21:46:09.109] [SFX] {"sound": "civ_move_2", "volume": 0.01}
[2026-09-24 21:46:09.293] [SFX] {"sound": "civ_move_2", "volume": 0.16}
[2026-09-24 21:46:09.294] [SFX] {"sound": "civ_move_1", "volume": 0.01}
[2026-09-24 21:46:09.423] [M] {"button": 1, "pos": [299, 215], "ui_clicked": false}
[2026-09-24 21:46:09.430] [P] {"start": [146, 2], "goal": [143, 6], "length": 5, "is_direction_change": false}
[2026-09-24 21:46:09.430] [SFX] {"sound": "click_target", "volume": 0.7}
[2026-09-24 21:46:09.468] [SFX] {"sound": "player_move", "volume": 0.4}
[2026-09-24 21:46:09.523] [SFX] {"sound": "civ_move_2", "volume": 0.01}
[2026-09-24 21:46:09.704] [SFX] {"sound": "civ_move_2", "volume": 0.14}
[2026-09-24 21:46:09.705] [SFX] {"sound": "civ_move_1", "volume": 0.01}
[2026-09-24 21:46:09.754] [SFX] {"sound": "player_move", "volume": 0.4}
[2026-09-24 21:46:09.922] [SFX] {"sound": "civ_move_2", "volume": 0.03}
[2026-09-24 21:46:10.069] [SFX] {"sound": "player_move", "volume": 0.4}
[2026-09-24 21:46:10.119] [SFX] {"sound": "civ_move_2", "volume": 0.16}
[2026-09-24 21:46:10.120] [SFX] {"sound": "civ_move_1", "volume": 0.02}
[2026-09-24 21:46:10.335] [SFX] {"sound": "civ_move_2", "volume": 0.05}
[2026-09-24 21:46:10.532] [SFX] {"sound": "civ_move_2", "volume": 0.16}
[2026-09-24 21:46:10.533] [SFX] {"sound": "civ_move_1", "volume": 0.01}
[2026-09-24 21:46:10.745] [M] {"button": 1, "pos": [318, 228], "ui_clicked": false}
[2026-09-24 21:46:10.751] [SFX] {"sound": "civ_move_2", "volume": 0.06}
[2026-09-24 21:46:10.944] [SFX] {"sound": "civ_move_2", "volume": 0.15}
[2026-09-24 21:46:10.946] [SFX] {"sound": "civ_move_1", "volume": 0.0}
[2026-09-24 21:46:11.145] [SFX] {"sound": "civ_move_2", "volume": 0.06}
[2026-09-24 21:46:11.296] [M] {"button": 1, "pos": [314, 213], "ui_clicked": false}
[2026-09-24 21:46:11.304] [P] {"start": [143, 6], "goal": [142, 10], "length": 5, "is_direction_change": false}
[2026-09-24 21:46:11.304] [SFX] {"sound": "click_target", "volume": 0.72}
[2026-09-24 21:46:11.353] [SFX] {"sound": "civ_move_2", "volume": 0.15}
[2026-09-24 21:46:11.470] [SFX] {"sound": "player_move", "volume": 0.4}
[2026-09-24 21:46:11.553] [SFX] {"sound": "civ_move_2", "volume": 0.08}
[2026-09-24 21:46:11.753] [SFX] {"sound": "civ_move_2", "volume": 0.15}
[2026-09-24 21:46:11.786] [SFX] {"sound": "player_move", "volume": 0.4}
[2026-09-24 21:46:11.967] [SFX] {"sound": "civ_move_2", "volume": 0.09}
[2026-09-24 21:46:12.167] [SFX] {"sound": "civ_move_2", "volume": 0.16}
[2026-09-24 21:46:12.381] [SFX] {"sound": "civ_move_2", "volume": 0.09}
[2026-09-24 21:46:12.414] [M] {"button": 1, "pos": [251, 199], "ui_clicked": false}
[2026-09-24 21:46:12.579] [SFX] {"sound": "civ_move_2", "volume": 0.15}
[2026-09-24 21:46:12.776] [M] {"button": 1, "pos": [277, 190], "ui_clicked": false}
[2026-09-24 21:46:12.784] [P] {"start": [142, 10], "goal": [136, 11], "length": 6, "is_direction_change": false}
[2026-09-24 21:46:12.784] [SFX] {"sound": "click_target", "volume": 0.69}
[2026-09-24 21:46:12.820] [SFX] {"sound": "guardian_move", "volume": 0.01}
[2026-09-24 21:46:12.821] [SFX] {"sound": "civ_move_2", "volume": 0.1}
[2026-09-24 21:46:12.861] [SFX] {"sound": "player_move", "volume": 0.4}
[2026-09-24 21:46:12.994] [SFX] {"sound": "civ_move_2", "volume": 0.15}
[2026-09-24 21:46:13.175] [SFX] {"sound": "player_move", "volume": 0.4}
[2026-09-24 21:46:13.198] [SFX] {"sound": "civ_move_2", "volume": 0.07}
[2026-09-24 21:46:13.407] [SFX] {"sound": "guardian_move", "volume": 0.0}
[2026-09-24 21:46:13.408] [SFX] {"sound": "civ_move_2", "volume": 0.12}
[2026-09-24 21:46:13.490] [SFX] {"sound": "player_move", "volume": 0.4}
[2026-09-24 21:46:13.604] [SFX] {"sound": "civ_move_2", "volume": 0.09}
[2026-09-24 21:46:13.815] [SFX] {"sound": "civ_move_2", "volume": 0.14}
[2026-09-24 21:46:14.015] [SFX] {"sound": "guardian_move", "volume": 0.06}
[2026-09-24 21:46:14.016] [SFX] {"sound": "civ_move_2", "volume": 0.09}
[2026-09-24 21:46:14.131] [SFX] {"sound": "civ_move_1", "volume": 0.0}
[2026-09-24 21:46:14.147] [M] {"button": 1, "pos": [333, 234], "ui_clicked": false}
[2026-09-24 21:46:14.240] [SFX] {"sound": "civ_move_2", "volume": 0.13}
[2026-09-24 21:46:14.428] [SFX] {"sound": "civ_move_2", "volume": 0.09}
[2026-09-24 21:46:14.477] [M] {"button": 1, "pos": [319, 237], "ui_clicked": false}
[2026-09-24 21:46:14.484] [P] {"start": [136, 11], "goal": [135, 18], "length": 2, "is_direction_change": false}
[2026-09-24 21:46:14.484] [SFX] {"sound": "click_target", "volume": 0.66}
[2026-09-24 21:46:14.519] [JACK] Sektor sieht ruhig aus. Erstmal Daten-Traces scannen.
[2026-09-24 21:46:14.519] [SFX] {"sound": "player_move", "volume": 0.4}
[2026-09-24 21:46:14.542] [SFX] {"sound": "civ_move_1", "volume": 0.01}
[2026-09-24 21:46:14.624] [SFX] {"sound": "guardian_move", "volume": 0.1}
[2026-09-24 21:46:14.647] [SFX] {"sound": "civ_move_2", "volume": 0.14}
[2026-09-24 21:46:14.805] [SFX] {"sound": "player_move", "volume": 0.4}
[2026-09-24 21:46:14.827] [SFX] {"sound": "civ_move_2", "volume": 0.02}
[2026-09-24 21:46:14.846] [SFX] {"sound": "civ_move_2", "volume": 0.12}
[2026-09-24 21:46:14.957] [SFX] {"sound": "civ_move_1", "volume": 0.05}
[2026-09-24 21:46:15.040] [SFX] {"sound": "civ_move_2", "volume": 0.15}
[2026-09-24 21:46:15.239] [SFX] {"sound": "guardian_move", "volume": 0.16}
[2026-09-24 21:46:15.240] [SFX] {"sound": "civ_move_2", "volume": 0.04}
[2026-09-24 21:46:15.260] [SFX] {"sound": "civ_move_2", "volume": 0.11}
[2026-09-24 21:46:15.321] [M] {"button": 1, "pos": [317, 235], "ui_clicked": false}
[2026-09-24 21:46:15.327] [P] {"start": [135, 18], "goal": [134, 24], "length": 2, "is_direction_change": false}
[2026-09-24 21:46:15.328] [SFX] {"sound": "click_target", "volume": 0.67}
[2026-09-24 21:46:15.386] [SFX] {"sound": "civ_move_1", "volume": 0.05}
[2026-09-24 21:46:15.453] [SFX] {"sound": "civ_move_2", "volume": 0.0}
[2026-09-24 21:46:15.453] [SFX] {"sound": "civ_move_2", "volume": 0.15}
[2026-09-24 21:46:15.553] [SFX] {"sound": "player_move", "volume": 0.4}
[2026-09-24 21:46:15.651] [SFX] {"sound": "civ_move_2", "volume": 0.08}
[2026-09-24 21:46:15.675] [SFX] {"sound": "civ_move_2", "volume": 0.12}
[2026-09-24 21:46:15.800] [SFX] {"sound": "civ_move_1", "volume": 0.08}
[2026-09-24 21:46:15.850] [SFX] {"sound": "guardian_move", "volume": 0.22}
[2026-09-24 21:46:15.872] [SFX] {"sound": "civ_move_2", "volume": 0.04}
[2026-09-24 21:46:15.872] [SFX] {"sound": "civ_move_2", "volume": 0.17}
[2026-09-24 21:46:16.016] [M] {"button": 1, "pos": [317, 235], "ui_clicked": false}
[2026-09-24 21:46:16.066] [SFX] {"sound": "civ_move_2", "volume": 0.09}
[2026-09-24 21:46:16.088] [SFX] {"sound": "civ_move_2", "volume": 0.12}
[2026-09-24 21:46:16.211] [SFX] {"sound": "civ_move_1", "volume": 0.08}
[2026-09-24 21:46:16.277] [SFX] {"sound": "civ_move_2", "volume": 0.05}
[2026-09-24 21:46:16.277] [SFX] {"sound": "civ_move_2", "volume": 0.16}
[2026-09-24 21:46:16.459] [SFX] {"sound": "guardian_move", "volume": 0.24}
[2026-09-24 21:46:16.476] [M] {"button": 1, "pos": [323, 236], "ui_clicked": false}
[2026-09-24 21:46:16.484] [SFX] {"sound": "civ_move_2", "volume": 0.1}
[2026-09-24 21:46:16.485] [P] {"start": [134, 24], "goal": [134, 30], "length": 1, "is_direction_change": false}
[2026-09-24 21:46:16.486] [SFX] {"sound": "click_target", "volume": 0.66}
[2026-09-24 21:46:16.508] [SFX] {"sound": "civ_move_2", "volume": 0.11}
[2026-09-24 21:46:16.614] [SFX] {"sound": "civ_move_1", "volume": 0.1}
[2026-09-24 21:46:16.647] [SFX] {"sound": "player_move", "volume": 0.4}
[2026-09-24 21:46:16.679] [SFX] {"sound": "civ_move_2", "volume": 0.08}
[2026-09-24 21:46:16.680] [SFX] {"sound": "civ_move_2", "volume": 0.17}
[2026-09-24 21:46:16.701] [SFX] {"sound": "civ_move_1", "volume": 0.01}
[2026-09-24 21:46:16.779] [SFX] {"sound": "threat_pulse", "volume": 0.3}
[2026-09-24 21:46:16.860] [SFX] {"sound": "civ_move_1", "volume": 0.04}
[2026-09-24 21:46:16.885] [SFX] {"sound": "civ_move_2", "volume": 0.15}
[2026-09-24 21:46:16.900] [SFX] {"sound": "civ_move_2", "volume": 0.11}
[2026-09-24 21:46:17.024] [SFX] {"sound": "civ_move_1", "volume": 0.13}
[2026-09-24 21:46:17.074] [SFX] {"sound": "guardian_move", "volume": 0.3}
[2026-09-24 21:46:17.094] [SFX] {"sound": "civ_move_2", "volume": 0.08}
[2026-09-24 21:46:17.095] [SFX] {"sound": "civ_move_2", "volume": 0.17}
[2026-09-24 21:46:17.111] [SFX] {"sound": "civ_move_1", "volume": 0.01}
[2026-09-24 21:46:17.271] [SFX] {"sound": "civ_move_1", "volume": 0.05}
[2026-09-24 21:46:17.313] [SFX] {"sound": "civ_move_2", "volume": 0.16}
[2026-09-24 21:46:17.324] [SFX] {"sound": "civ_move_2", "volume": 0.1}
[2026-09-24 21:46:17.436] [SFX] {"sound": "civ_move_1", "volume": 0.14}
[2026-09-24 21:46:17.501] [SFX] {"sound": "civ_move_2", "volume": 0.08}
[2026-09-24 21:46:17.523] [SFX] {"sound": "civ_move_2", "volume": 0.17}
[2026-09-24 21:46:17.646] [M] {"button": 1, "pos": [323, 236], "ui_clicked": false}
[2026-09-24 21:46:17.658] [P] {"start": [134, 30], "goal": [134, 36], "length": 1, "is_direction_change": false}
[2026-09-24 21:46:17.659] [SFX] {"sound": "click_target", "volume": 0.66}
[2026-09-24 21:46:17.685] [SFX] {"sound": "guardian_move", "volume": 0.4}
[2026-09-24 21:46:17.686] [SFX] {"sound": "civ_move_1", "volume": 0.07}
[2026-09-24 21:46:17.686] [SFX] {"sound": "threat_pulse", "volume": 0.34}
[2026-09-24 21:46:17.707] [SFX] {"sound": "civ_move_1", "volume": 0.07}
[2026-09-24 21:46:17.707] [SFX] {"sound": "civ_move_2", "volume": 0.17}
[2026-09-24 21:46:17.734] [SFX] {"sound": "civ_move_2", "volume": 0.09}
[2026-09-24 21:46:17.834] [SFX] {"sound": "player_move", "volume": 0.4}
[2026-09-24 21:46:17.857] [SFX] {"sound": "civ_move_1", "volume": 0.17}
[2026-09-24 21:46:17.901] [SFX] {"sound": "civ_move_2", "volume": 0.11}
[2026-09-24 21:46:17.934] [SFX] {"sound": "civ_move_2", "volume": 0.19}
[2026-09-24 21:46:17.935] [SFX] {"sound": "civ_move_1", "volume": 0.02}
[2026-09-24 21:46:18.085] [SFX] {"sound": "civ_move_1", "volume": 0.11}
[2026-09-24 21:46:18.109] [SFX] {"sound": "civ_move_2", "volume": 0.21}
[2026-09-24 21:46:18.150] [SFX] {"sound": "civ_move_2", "volume": 0.1}
[2026-09-24 21:46:18.264] [SFX] {"sound": "civ_move_1", "volume": 0.19}
[2026-09-24 21:46:18.297] [SFX] {"sound": "guardian_move", "volume": 0.37}
[2026-09-24 21:46:18.319] [SFX] {"sound": "civ_move_2", "volume": 0.12}
[2026-09-24 21:46:18.347] [SFX] {"sound": "civ_move_2", "volume": 0.18}
[2026-09-24 21:46:18.348] [SFX] {"sound": "civ_move_1", "volume": 0.01}
[2026-09-24 21:46:18.446] [M] {"button": 1, "pos": [324, 238], "ui_clicked": false}
[2026-09-24 21:46:18.454] [P] {"start": [134, 36], "goal": [134, 43], "length": 1, "is_direction_change": false}
[2026-09-24 21:46:18.455] [SFX] {"sound": "click_target", "volume": 0.66}
[2026-09-24 21:46:18.485] [SFX] {"sound": "civ_move_1", "volume": 0.12}
[2026-09-24 21:46:18.507] [SFX] {"sound": "civ_move_1", "volume": 0.11}
[2026-09-24 21:46:18.508] [SFX] {"sound": "civ_move_2", "volume": 0.23}
[2026-09-24 21:46:18.524] [C] {"civ_pos": [134, 39]}
[2026-09-24 21:46:18.554] [SFX] {"sound": "civ_move_2", "volume": 0.09}
[2026-09-24 21:46:18.586] [SFX] {"sound": "threat_pulse", "volume": 0.38}
[2026-09-24 21:46:18.651] [SFX] {"sound": "player_move", "volume": 0.4}
[2026-09-24 21:46:18.673] [SFX] {"sound": "civ_move_1", "volume": 0.23}
[2026-09-24 21:46:18.719] [SFX] {"sound": "civ_move_2", "volume": 0.15}
[2026-09-24 21:46:18.753] [SFX] {"sound": "civ_move_2", "volume": 0.21}
[2026-09-24 21:46:18.754] [SFX] {"sound": "civ_move_1", "volume": 0.04}
[2026-09-24 21:46:18.851] [SFX] {"sound": "civ_move_2", "volume": 0.0}
[2026-09-24 21:46:18.885] [SFX] {"sound": "civ_move_1", "volume": 0.17}
[2026-09-24 21:46:18.909] [SFX] {"sound": "guardian_move", "volume": 0.32}
[2026-09-24 21:46:18.910] [SFX] {"sound": "civ_move_1", "volume": 0.14}
[2026-09-24 21:46:18.911] [SFX] {"sound": "civ_move_2", "volume": 0.26}
[2026-09-24 21:46:18.919] [M] {"button": 1, "pos": [324, 238], "ui_clicked": false}
[2026-09-24 21:46:18.926] [SFX] {"sound": "click_target", "volume": 0.69}
[2026-09-24 21:46:18.969] [SFX] {"sound": "civ_move_2", "volume": 0.07}
[2026-09-24 21:46:19.070] [SFX] {"sound": "civ_move_1", "volume": 0.25}
[2026-09-24 21:46:19.092] [SFX] {"sound": "player_move", "volume": 0.4}
[2026-09-24 21:46:19.121] [SFX] {"sound": "civ_move_2", "volume": 0.15}
[2026-09-24 21:46:19.155] [SFX] {"sound": "civ_move_2", "volume": 0.23}
[2026-09-24 21:46:19.155] [SFX] {"sound": "civ_move_1", "volume": 0.06}
[2026-09-24 21:46:19.257] [SFX] {"sound": "civ_move_2", "volume": 0.03}
[2026-09-24 21:46:19.290] [SFX] {"sound": "civ_move_1", "volume": 0.2}
[2026-09-24 21:46:19.314] [SFX] {"sound": "civ_move_1", "volume": 0.17}
[2026-09-24 21:46:19.315] [SFX] {"sound": "civ_move_2", "volume": 0.2}
[2026-09-24 21:46:19.374] [M] {"button": 1, "pos": [324, 238], "ui_clicked": false}
[2026-09-24 21:46:19.381] [SFX] {"sound": "guardian_move", "volume": 0.02}
[2026-09-24 21:46:19.381] [SFX] {"sound": "action_cancel", "volume": 1.0}
[2026-09-24 21:46:19.382] [P] {"start": [134, 48], "goal": [134, 54], "length": 1, "is_direction_change": false}
[2026-09-24 21:46:19.383] [SFX] {"sound": "click_target", "volume": 0.69}
[2026-09-24 21:46:19.434] [SFX] {"sound": "player_move", "volume": 0.4}
[2026-09-24 21:46:19.435] [SFX] {"sound": "civ_move_2", "volume": 0.06}
[2026-09-24 21:46:19.475] [SFX] {"sound": "civ_move_1", "volume": 0.21}
[2026-09-24 21:46:19.497] [SFX] {"sound": "threat_pulse", "volume": 0.35}
[2026-09-24 21:46:19.524] [SFX] {"sound": "guardian_move", "volume": 0.26}
[2026-09-24 21:46:19.525] [SFX] {"sound": "civ_move_2", "volume": 0.18}
[2026-09-24 21:46:19.557] [SFX] {"sound": "civ_move_2", "volume": 0.29}
[2026-09-24 21:46:19.558] [SFX] {"sound": "civ_move_1", "volume": 0.08}
[2026-09-24 21:46:19.657] [SFX] {"sound": "civ_move_2", "volume": 0.05}
[2026-09-24 21:46:19.705] [SFX] {"sound": "civ_move_1", "volume": 0.27}
[2026-09-24 21:46:19.727] [SFX] {"sound": "civ_move_1", "volume": 0.19}
[2026-09-24 21:46:19.728] [SFX] {"sound": "civ_move_2", "volume": 0.15}
[2026-09-24 21:46:19.804] [SFX] {"sound": "civ_move_2", "volume": 0.05}
[2026-09-24 21:46:19.870] [M] {"button": 1, "pos": [324, 238], "ui_clicked": false}
[2026-09-24 21:46:19.877] [P] {"start": [134, 54], "goal": [134, 60], "length": 1, "is_direction_change": false}
[2026-09-24 21:46:19.878] [SFX] {"sound": "click_target", "volume": 0.67}
[2026-09-24 21:46:19.915] [SFX] {"sound": "civ_move_1", "volume": 0.17}
[2026-09-24 21:46:19.939] [SFX] {"sound": "player_move", "volume": 0.4}
[2026-09-24 21:46:19.940] [SFX] {"sound": "civ_move_2", "volume": 0.16}
[2026-09-24 21:46:19.972] [SFX] {"sound": "civ_move_2", "volume": 0.27}
[2026-09-24 21:46:19.973] [SFX] {"sound": "civ_move_1", "volume": 0.09}
[2026-09-24 21:46:19.993] [SFX] {"sound": "guardian_move", "volume": 0.04}
[2026-09-24 21:46:20.073] [SFX] {"sound": "civ_move_2", "volume": 0.06}
[2026-09-24 21:46:20.107] [SFX] {"sound": "civ_move_1", "volume": 0.25}
[2026-09-24 21:46:20.129] [SFX] {"sound": "civ_move_1", "volume": 0.23}
[2026-09-24 21:46:20.130] [SFX] {"sound": "civ_move_2", "volume": 0.11}
[2026-09-24 21:46:20.145] [SFX] {"sound": "guardian_move", "volume": 0.21}
[2026-09-24 21:46:20.206] [SFX] {"sound": "civ_move_2", "volume": 0.03}
[2026-09-24 21:46:20.290] [SFX] {"sound": "civ_move_1", "volume": 0.11}
[2026-09-24 21:46:20.323] [M] {"button": 1, "pos": [324, 238], "ui_clicked": false}
[2026-09-24 21:46:20.330] [P] {"start": [134, 60], "goal": [134, 65], "length": 1, "is_direction_change": false}
[2026-09-24 21:46:20.331] [SFX] {"sound": "click_target", "volume": 0.68}
[2026-09-24 21:46:20.355] [SFX] {"sound": "civ_move_2", "volume": 0.14}
[2026-09-24 21:46:20.377] [SFX] {"sound": "civ_move_2", "volume": 0.25}
[2026-09-24 21:46:20.377] [SFX] {"sound": "civ_move_1", "volume": 0.11}
[2026-09-24 21:46:20.399] [SFX] {"sound": "threat_pulse", "volume": 0.31}
[2026-09-24 21:46:20.416] [SFX] {"sound": "player_move", "volume": 0.4}
[2026-09-24 21:46:20.492] [SFX] {"sound": "civ_move_2", "volume": 0.09}
[2026-09-24 21:46:20.516] [SFX] {"sound": "civ_move_1", "volume": 0.2}
[2026-09-24 21:46:20.531] [SFX] {"sound": "civ_move_1", "volume": 0.19}
[2026-09-24 21:46:20.532] [SFX] {"sound": "civ_move_2", "volume": 0.07}
[2026-09-24 21:46:20.591] [SFX] {"sound": "guardian_move", "volume": 0.04}
[2026-09-24 21:46:20.612] [SFX] {"sound": "civ_move_2", "volume": 0.01}
[2026-09-24 21:46:20.690] [SFX] {"sound": "civ_move_1", "volume": 0.07}
[2026-09-24 21:46:20.740] [SFX] {"sound": "guardian_move", "volume": 0.18}
[2026-09-24 21:46:20.761] [SFX] {"sound": "civ_move_2", "volume": 0.11}
[2026-09-24 21:46:20.790] [M] {"button": 1, "pos": [324, 238], "ui_clicked": false}
[2026-09-24 21:46:20.798] [SFX] {"sound": "civ_move_2", "volume": 0.23}
[2026-09-24 21:46:20.799] [SFX] {"sound": "civ_move_1", "volume": 0.13}
[2026-09-24 21:46:20.800] [P] {"start": [134, 65], "goal": [134, 71], "length": 1, "is_direction_change": false}
[2026-09-24 21:46:20.800] [SFX] {"sound": "click_target", "volume": 0.67}
[2026-09-24 21:46:20.909] [SFX] {"sound": "civ_move_2", "volume": 0.1}
[2026-09-24 21:46:20.930] [SFX] {"sound": "civ_move_1", "volume": 0.17}
[2026-09-24 21:46:20.931] [SFX] {"sound": "civ_move_1", "volume": 0.01}
[2026-09-24 21:46:20.931] [SFX] {"sound": "civ_move_2", "volume": 0.05}
[2026-09-24 21:46:20.932] [SFX] {"sound": "civ_move_1", "volume": 0.16}
[2026-09-24 21:46:20.959] [SFX] {"sound": "player_move", "volume": 0.4}
[2026-09-24 21:46:21.091] [SFX] {"sound": "civ_move_1", "volume": 0.02}
[2026-09-24 21:46:21.114] [SFX] {"sound": "guardian_move", "volume": 0.01}
[2026-09-24 21:46:21.158] [SFX] {"sound": "civ_move_2", "volume": 0.07}
[2026-09-24 21:46:21.191] [SFX] {"sound": "guardian_move", "volume": 0.03}
[2026-09-24 21:46:21.192] [SFX] {"sound": "civ_move_2", "volume": 0.19}
[2026-09-24 21:46:21.193] [SFX] {"sound": "civ_move_1", "volume": 0.15}
[2026-09-24 21:46:21.224] [M] {"button": 1, "pos": [324, 238], "ui_clicked": false}
[2026-09-24 21:46:21.230] [P] {"start": [134, 71], "goal": [134, 76], "length": 1, "is_direction_change": false}
[2026-09-24 21:46:21.231] [SFX] {"sound": "click_target", "volume": 0.69}
[2026-09-24 21:46:21.315] [SFX] {"sound": "civ_move_2", "volume": 0.12}
[2026-09-24 21:46:21.337] [SFX] {"sound": "civ_move_1", "volume": 0.12}
[2026-09-24 21:46:21.338] [SFX] {"sound": "civ_move_1", "volume": 0.05}
[2026-09-24 21:46:21.339] [SFX] {"sound": "civ_move_2", "volume": 0.0}
[2026-09-24 21:46:21.339] [SFX] {"sound": "civ_move_1", "volume": 0.1}
[2026-09-24 21:46:21.354] [SFX] {"sound": "guardian_move", "volume": 0.11}
[2026-09-24 21:46:21.413] [SFX] {"sound": "player_move", "volume": 0.4}
[2026-09-24 21:46:21.561] [SFX] {"sound": "civ_move_2", "volume": 0.03}
[2026-09-24 21:46:21.595] [SFX] {"sound": "civ_move_2", "volume": 0.15}
[2026-09-24 21:46:21.595] [SFX] {"sound": "civ_move_1", "volume": 0.17}
[2026-09-24 21:46:21.643] [M] {"button": 1, "pos": [324, 238], "ui_clicked": false}
[2026-09-24 21:46:21.651] [P] {"start": [134, 76], "goal": [134, 81], "length": 1, "is_direction_change": false}
[2026-09-24 21:46:21.652] [SFX] {"sound": "click_target", "volume": 0.68}
[2026-09-24 21:46:21.716] [SFX] {"sound": "guardian_move", "volume": 0.07}
[2026-09-24 21:46:21.716] [SFX] {"sound": "civ_move_2", "volume": 0.14}
[2026-09-24 21:46:21.738] [SFX] {"sound": "civ_move_1", "volume": 0.08}
[2026-09-24 21:46:21.739] [SFX] {"sound": "civ_move_1", "volume": 0.07}
[2026-09-24 21:46:21.740] [SFX] {"sound": "civ_move_1", "volume": 0.06}
[2026-09-24 21:46:21.963] [SFX] {"sound": "guardian_move", "volume": 0.06}
[2026-09-24 21:46:21.995] [SFX] {"sound": "civ_move_2", "volume": 0.13}
[2026-09-24 21:46:21.996] [SFX] {"sound": "civ_move_1", "volume": 0.19}
[2026-09-24 21:46:22.130] [SFX] {"sound": "civ_move_2", "volume": 0.15}
[2026-09-24 21:46:22.152] [SFX] {"sound": "civ_move_1", "volume": 0.05}
[2026-09-24 21:46:22.152] [SFX] {"sound": "civ_move_1", "volume": 0.1}
[2026-09-24 21:46:22.153] [SFX] {"sound": "civ_move_1", "volume": 0.02}
[2026-09-24 21:46:22.212] [M] {"button": 1, "pos": [324, 238], "ui_clicked": false}
[2026-09-24 21:46:22.219] [P] {"start": [134, 81], "goal": [134, 87], "length": 1, "is_direction_change": false}
[2026-09-24 21:46:22.220] [SFX] {"sound": "click_target", "volume": 0.67}
[2026-09-24 21:46:22.258] [SFX] {"sound": "player_move", "volume": 0.4}
[2026-09-24 21:46:22.331] [SFX] {"sound": "guardian_move", "volume": 0.12}
[2026-09-24 21:46:22.395] [SFX] {"sound": "civ_move_2", "volume": 0.11}
[2026-09-24 21:46:22.396] [SFX] {"sound": "civ_move_1", "volume": 0.21}
[2026-09-24 21:46:22.545] [SFX] {"sound": "civ_move_2", "volume": 0.18}
[2026-09-24 21:46:22.568] [SFX] {"sound": "guardian_move", "volume": 0.03}
[2026-09-24 21:46:22.569] [SFX] {"sound": "civ_move_1", "volume": 0.0}
[2026-09-24 21:46:22.569] [SFX] {"sound": "civ_move_1", "volume": 0.13}
[2026-09-24 21:46:22.630] [M] {"button": 1, "pos": [324, 238], "ui_clicked": false}
[2026-09-24 21:46:22.637] [SFX] {"sound": "click_target", "volume": 0.69}
[2026-09-24 21:46:22.654] [SFX] {"sound": "player_move", "volume": 0.4}
[2026-09-24 21:46:22.748] [C] {"civ_pos": [134, 91]}
[2026-09-24 21:46:22.799] [SFX] {"sound": "civ_move_2", "volume": 0.07}
[2026-09-24 21:46:22.799] [SFX] {"sound": "civ_move_1", "volume": 0.23}
[2026-09-24 21:46:22.947] [SFX] {"sound": "guardian_move", "volume": 0.18}
[2026-09-24 21:46:22.948] [SFX] {"sound": "civ_move_2", "volume": 0.19}
[2026-09-24 21:46:22.968] [SFX] {"sound": "player_move", "volume": 0.4}
[2026-09-24 21:46:22.969] [SFX] {"sound": "civ_move_1", "volume": 0.16}
[2026-09-24 21:46:23.045] [M] {"button": 1, "pos": [324, 238], "ui_clicked": false}
[2026-09-24 21:46:23.052] [SFX] {"sound": "action_cancel", "volume": 1.0}
[2026-09-24 21:46:23.053] [P] {"start": [134, 91], "goal": [134, 97], "length": 1, "is_direction_change": false}
[2026-09-24 21:46:23.053] [SFX] {"sound": "click_target", "volume": 0.68}
[2026-09-24 21:46:23.211] [SFX] {"sound": "civ_move_2", "volume": 0.04}
[2026-09-24 21:46:23.212] [SFX] {"sound": "civ_move_1", "volume": 0.29}
[2026-09-24 21:46:23.277] [SFX] {"sound": "player_move", "volume": 0.4}
[2026-09-24 21:46:23.377] [SFX] {"sound": "civ_move_1", "volume": 0.2}
[2026-09-24 21:46:23.400] [SFX] {"sound": "civ_move_2", "volume": 0.22}
[2026-09-24 21:46:23.492] [M] {"button": 1, "pos": [324, 238], "ui_clicked": false}
[2026-09-24 21:46:23.498] [SFX] {"sound": "click_target", "volume": 0.68}
[2026-09-24 21:46:23.557] [SFX] {"sound": "guardian_move", "volume": 0.23}
[2026-09-24 21:46:23.625] [SFX] {"sound": "civ_move_2", "volume": 0.02}
[2026-09-24 21:46:23.626] [SFX] {"sound": "civ_move_1", "volume": 0.27}
[2026-09-24 21:46:23.790] [SFX] {"sound": "player_move", "volume": 0.4}
[2026-09-24 21:46:23.791] [SFX] {"sound": "civ_move_1", "volume": 0.23}
[2026-09-24 21:46:23.813] [SFX] {"sound": "civ_move_2", "volume": 0.24}
[2026-09-24 21:46:24.040] [SFX] {"sound": "civ_move_2", "volume": 0.01}
[2026-09-24 21:46:24.041] [SFX] {"sound": "civ_move_1", "volume": 0.25}
[2026-09-24 21:46:24.106] [SFX] {"sound": "player_move", "volume": 0.4}
[2026-09-24 21:46:24.139] [SFX] {"sound": "threat_pulse", "volume": 0.3}
[2026-09-24 21:46:24.155] [M] {"button": 1, "pos": [324, 238], "ui_clicked": false}
[2026-09-24 21:46:24.170] [SFX] {"sound": "guardian_move", "volume": 0.26}
[2026-09-24 21:46:24.204] [SFX] {"sound": "civ_move_1", "volume": 0.29}
[2026-09-24 21:46:24.229] [SFX] {"sound": "civ_move_2", "volume": 0.23}
[2026-09-24 21:46:24.421] [SFX] {"sound": "player_move", "volume": 0.4}
[2026-09-24 21:46:24.454] [SFX] {"sound": "civ_move_2", "volume": 0.03}
[2026-09-24 21:46:24.455] [SFX] {"sound": "civ_move_1", "volume": 0.27}
[2026-09-24 21:46:24.619] [SFX] {"sound": "civ_move_1", "volume": 0.29}
[2026-09-24 21:46:24.643] [SFX] {"sound": "civ_move_2", "volume": 0.23}
[2026-09-24 21:46:24.734] [SFX] {"sound": "player_move", "volume": 0.4}
[2026-09-24 21:46:24.784] [SFX] {"sound": "guardian_move", "volume": 0.27}
[2026-09-24 21:46:24.834] [M] {"button": 1, "pos": [306, 230], "ui_clicked": false}
[2026-09-24 21:46:24.867] [SFX] {"sound": "civ_move_2", "volume": 0.05}
[2026-09-24 21:46:24.867] [SFX] {"sound": "civ_move_1", "volume": 0.3}
[2026-09-24 21:46:25.033] [SFX] {"sound": "civ_move_1", "volume": 0.29}
[2026-09-24 21:46:25.058] [SFX] {"sound": "player_move", "volume": 0.4}
[2026-09-24 21:46:25.059] [SFX] {"sound": "civ_move_2", "volume": 0.23}
[2026-09-24 21:46:25.060] [SFX] {"sound": "threat_pulse", "volume": 0.32}
[2026-09-24 21:46:25.231] [M] {"button": 1, "pos": [299, 226], "ui_clicked": false}
[2026-09-24 21:46:25.264] [C] {"civ_pos": [134, 98]}
[2026-09-24 21:46:25.296] [SFX] {"sound": "civ_move_2", "volume": 0.08}
[2026-09-24 21:46:25.296] [SFX] {"sound": "civ_move_1", "volume": 0.22}
[2026-09-24 21:46:25.353] [SFX] {"sound": "player_move", "volume": 0.4}
[2026-09-24 21:46:25.386] [SFX] {"sound": "guardian_move", "volume": 0.27}
[2026-09-24 21:46:25.436] [SFX] {"sound": "civ_move_1", "volume": 0.29}
[2026-09-24 21:46:25.459] [SFX] {"sound": "civ_move_2", "volume": 0.23}
[2026-09-24 21:46:25.501] [M] {"button": 1, "pos": [295, 225], "ui_clicked": false}
[2026-09-24 21:46:25.508] [SFX] {"sound": "action_cancel", "volume": 1.0}
[2026-09-24 21:46:25.508] [P] {"start": [134, 98], "goal": [130, 104], "length": 5, "is_direction_change": false}
[2026-09-24 21:46:25.509] [SFX] {"sound": "click_target", "volume": 0.66}
[2026-09-24 21:46:25.618] [SFX] {"sound": "guardian_move", "volume": 0.06}
[2026-09-24 21:46:25.668] [SFX] {"sound": "player_move", "volume": 0.4}
[2026-09-24 21:46:25.691] [SFX] {"sound": "civ_move_2", "volume": 0.12}
[2026-09-24 21:46:25.692] [SFX] {"sound": "civ_move_1", "volume": 0.19}
[2026-09-24 21:46:25.851] [SFX] {"sound": "civ_move_1", "volume": 0.22}
[2026-09-24 21:46:25.874] [SFX] {"sound": "civ_move_2", "volume": 0.26}
[2026-09-24 21:46:25.981] [SFX] {"sound": "player_move", "volume": 0.4}
[2026-09-24 21:46:26.003] [SFX] {"sound": "guardian_move", "volume": 0.21}
[2026-09-24 21:46:26.063] [SFX] {"sound": "guardian_move", "volume": 0.01}
[2026-09-24 21:46:26.096] [SFX] {"sound": "civ_move_2", "volume": 0.18}
[2026-09-24 21:46:26.096] [SFX] {"sound": "civ_move_1", "volume": 0.14}
[2026-09-24 21:46:26.228] [SFX] {"sound": "guardian_move", "volume": 0.18}
[2026-09-24 21:46:26.261] [SFX] {"sound": "civ_move_2", "volume": 0.0}
[2026-09-24 21:46:26.262] [SFX] {"sound": "civ_move_1", "volume": 0.19}
[2026-09-24 21:46:26.283] [SFX] {"sound": "civ_move_2", "volume": 0.23}
[2026-09-24 21:46:26.300] [SFX] {"sound": "player_move", "volume": 0.4}
[2026-09-24 21:46:26.496] [SFX] {"sound": "civ_move_2", "volume": 0.19}
[2026-09-24 21:46:26.497] [SFX] {"sound": "civ_move_1", "volume": 0.14}
[2026-09-24 21:46:26.610] [SFX] {"sound": "player_move", "volume": 0.4}
[2026-09-24 21:46:26.611] [SFX] {"sound": "guardian_move", "volume": 0.23}
[2026-09-24 21:46:26.662] [SFX] {"sound": "guardian_move", "volume": 0.0}
[2026-09-24 21:46:26.663] [SFX] {"sound": "civ_move_1", "volume": 0.22}
[2026-09-24 21:46:26.686] [SFX] {"sound": "civ_move_2", "volume": 0.24}
[2026-09-24 21:46:26.830] [SFX] {"sound": "guardian_move", "volume": 0.11}
[2026-09-24 21:46:26.898] [SFX] {"sound": "civ_move_2", "volume": 0.14}
[2026-09-24 21:46:26.898] [SFX] {"sound": "civ_move_1", "volume": 0.18}
[2026-09-24 21:46:26.920] [SFX] {"sound": "player_move", "volume": 0.4}
[2026-09-24 21:46:26.981] [SFX] {"sound": "civ_move_1", "volume": 0.0}
[2026-09-24 21:46:27.064] [SFX] {"sound": "civ_move_1", "volume": 0.24}
[2026-09-24 21:46:27.087] [SFX] {"sound": "threat_pulse", "volume": 0.3}
[2026-09-24 21:46:27.101] [SFX] {"sound": "civ_move_2", "volume": 0.16}
[2026-09-24 21:46:27.213] [SFX] {"sound": "guardian_move", "volume": 0.34}
[2026-09-24 21:46:27.236] [SFX] {"sound": "player_move", "volume": 0.4}
[2026-09-24 21:46:27.311] [SFX] {"sound": "civ_move_2", "volume": 0.1}
[2026-09-24 21:46:27.312] [SFX] {"sound": "civ_move_1", "volume": 0.23}
[2026-09-24 21:46:27.394] [SFX] {"sound": "civ_move_1", "volume": 0.02}
[2026-09-24 21:46:27.445] [SFX] {"sound": "guardian_move", "volume": 0.05}
[2026-09-24 21:46:27.478] [M] {"button": 1, "pos": [323, 284], "ui_clicked": false}
[2026-09-24 21:46:27.485] [SFX] {"sound": "civ_move_1", "volume": 0.2}
[2026-09-24 21:46:27.486] [SFX] {"sound": "civ_move_2", "volume": 0.01}
[2026-09-24 21:46:27.510] [SFX] {"sound": "civ_move_2", "volume": 0.13}
[2026-09-24 21:46:27.724] [SFX] {"sound": "civ_move_2", "volume": 0.11}
[2026-09-24 21:46:27.724] [SFX] {"sound": "civ_move_1", "volume": 0.21}
[2026-09-24 21:46:27.809] [SFX] {"sound": "civ_move_1", "volume": 0.03}
[2026-09-24 21:46:27.832] [SFX] {"sound": "guardian_move", "volume": 0.32}
[2026-09-24 21:46:27.893] [SFX] {"sound": "civ_move_1", "volume": 0.19}
[2026-09-24 21:46:27.893] [SFX] {"sound": "civ_move_2", "volume": 0.02}
[2026-09-24 21:46:27.910] [M] {"button": 1, "pos": [325, 263], "ui_clicked": false}
[2026-09-24 21:46:27.917] [SFX] {"sound": "civ_move_2", "volume": 0.12}
[2026-09-24 21:46:28.058] [SFX] {"sound": "guardian_move", "volume": 0.08}
[2026-09-24 21:46:28.125] [SFX] {"sound": "civ_move_2", "volume": 0.13}
[2026-09-24 21:46:28.126] [SFX] {"sound": "civ_move_1", "volume": 0.2}
[2026-09-24 21:46:28.226] [SFX] {"sound": "civ_move_1", "volume": 0.04}
[2026-09-24 21:46:28.294] [SFX] {"sound": "civ_move_1", "volume": 0.18}
[2026-09-24 21:46:28.294] [SFX] {"sound": "civ_move_2", "volume": 0.03}
[2026-09-24 21:46:28.326] [SFX] {"sound": "civ_move_2", "volume": 0.12}
[2026-09-24 21:46:28.374] [M] {"button": 1, "pos": [322, 237], "ui_clicked": false}
[2026-09-24 21:46:28.440] [SFX] {"sound": "guardian_move", "volume": 0.3}
[2026-09-24 21:46:28.538] [SFX] {"sound": "civ_move_2", "volume": 0.14}
[2026-09-24 21:46:28.539] [SFX] {"sound": "civ_move_1", "volume": 0.19}
[2026-09-24 21:46:28.636] [SFX] {"sound": "civ_move_1", "volume": 0.06}
[2026-09-24 21:46:28.668] [SFX] {"sound": "guardian_move", "volume": 0.1}
[2026-09-24 21:46:28.701] [SFX] {"sound": "civ_move_1", "volume": 0.17}
[2026-09-24 21:46:28.702] [SFX] {"sound": "civ_move_2", "volume": 0.04}
[2026-09-24 21:46:28.736] [SFX] {"sound": "civ_move_2", "volume": 0.12}
[2026-09-24 21:46:28.837] [M] {"button": 1, "pos": [321, 233], "ui_clicked": false}
[2026-09-24 21:46:28.953] [SFX] {"sound": "civ_move_2", "volume": 0.15}
[2026-09-24 21:46:28.954] [SFX] {"sound": "civ_move_1", "volume": 0.18}
[2026-09-24 21:46:29.051] [SFX] {"sound": "guardian_move", "volume": 0.27}
[2026-09-24 21:46:29.051] [SFX] {"sound": "civ_move_1", "volume": 0.07}
[2026-09-24 21:46:29.118] [SFX] {"sound": "civ_move_1", "volume": 0.16}
[2026-09-24 21:46:29.119] [SFX] {"sound": "civ_move_2", "volume": 0.06}
[2026-09-24 21:46:29.151] [SFX] {"sound": "civ_move_2", "volume": 0.11}
[2026-09-24 21:46:29.284] [SFX] {"sound": "guardian_move", "volume": 0.12}
[2026-09-24 21:46:29.301] [M] {"button": 1, "pos": [344, 226], "ui_clicked": false}
[2026-09-24 21:46:29.350] [SFX] {"sound": "civ_move_2", "volume": 0.0}
[2026-09-24 21:46:29.372] [SFX] {"sound": "civ_move_2", "volume": 0.15}
[2026-09-24 21:46:29.372] [SFX] {"sound": "civ_move_1", "volume": 0.16}
[2026-09-24 21:46:29.467] [SFX] {"sound": "civ_move_1", "volume": 0.08}
[2026-09-24 21:46:29.533] [SFX] {"sound": "civ_move_2", "volume": 0.07}
[2026-09-24 21:46:29.554] [SFX] {"sound": "civ_move_1", "volume": 0.16}
[2026-09-24 21:46:29.570] [SFX] {"sound": "civ_move_2", "volume": 0.1}
[2026-09-24 21:46:29.630] [M] {"button": 1, "pos": [350, 215], "ui_clicked": false}
[2026-09-24 21:46:29.636] [P] {"start": [130, 104], "goal": [133, 108], "length": 2, "is_direction_change": false}
[2026-09-24 21:46:29.637] [SFX] {"sound": "click_target", "volume": 0.68}
[2026-09-24 21:46:29.675] [JACK] Kurzer Blick um die Ecke...
[2026-09-24 21:46:29.687] [SFX] {"sound": "guardian_move", "volume": 0.24}
[2026-09-24 21:46:29.764] [SFX] {"sound": "civ_move_2", "volume": 0.01}
[2026-09-24 21:46:29.786] [SFX] {"sound": "civ_move_1", "volume": 0.15}
[2026-09-24 21:46:29.801] [SFX] {"sound": "civ_move_2", "volume": 0.13}
[2026-09-24 21:46:29.879] [SFX] {"sound": "civ_move_1", "volume": 0.09}
[2026-09-24 21:46:29.900] [SFX] {"sound": "guardian_move", "volume": 0.11}
[2026-09-24 21:46:29.944] [SFX] {"sound": "player_move", "volume": 0.4}
[2026-09-24 21:46:29.944] [SFX] {"sound": "civ_move_2", "volume": 0.09}
[2026-09-24 21:46:29.967] [SFX] {"sound": "civ_move_1", "volume": 0.12}
[2026-09-24 21:46:29.983] [SFX] {"sound": "civ_move_2", "volume": 0.05}
[2026-09-24 21:46:30.191] [SFX] {"sound": "civ_move_1", "volume": 0.16}
[2026-09-24 21:46:30.212] [SFX] {"sound": "civ_move_2", "volume": 0.11}
[2026-09-24 21:46:30.289] [SFX] {"sound": "guardian_move", "volume": 0.19}
[2026-09-24 21:46:30.290] [SFX] {"sound": "civ_move_1", "volume": 0.12}
[2026-09-24 21:46:30.354] [SFX] {"sound": "civ_move_2", "volume": 0.11}
[2026-09-24 21:46:30.378] [SFX] {"sound": "civ_move_1", "volume": 0.1}
[2026-09-24 21:46:30.393] [SFX] {"sound": "civ_move_2", "volume": 0.04}
[2026-09-24 21:46:30.503] [SFX] {"sound": "guardian_move", "volume": 0.13}
[2026-09-24 21:46:30.536] [M] {"button": 1, "pos": [355, 188], "ui_clicked": false}
[2026-09-24 21:46:30.545] [P] {"start": [133, 108], "goal": [137, 108], "length": 1, "is_direction_change": false}
[2026-09-24 21:46:30.546] [SFX] {"sound": "click_target", "volume": 0.71}
[2026-09-24 21:46:30.590] [SFX] {"sound": "civ_move_2", "volume": 0.07}
[2026-09-24 21:46:30.612] [SFX] {"sound": "civ_move_2", "volume": 0.1}
[2026-09-24 21:46:30.613] [SFX] {"sound": "civ_move_1", "volume": 0.16}
[2026-09-24 21:46:30.755] [SFX] {"sound": "civ_move_2", "volume": 0.15}
[2026-09-24 21:46:30.777] [SFX] {"sound": "civ_move_1", "volume": 0.09}
[2026-09-24 21:46:30.795] [SFX] {"sound": "civ_move_2", "volume": 0.03}
[2026-09-24 21:46:30.890] [SFX] {"sound": "guardian_move", "volume": 0.17}
[2026-09-24 21:46:31.003] [SFX] {"sound": "civ_move_2", "volume": 0.1}
[2026-09-24 21:46:31.026] [SFX] {"sound": "civ_move_2", "volume": 0.08}
[2026-09-24 21:46:31.026] [SFX] {"sound": "civ_move_1", "volume": 0.16}
[2026-09-24 21:46:31.037] [M] {"button": 1, "pos": [385, 188], "ui_clicked": false}
[2026-09-24 21:46:31.044] [P] {"start": [137, 108], "goal": [144, 108], "length": 1, "is_direction_change": false}
[2026-09-24 21:46:31.045] [SFX] {"sound": "click_target", "volume": 0.65}
[2026-09-24 21:46:31.094] [SFX] {"sound": "civ_move_1", "volume": 0.19}
[2026-09-24 21:46:31.115] [SFX] {"sound": "player_move", "volume": 0.4}
[2026-09-24 21:46:31.116] [SFX] {"sound": "guardian_move", "volume": 0.16}
[2026-09-24 21:46:31.158] [SFX] {"sound": "civ_move_2", "volume": 0.18}
[2026-09-24 21:46:31.180] [SFX] {"sound": "civ_move_1", "volume": 0.07}
[2026-09-24 21:46:31.195] [SFX] {"sound": "civ_move_2", "volume": 0.01}
[2026-09-24 21:46:31.405] [SFX] {"sound": "civ_move_2", "volume": 0.16}
[2026-09-24 21:46:31.427] [SFX] {"sound": "civ_move_2", "volume": 0.05}
[2026-09-24 21:46:31.428] [SFX] {"sound": "civ_move_1", "volume": 0.2}
[2026-09-24 21:46:31.505] [M] {"button": 1, "pos": [385, 188], "ui_clicked": false}
[2026-09-24 21:46:31.513] [SFX] {"sound": "guardian_move", "volume": 0.12}
[2026-09-24 21:46:31.514] [SFX] {"sound": "civ_move_1", "volume": 0.24}
[2026-09-24 21:46:31.515] [P] {"start": [144, 108], "goal": [150, 108], "length": 1, "is_direction_change": false}
[2026-09-24 21:46:31.515] [SFX] {"sound": "click_target", "volume": 0.67}
[2026-09-24 21:46:31.567] [SFX] {"sound": "player_move", "volume": 0.4}
[2026-09-24 21:46:31.568] [SFX] {"sound": "civ_move_2", "volume": 0.23}
[2026-09-24 21:46:31.588] [SFX] {"sound": "civ_move_1", "volume": 0.04}
[2026-09-24 21:46:31.716] [SFX] {"sound": "guardian_move", "volume": 0.14}
[2026-09-24 21:46:31.814] [SFX] {"sound": "civ_move_2", "volume": 0.22}
[2026-09-24 21:46:31.836] [SFX] {"sound": "civ_move_2", "volume": 0.02}
[2026-09-24 21:46:31.837] [SFX] {"sound": "civ_move_1", "volume": 0.23}
[2026-09-24 21:46:31.911] [SFX] {"sound": "civ_move_1", "volume": 0.27}
[2026-09-24 21:46:31.927] [M] {"button": 1, "pos": [385, 188], "ui_clicked": false}
[2026-09-24 21:46:31.936] [P] {"start": [150, 108], "goal": [156, 108], "length": 1, "is_direction_change": false}
[2026-09-24 21:46:31.937] [SFX] {"sound": "click_target", "volume": 0.67}
[2026-09-24 21:46:31.985] [SFX] {"sound": "civ_move_1", "volume": 0.01}
[2026-09-24 21:46:31.986] [SFX] {"sound": "civ_move_2", "volume": 0.27}
[2026-09-24 21:46:32.008] [SFX] {"sound": "player_move", "volume": 0.4}
[2026-09-24 21:46:32.118] [SFX] {"sound": "guardian_move", "volume": 0.06}
[2026-09-24 21:46:32.168] [SFX] {"sound": "guardian_move", "volume": 0.08}
[2026-09-24 21:46:32.217] [SFX] {"sound": "civ_move_2", "volume": 0.26}
[2026-09-24 21:46:32.240] [SFX] {"sound": "civ_move_1", "volume": 0.26}
[2026-09-24 21:46:32.314] [M] {"button": 1, "pos": [385, 188], "ui_clicked": false}
[2026-09-24 21:46:32.321] [SFX] {"sound": "civ_move_1", "volume": 0.23}
[2026-09-24 21:46:32.322] [P] {"start": [156, 108], "goal": [162, 108], "length": 1, "is_direction_change": false}
[2026-09-24 21:46:32.323] [SFX] {"sound": "click_target", "volume": 0.68}
[2026-09-24 21:46:32.359] [SFX] {"sound": "guardian_move", "volume": 0.11}
[2026-09-24 21:46:32.398] [SFX] {"sound": "player_move", "volume": 0.4}
[2026-09-24 21:46:32.399] [SFX] {"sound": "civ_move_2", "volume": 0.23}
[2026-09-24 21:46:32.582] [M] {"button": 1, "pos": [385, 188], "ui_clicked": false}
[2026-09-24 21:46:32.589] [P] {"start": [161, 108], "goal": [166, 108], "length": 1, "is_direction_change": false}
[2026-09-24 21:46:32.590] [SFX] {"sound": "click_target", "volume": 0.7}
[2026-09-24 21:46:32.620] [SFX] {"sound": "civ_move_2", "volume": 0.25}
[2026-09-24 21:46:32.641] [SFX] {"sound": "civ_move_1", "volume": 0.27}
[2026-09-24 21:46:32.701] [SFX] {"sound": "player_move", "volume": 0.4}
[2026-09-24 21:46:32.723] [SFX] {"sound": "civ_move_1", "volume": 0.16}
[2026-09-24 21:46:32.784] [SFX] {"sound": "guardian_move", "volume": 0.21}
[2026-09-24 21:46:32.806] [SFX] {"sound": "civ_move_2", "volume": 0.16}
[2026-09-24 21:46:32.933] [SFX] {"sound": "guardian_move", "volume": 0.04}
[2026-09-24 21:46:33.031] [SFX] {"sound": "civ_move_2", "volume": 0.22}
[2026-09-24 21:46:33.053] [SFX] {"sound": "civ_move_1", "volume": 0.26}
[2026-09-24 21:46:33.130] [SFX] {"sound": "civ_move_1", "volume": 0.14}
[2026-09-24 21:46:33.215] [SFX] {"sound": "civ_move_2", "volume": 0.15}
[2026-09-24 21:46:33.398] [SFX] {"sound": "guardian_move", "volume": 0.24}
[2026-09-24 21:46:33.432] [SFX] {"sound": "civ_move_2", "volume": 0.21}
[2026-09-24 21:46:33.455] [SFX] {"sound": "civ_move_1", "volume": 0.27}
[2026-09-24 21:46:33.532] [SFX] {"sound": "guardian_move", "volume": 0.05}
[2026-09-24 21:46:33.532] [SFX] {"sound": "civ_move_1", "volume": 0.13}
[2026-09-24 21:46:33.615] [SFX] {"sound": "civ_move_2", "volume": 0.14}
[2026-09-24 21:46:33.730] [M] {"button": 1, "pos": [360, 151], "ui_clicked": false}
[2026-09-24 21:46:33.737] [P] {"start": [166, 108], "goal": [170, 104], "length": 3, "is_direction_change": false}
[2026-09-24 21:46:33.738] [SFX] {"sound": "click_target", "volume": 0.85}
[2026-09-24 21:46:33.834] [SFX] {"sound": "civ_move_2", "volume": 0.21}
[2026-09-24 21:46:33.857] [SFX] {"sound": "civ_move_1", "volume": 0.26}
[2026-09-24 21:46:33.933] [SFX] {"sound": "player_move", "volume": 0.4}
[2026-09-24 21:46:33.933] [SFX] {"sound": "civ_move_1", "volume": 0.14}
[2026-09-24 21:46:34.000] [SFX] {"sound": "guardian_move", "volume": 0.21}
[2026-09-24 21:46:34.022] [SFX] {"sound": "civ_move_2", "volume": 0.17}
[2026-09-24 21:46:34.146] [SFX] {"sound": "guardian_move", "volume": 0.13}
[2026-09-24 21:46:34.246] [SFX] {"sound": "player_move", "volume": 0.4}
[2026-09-24 21:46:34.247] [SFX] {"sound": "civ_move_2", "volume": 0.23}
[2026-09-24 21:46:34.269] [SFX] {"sound": "civ_move_1", "volume": 0.23}
[2026-09-24 21:46:34.343] [SFX] {"sound": "civ_move_1", "volume": 0.16}
[2026-09-24 21:46:34.428] [SFX] {"sound": "civ_move_2", "volume": 0.17}
[2026-09-24 21:46:34.559] [SFX] {"sound": "player_move", "volume": 0.4}
[2026-09-24 21:46:34.608] [SFX] {"sound": "guardian_move", "volume": 0.26}
[2026-09-24 21:46:34.657] [SFX] {"sound": "civ_move_2", "volume": 0.22}
[2026-09-24 21:46:34.679] [SFX] {"sound": "civ_move_1", "volume": 0.26}
[2026-09-24 21:46:34.757] [SFX] {"sound": "guardian_move", "volume": 0.08}
[2026-09-24 21:46:34.757] [SFX] {"sound": "civ_move_1", "volume": 0.09}
[2026-09-24 21:46:34.840] [SFX] {"sound": "civ_move_2", "volume": 0.09}
[2026-09-24 21:46:34.872] [SFX] {"sound": "player_move", "volume": 0.4}
[2026-09-24 21:46:34.894] [C] {"civ_pos": [170, 104]}
[2026-09-24 21:46:35.071] [SFX] {"sound": "civ_move_2", "volume": 0.18}
[2026-09-24 21:46:35.093] [SFX] {"sound": "civ_move_1", "volume": 0.29}
[2026-09-24 21:46:35.171] [SFX] {"sound": "civ_move_1", "volume": 0.05}
[2026-09-24 21:46:35.239] [SFX] {"sound": "guardian_move", "volume": 0.36}
[2026-09-24 21:46:35.261] [SFX] {"sound": "civ_move_2", "volume": 0.06}
[2026-09-24 21:46:35.371] [SFX] {"sound": "guardian_move", "volume": 0.04}
[2026-09-24 21:46:35.488] [SFX] {"sound": "civ_move_2", "volume": 0.17}
[2026-09-24 21:46:35.509] [SFX] {"sound": "civ_move_1", "volume": 0.28}
[2026-09-24 21:46:35.537] [SFX] {"sound": "civ_move_2", "volume": 0.0}
[2026-09-24 21:46:35.586] [SFX] {"sound": "civ_move_1", "volume": 0.04}
[2026-09-24 21:46:35.618] [M] {"button": 1, "pos": [368, 168], "ui_clicked": false}
[2026-09-24 21:46:35.668] [SFX] {"sound": "civ_move_2", "volume": 0.05}
[2026-09-24 21:46:35.851] [SFX] {"sound": "guardian_move", "volume": 0.38}
[2026-09-24 21:46:35.901] [SFX] {"sound": "civ_move_2", "volume": 0.16}
[2026-09-24 21:46:35.925] [SFX] {"sound": "civ_move_1", "volume": 0.27}
[2026-09-24 21:46:35.952] [SFX] {"sound": "civ_move_2", "volume": 0.01}
[2026-09-24 21:46:35.985] [SFX] {"sound": "guardian_move", "volume": 0.04}
[2026-09-24 21:46:36.007] [SFX] {"sound": "civ_move_1", "volume": 0.03}
[2026-09-24 21:46:36.069] [SFX] {"sound": "civ_move_2", "volume": 0.04}
[2026-09-24 21:46:36.134] [M] {"button": 1, "pos": [365, 149], "ui_clicked": false}
[2026-09-24 21:46:36.198] [SFX] {"sound": "threat_pulse", "volume": 0.34}
[2026-09-24 21:46:36.314] [SFX] {"sound": "civ_move_2", "volume": 0.15}
[2026-09-24 21:46:36.337] [SFX] {"sound": "civ_move_1", "volume": 0.26}
[2026-09-24 21:46:36.364] [SFX] {"sound": "civ_move_2", "volume": 0.02}
[2026-09-24 21:46:36.414] [SFX] {"sound": "civ_move_1", "volume": 0.03}
[2026-09-24 21:46:36.479] [SFX] {"sound": "guardian_move", "volume": 0.39}
[2026-09-24 21:46:36.480] [SFX] {"sound": "civ_move_2", "volume": 0.03}
[2026-09-24 21:46:36.580] [M] {"button": 1, "pos": [357, 152], "ui_clicked": false}
[2026-09-24 21:46:36.596] [SFX] {"sound": "guardian_move", "volume": 0.06}
[2026-09-24 21:46:36.727] [SFX] {"sound": "civ_move_2", "volume": 0.14}
[2026-09-24 21:46:36.748] [SFX] {"sound": "civ_move_1", "volume": 0.24}
[2026-09-24 21:46:36.775] [SFX] {"sound": "civ_move_2", "volume": 0.02}
[2026-09-24 21:46:36.824] [SFX] {"sound": "civ_move_1", "volume": 0.03}
[2026-09-24 21:46:36.875] [M] {"button": 1, "pos": [380, 176], "ui_clicked": false}
[2026-09-24 21:46:36.892] [SFX] {"sound": "civ_move_2", "volume": 0.03}
[2026-09-24 21:46:37.105] [SFX] {"sound": "guardian_move", "volume": 0.39}
[2026-09-24 21:46:37.106] [SFX] {"sound": "threat_pulse", "volume": 0.41}
[2026-09-24 21:46:37.139] [M] {"button": 1, "pos": [382, 189], "ui_clicked": false}
[2026-09-24 21:46:37.145] [SFX] {"sound": "civ_move_2", "volume": 0.13}
[2026-09-24 21:46:37.161] [SFX] {"sound": "civ_move_1", "volume": 0.23}
[2026-09-24 21:46:37.187] [SFX] {"sound": "civ_move_2", "volume": 0.03}
[2026-09-24 21:46:37.208] [SFX] {"sound": "guardian_move", "volume": 0.08}
[2026-09-24 21:46:37.235] [SFX] {"sound": "civ_move_1", "volume": 0.03}
[2026-09-24 21:46:37.300] [SFX] {"sound": "civ_move_2", "volume": 0.03}
[2026-09-24 21:46:37.533] [M] {"button": 1, "pos": [365, 189], "ui_clicked": false}
[2026-09-24 21:46:37.549] [SFX] {"sound": "civ_move_2", "volume": 0.12}
[2026-09-24 21:46:37.571] [SFX] {"sound": "civ_move_1", "volume": 0.22}
[2026-09-24 21:46:37.599] [SFX] {"sound": "civ_move_2", "volume": 0.03}
[2026-09-24 21:46:37.648] [SFX] {"sound": "civ_move_1", "volume": 0.02}
[2026-09-24 21:46:37.714] [SFX] {"sound": "civ_move_2", "volume": 0.03}
[2026-09-24 21:46:37.748] [SFX] {"sound": "guardian_move", "volume": 0.39}
[2026-09-24 21:46:37.813] [SFX] {"sound": "guardian_move", "volume": 0.11}
[2026-09-24 21:46:37.913] [SFX] {"sound": "threat_pulse", "volume": 0.48}
[2026-09-24 21:46:37.945] [M] {"button": 1, "pos": [362, 183], "ui_clicked": false}
[2026-09-24 21:46:37.952] [P] {"start": [170, 104], "goal": [175, 104], "length": 1, "is_direction_change": false}
[2026-09-24 21:46:37.953] [SFX] {"sound": "click_target", "volume": 0.69}
[2026-09-24 21:46:37.983] [JACK] Sektor sieht ruhig aus. Erstmal Daten-Traces scannen.
[2026-09-24 21:46:37.984] [SFX] {"sound": "civ_move_2", "volume": 0.11}
[2026-09-24 21:46:37.996] [SFX] {"sound": "civ_move_1", "volume": 0.21}
[2026-09-24 21:46:38.011] [SFX] {"sound": "civ_move_2", "volume": 0.02}
[2026-09-24 21:46:38.056] [SFX] {"sound": "civ_move_1", "volume": 0.01}
[2026-09-24 21:46:38.173] [SFX] {"sound": "player_move", "volume": 0.4}
[2026-09-24 21:46:38.374] [SFX] {"sound": "guardian_move", "volume": 0.37}
[2026-09-24 21:46:38.374] [SFX] {"sound": "civ_move_2", "volume": 0.08}
[2026-09-24 21:46:38.396] [SFX] {"sound": "civ_move_1", "volume": 0.23}
[2026-09-24 21:46:38.406] [M] {"button": 1, "pos": [362, 183], "ui_clicked": false}
[2026-09-24 21:46:38.413] [P] {"start": [175, 104], "goal": [179, 104], "length": 1, "is_direction_change": false}
[2026-09-24 21:46:38.413] [SFX] {"sound": "click_target", "volume": 0.71}
[2026-09-24 21:46:38.451] [SFX] {"sound": "guardian_move", "volume": 0.08}
[2026-09-24 21:46:38.523] [SFX] {"sound": "threat_pulse", "volume": 0.5}
[2026-09-24 21:46:38.754] [M] {"button": 1, "pos": [362, 183], "ui_clicked": false}
[2026-09-24 21:46:38.761] [SFX] {"sound": "civ_move_1", "volume": 0.01}
[2026-09-24 21:46:38.762] [P] {"start": [179, 104], "goal": [182, 104], "length": 1, "is_direction_change": false}
[2026-09-24 21:46:38.763] [SFX] {"sound": "click_target", "volume": 0.72}
[2026-09-24 21:46:38.792] [SFX] {"sound": "civ_move_1", "volume": 0.25}
[2026-09-24 21:46:38.792] [SFX] {"sound": "civ_move_2", "volume": 0.05}
[2026-09-24 21:46:38.842] [SFX] {"sound": "player_move", "volume": 0.4}
[2026-09-24 21:46:38.994] [SFX] {"sound": "guardian_move", "volume": 0.3}
[2026-09-24 21:46:39.009] [M] {"button": 1, "pos": [362, 183], "ui_clicked": false}
[2026-09-24 21:46:39.016] [SFX] {"sound": "click_target", "volume": 0.72}
[2026-09-24 21:46:39.031] [SFX] {"sound": "guardian_move", "volume": 0.03}
[2026-09-24 21:46:39.032] [SFX] {"sound": "threat_pulse", "volume": 0.48}
[2026-09-24 21:46:39.159] [SFX] {"sound": "civ_move_1", "volume": 0.02}
[2026-09-24 21:46:39.191] [SFX] {"sound": "civ_move_1", "volume": 0.29}
[2026-09-24 21:46:39.192] [SFX] {"sound": "civ_move_2", "volume": 0.01}
[2026-09-24 21:46:39.193] [C] {"civ_pos": [187, 104]}
[2026-09-24 21:46:39.271] [SFX] {"sound": "player_move", "volume": 0.4}
[2026-09-24 21:46:39.271] [SFX] {"sound": "civ_move_2", "volume": 0.01}
[2026-09-24 21:46:39.288] [M] {"button": 1, "pos": [362, 183], "ui_clicked": true}
[2026-09-24 21:46:39.341] [SFX] {"sound": "civ_move_2", "volume": 0.0}
[2026-09-24 21:46:39.574] [SFX] {"sound": "player_move", "volume": 0.4}
[2026-09-24 21:46:39.576] [SFX] {"sound": "civ_move_1", "volume": 0.03}
[2026-09-24 21:46:39.607] [SFX] {"sound": "guardian_move", "volume": 0.21}
[2026-09-24 21:46:39.608] [SFX] {"sound": "civ_move_1", "volume": 0.29}
[2026-09-24 21:46:39.640] [SFX] {"sound": "threat_pulse", "volume": 0.48}
[2026-09-24 21:46:39.673] [SFX] {"sound": "civ_move_2", "volume": 0.02}
[2026-09-24 21:46:39.705] [M] {"button": 1, "pos": [363, 183], "ui_clicked": true}
[2026-09-24 21:46:39.755] [SFX] {"sound": "civ_move_2", "volume": 0.01}
[2026-09-24 21:46:39.889] [SFX] {"sound": "player_move", "volume": 0.4}
[2026-09-24 21:46:39.989] [SFX] {"sound": "civ_move_1", "volume": 0.05}
[2026-09-24 21:46:40.023] [SFX] {"sound": "civ_move_1", "volume": 0.29}
[2026-09-24 21:46:40.090] [SFX] {"sound": "civ_move_2", "volume": 0.03}
[2026-09-24 21:46:40.166] [SFX] {"sound": "civ_move_2", "volume": 0.01}
[2026-09-24 21:46:40.199] [SFX] {"sound": "player_move", "volume": 0.4}
[2026-09-24 21:46:40.222] [SFX] {"sound": "guardian_move", "volume": 0.17}
[2026-09-24 21:46:40.248] [SFX] {"sound": "threat_pulse", "volume": 0.48}
[2026-09-24 21:46:40.398] [SFX] {"sound": "civ_move_1", "volume": 0.06}
[2026-09-24 21:46:40.431] [M] {"button": 1, "pos": [359, 226], "ui_clicked": true}
[2026-09-24 21:46:40.462] [SFX] {"sound": "civ_move_1", "volume": 0.29}
[2026-09-24 21:46:40.502] [SFX] {"sound": "player_move", "volume": 0.4}
[2026-09-24 21:46:40.503] [SFX] {"sound": "civ_move_2", "volume": 0.05}
[2026-09-24 21:46:40.569] [SFX] {"sound": "civ_move_2", "volume": 0.02}
[2026-09-24 21:46:40.801] [SFX] {"sound": "civ_move_1", "volume": 0.06}
[2026-09-24 21:46:40.825] [SFX] {"sound": "player_move", "volume": 0.4}
[2026-09-24 21:46:40.825] [SFX] {"sound": "guardian_move", "volume": 0.12}
[2026-09-24 21:46:40.842] [SFX] {"sound": "civ_move_1", "volume": 0.29}
[2026-09-24 21:46:40.857] [SFX] {"sound": "threat_pulse", "volume": 0.49}
[2026-09-24 21:46:40.918] [SFX] {"sound": "civ_move_2", "volume": 0.06}
[2026-09-24 21:46:40.969] [SFX] {"sound": "civ_move_2", "volume": 0.02}
[2026-09-24 21:46:41.133] [SFX] {"sound": "player_move", "volume": 0.4}
[2026-09-24 21:46:41.215] [SFX] {"sound": "civ_move_1", "volume": 0.06}
[2026-09-24 21:46:41.248] [SFX] {"sound": "civ_move_1", "volume": 0.29}
[2026-09-24 21:46:41.329] [SFX] {"sound": "civ_move_2", "volume": 0.07}
[2026-09-24 21:46:41.379] [SFX] {"sound": "civ_move_2", "volume": 0.02}
[2026-09-24 21:46:41.428] [SFX] {"sound": "guardian_move", "volume": 0.07}
[2026-09-24 21:46:41.453] [SFX] {"sound": "player_move", "volume": 0.4}
[2026-09-24 21:46:41.466] [SFX] {"sound": "threat_pulse", "volume": 0.5}
[2026-09-24 21:46:41.627] [SFX] {"sound": "civ_move_1", "volume": 0.05}
[2026-09-24 21:46:41.661] [SFX] {"sound": "civ_move_1", "volume": 0.29}
[2026-09-24 21:46:41.695] [C] {"civ_pos": [197, 104]}
[2026-09-24 21:46:41.747] [SFX] {"sound": "player_move", "volume": 0.4}
[2026-09-24 21:46:41.748] [SFX] {"sound": "civ_move_2", "volume": 0.09}
[2026-09-24 21:46:41.779] [SFX] {"sound": "civ_move_2", "volume": 0.02}
[2026-09-24 21:46:42.028] [SFX] {"sound": "guardian_move", "volume": 0.02}
[2026-09-24 21:46:42.029] [SFX] {"sound": "civ_move_1", "volume": 0.05}
[2026-09-24 21:46:42.061] [SFX] {"sound": "player_move", "volume": 0.4}
[2026-09-24 21:46:42.062] [SFX] {"sound": "civ_move_1", "volume": 0.29}
[2026-09-24 21:46:42.063] [SFX] {"sound": "threat_pulse", "volume": 0.51}
[2026-09-24 21:46:42.162] [SFX] {"sound": "civ_move_2", "volume": 0.1}
[2026-09-24 21:46:42.195] [SFX] {"sound": "civ_move_2", "volume": 0.02}
[2026-09-24 21:46:42.363] [SFX] {"sound": "player_move", "volume": 0.4}
[2026-09-24 21:46:42.430] [SFX] {"sound": "civ_move_1", "volume": 0.05}
[2026-09-24 21:46:42.463] [SFX] {"sound": "civ_move_1", "volume": 0.29}
[2026-09-24 21:46:42.576] [SFX] {"sound": "civ_move_2", "volume": 0.12}
[2026-09-24 21:46:42.577] [SFX] {"sound": "threat_pulse", "volume": 0.51}
[2026-09-24 21:46:42.610] [SFX] {"sound": "civ_move_2", "volume": 0.02}
[2026-09-24 21:46:42.677] [SFX] {"sound": "player_move", "volume": 0.4}
[2026-09-24 21:46:42.859] [SFX] {"sound": "civ_move_1", "volume": 0.05}
[2026-09-24 21:46:42.883] [SFX] {"sound": "civ_move_1", "volume": 0.29}
[2026-09-24 21:46:42.992] [SFX] {"sound": "player_move", "volume": 0.4}
[2026-09-24 21:46:42.993] [SFX] {"sound": "civ_move_2", "volume": 0.13}
[2026-09-24 21:46:43.024] [SFX] {"sound": "civ_move_2", "volume": 0.02}
[2026-09-24 21:46:43.090] [SFX] {"sound": "threat_pulse", "volume": 0.52}
[2026-09-24 21:46:43.206] [SFX] {"sound": "guardian_move", "volume": 0.02}
[2026-09-24 21:46:43.223] [M] {"button": 1, "pos": [289, 178], "ui_clicked": false}
[2026-09-24 21:46:43.274] [SFX] {"sound": "civ_move_1", "volume": 0.05}
[2026-09-24 21:46:43.297] [SFX] {"sound": "civ_move_1", "volume": 0.29}
[2026-09-24 21:46:43.311] [SFX] {"sound": "player_move", "volume": 0.4}
[2026-09-24 21:46:43.407] [SFX] {"sound": "civ_move_2", "volume": 0.14}
[2026-09-24 21:46:43.432] [SFX] {"sound": "civ_move_2", "volume": 0.02}
[2026-09-24 21:46:43.591] [SFX] {"sound": "threat_pulse", "volume": 0.52}
[2026-09-24 21:46:43.613] [SFX] {"sound": "player_move", "volume": 0.4}
[2026-09-24 21:46:43.624] [M] {"button": 1, "pos": [294, 180], "ui_clicked": false}
[2026-09-24 21:46:43.631] [SFX] {"sound": "action_cancel", "volume": 1.0}
[2026-09-24 21:46:43.631] [P] {"start": [204, 104], "goal": [200, 104], "length": 1, "is_direction_change": false}
[2026-09-24 21:46:43.632] [SFX] {"sound": "click_target", "volume": 0.72}
[2026-09-24 21:46:43.686] [SFX] {"sound": "civ_move_1", "volume": 0.06}
[2026-09-24 21:46:43.708] [SFX] {"sound": "civ_move_1", "volume": 0.28}
[2026-09-24 21:46:43.819] [SFX] {"sound": "guardian_move", "volume": 0.02}
[2026-09-24 21:46:43.820] [SFX] {"sound": "civ_move_2", "volume": 0.14}
[2026-09-24 21:46:43.903] [SFX] {"sound": "guardian_move", "volume": 0.01}
[2026-09-24 21:46:44.103] [SFX] {"sound": "civ_move_1", "volume": 0.07}
[2026-09-24 21:46:44.103] [SFX] {"sound": "civ_move_1", "volume": 0.25}
[2026-09-24 21:46:44.104] [SFX] {"sound": "threat_pulse", "volume": 0.5}
[2026-09-24 21:46:44.222] [SFX] {"sound": "civ_move_2", "volume": 0.14}
[2026-09-24 21:46:44.424] [SFX] {"sound": "guardian_move", "volume": 0.04}
[2026-09-24 21:46:44.506] [SFX] {"sound": "guardian_move", "volume": 0.03}
[2026-09-24 21:46:44.507] [SFX] {"sound": "civ_move_1", "volume": 0.07}
[2026-09-24 21:46:44.508] [SFX] {"sound": "civ_move_1", "volume": 0.24}
[2026-09-24 21:46:44.538] [M] {"button": 1, "pos": [306, 159], "ui_clicked": false}
[2026-09-24 21:46:44.606] [SFX] {"sound": "threat_pulse", "volume": 0.48}
[2026-09-24 21:46:44.627] [SFX] {"sound": "civ_move_2", "volume": 0.15}
[2026-09-24 21:46:44.919] [SFX] {"sound": "civ_move_1", "volume": 0.07}
[2026-09-24 21:46:44.920] [SFX] {"sound": "civ_move_1", "volume": 0.22}
[2026-09-24 21:46:45.020] [M] {"button": 1, "pos": [302, 159], "ui_clicked": false}
[2026-09-24 21:46:45.035] [SFX] {"sound": "civ_move_2", "volume": 0.15}
[2026-09-24 21:46:45.057] [SFX] {"sound": "guardian_move", "volume": 0.04}
[2026-09-24 21:46:45.136] [SFX] {"sound": "guardian_move", "volume": 0.01}
[2026-09-24 21:46:45.218] [SFX] {"sound": "threat_pulse", "volume": 0.44}
[2026-09-24 21:46:45.319] [SFX] {"sound": "civ_move_1", "volume": 0.06}
[2026-09-24 21:46:45.320] [SFX] {"sound": "civ_move_1", "volume": 0.21}
[2026-09-24 21:46:45.386] [SFX] {"sound": "civ_move_2", "volume": 0.0}
[2026-09-24 21:46:45.451] [SFX] {"sound": "civ_move_2", "volume": 0.15}
[2026-09-24 21:46:45.467] [M] {"button": 1, "pos": [303, 165], "ui_clicked": false}
[2026-09-24 21:46:45.476] [P] {"start": [200, 104], "goal": [197, 102], "length": 3, "is_direction_change": false}
[2026-09-24 21:46:45.477] [SFX] {"sound": "click_target", "volume": 0.93}
[2026-09-24 21:46:45.498] [JACK] Kurzer Blick um die Ecke...
[2026-09-24 21:46:45.572] [SFX] {"sound": "player_move", "volume": 0.4}
[2026-09-24 21:46:45.722] [SFX] {"sound": "civ_move_1", "volume": 0.04}
[2026-09-24 21:46:45.723] [SFX] {"sound": "civ_move_1", "volume": 0.14}
[2026-09-24 21:46:45.745] [SFX] {"sound": "guardian_move", "volume": 0.02}
[2026-09-24 21:46:45.788] [SFX] {"sound": "civ_move_2", "volume": 0.03}
[2026-09-24 21:46:45.853] [SFX] {"sound": "civ_move_2", "volume": 0.14}
[2026-09-24 21:46:45.920] [SFX] {"sound": "threat_pulse", "volume": 0.41}
[2026-09-24 21:46:46.133] [SFX] {"sound": "civ_move_1", "volume": 0.05}
[2026-09-24 21:46:46.134] [SFX] {"sound": "civ_move_1", "volume": 0.14}
[2026-09-24 21:46:46.200] [SFX] {"sound": "civ_move_2", "volume": 0.04}
[2026-09-24 21:46:46.267] [SFX] {"sound": "civ_move_2", "volume": 0.14}
[2026-09-24 21:46:46.351] [SFX] {"sound": "guardian_move", "volume": 0.01}
[2026-09-24 21:46:46.535] [SFX] {"sound": "civ_move_1", "volume": 0.05}
[2026-09-24 21:46:46.536] [SFX] {"sound": "civ_move_1", "volume": 0.13}
[2026-09-24 21:46:46.601] [SFX] {"sound": "civ_move_2", "volume": 0.05}
[2026-09-24 21:46:46.668] [SFX] {"sound": "civ_move_2", "volume": 0.15}
[2026-09-24 21:46:46.733] [SFX] {"sound": "threat_pulse", "volume": 0.37}
[2026-09-24 21:46:46.930] [M] {"button": 1, "pos": [377, 196], "ui_clicked": false}
[2026-09-24 21:46:46.938] [P] {"start": [197, 102], "goal": [204, 104], "length": 3, "is_direction_change": false}
[2026-09-24 21:46:46.939] [SFX] {"sound": "click_target", "volume": 0.65}
[2026-09-24 21:46:46.975] [SFX] {"sound": "civ_move_1", "volume": 0.05}
[2026-09-24 21:46:46.976] [SFX] {"sound": "civ_move_1", "volume": 0.13}
[2026-09-24 21:46:47.015] [SFX] {"sound": "civ_move_2", "volume": 0.05}
[2026-09-24 21:46:47.082] [SFX] {"sound": "player_move", "volume": 0.4}
[2026-09-24 21:46:47.082] [SFX] {"sound": "civ_move_2", "volume": 0.16}
[2026-09-24 21:46:47.359] [SFX] {"sound": "civ_move_1", "volume": 0.07}
[2026-09-24 21:46:47.360] [SFX] {"sound": "civ_move_1", "volume": 0.17}
[2026-09-24 21:46:47.393] [SFX] {"sound": "player_move", "volume": 0.4}
[2026-09-24 21:46:47.426] [SFX] {"sound": "civ_move_2", "volume": 0.03}
[2026-09-24 21:46:47.491] [SFX] {"sound": "guardian_move", "volume": 0.05}
[2026-09-24 21:46:47.492] [SFX] {"sound": "civ_move_2", "volume": 0.26}
[2026-09-24 21:46:47.507] [M] {"button": 1, "pos": [387, 188], "ui_clicked": false}
[2026-09-24 21:46:47.514] [SFX] {"sound": "click_target", "volume": 0.67}
[2026-09-24 21:46:47.641] [C] {"civ_pos": [208, 104]}
[2026-09-24 21:46:47.642] [SFX] {"sound": "threat_pulse", "volume": 0.33}
[2026-09-24 21:46:47.774] [SFX] {"sound": "civ_move_1", "volume": 0.07}
[2026-09-24 21:46:47.776] [SFX] {"sound": "civ_move_1", "volume": 0.18}
[2026-09-24 21:46:47.823] [SFX] {"sound": "player_move", "volume": 0.4}
[2026-09-24 21:46:47.844] [SFX] {"sound": "civ_move_2", "volume": 0.02}
[2026-09-24 21:46:47.905] [SFX] {"sound": "civ_move_2", "volume": 0.3}
[2026-09-24 21:46:48.102] [SFX] {"sound": "guardian_move", "volume": 0.07}
[2026-09-24 21:46:48.136] [SFX] {"sound": "player_move", "volume": 0.4}
[2026-09-24 21:46:48.185] [SFX] {"sound": "civ_move_1", "volume": 0.06}
[2026-09-24 21:46:48.185] [SFX] {"sound": "civ_move_1", "volume": 0.17}
[2026-09-24 21:46:48.251] [SFX] {"sound": "civ_move_2", "volume": 0.03}
[2026-09-24 21:46:48.317] [SFX] {"sound": "civ_move_2", "volume": 0.29}
[2026-09-24 21:46:48.447] [SFX] {"sound": "player_move", "volume": 0.4}
[2026-09-24 21:46:48.547] [SFX] {"sound": "threat_pulse", "volume": 0.34}
[2026-09-24 21:46:48.597] [SFX] {"sound": "civ_move_1", "volume": 0.06}
[2026-09-24 21:46:48.598] [SFX] {"sound": "civ_move_1", "volume": 0.16}
[2026-09-24 21:46:48.647] [M] {"button": 1, "pos": [171, 180], "ui_clicked": false}
[2026-09-24 21:46:48.664] [SFX] {"sound": "civ_move_2", "volume": 0.06}
[2026-09-24 21:46:48.712] [SFX] {"sound": "guardian_move", "volume": 0.07}
[2026-09-24 21:46:48.735] [SFX] {"sound": "civ_move_2", "volume": 0.29}
[2026-09-24 21:46:48.763] [SFX] {"sound": "player_move", "volume": 0.4}
[2026-09-24 21:46:48.914] [M] {"button": 1, "pos": [169, 184], "ui_clicked": false}
[2026-09-24 21:46:48.923] [SFX] {"sound": "action_cancel", "volume": 1.0}
[2026-09-24 21:46:48.924] [P] {"start": [204, 104], "goal": [186, 104], "length": 1, "is_direction_change": false}
[2026-09-24 21:46:48.925] [SFX] {"sound": "click_target", "volume": 0.44}
[2026-09-24 21:46:49.012] [SFX] {"sound": "civ_move_1", "volume": 0.04}
[2026-09-24 21:46:49.013] [SFX] {"sound": "civ_move_1", "volume": 0.14}
[2026-09-24 21:46:49.078] [SFX] {"sound": "player_move", "volume": 0.4}
[2026-09-24 21:46:49.079] [SFX] {"sound": "civ_move_2", "volume": 0.1}
[2026-09-24 21:46:49.144] [SFX] {"sound": "civ_move_2", "volume": 0.28}
[2026-09-24 21:46:49.327] [SFX] {"sound": "guardian_move", "volume": 0.03}
[2026-09-24 21:46:49.393] [SFX] {"sound": "player_move", "volume": 0.4}
[2026-09-24 21:46:49.426] [SFX] {"sound": "guardian_move", "volume": 0.02}
[2026-09-24 21:46:49.427] [SFX] {"sound": "civ_move_1", "volume": 0.02}
[2026-09-24 21:46:49.428] [SFX] {"sound": "civ_move_1", "volume": 0.09}
[2026-09-24 21:46:49.459] [SFX] {"sound": "threat_pulse", "volume": 0.31}
[2026-09-24 21:46:49.493] [SFX] {"sound": "civ_move_2", "volume": 0.18}
[2026-09-24 21:46:49.561] [SFX] {"sound": "civ_move_2", "volume": 0.23}
[2026-09-24 21:46:49.582] [SFX] {"sound": "civ_move_2", "volume": 0.02}
[2026-09-24 21:46:49.640] [SFX] {"sound": "civ_move_2", "volume": 0.05}
[2026-09-24 21:46:49.706] [SFX] {"sound": "player_move", "volume": 0.4}
[2026-09-24 21:46:49.839] [SFX] {"sound": "civ_move_1", "volume": 0.05}
[2026-09-24 21:46:49.905] [SFX] {"sound": "civ_move_2", "volume": 0.24}
[2026-09-24 21:46:49.971] [SFX] {"sound": "civ_move_2", "volume": 0.2}
[2026-09-24 21:46:49.992] [SFX] {"sound": "civ_move_2", "volume": 0.07}
[2026-09-24 21:46:50.034] [SFX] {"sound": "guardian_move", "volume": 0.1}
[2026-09-24 21:46:50.050] [M] {"button": 1, "pos": [499, 181], "ui_clicked": false}
[2026-09-24 21:46:50.057] [SFX] {"sound": "civ_move_2", "volume": 0.09}
[2026-09-24 21:46:50.058] [P] {"start": [186, 104], "goal": [209, 104], "length": 1, "is_direction_change": false}
[2026-09-24 21:46:50.059] [SFX] {"sound": "click_target", "volume": 0.33}
[2026-09-24 21:46:50.231] [SFX] {"sound": "player_move", "volume": 0.4}
[2026-09-24 21:46:50.252] [SFX] {"sound": "civ_move_1", "volume": 0.0}
[2026-09-24 21:46:50.253] [SFX] {"sound": "civ_move_1", "volume": 0.06}
[2026-09-24 21:46:50.313] [SFX] {"sound": "civ_move_2", "volume": 0.22}
[2026-09-24 21:46:50.377] [SFX] {"sound": "civ_move_2", "volume": 0.26}
[2026-09-24 21:46:50.398] [SFX] {"sound": "civ_move_2", "volume": 0.03}
[2026-09-24 21:46:50.461] [SFX] {"sound": "civ_move_2", "volume": 0.02}
[2026-09-24 21:46:50.526] [C] {"civ_pos": [197, 104]}
[2026-09-24 21:46:50.571] [SFX] {"sound": "player_move", "volume": 0.4}
[2026-09-24 21:46:50.572] [SFX] {"sound": "guardian_move", "volume": 0.03}
[2026-09-24 21:46:50.662] [SFX] {"sound": "civ_move_1", "volume": 0.02}
[2026-09-24 21:46:50.663] [SFX] {"sound": "civ_move_1", "volume": 0.09}
[2026-09-24 21:46:50.727] [SFX] {"sound": "civ_move_2", "volume": 0.17}
[2026-09-24 21:46:50.792] [SFX] {"sound": "civ_move_2", "volume": 0.27}
[2026-09-24 21:46:50.856] [SFX] {"sound": "player_move", "volume": 0.4}
[2026-09-24 21:46:51.074] [SFX] {"sound": "civ_move_1", "volume": 0.03}
[2026-09-24 21:46:51.075] [SFX] {"sound": "civ_move_1", "volume": 0.11}
[2026-09-24 21:46:51.140] [SFX] {"sound": "civ_move_2", "volume": 0.12}
[2026-09-24 21:46:51.162] [SFX] {"sound": "player_move", "volume": 0.4}
[2026-09-24 21:46:51.162] [SFX] {"sound": "guardian_move", "volume": 0.12}
[2026-09-24 21:46:51.204] [SFX] {"sound": "civ_move_2", "volume": 0.19}
[2026-09-24 21:46:51.488] [SFX] {"sound": "civ_move_1", "volume": 0.03}
[2026-09-24 21:46:51.489] [SFX] {"sound": "civ_move_1", "volume": 0.1}
[2026-09-24 21:46:51.539] [M] {"button": 1, "pos": [502, 182], "ui_clicked": false}
[2026-09-24 21:46:51.556] [SFX] {"sound": "civ_move_2", "volume": 0.12}
[2026-09-24 21:46:51.606] [SFX] {"sound": "civ_move_2", "volume": 0.18}
[2026-09-24 21:46:51.758] [SFX] {"sound": "guardian_move", "volume": 0.14}
[2026-09-24 21:46:51.893] [SFX] {"sound": "civ_move_1", "volume": 0.02}
[2026-09-24 21:46:51.894] [SFX] {"sound": "civ_move_1", "volume": 0.09}
[2026-09-24 21:46:51.960] [SFX] {"sound": "civ_move_2", "volume": 0.13}
[2026-09-24 21:46:52.010] [SFX] {"sound": "civ_move_2", "volume": 0.17}
[2026-09-24 21:46:52.026] [M] {"button": 1, "pos": [363, 186], "ui_clicked": false}
[2026-09-24 21:46:52.033] [P] {"start": [209, 104], "goal": [214, 104], "length": 1, "is_direction_change": false}
[2026-09-24 21:46:52.034] [SFX] {"sound": "click_target", "volume": 0.69}
[2026-09-24 21:46:52.094] [JACK] Sektor sieht ruhig aus. Erstmal Daten-Traces scannen.
[2026-09-24 21:46:52.304] [SFX] {"sound": "civ_move_1", "volume": 0.02}
[2026-09-24 21:46:52.305] [SFX] {"sound": "civ_move_1", "volume": 0.08}
[2026-09-24 21:46:52.372] [SFX] {"sound": "guardian_move", "volume": 0.19}
[2026-09-24 21:46:52.373] [SFX] {"sound": "civ_move_2", "volume": 0.11}
[2026-09-24 21:46:52.422] [SFX] {"sound": "civ_move_2", "volume": 0.12}
[2026-09-24 21:46:52.651] [M] {"button": 1, "pos": [384, 187], "ui_clicked": false}
[2026-09-24 21:46:52.715] [SFX] {"sound": "civ_move_1", "volume": 0.03}
[2026-09-24 21:46:52.715] [SFX] {"sound": "civ_move_1", "volume": 0.08}
[2026-09-24 21:46:52.780] [SFX] {"sound": "civ_move_2", "volume": 0.12}
[2026-09-24 21:46:52.829] [SFX] {"sound": "civ_move_2", "volume": 0.1}
[2026-09-24 21:46:52.978] [SFX] {"sound": "guardian_move", "volume": 0.19}
[2026-09-24 21:46:53.111] [M] {"button": 1, "pos": [351, 218], "ui_clicked": false}
[2026-09-24 21:46:53.126] [SFX] {"sound": "civ_move_1", "volume": 0.03}
[2026-09-24 21:46:53.127] [SFX] {"sound": "civ_move_1", "volume": 0.08}
[2026-09-24 21:46:53.192] [SFX] {"sound": "civ_move_2", "volume": 0.13}
[2026-09-24 21:46:53.243] [SFX] {"sound": "civ_move_2", "volume": 0.09}
[2026-09-24 21:46:53.409] [M] {"button": 1, "pos": [329, 229], "ui_clicked": false}
[2026-09-24 21:46:53.526] [SFX] {"sound": "civ_move_1", "volume": 0.04}
[2026-09-24 21:46:53.527] [SFX] {"sound": "civ_move_1", "volume": 0.08}
[2026-09-24 21:46:53.591] [SFX] {"sound": "guardian_move", "volume": 0.17}
[2026-09-24 21:46:53.612] [SFX] {"sound": "civ_move_2", "volume": 0.15}
[2026-09-24 21:46:53.656] [SFX] {"sound": "civ_move_2", "volume": 0.08}
[2026-09-24 21:46:53.787] [M] {"button": 1, "pos": [329, 229], "ui_clicked": false}
[2026-09-24 21:46:53.940] [SFX] {"sound": "civ_move_1", "volume": 0.04}
[2026-09-24 21:46:53.940] [SFX] {"sound": "civ_move_1", "volume": 0.08}
[2026-09-24 21:46:53.972] [M] {"button": 1, "pos": [326, 232], "ui_clicked": false}
[2026-09-24 21:46:53.978] [P] {"start": [214, 104], "goal": [214, 110], "length": 1, "is_direction_change": false}
[2026-09-24 21:46:53.979] [SFX] {"sound": "click_target", "volume": 0.67}
[2026-09-24 21:46:54.041] [SFX] {"sound": "player_move", "volume": 0.4}
[2026-09-24 21:46:54.042] [SFX] {"sound": "civ_move_2", "volume": 0.16}
[2026-09-24 21:46:54.067] [SFX] {"sound": "civ_move_2", "volume": 0.07}
[2026-09-24 21:46:54.206] [SFX] {"sound": "guardian_move", "volume": 0.19}
[2026-09-24 21:46:54.339] [SFX] {"sound": "civ_move_1", "volume": 0.09}
[2026-09-24 21:46:54.339] [SFX] {"sound": "civ_move_1", "volume": 0.11}
[2026-09-24 21:46:54.457] [SFX] {"sound": "civ_move_2", "volume": 0.16}
[2026-09-24 21:46:54.478] [SFX] {"sound": "civ_move_2", "volume": 0.05}
[2026-09-24 21:46:54.488] [M] {"button": 1, "pos": [326, 232], "ui_clicked": false}
[2026-09-24 21:46:54.496] [P] {"start": [214, 110], "goal": [214, 115], "length": 1, "is_direction_change": false}
[2026-09-24 21:46:54.496] [SFX] {"sound": "click_target", "volume": 0.69}
[2026-09-24 21:46:54.575] [SFX] {"sound": "player_move", "volume": 0.4}
[2026-09-24 21:46:54.755] [SFX] {"sound": "civ_move_1", "volume": 0.12}
[2026-09-24 21:46:54.755] [SFX] {"sound": "civ_move_1", "volume": 0.13}
[2026-09-24 21:46:54.821] [SFX] {"sound": "guardian_move", "volume": 0.21}
[2026-09-24 21:46:54.871] [SFX] {"sound": "civ_move_2", "volume": 0.16}
[2026-09-24 21:46:54.893] [SFX] {"sound": "civ_move_2", "volume": 0.03}
[2026-09-24 21:46:54.970] [M] {"button": 1, "pos": [326, 232], "ui_clicked": false}
[2026-09-24 21:46:54.978] [P] {"start": [214, 115], "goal": [214, 120], "length": 1, "is_direction_change": false}
[2026-09-24 21:46:54.978] [SFX] {"sound": "click_target", "volume": 0.69}
[2026-09-24 21:46:55.116] [SFX] {"sound": "player_move", "volume": 0.4}
[2026-09-24 21:46:55.166] [SFX] {"sound": "civ_move_1", "volume": 0.15}
[2026-09-24 21:46:55.189] [SFX] {"sound": "civ_move_1", "volume": 0.16}
[2026-09-24 21:46:55.283] [SFX] {"sound": "civ_move_2", "volume": 0.14}
[2026-09-24 21:46:55.305] [SFX] {"sound": "civ_move_2", "volume": 0.01}
[2026-09-24 21:46:55.384] [M] {"button": 1, "pos": [326, 232], "ui_clicked": false}
[2026-09-24 21:46:55.391] [P] {"start": [214, 120], "goal": [214, 125], "length": 1, "is_direction_change": false}
[2026-09-24 21:46:55.391] [SFX] {"sound": "click_target", "volume": 0.69}
[2026-09-24 21:46:55.434] [SFX] {"sound": "guardian_move", "volume": 0.23}
[2026-09-24 21:46:55.569] [SFX] {"sound": "civ_move_1", "volume": 0.18}
[2026-09-24 21:46:55.591] [SFX] {"sound": "player_move", "volume": 0.4}
[2026-09-24 21:46:55.591] [SFX] {"sound": "civ_move_1", "volume": 0.18}
[2026-09-24 21:46:55.685] [SFX] {"sound": "civ_move_2", "volume": 0.12}
[2026-09-24 21:46:55.785] [M] {"button": 1, "pos": [326, 232], "ui_clicked": false}
[2026-09-24 21:46:55.791] [P] {"start": [214, 125], "goal": [214, 130], "length": 1, "is_direction_change": false}
[2026-09-24 21:46:55.792] [SFX] {"sound": "click_target", "volume": 0.7}
[2026-09-24 21:46:55.971] [SFX] {"sound": "civ_move_1", "volume": 0.22}
[2026-09-24 21:46:56.039] [SFX] {"sound": "guardian_move", "volume": 0.3}
[2026-09-24 21:46:56.087] [SFX] {"sound": "civ_move_2", "volume": 0.09}
[2026-09-24 21:46:56.154] [M] {"button": 1, "pos": [326, 232], "ui_clicked": false}
[2026-09-24 21:46:56.160] [P] {"start": [214, 130], "goal": [214, 134], "length": 13, "is_direction_change": false}
[2026-09-24 21:46:56.161] [SFX] {"sound": "click_target", "volume": 0.7}
[2026-09-24 21:46:56.185] [SFX] {"sound": "player_move", "volume": 0.4}
[2026-09-24 21:46:56.224] [C] {"civ_pos": [215, 132]}
[2026-09-24 21:46:56.378] [SFX] {"sound": "civ_move_1", "volume": 0.29}
[2026-09-24 21:46:56.400] [SFX] {"sound": "civ_move_1", "volume": 0.21}
[2026-09-24 21:46:56.479] [SFX] {"sound": "player_move", "volume": 0.4}
[2026-09-24 21:46:56.501] [SFX] {"sound": "civ_move_2", "volume": 0.06}
[2026-09-24 21:46:56.647] [SFX] {"sound": "guardian_move", "volume": 0.35}
[2026-09-24 21:46:56.782] [SFX] {"sound": "player_move", "volume": 0.4}
[2026-09-24 21:46:56.784] [SFX] {"sound": "civ_move_1", "volume": 0.24}
[2026-09-24 21:46:56.803] [SFX] {"sound": "civ_move_1", "volume": 0.19}
[2026-09-24 21:46:56.897] [SFX] {"sound": "civ_move_2", "volume": 0.03}
[2026-09-24 21:46:57.081] [SFX] {"sound": "player_move", "volume": 0.4}
[2026-09-24 21:46:57.195] [SFX] {"sound": "civ_move_1", "volume": 0.22}
[2026-09-24 21:46:57.217] [SFX] {"sound": "civ_move_1", "volume": 0.14}
[2026-09-24 21:46:57.260] [SFX] {"sound": "guardian_move", "volume": 0.3}
[2026-09-24 21:46:57.309] [SFX] {"sound": "civ_move_2", "volume": 0.04}
[2026-09-24 21:46:57.393] [SFX] {"sound": "player_move", "volume": 0.4}
[2026-09-24 21:46:57.610] [SFX] {"sound": "civ_move_1", "volume": 0.23}
[2026-09-24 21:46:57.633] [SFX] {"sound": "civ_move_1", "volume": 0.14}
[2026-09-24 21:46:57.707] [SFX] {"sound": "player_move", "volume": 0.4}
[2026-09-24 21:46:57.730] [SFX] {"sound": "civ_move_2", "volume": 0.06}
[2026-09-24 21:46:57.842] [SFX] {"sound": "civ_move_2", "volume": 0.01}
[2026-09-24 21:46:57.875] [SFX] {"sound": "guardian_move", "volume": 0.35}
[2026-09-24 21:46:58.024] [SFX] {"sound": "civ_move_1", "volume": 0.24}
[2026-09-24 21:46:58.046] [SFX] {"sound": "civ_move_1", "volume": 0.15}
[2026-09-24 21:46:58.125] [SFX] {"sound": "civ_move_2", "volume": 0.07}
[2026-09-24 21:46:58.160] [SFX] {"sound": "civ_move_2", "volume": 0.0}
[2026-09-24 21:46:58.243] [SFX] {"sound": "civ_move_2", "volume": 0.02}
[2026-09-24 21:46:58.426] [SFX] {"sound": "civ_move_1", "volume": 0.23}
[2026-09-24 21:46:58.447] [SFX] {"sound": "civ_move_1", "volume": 0.14}
[2026-09-24 21:46:58.475] [SFX] {"sound": "guardian_move", "volume": 0.36}
[2026-09-24 21:46:58.541] [SFX] {"sound": "civ_move_2", "volume": 0.07}
[2026-09-24 21:46:58.574] [SFX] {"sound": "civ_move_2", "volume": 0.01}
[2026-09-24 21:46:58.659] [SFX] {"sound": "civ_move_2", "volume": 0.03}
[2026-09-24 21:46:58.809] [M] {"button": 1, "pos": [290, 166], "ui_clicked": false}
[2026-09-24 21:46:58.817] [P] {"start": [214, 134], "goal": [210, 132], "length": 3, "is_direction_change": false}
[2026-09-24 21:46:58.817] [SFX] {"sound": "click_target", "volume": 0.9}
[2026-09-24 21:46:58.855] [JACK] Kurzer Blick um die Ecke...
[2026-09-24 21:46:58.855] [SFX] {"sound": "civ_move_1", "volume": 0.21}
[2026-09-24 21:46:58.867] [SFX] {"sound": "civ_move_1", "volume": 0.13}
[2026-09-24 21:46:58.946] [SFX] {"sound": "civ_move_2", "volume": 0.08}
[2026-09-24 21:46:58.977] [SFX] {"sound": "player_move", "volume": 0.4}
[2026-09-24 21:46:58.978] [SFX] {"sound": "civ_move_2", "volume": 0.03}
[2026-09-24 21:46:59.062] [SFX] {"sound": "civ_move_2", "volume": 0.06}
[2026-09-24 21:46:59.085] [SFX] {"sound": "guardian_move", "volume": 0.35}
[2026-09-24 21:46:59.228] [SFX] {"sound": "civ_move_1", "volume": 0.21}
[2026-09-24 21:46:59.243] [M] {"button": 1, "pos": [290, 166], "ui_clicked": false}
[2026-09-24 21:46:59.276] [SFX] {"sound": "civ_move_1", "volume": 0.12}
[2026-09-24 21:46:59.360] [SFX] {"sound": "civ_move_2", "volume": 0.11}
[2026-09-24 21:46:59.393] [SFX] {"sound": "civ_move_2", "volume": 0.05}
[2026-09-24 21:46:59.478] [SFX] {"sound": "civ_move_2", "volume": 0.07}
[2026-09-24 21:46:59.627] [SFX] {"sound": "civ_move_1", "volume": 0.2}
[2026-09-24 21:46:59.676] [SFX] {"sound": "civ_move_1", "volume": 0.11}
[2026-09-24 21:46:59.699] [SFX] {"sound": "guardian_move", "volume": 0.33}
[2026-09-24 21:46:59.742] [M] {"button": 1, "pos": [289, 200], "ui_clicked": false}
[2026-09-24 21:46:59.749] [P] {"start": [210, 132], "goal": [206, 134], "length": 2, "is_direction_change": false}
[2026-09-24 21:46:59.749] [SFX] {"sound": "click_target", "volume": 0.71}
[2026-09-24 21:46:59.779] [SFX] {"sound": "civ_move_2", "volume": 0.12}
[2026-09-24 21:46:59.802] [SFX] {"sound": "civ_move_2", "volume": 0.06}
[2026-09-24 21:46:59.878] [SFX] {"sound": "civ_move_2", "volume": 0.09}
[2026-09-24 21:46:59.902] [SFX] {"sound": "player_move", "volume": 0.4}
[2026-09-24 21:47:00.042] [SFX] {"sound": "civ_move_1", "volume": 0.16}
[2026-09-24 21:47:00.091] [SFX] {"sound": "civ_move_1", "volume": 0.07}
[2026-09-24 21:47:00.188] [SFX] {"sound": "civ_move_2", "volume": 0.11}
[2026-09-24 21:47:00.211] [SFX] {"sound": "civ_move_2", "volume": 0.06}
[2026-09-24 21:47:00.289] [SFX] {"sound": "civ_move_2", "volume": 0.09}
[2026-09-24 21:47:00.311] [SFX] {"sound": "guardian_move", "volume": 0.27}
[2026-09-24 21:47:00.452] [SFX] {"sound": "civ_move_1", "volume": 0.15}
[2026-09-24 21:47:00.502] [SFX] {"sound": "civ_move_1", "volume": 0.06}
[2026-09-24 21:47:00.600] [SFX] {"sound": "civ_move_2", "volume": 0.12}
[2026-09-24 21:47:00.623] [SFX] {"sound": "civ_move_2", "volume": 0.07}
[2026-09-24 21:47:00.701] [SFX] {"sound": "civ_move_2", "volume": 0.09}
[2026-09-24 21:47:00.853] [SFX] {"sound": "civ_move_1", "volume": 0.14}
[2026-09-24 21:47:00.903] [SFX] {"sound": "civ_move_1", "volume": 0.05}
[2026-09-24 21:47:00.926] [SFX] {"sound": "guardian_move", "volume": 0.25}
[2026-09-24 21:47:01.005] [SFX] {"sound": "civ_move_2", "volume": 0.13}
[2026-09-24 21:47:01.027] [SFX] {"sound": "civ_move_2", "volume": 0.07}
[2026-09-24 21:47:01.106] [SFX] {"sound": "civ_move_2", "volume": 0.1}
[2026-09-24 21:47:01.256] [SFX] {"sound": "civ_move_1", "volume": 0.13}
[2026-09-24 21:47:01.306] [SFX] {"sound": "civ_move_1", "volume": 0.04}
[2026-09-24 21:47:01.405] [SFX] {"sound": "civ_move_2", "volume": 0.14}
[2026-09-24 21:47:01.427] [SFX] {"sound": "civ_move_2", "volume": 0.07}
[2026-09-24 21:47:01.489] [SFX] {"sound": "civ_move_2", "volume": 0.0}
[2026-09-24 21:47:01.510] [SFX] {"sound": "civ_move_2", "volume": 0.1}
[2026-09-24 21:47:01.528] [SFX] {"sound": "guardian_move", "volume": 0.23}
[2026-09-24 21:47:01.638] [M] {"button": 1, "pos": [296, 205], "ui_clicked": false}
[2026-09-24 21:47:01.672] [SFX] {"sound": "civ_move_1", "volume": 0.12}
[2026-09-24 21:47:01.722] [SFX] {"sound": "civ_move_1", "volume": 0.03}
[2026-09-24 21:47:01.805] [SFX] {"sound": "civ_move_2", "volume": 0.15}
[2026-09-24 21:47:01.828] [SFX] {"sound": "civ_move_2", "volume": 0.07}
[2026-09-24 21:47:01.904] [SFX] {"sound": "civ_move_2", "volume": 0.01}
[2026-09-24 21:47:01.926] [SFX] {"sound": "civ_move_2", "volume": 0.09}
[2026-09-24 21:47:02.072] [SFX] {"sound": "civ_move_1", "volume": 0.11}
[2026-09-24 21:47:02.123] [SFX] {"sound": "guardian_move", "volume": 0.21}
[2026-09-24 21:47:02.124] [SFX] {"sound": "civ_move_1", "volume": 0.02}
[2026-09-24 21:47:02.156] [M] {"button": 1, "pos": [286, 203], "ui_clicked": false}
[2026-09-24 21:47:02.164] [P] {"start": [206, 134], "goal": [201, 136], "length": 5, "is_direction_change": false}
[2026-09-24 21:47:02.165] [SFX] {"sound": "click_target", "volume": 0.7}
[2026-09-24 21:47:02.208] [SFX] {"sound": "civ_move_2", "volume": 0.16}
[2026-09-24 21:47:02.230] [SFX] {"sound": "civ_move_2", "volume": 0.07}
[2026-09-24 21:47:02.306] [SFX] {"sound": "civ_move_2", "volume": 0.04}
[2026-09-24 21:47:02.327] [SFX] {"sound": "player_move", "volume": 0.4}
[2026-09-24 21:47:02.327] [SFX] {"sound": "civ_move_2", "volume": 0.09}
[2026-09-24 21:47:02.473] [SFX] {"sound": "civ_move_1", "volume": 0.1}
[2026-09-24 21:47:02.523] [SFX] {"sound": "civ_move_1", "volume": 0.0}
[2026-09-24 21:47:02.621] [SFX] {"sound": "civ_move_2", "volume": 0.16}
[2026-09-24 21:47:02.645] [SFX] {"sound": "player_move", "volume": 0.4}
[2026-09-24 21:47:02.645] [SFX] {"sound": "civ_move_2", "volume": 0.07}
[2026-09-24 21:47:02.720] [SFX] {"sound": "civ_move_2", "volume": 0.04}
[2026-09-24 21:47:02.743] [SFX] {"sound": "guardian_move", "volume": 0.15}
[2026-09-24 21:47:02.743] [SFX] {"sound": "civ_move_2", "volume": 0.07}
[2026-09-24 21:47:02.888] [SFX] {"sound": "civ_move_1", "volume": 0.06}
[2026-09-24 21:47:03.023] [SFX] {"sound": "civ_move_2", "volume": 0.15}
[2026-09-24 21:47:03.047] [SFX] {"sound": "civ_move_2", "volume": 0.06}
[2026-09-24 21:47:03.123] [SFX] {"sound": "civ_move_2", "volume": 0.05}
[2026-09-24 21:47:03.146] [SFX] {"sound": "civ_move_2", "volume": 0.06}
[2026-09-24 21:47:03.301] [SFX] {"sound": "civ_move_1", "volume": 0.05}
[2026-09-24 21:47:03.352] [SFX] {"sound": "guardian_move", "volume": 0.12}
[2026-09-24 21:47:03.433] [SFX] {"sound": "civ_move_2", "volume": 0.16}
[2026-09-24 21:47:03.455] [SFX] {"sound": "civ_move_2", "volume": 0.05}
[2026-09-24 21:47:03.532] [SFX] {"sound": "civ_move_2", "volume": 0.06}
[2026-09-24 21:47:03.713] [SFX] {"sound": "civ_move_1", "volume": 0.04}
[2026-09-24 21:47:03.844] [SFX] {"sound": "civ_move_2", "volume": 0.17}
[2026-09-24 21:47:03.866] [SFX] {"sound": "civ_move_2", "volume": 0.05}
[2026-09-24 21:47:03.946] [SFX] {"sound": "civ_move_1", "volume": 0.0}
[2026-09-24 21:47:03.969] [SFX] {"sound": "guardian_move", "volume": 0.1}
[2026-09-24 21:47:03.970] [SFX] {"sound": "civ_move_2", "volume": 0.06}
[2026-09-24 21:47:03.970] [SFX] {"sound": "civ_move_2", "volume": 0.05}
[2026-09-24 21:47:04.125] [SFX] {"sound": "civ_move_1", "volume": 0.05}
[2026-09-24 21:47:04.257] [SFX] {"sound": "civ_move_2", "volume": 0.18}
[2026-09-24 21:47:04.278] [SFX] {"sound": "civ_move_2", "volume": 0.04}
[2026-09-24 21:47:04.357] [SFX] {"sound": "civ_move_1", "volume": 0.01}
[2026-09-24 21:47:04.379] [SFX] {"sound": "civ_move_2", "volume": 0.06}
[2026-09-24 21:47:04.380] [SFX] {"sound": "civ_move_2", "volume": 0.05}
[2026-09-24 21:47:04.538] [SFX] {"sound": "civ_move_1", "volume": 0.05}
[2026-09-24 21:47:04.572] [SFX] {"sound": "guardian_move", "volume": 0.08}
[2026-09-24 21:47:04.671] [SFX] {"sound": "civ_move_2", "volume": 0.18}
[2026-09-24 21:47:04.694] [SFX] {"sound": "civ_move_2", "volume": 0.04}
[2026-09-24 21:47:04.771] [SFX] {"sound": "civ_move_1", "volume": 0.02}
[2026-09-24 21:47:04.793] [SFX] {"sound": "civ_move_2", "volume": 0.06}
[2026-09-24 21:47:04.794] [SFX] {"sound": "civ_move_2", "volume": 0.04}
[2026-09-24 21:47:04.952] [SFX] {"sound": "civ_move_1", "volume": 0.05}
[2026-09-24 21:47:05.081] [SFX] {"sound": "civ_move_2", "volume": 0.19}
[2026-09-24 21:47:05.102] [SFX] {"sound": "civ_move_2", "volume": 0.05}
[2026-09-24 21:47:05.179] [SFX] {"sound": "guardian_move", "volume": 0.06}
[2026-09-24 21:47:05.180] [SFX] {"sound": "civ_move_1", "volume": 0.02}
[2026-09-24 21:47:05.201] [SFX] {"sound": "civ_move_2", "volume": 0.06}
[2026-09-24 21:47:05.202] [SFX] {"sound": "civ_move_2", "volume": 0.03}
[2026-09-24 21:47:05.363] [SFX] {"sound": "civ_move_1", "volume": 0.06}
[2026-09-24 21:47:05.494] [SFX] {"sound": "civ_move_2", "volume": 0.19}
[2026-09-24 21:47:05.516] [SFX] {"sound": "civ_move_2", "volume": 0.06}
[2026-09-24 21:47:05.594] [SFX] {"sound": "civ_move_1", "volume": 0.03}
[2026-09-24 21:47:05.615] [SFX] {"sound": "civ_move_2", "volume": 0.05}
[2026-09-24 21:47:05.616] [SFX] {"sound": "civ_move_2", "volume": 0.02}
[2026-09-24 21:47:05.776] [SFX] {"sound": "civ_move_1", "volume": 0.06}
[2026-09-24 21:47:05.798] [SFX] {"sound": "guardian_move", "volume": 0.06}
[2026-09-24 21:47:05.907] [SFX] {"sound": "civ_move_2", "volume": 0.18}
[2026-09-24 21:47:05.932] [SFX] {"sound": "civ_move_2", "volume": 0.08}
[2026-09-24 21:47:06.007] [SFX] {"sound": "civ_move_1", "volume": 0.04}
[2026-09-24 21:47:06.028] [SFX] {"sound": "civ_move_2", "volume": 0.05}
[2026-09-24 21:47:06.029] [SFX] {"sound": "civ_move_2", "volume": 0.02}
[2026-09-24 21:47:06.189] [SFX] {"sound": "civ_move_1", "volume": 0.06}
[2026-09-24 21:47:06.289] [SFX] {"sound": "guardian_move", "volume": 0.01}
[2026-09-24 21:47:06.322] [SFX] {"sound": "civ_move_2", "volume": 0.16}
[2026-09-24 21:47:06.344] [SFX] {"sound": "civ_move_2", "volume": 0.09}
[2026-09-24 21:47:06.405] [SFX] {"sound": "guardian_move", "volume": 0.07}
[2026-09-24 21:47:06.428] [SFX] {"sound": "civ_move_1", "volume": 0.04}
[2026-09-24 21:47:06.446] [SFX] {"sound": "civ_move_2", "volume": 0.05}
[2026-09-24 21:47:06.447] [SFX] {"sound": "civ_move_2", "volume": 0.01}
[2026-09-24 21:47:06.589] [SFX] {"sound": "civ_move_1", "volume": 0.06}
[2026-09-24 21:47:06.736] [SFX] {"sound": "civ_move_2", "volume": 0.15}
[2026-09-24 21:47:06.758] [SFX] {"sound": "civ_move_2", "volume": 0.1}
[2026-09-24 21:47:06.836] [SFX] {"sound": "civ_move_1", "volume": 0.05}
[2026-09-24 21:47:06.857] [SFX] {"sound": "civ_move_2", "volume": 0.04}
[2026-09-24 21:47:06.903] [SFX] {"sound": "guardian_move", "volume": 0.03}
[2026-09-24 21:47:07.003] [SFX] {"sound": "civ_move_1", "volume": 0.06}
[2026-09-24 21:47:07.024] [SFX] {"sound": "guardian_move", "volume": 0.07}
[2026-09-24 21:47:07.136] [SFX] {"sound": "civ_move_2", "volume": 0.14}
[2026-09-24 21:47:07.159] [SFX] {"sound": "civ_move_2", "volume": 0.11}
[2026-09-24 21:47:07.238] [SFX] {"sound": "civ_move_1", "volume": 0.05}
[2026-09-24 21:47:07.259] [SFX] {"sound": "civ_move_2", "volume": 0.04}
[2026-09-24 21:47:07.404] [SFX] {"sound": "civ_move_1", "volume": 0.06}
[2026-09-24 21:47:07.518] [SFX] {"sound": "guardian_move", "volume": 0.05}
[2026-09-24 21:47:07.552] [SFX] {"sound": "civ_move_2", "volume": 0.13}
[2026-09-24 21:47:07.574] [SFX] {"sound": "civ_move_2", "volume": 0.12}
[2026-09-24 21:47:07.633] [SFX] {"sound": "guardian_move", "volume": 0.08}
[2026-09-24 21:47:07.659] [SFX] {"sound": "civ_move_1", "volume": 0.05}
[2026-09-24 21:47:07.679] [SFX] {"sound": "civ_move_2", "volume": 0.06}
[2026-09-24 21:47:07.818] [SFX] {"sound": "civ_move_1", "volume": 0.06}
[2026-09-24 21:47:07.967] [SFX] {"sound": "civ_move_2", "volume": 0.12}
[2026-09-24 21:47:07.988] [SFX] {"sound": "civ_move_2", "volume": 0.13}
[2026-09-24 21:47:08.065] [SFX] {"sound": "civ_move_1", "volume": 0.06}
[2026-09-24 21:47:08.087] [SFX] {"sound": "civ_move_2", "volume": 0.07}
[2026-09-24 21:47:08.129] [SFX] {"sound": "guardian_move", "volume": 0.06}
[2026-09-24 21:47:08.228] [SFX] {"sound": "civ_move_1", "volume": 0.06}
[2026-09-24 21:47:08.251] [SFX] {"sound": "guardian_move", "volume": 0.08}
[2026-09-24 21:47:08.376] [SFX] {"sound": "civ_move_2", "volume": 0.12}
[2026-09-24 21:47:08.397] [SFX] {"sound": "civ_move_2", "volume": 0.14}
[2026-09-24 21:47:08.473] [M] {"button": 1, "pos": [307, 219], "ui_clicked": false}
[2026-09-24 21:47:08.480] [SFX] {"sound": "civ_move_1", "volume": 0.06}
[2026-09-24 21:47:08.481] [P] {"start": [201, 136], "goal": [199, 140], "length": 3, "is_direction_change": false}
[2026-09-24 21:47:08.481] [SFX] {"sound": "click_target", "volume": 0.7}
[2026-09-24 21:47:08.520] [JACK] Sektor sieht ruhig aus. Erstmal Daten-Traces scannen.
[2026-09-24 21:47:08.520] [SFX] {"sound": "civ_move_2", "volume": 0.08}
[2026-09-24 21:47:08.628] [SFX] {"sound": "civ_move_1", "volume": 0.06}
[2026-09-24 21:47:08.660] [SFX] {"sound": "player_move", "volume": 0.4}
[2026-09-24 21:47:08.742] [SFX] {"sound": "guardian_move", "volume": 0.07}
[2026-09-24 21:47:08.792] [SFX] {"sound": "civ_move_2", "volume": 0.12}
[2026-09-24 21:47:08.792] [SFX] {"sound": "civ_move_2", "volume": 0.08}
[2026-09-24 21:47:08.856] [SFX] {"sound": "guardian_move", "volume": 0.04}
[2026-09-24 21:47:08.889] [SFX] {"sound": "civ_move_1", "volume": 0.03}
[2026-09-24 21:47:08.911] [SFX] {"sound": "civ_move_2", "volume": 0.06}
[2026-09-24 21:47:09.040] [SFX] {"sound": "civ_move_1", "volume": 0.02}
[2026-09-24 21:47:09.206] [SFX] {"sound": "civ_move_2", "volume": 0.12}
[2026-09-24 21:47:09.207] [SFX] {"sound": "civ_move_2", "volume": 0.08}
[2026-09-24 21:47:09.290] [SFX] {"sound": "civ_move_1", "volume": 0.03}
[2026-09-24 21:47:09.312] [SFX] {"sound": "civ_move_2", "volume": 0.07}
[2026-09-24 21:47:09.358] [SFX] {"sound": "guardian_move", "volume": 0.06}
[2026-09-24 21:47:09.441] [SFX] {"sound": "civ_move_1", "volume": 0.02}
[2026-09-24 21:47:09.463] [SFX] {"sound": "guardian_move", "volume": 0.04}
[2026-09-24 21:47:09.607] [SFX] {"sound": "civ_move_2", "volume": 0.13}
[2026-09-24 21:47:09.608] [SFX] {"sound": "civ_move_2", "volume": 0.07}
[2026-09-24 21:47:09.691] [SFX] {"sound": "civ_move_1", "volume": 0.03}
[2026-09-24 21:47:09.714] [SFX] {"sound": "civ_move_2", "volume": 0.08}
[2026-09-24 21:47:09.855] [SFX] {"sound": "civ_move_1", "volume": 0.02}
[2026-09-24 21:47:09.972] [SFX] {"sound": "guardian_move", "volume": 0.07}
[2026-09-24 21:47:10.022] [SFX] {"sound": "civ_move_2", "volume": 0.14}
[2026-09-24 21:47:10.022] [SFX] {"sound": "civ_move_2", "volume": 0.06}
[2026-09-24 21:47:10.071] [SFX] {"sound": "guardian_move", "volume": 0.04}
[2026-09-24 21:47:10.105] [SFX] {"sound": "civ_move_1", "volume": 0.03}
[2026-09-24 21:47:10.129] [SFX] {"sound": "civ_move_2", "volume": 0.09}
[2026-09-24 21:47:10.255] [SFX] {"sound": "civ_move_1", "volume": 0.02}
[2026-09-24 21:47:10.421] [SFX] {"sound": "civ_move_2", "volume": 0.15}
[2026-09-24 21:47:10.421] [SFX] {"sound": "civ_move_2", "volume": 0.06}
[2026-09-24 21:47:10.505] [SFX] {"sound": "civ_move_1", "volume": 0.03}
[2026-09-24 21:47:10.538] [SFX] {"sound": "civ_move_2", "volume": 0.1}
[2026-09-24 21:47:10.602] [SFX] {"sound": "guardian_move", "volume": 0.06}
[2026-09-24 21:47:10.670] [SFX] {"sound": "civ_move_1", "volume": 0.01}
[2026-09-24 21:47:10.692] [SFX] {"sound": "guardian_move", "volume": 0.03}
[2026-09-24 21:47:10.832] [M] {"button": 1, "pos": [313, 165], "ui_clicked": false}
[2026-09-24 21:47:10.839] [SFX] {"sound": "civ_move_2", "volume": 0.16}
[2026-09-24 21:47:10.839] [SFX] {"sound": "civ_move_2", "volume": 0.05}
[2026-09-24 21:47:10.840] [SFX] {"sound": "click_target", "volume": 0.95}
[2026-09-24 21:47:10.915] [SFX] {"sound": "player_move", "volume": 0.4}
[2026-09-24 21:47:10.916] [SFX] {"sound": "civ_move_1", "volume": 0.03}
[2026-09-24 21:47:10.949] [SFX] {"sound": "civ_move_2", "volume": 0.11}
[2026-09-24 21:47:11.079] [SFX] {"sound": "civ_move_1", "volume": 0.03}
[2026-09-24 21:47:11.214] [SFX] {"sound": "guardian_move", "volume": 0.09}
[2026-09-24 21:47:11.214] [SFX] {"sound": "threat_pulse", "volume": 0.3}
[2026-09-24 21:47:11.246] [SFX] {"sound": "civ_move_2", "volume": 0.17}
[2026-09-24 21:47:11.247] [SFX] {"sound": "civ_move_2", "volume": 0.05}
[2026-09-24 21:47:11.295] [SFX] {"sound": "guardian_move", "volume": 0.06}
[2026-09-24 21:47:11.330] [SFX] {"sound": "civ_move_1", "volume": 0.05}
[2026-09-24 21:47:11.362] [SFX] {"sound": "civ_move_2", "volume": 0.13}
[2026-09-24 21:47:11.480] [SFX] {"sound": "civ_move_1", "volume": 0.03}
[2026-09-24 21:47:11.645] [SFX] {"sound": "civ_move_2", "volume": 0.17}
[2026-09-24 21:47:11.645] [SFX] {"sound": "civ_move_2", "volume": 0.04}
[2026-09-24 21:47:11.745] [SFX] {"sound": "civ_move_1", "volume": 0.04}
[2026-09-24 21:47:11.776] [SFX] {"sound": "civ_move_2", "volume": 0.14}
[2026-09-24 21:47:11.825] [SFX] {"sound": "guardian_move", "volume": 0.08}
[2026-09-24 21:47:11.890] [SFX] {"sound": "civ_move_1", "volume": 0.02}
[2026-09-24 21:47:11.911] [SFX] {"sound": "guardian_move", "volume": 0.06}
[2026-09-24 21:47:12.056] [SFX] {"sound": "civ_move_2", "volume": 0.16}
[2026-09-24 21:47:12.057] [SFX] {"sound": "civ_move_2", "volume": 0.04}
[2026-09-24 21:47:12.120] [SFX] {"sound": "threat_pulse", "volume": 0.33}
[2026-09-24 21:47:12.153] [SFX] {"sound": "civ_move_1", "volume": 0.04}
[2026-09-24 21:47:12.187] [SFX] {"sound": "civ_move_2", "volume": 0.15}
[2026-09-24 21:47:12.301] [SFX] {"sound": "civ_move_1", "volume": 0.02}
[2026-09-24 21:47:12.436] [SFX] {"sound": "guardian_move", "volume": 0.07}
[2026-09-24 21:47:12.468] [SFX] {"sound": "civ_move_2", "volume": 0.16}
[2026-09-24 21:47:12.468] [SFX] {"sound": "civ_move_2", "volume": 0.03}
[2026-09-24 21:47:12.517] [SFX] {"sound": "guardian_move", "volume": 0.05}
[2026-09-24 21:47:12.565] [SFX] {"sound": "civ_move_1", "volume": 0.03}
[2026-09-24 21:47:12.597] [SFX] {"sound": "civ_move_2", "volume": 0.15}
[2026-09-24 21:47:12.711] [SFX] {"sound": "civ_move_1", "volume": 0.01}
[2026-09-24 21:47:12.861] [M] {"button": 1, "pos": [333, 246], "ui_clicked": false}
[2026-09-24 21:47:12.877] [SFX] {"sound": "civ_move_2", "volume": 0.16}
[2026-09-24 21:47:12.878] [SFX] {"sound": "civ_move_2", "volume": 0.02}
[2026-09-24 21:47:12.978] [SFX] {"sound": "civ_move_1", "volume": 0.03}
[2026-09-24 21:47:13.011] [SFX] {"sound": "civ_move_2", "volume": 0.16}
[2026-09-24 21:47:13.033] [SFX] {"sound": "threat_pulse", "volume": 0.35}
[2026-09-24 21:47:13.049] [SFX] {"sound": "guardian_move", "volume": 0.05}
[2026-09-24 21:47:13.125] [SFX] {"sound": "guardian_move", "volume": 0.04}
[2026-09-24 21:47:13.126] [SFX] {"sound": "civ_move_1", "volume": 0.0}
[2026-09-24 21:47:13.293] [SFX] {"sound": "civ_move_2", "volume": 0.15}
[2026-09-24 21:47:13.294] [SFX] {"sound": "civ_move_2", "volume": 0.01}
[2026-09-24 21:47:13.294] [SFX] {"sound": "civ_move_1", "volume": 0.01}
[2026-09-24 21:47:13.394] [SFX] {"sound": "civ_move_1", "volume": 0.04}
[2026-09-24 21:47:13.427] [SFX] {"sound": "civ_move_2", "volume": 0.17}
[2026-09-24 21:47:13.657] [SFX] {"sound": "guardian_move", "volume": 0.04}
[2026-09-24 21:47:13.707] [SFX] {"sound": "civ_move_2", "volume": 0.13}
[2026-09-24 21:47:13.708] [SFX] {"sound": "civ_move_1", "volume": 0.02}
[2026-09-24 21:47:13.740] [M] {"button": 1, "pos": [321, 213], "ui_clicked": false}
[2026-09-24 21:47:13.748] [SFX] {"sound": "guardian_move", "volume": 0.03}
[2026-09-24 21:47:13.748] [SFX] {"sound": "action_cancel", "volume": 1.0}
[2026-09-24 21:47:13.749] [P] {"start": [198, 136], "goal": [198, 140], "length": 1, "is_direction_change": false}
[2026-09-24 21:47:13.750] [SFX] {"sound": "click_target", "volume": 0.72}
[2026-09-24 21:47:13.808] [SFX] {"sound": "civ_move_1", "volume": 0.04}
[2026-09-24 21:47:13.841] [SFX] {"sound": "civ_move_2", "volume": 0.16}
[2026-09-24 21:47:13.942] [SFX] {"sound": "threat_pulse", "volume": 0.36}
[2026-09-24 21:47:14.107] [SFX] {"sound": "civ_move_2", "volume": 0.13}
[2026-09-24 21:47:14.108] [SFX] {"sound": "civ_move_1", "volume": 0.01}
[2026-09-24 21:47:14.217] [SFX] {"sound": "civ_move_1", "volume": 0.04}
[2026-09-24 21:47:14.249] [SFX] {"sound": "civ_move_2", "volume": 0.14}
[2026-09-24 21:47:14.513] [SFX] {"sound": "civ_move_2", "volume": 0.13}
[2026-09-24 21:47:14.514] [SFX] {"sound": "civ_move_1", "volume": 0.02}
[2026-09-24 21:47:14.626] [SFX] {"sound": "civ_move_1", "volume": 0.05}
[2026-09-24 21:47:14.660] [SFX] {"sound": "civ_move_2", "volume": 0.13}
[2026-09-24 21:47:14.845] [SFX] {"sound": "threat_pulse", "volume": 0.31}
[2026-09-24 21:47:14.929] [SFX] {"sound": "civ_move_2", "volume": 0.14}
[2026-09-24 21:47:14.929] [SFX] {"sound": "civ_move_1", "volume": 0.02}
[2026-09-24 21:47:14.951] [SFX] {"sound": "civ_move_1", "volume": 0.08}
[2026-09-24 21:47:15.027] [SFX] {"sound": "civ_move_1", "volume": 0.06}
[2026-09-24 21:47:15.061] [SFX] {"sound": "civ_move_2", "volume": 0.12}
[2026-09-24 21:47:15.343] [SFX] {"sound": "civ_move_2", "volume": 0.15}
[2026-09-24 21:47:15.343] [SFX] {"sound": "civ_move_1", "volume": 0.03}
[2026-09-24 21:47:15.366] [SFX] {"sound": "civ_move_1", "volume": 0.07}
[2026-09-24 21:47:15.475] [SFX] {"sound": "civ_move_2", "volume": 0.11}
[2026-09-24 21:47:15.759] [SFX] {"sound": "civ_move_2", "volume": 0.15}
[2026-09-24 21:47:15.759] [SFX] {"sound": "civ_move_1", "volume": 0.04}
[2026-09-24 21:47:15.781] [SFX] {"sound": "civ_move_1", "volume": 0.06}
[2026-09-24 21:47:15.859] [SFX] {"sound": "civ_move_1", "volume": 0.08}
[2026-09-24 21:47:15.881] [SFX] {"sound": "civ_move_2", "volume": 0.1}
[2026-09-24 21:47:16.041] [M] {"button": 1, "pos": [347, 148], "ui_clicked": false}
[2026-09-24 21:47:16.173] [SFX] {"sound": "civ_move_2", "volume": 0.16}
[2026-09-24 21:47:16.174] [SFX] {"sound": "civ_move_1", "volume": 0.05}
[2026-09-24 21:47:16.272] [SFX] {"sound": "civ_move_1", "volume": 0.09}
[2026-09-24 21:47:16.296] [SFX] {"sound": "civ_move_2", "volume": 0.09}
[2026-09-24 21:47:16.586] [SFX] {"sound": "civ_move_2", "volume": 0.16}
[2026-09-24 21:47:16.587] [SFX] {"sound": "civ_move_1", "volume": 0.06}
[2026-09-24 21:47:16.608] [SFX] {"sound": "civ_move_1", "volume": 0.04}
[2026-09-24 21:47:16.685] [SFX] {"sound": "civ_move_1", "volume": 0.1}
[2026-09-24 21:47:16.708] [SFX] {"sound": "civ_move_2", "volume": 0.08}
[2026-09-24 21:47:16.753] [M] {"button": 1, "pos": [347, 149], "ui_clicked": false}
[2026-09-24 21:47:16.760] [P] {"start": [198, 140], "goal": [201, 136], "length": 2, "is_direction_change": false}
[2026-09-24 21:47:16.761] [SFX] {"sound": "click_target", "volume": 0.87}
[2026-09-24 21:47:16.820] [JACK] Kurzer Blick um die Ecke...
[2026-09-24 21:47:16.821] [SFX] {"sound": "player_move", "volume": 0.4}
[2026-09-24 21:47:16.993] [SFX] {"sound": "civ_move_2", "volume": 0.14}
[2026-09-24 21:47:16.994] [SFX] {"sound": "civ_move_1", "volume": 0.08}
[2026-09-24 21:47:17.015] [SFX] {"sound": "civ_move_1", "volume": 0.06}
[2026-09-24 21:47:17.073] [SFX] {"sound": "player_move", "volume": 0.4}
[2026-09-24 21:47:17.095] [SFX] {"sound": "civ_move_1", "volume": 0.15}
[2026-09-24 21:47:17.111] [SFX] {"sound": "civ_move_2", "volume": 0.11}
[2026-09-24 21:47:17.396] [SFX] {"sound": "civ_move_1", "volume": 0.1}
[2026-09-24 21:47:17.420] [SFX] {"sound": "civ_move_2", "volume": 0.16}
[2026-09-24 21:47:17.421] [SFX] {"sound": "civ_move_1", "volume": 0.06}
[2026-09-24 21:47:17.497] [SFX] {"sound": "civ_move_1", "volume": 0.16}
[2026-09-24 21:47:17.518] [SFX] {"sound": "civ_move_2", "volume": 0.11}
[2026-09-24 21:47:17.810] [SFX] {"sound": "civ_move_1", "volume": 0.11}
[2026-09-24 21:47:17.832] [SFX] {"sound": "civ_move_2", "volume": 0.15}
[2026-09-24 21:47:17.833] [SFX] {"sound": "civ_move_1", "volume": 0.05}
[2026-09-24 21:47:17.907] [SFX] {"sound": "civ_move_1", "volume": 0.17}
[2026-09-24 21:47:17.930] [SFX] {"sound": "civ_move_2", "volume": 0.1}
[2026-09-24 21:47:18.224] [SFX] {"sound": "civ_move_1", "volume": 0.12}
[2026-09-24 21:47:18.245] [SFX] {"sound": "civ_move_2", "volume": 0.15}
[2026-09-24 21:47:18.245] [SFX] {"sound": "civ_move_1", "volume": 0.04}
[2026-09-24 21:47:18.321] [SFX] {"sound": "civ_move_1", "volume": 0.17}
[2026-09-24 21:47:18.337] [M] {"button": 1, "pos": [300, 209], "ui_clicked": false}
[2026-09-24 21:47:18.344] [SFX] {"sound": "civ_move_2", "volume": 0.1}
[2026-09-24 21:47:18.345] [SFX] {"sound": "click_target", "volume": 0.71}
[2026-09-24 21:47:18.635] [SFX] {"sound": "civ_move_1", "volume": 0.12}
[2026-09-24 21:47:18.658] [SFX] {"sound": "civ_move_2", "volume": 0.14}
[2026-09-24 21:47:18.659] [SFX] {"sound": "civ_move_1", "volume": 0.05}
[2026-09-24 21:47:18.735] [SFX] {"sound": "civ_move_1", "volume": 0.18}
[2026-09-24 21:47:18.759] [SFX] {"sound": "civ_move_2", "volume": 0.09}
[2026-09-24 21:47:19.050] [SFX] {"sound": "civ_move_1", "volume": 0.12}
[2026-09-24 21:47:19.073] [SFX] {"sound": "civ_move_2", "volume": 0.13}
[2026-09-24 21:47:19.074] [SFX] {"sound": "civ_move_2", "volume": 0.01}
[2026-09-24 21:47:19.074] [SFX] {"sound": "civ_move_1", "volume": 0.05}
[2026-09-24 21:47:19.148] [SFX] {"sound": "civ_move_1", "volume": 0.19}
[2026-09-24 21:47:19.171] [SFX] {"sound": "civ_move_2", "volume": 0.08}
[2026-09-24 21:47:19.264] [SFX] {"sound": "guardian_move", "volume": 0.01}
[2026-09-24 21:47:19.462] [SFX] {"sound": "civ_move_1", "volume": 0.13}
[2026-09-24 21:47:19.483] [SFX] {"sound": "civ_move_2", "volume": 0.13}
[2026-09-24 21:47:19.484] [SFX] {"sound": "civ_move_2", "volume": 0.02}
[2026-09-24 21:47:19.484] [SFX] {"sound": "civ_move_1", "volume": 0.05}
[2026-09-24 21:47:19.560] [SFX] {"sound": "civ_move_1", "volume": 0.19}
[2026-09-24 21:47:19.582] [SFX] {"sound": "civ_move_2", "volume": 0.07}
[2026-09-24 21:47:19.872] [SFX] {"sound": "guardian_move", "volume": 0.02}
[2026-09-24 21:47:19.873] [SFX] {"sound": "civ_move_1", "volume": 0.15}
[2026-09-24 21:47:19.894] [SFX] {"sound": "civ_move_2", "volume": 0.12}
[2026-09-24 21:47:19.895] [SFX] {"sound": "civ_move_2", "volume": 0.03}
[2026-09-24 21:47:19.895] [SFX] {"sound": "civ_move_1", "volume": 0.06}
[2026-09-24 21:47:19.970] [SFX] {"sound": "civ_move_1", "volume": 0.2}
