[2026-09-25 12:18:35.018] [S] {"sid": "20260925_121835", "sys_t": "2026-09-25T12:18:35.018520"}
[2026-09-25 12:18:35.020] [SFX] {"sound": "hack_success", "volume": 0.8}
[2026-09-25 12:18:46.065] [SESSION_RESET] {"msg": "--- NEW LIFE STARTED ---"}
[2026-09-25 12:18:46.113] [S] {"map": "Shadowgrid"}
[2026-09-25 12:18:46.133] [JACK] Ah, im Shadowgrid angekommen... endlich.
[2026-09-25 12:18:46.392] [SFX] {"sound": "guardian_move", "volume": 0.21}
[2026-09-25 12:18:46.473] [SFX] {"sound": "guardian_move", "volume": 0.05}
[2026-09-25 12:18:46.580] [SFX] {"sound": "civ_move_2", "volume": 0.02}
[2026-09-25 12:18:46.647] [SFX] {"sound": "civ_move_2", "volume": 0.09}
[2026-09-25 12:18:46.667] [SFX] {"sound": "civ_move_1", "volume": 0.09}
[2026-09-25 12:18:46.991] [SFX] {"sound": "civ_move_2", "volume": 0.02}
[2026-09-25 12:18:47.013] [SFX] {"sound": "guardian_move", "volume": 0.21}
[2026-09-25 12:18:47.058] [SFX] {"sound": "civ_move_2", "volume": 0.09}
[2026-09-25 12:18:47.059] [SFX] {"sound": "civ_move_1", "volume": 0.0}
[2026-09-25 12:18:47.079] [SFX] {"sound": "guardian_move", "volume": 0.05}
[2026-09-25 12:18:47.080] [SFX] {"sound": "civ_move_1", "volume": 0.08}
[2026-09-25 12:18:47.403] [SFX] {"sound": "civ_move_2", "volume": 0.01}
[2026-09-25 12:18:47.471] [SFX] {"sound": "civ_move_2", "volume": 0.09}
[2026-09-25 12:18:47.472] [SFX] {"sound": "civ_move_1", "volume": 0.01}
[2026-09-25 12:18:47.493] [SFX] {"sound": "civ_move_1", "volume": 0.08}
[2026-09-25 12:18:47.616] [SFX] {"sound": "guardian_move", "volume": 0.21}
[2026-09-25 12:18:47.682] [SFX] {"sound": "guardian_move", "volume": 0.04}
[2026-09-25 12:18:47.813] [SFX] {"sound": "civ_move_2", "volume": 0.01}
[2026-09-25 12:18:47.880] [SFX] {"sound": "civ_move_2", "volume": 0.09}
[2026-09-25 12:18:47.881] [SFX] {"sound": "civ_move_1", "volume": 0.01}
[2026-09-25 12:18:47.903] [SFX] {"sound": "civ_move_1", "volume": 0.08}
[2026-09-25 12:18:48.213] [SFX] {"sound": "civ_move_2", "volume": 0.02}
[2026-09-25 12:18:48.236] [SFX] {"sound": "guardian_move", "volume": 0.22}
[2026-09-25 12:18:48.279] [SFX] {"sound": "civ_move_2", "volume": 0.08}
[2026-09-25 12:18:48.280] [SFX] {"sound": "civ_move_1", "volume": 0.01}
[2026-09-25 12:18:48.303] [SFX] {"sound": "guardian_move", "volume": 0.04}
[2026-09-25 12:18:48.303] [SFX] {"sound": "civ_move_1", "volume": 0.07}
[2026-09-25 12:18:48.613] [SFX] {"sound": "civ_move_2", "volume": 0.02}
[2026-09-25 12:18:48.662] [SFX] {"sound": "civ_move_2", "volume": 0.01}
[2026-09-25 12:18:48.695] [SFX] {"sound": "civ_move_2", "volume": 0.07}
[2026-09-25 12:18:48.695] [SFX] {"sound": "civ_move_1", "volume": 0.02}
[2026-09-25 12:18:48.717] [SFX] {"sound": "civ_move_1", "volume": 0.06}
[2026-09-25 12:18:48.843] [SFX] {"sound": "guardian_move", "volume": 0.23}
[2026-09-25 12:18:48.908] [SFX] {"sound": "guardian_move", "volume": 0.03}
[2026-09-25 12:18:49.026] [SFX] {"sound": "civ_move_2", "volume": 0.03}
[2026-09-25 12:18:49.070] [SFX] {"sound": "civ_move_2", "volume": 0.01}
[2026-09-25 12:18:49.102] [SFX] {"sound": "civ_move_2", "volume": 0.06}
[2026-09-25 12:18:49.103] [SFX] {"sound": "civ_move_1", "volume": 0.02}
[2026-09-25 12:18:49.125] [SFX] {"sound": "civ_move_1", "volume": 0.05}
[2026-09-25 12:18:49.184] [M] {"button": 1, "pos": [366, 204], "ui_clicked": false}
[2026-09-25 12:18:49.436] [SFX] {"sound": "civ_move_2", "volume": 0.03}
[2026-09-25 12:18:49.459] [SFX] {"sound": "guardian_move", "volume": 0.23}
[2026-09-25 12:18:49.475] [SFX] {"sound": "civ_move_2", "volume": 0.01}
[2026-09-25 12:18:49.503] [SFX] {"sound": "civ_move_2", "volume": 0.05}
[2026-09-25 12:18:49.504] [SFX] {"sound": "civ_move_1", "volume": 0.03}
[2026-09-25 12:18:49.527] [SFX] {"sound": "guardian_move", "volume": 0.03}
[2026-09-25 12:18:49.528] [SFX] {"sound": "civ_move_1", "volume": 0.04}
[2026-09-25 12:18:49.669] [SFX] {"sound": "civ_move_1", "volume": 0.0}
[2026-09-25 12:18:49.849] [M] {"button": 1, "pos": [354, 200], "ui_clicked": false}
[2026-09-25 12:18:49.861] [SFX] {"sound": "civ_move_2", "volume": 0.03}
[2026-09-25 12:18:49.862] [P] {"start": [82, 24], "goal": [86, 26], "length": 2, "is_direction_change": false}
[2026-09-25 12:18:49.863] [SFX] {"sound": "click_target", "volume": 0.7}
[2026-09-25 12:18:49.888] [SFX] {"sound": "player_move", "volume": 0.4}
[2026-09-25 12:18:49.889] [SFX] {"sound": "civ_move_2", "volume": 0.02}
[2026-09-25 12:18:49.914] [SFX] {"sound": "civ_move_2", "volume": 0.05}
[2026-09-25 12:18:49.915] [SFX] {"sound": "civ_move_1", "volume": 0.03}
[2026-09-25 12:18:49.936] [SFX] {"sound": "civ_move_1", "volume": 0.04}
[2026-09-25 12:18:50.079] [SFX] {"sound": "guardian_move", "volume": 0.29}
[2026-09-25 12:18:50.080] [SFX] {"sound": "civ_move_1", "volume": 0.03}
[2026-09-25 12:18:50.102] [SFX] {"sound": "civ_move_2", "volume": 0.0}
[2026-09-25 12:18:50.128] [SFX] {"sound": "guardian_move", "volume": 0.05}
[2026-09-25 12:18:50.262] [SFX] {"sound": "civ_move_2", "volume": 0.06}
[2026-09-25 12:18:50.288] [SFX] {"sound": "civ_move_2", "volume": 0.05}
[2026-09-25 12:18:50.327] [SFX] {"sound": "civ_move_1", "volume": 0.06}
[2026-09-25 12:18:50.479] [SFX] {"sound": "civ_move_1", "volume": 0.04}
[2026-09-25 12:18:50.502] [SFX] {"sound": "civ_move_2", "volume": 0.02}
[2026-09-25 12:18:50.546] [M] {"button": 1, "pos": [356, 200], "ui_clicked": false}
[2026-09-25 12:18:50.552] [P] {"start": [86, 26], "goal": [90, 28], "length": 3, "is_direction_change": false}
[2026-09-25 12:18:50.553] [SFX] {"sound": "click_target", "volume": 0.7}
[2026-09-25 12:18:50.588] [SFX] {"sound": "player_move", "volume": 0.4}
[2026-09-25 12:18:50.663] [SFX] {"sound": "civ_move_2", "volume": 0.07}
[2026-09-25 12:18:50.685] [SFX] {"sound": "guardian_move", "volume": 0.31}
[2026-09-25 12:18:50.685] [SFX] {"sound": "civ_move_2", "volume": 0.06}
[2026-09-25 12:18:50.729] [SFX] {"sound": "guardian_move", "volume": 0.06}
[2026-09-25 12:18:50.730] [SFX] {"sound": "civ_move_2", "volume": 0.05}
[2026-09-25 12:18:50.730] [SFX] {"sound": "civ_move_1", "volume": 0.07}
[2026-09-25 12:18:50.864] [SFX] {"sound": "player_move", "volume": 0.4}
[2026-09-25 12:18:50.887] [SFX] {"sound": "civ_move_1", "volume": 0.07}
[2026-09-25 12:18:50.902] [SFX] {"sound": "civ_move_2", "volume": 0.0}
[2026-09-25 12:18:50.903] [SFX] {"sound": "civ_move_2", "volume": 0.05}
[2026-09-25 12:18:51.063] [SFX] {"sound": "civ_move_2", "volume": 0.1}
[2026-09-25 12:18:51.085] [SFX] {"sound": "civ_move_2", "volume": 0.08}
[2026-09-25 12:18:51.130] [M] {"button": 1, "pos": [356, 200], "ui_clicked": false}
[2026-09-25 12:18:51.138] [SFX] {"sound": "civ_move_2", "volume": 0.04}
[2026-09-25 12:18:51.139] [SFX] {"sound": "civ_move_1", "volume": 0.08}
[2026-09-25 12:18:51.295] [SFX] {"sound": "guardian_move", "volume": 0.3}
[2026-09-25 12:18:51.296] [SFX] {"sound": "civ_move_1", "volume": 0.07}
[2026-09-25 12:18:51.317] [SFX] {"sound": "civ_move_2", "volume": 0.05}
[2026-09-25 12:18:51.335] [SFX] {"sound": "guardian_move", "volume": 0.07}
[2026-09-25 12:18:51.462] [SFX] {"sound": "civ_move_2", "volume": 0.1}
[2026-09-25 12:18:51.485] [SFX] {"sound": "civ_move_2", "volume": 0.08}
[2026-09-25 12:18:51.530] [SFX] {"sound": "civ_move_2", "volume": 0.03}
[2026-09-25 12:18:51.530] [SFX] {"sound": "civ_move_1", "volume": 0.1}
[2026-09-25 12:18:51.553] [SFX] {"sound": "civ_move_1", "volume": 0.08}
[2026-09-25 12:18:51.726] [SFX] {"sound": "civ_move_2", "volume": 0.06}
[2026-09-25 12:18:51.760] [M] {"button": 1, "pos": [341, 216], "ui_clicked": false}
[2026-09-25 12:18:51.768] [P] {"start": [90, 28], "goal": [92, 32], "length": 6, "is_direction_change": false}
[2026-09-25 12:18:51.768] [SFX] {"sound": "click_target", "volume": 0.7}
[2026-09-25 12:18:51.876] [SFX] {"sound": "civ_move_2", "volume": 0.09}
[2026-09-25 12:18:51.899] [SFX] {"sound": "civ_move_2", "volume": 0.08}
[2026-09-25 12:18:51.914] [SFX] {"sound": "guardian_move", "volume": 0.28}
[2026-09-25 12:18:51.939] [SFX] {"sound": "guardian_move", "volume": 0.06}
[2026-09-25 12:18:51.940] [SFX] {"sound": "civ_move_2", "volume": 0.01}
[2026-09-25 12:18:51.941] [SFX] {"sound": "civ_move_1", "volume": 0.11}
[2026-09-25 12:18:51.963] [SFX] {"sound": "civ_move_1", "volume": 0.08}
[2026-09-25 12:18:52.073] [SFX] {"sound": "player_move", "volume": 0.4}
[2026-09-25 12:18:52.138] [SFX] {"sound": "civ_move_2", "volume": 0.08}
[2026-09-25 12:18:52.139] [SFX] {"sound": "civ_move_1", "volume": 0.09}
[2026-09-25 12:18:52.205] [SFX] {"sound": "civ_move_1", "volume": 0.0}
[2026-09-25 12:18:52.288] [SFX] {"sound": "civ_move_2", "volume": 0.1}
[2026-09-25 12:18:52.311] [SFX] {"sound": "civ_move_2", "volume": 0.13}
[2026-09-25 12:18:52.355] [SFX] {"sound": "civ_move_1", "volume": 0.1}
[2026-09-25 12:18:52.356] [SFX] {"sound": "civ_move_2", "volume": 0.03}
[2026-09-25 12:18:52.357] [SFX] {"sound": "civ_move_1", "volume": 0.11}
[2026-09-25 12:18:52.388] [SFX] {"sound": "player_move", "volume": 0.4}
[2026-09-25 12:18:52.521] [SFX] {"sound": "guardian_move", "volume": 0.26}
[2026-09-25 12:18:52.544] [SFX] {"sound": "civ_move_2", "volume": 0.09}
[2026-09-25 12:18:52.545] [SFX] {"sound": "civ_move_1", "volume": 0.09}
[2026-09-25 12:18:52.561] [SFX] {"sound": "guardian_move", "volume": 0.08}
[2026-09-25 12:18:52.688] [SFX] {"sound": "civ_move_2", "volume": 0.07}
[2026-09-25 12:18:52.711] [SFX] {"sound": "civ_move_2", "volume": 0.12}
[2026-09-25 12:18:52.771] [SFX] {"sound": "civ_move_1", "volume": 0.09}
[2026-09-25 12:18:52.772] [SFX] {"sound": "civ_move_2", "volume": 0.02}
[2026-09-25 12:18:52.772] [SFX] {"sound": "civ_move_1", "volume": 0.09}
[2026-09-25 12:18:52.954] [SFX] {"sound": "civ_move_2", "volume": 0.09}
[2026-09-25 12:18:52.955] [SFX] {"sound": "civ_move_1", "volume": 0.09}
[2026-09-25 12:18:52.971] [M] {"button": 1, "pos": [333, 219], "ui_clicked": false}
[2026-09-25 12:18:52.980] [P] {"start": [92, 32], "goal": [93, 36], "length": 2, "is_direction_change": false}
[2026-09-25 12:18:52.980] [SFX] {"sound": "click_target", "volume": 0.7}
[2026-09-25 12:18:53.013] [JACK] Vorsichtig vorantasten...
[2026-09-25 12:18:53.026] [SFX] {"sound": "civ_move_1", "volume": 0.01}
[2026-09-25 12:18:53.102] [SFX] {"sound": "civ_move_2", "volume": 0.06}
[2026-09-25 12:18:53.124] [SFX] {"sound": "civ_move_2", "volume": 0.11}
[2026-09-25 12:18:53.141] [SFX] {"sound": "guardian_move", "volume": 0.22}
[2026-09-25 12:18:53.158] [SFX] {"sound": "player_move", "volume": 0.4}
[2026-09-25 12:18:53.174] [SFX] {"sound": "guardian_move", "volume": 0.09}
[2026-09-25 12:18:53.190] [SFX] {"sound": "civ_move_1", "volume": 0.09}
[2026-09-25 12:18:53.191] [SFX] {"sound": "civ_move_2", "volume": 0.04}
[2026-09-25 12:18:53.191] [SFX] {"sound": "civ_move_1", "volume": 0.07}
[2026-09-25 12:18:53.366] [SFX] {"sound": "civ_move_2", "volume": 0.0}
[2026-09-25 12:18:53.367] [SFX] {"sound": "civ_move_2", "volume": 0.1}
[2026-09-25 12:18:53.368] [SFX] {"sound": "civ_move_1", "volume": 0.1}
[2026-09-25 12:18:53.432] [SFX] {"sound": "civ_move_1", "volume": 0.02}
[2026-09-25 12:18:53.514] [SFX] {"sound": "civ_move_2", "volume": 0.05}
[2026-09-25 12:18:53.537] [SFX] {"sound": "civ_move_2", "volume": 0.1}
[2026-09-25 12:18:53.598] [SFX] {"sound": "civ_move_1", "volume": 0.1}
[2026-09-25 12:18:53.599] [SFX] {"sound": "civ_move_2", "volume": 0.03}
[2026-09-25 12:18:53.600] [SFX] {"sound": "civ_move_1", "volume": 0.06}
[2026-09-25 12:18:53.748] [SFX] {"sound": "guardian_move", "volume": 0.21}
[2026-09-25 12:18:53.771] [SFX] {"sound": "civ_move_2", "volume": 0.13}
[2026-09-25 12:18:53.772] [SFX] {"sound": "civ_move_1", "volume": 0.1}
[2026-09-25 12:18:53.790] [SFX] {"sound": "guardian_move", "volume": 0.08}
[2026-09-25 12:18:53.834] [SFX] {"sound": "civ_move_1", "volume": 0.04}
[2026-09-25 12:18:53.917] [SFX] {"sound": "civ_move_2", "volume": 0.04}
[2026-09-25 12:18:53.944] [SFX] {"sound": "civ_move_2", "volume": 0.09}
[2026-09-25 12:18:54.002] [SFX] {"sound": "civ_move_1", "volume": 0.09}
[2026-09-25 12:18:54.002] [SFX] {"sound": "civ_move_2", "volume": 0.02}
[2026-09-25 12:18:54.003] [SFX] {"sound": "civ_move_1", "volume": 0.05}
[2026-09-25 12:18:54.166] [SFX] {"sound": "civ_move_2", "volume": 0.13}
[2026-09-25 12:18:54.167] [SFX] {"sound": "civ_move_1", "volume": 0.1}
[2026-09-25 12:18:54.248] [SFX] {"sound": "civ_move_1", "volume": 0.05}
[2026-09-25 12:18:54.332] [SFX] {"sound": "civ_move_2", "volume": 0.03}
[2026-09-25 12:18:54.356] [SFX] {"sound": "guardian_move", "volume": 0.19}
[2026-09-25 12:18:54.356] [SFX] {"sound": "civ_move_2", "volume": 0.08}
[2026-09-25 12:18:54.398] [SFX] {"sound": "guardian_move", "volume": 0.07}
[2026-09-25 12:18:54.421] [SFX] {"sound": "civ_move_1", "volume": 0.09}
[2026-09-25 12:18:54.422] [SFX] {"sound": "civ_move_2", "volume": 0.01}
[2026-09-25 12:18:54.423] [SFX] {"sound": "civ_move_1", "volume": 0.04}
[2026-09-25 12:18:54.582] [SFX] {"sound": "civ_move_2", "volume": 0.12}
[2026-09-25 12:18:54.583] [SFX] {"sound": "civ_move_1", "volume": 0.09}
[2026-09-25 12:18:54.665] [SFX] {"sound": "civ_move_1", "volume": 0.06}
[2026-09-25 12:18:54.748] [SFX] {"sound": "civ_move_2", "volume": 0.06}
[2026-09-25 12:18:54.749] [SFX] {"sound": "civ_move_2", "volume": 0.01}
[2026-09-25 12:18:54.817] [SFX] {"sound": "civ_move_1", "volume": 0.09}
[2026-09-25 12:18:54.817] [SFX] {"sound": "civ_move_1", "volume": 0.03}
[2026-09-25 12:18:54.949] [SFX] {"sound": "guardian_move", "volume": 0.16}
[2026-09-25 12:18:54.982] [SFX] {"sound": "civ_move_2", "volume": 0.12}
[2026-09-25 12:18:54.982] [SFX] {"sound": "civ_move_1", "volume": 0.08}
[2026-09-25 12:18:55.004] [SFX] {"sound": "guardian_move", "volume": 0.06}
[2026-09-25 12:18:55.065] [SFX] {"sound": "civ_move_1", "volume": 0.07}
[2026-09-25 12:18:55.164] [SFX] {"sound": "civ_move_2", "volume": 0.05}
[2026-09-25 12:18:55.165] [SFX] {"sound": "civ_move_2", "volume": 0.0}
[2026-09-25 12:18:55.231] [SFX] {"sound": "civ_move_1", "volume": 0.08}
[2026-09-25 12:18:55.232] [SFX] {"sound": "civ_move_1", "volume": 0.01}
[2026-09-25 12:18:55.281] [SFX] {"sound": "civ_move_2", "volume": 0.01}
[2026-09-25 12:18:55.396] [SFX] {"sound": "civ_move_2", "volume": 0.12}
[2026-09-25 12:18:55.397] [SFX] {"sound": "civ_move_1", "volume": 0.07}
[2026-09-25 12:18:55.478] [SFX] {"sound": "civ_move_1", "volume": 0.08}
[2026-09-25 12:18:55.562] [SFX] {"sound": "guardian_move", "volume": 0.14}
[2026-09-25 12:18:55.586] [SFX] {"sound": "civ_move_2", "volume": 0.04}
[2026-09-25 12:18:55.612] [SFX] {"sound": "guardian_move", "volume": 0.04}
[2026-09-25 12:18:55.645] [SFX] {"sound": "civ_move_1", "volume": 0.08}
[2026-09-25 12:18:55.646] [SFX] {"sound": "civ_move_1", "volume": 0.0}
[2026-09-25 12:18:55.697] [SFX] {"sound": "civ_move_2", "volume": 0.02}
[2026-09-25 12:18:55.796] [SFX] {"sound": "civ_move_2", "volume": 0.11}
[2026-09-25 12:18:55.797] [SFX] {"sound": "civ_move_1", "volume": 0.06}
[2026-09-25 12:18:55.879] [SFX] {"sound": "civ_move_1", "volume": 0.09}
[2026-09-25 12:18:55.992] [SFX] {"sound": "civ_move_2", "volume": 0.03}
[2026-09-25 12:18:56.056] [SFX] {"sound": "civ_move_1", "volume": 0.07}
[2026-09-25 12:18:56.108] [SFX] {"sound": "civ_move_2", "volume": 0.02}
[2026-09-25 12:18:56.173] [SFX] {"sound": "guardian_move", "volume": 0.12}
[2026-09-25 12:18:56.206] [SFX] {"sound": "civ_move_2", "volume": 0.11}
[2026-09-25 12:18:56.207] [SFX] {"sound": "civ_move_1", "volume": 0.05}
[2026-09-25 12:18:56.228] [SFX] {"sound": "guardian_move", "volume": 0.03}
[2026-09-25 12:18:56.288] [SFX] {"sound": "civ_move_1", "volume": 0.11}
[2026-09-25 12:18:56.403] [SFX] {"sound": "civ_move_2", "volume": 0.02}
[2026-09-25 12:18:56.472] [SFX] {"sound": "civ_move_1", "volume": 0.07}
[2026-09-25 12:18:56.520] [SFX] {"sound": "civ_move_2", "volume": 0.04}
[2026-09-25 12:18:56.536] [M] {"button": 1, "pos": [332, 219], "ui_clicked": false}
[2026-09-25 12:18:56.619] [SFX] {"sound": "civ_move_2", "volume": 0.1}
[2026-09-25 12:18:56.620] [SFX] {"sound": "civ_move_1", "volume": 0.04}
[2026-09-25 12:18:56.700] [SFX] {"sound": "civ_move_1", "volume": 0.11}
[2026-09-25 12:18:56.784] [SFX] {"sound": "guardian_move", "volume": 0.1}
[2026-09-25 12:18:56.818] [SFX] {"sound": "civ_move_2", "volume": 0.01}
[2026-09-25 12:18:56.840] [SFX] {"sound": "guardian_move", "volume": 0.01}
[2026-09-25 12:18:56.885] [SFX] {"sound": "civ_move_1", "volume": 0.06}
[2026-09-25 12:18:56.933] [SFX] {"sound": "civ_move_2", "volume": 0.04}
[2026-09-25 12:18:57.031] [SFX] {"sound": "civ_move_2", "volume": 0.08}
[2026-09-25 12:18:57.032] [SFX] {"sound": "civ_move_1", "volume": 0.03}
[2026-09-25 12:18:57.115] [SFX] {"sound": "civ_move_1", "volume": 0.12}
[2026-09-25 12:18:57.299] [SFX] {"sound": "civ_move_1", "volume": 0.05}
[2026-09-25 12:18:57.349] [SFX] {"sound": "civ_move_2", "volume": 0.05}
[2026-09-25 12:18:57.399] [SFX] {"sound": "guardian_move", "volume": 0.07}
[2026-09-25 12:18:57.436] [SFX] {"sound": "civ_move_2", "volume": 0.07}
[2026-09-25 12:18:57.437] [SFX] {"sound": "civ_move_1", "volume": 0.02}
[2026-09-25 12:18:57.531] [SFX] {"sound": "civ_move_1", "volume": 0.12}
[2026-09-25 12:18:57.713] [SFX] {"sound": "civ_move_1", "volume": 0.05}
[2026-09-25 12:18:57.764] [SFX] {"sound": "civ_move_2", "volume": 0.06}
[2026-09-25 12:18:57.833] [SFX] {"sound": "civ_move_1", "volume": 0.01}
[2026-09-25 12:18:57.935] [SFX] {"sound": "civ_move_1", "volume": 0.12}
[2026-09-25 12:18:58.001] [SFX] {"sound": "guardian_move", "volume": 0.05}
[2026-09-25 12:18:58.002] [SFX] {"sound": "guardian_move", "volume": 0.01}
[2026-09-25 12:18:58.114] [SFX] {"sound": "civ_move_1", "volume": 0.04}
[2026-09-25 12:18:58.164] [SFX] {"sound": "civ_move_2", "volume": 0.07}
[2026-09-25 12:18:58.247] [SFX] {"sound": "civ_move_2", "volume": 0.05}
[2026-09-25 12:18:58.247] [SFX] {"sound": "civ_move_1", "volume": 0.02}
[2026-09-25 12:18:58.347] [SFX] {"sound": "civ_move_1", "volume": 0.13}
[2026-09-25 12:18:58.528] [SFX] {"sound": "civ_move_1", "volume": 0.03}
[2026-09-25 12:18:58.578] [SFX] {"sound": "civ_move_2", "volume": 0.08}
[2026-09-25 12:18:58.611] [SFX] {"sound": "guardian_move", "volume": 0.03}
[2026-09-25 12:18:58.612] [SFX] {"sound": "guardian_move", "volume": 0.02}
[2026-09-25 12:18:58.661] [SFX] {"sound": "civ_move_2", "volume": 0.04}
[2026-09-25 12:18:58.662] [SFX] {"sound": "civ_move_1", "volume": 0.03}
[2026-09-25 12:18:58.763] [SFX] {"sound": "civ_move_1", "volume": 0.13}
[2026-09-25 12:18:58.928] [SFX] {"sound": "civ_move_1", "volume": 0.03}
[2026-09-25 12:18:58.977] [SFX] {"sound": "civ_move_2", "volume": 0.09}
[2026-09-25 12:18:59.061] [SFX] {"sound": "civ_move_2", "volume": 0.03}
[2026-09-25 12:18:59.062] [SFX] {"sound": "civ_move_1", "volume": 0.04}
[2026-09-25 12:18:59.181] [SFX] {"sound": "civ_move_1", "volume": 0.1}
[2026-09-25 12:18:59.227] [SFX] {"sound": "guardian_move", "volume": 0.0}
[2026-09-25 12:18:59.228] [SFX] {"sound": "guardian_move", "volume": 0.04}
[2026-09-25 12:18:59.343] [SFX] {"sound": "civ_move_1", "volume": 0.02}
[2026-09-25 12:18:59.393] [SFX] {"sound": "civ_move_2", "volume": 0.1}
[2026-09-25 12:18:59.462] [SFX] {"sound": "civ_move_2", "volume": 0.02}
[2026-09-25 12:18:59.462] [SFX] {"sound": "civ_move_1", "volume": 0.03}
[2026-09-25 12:18:59.579] [SFX] {"sound": "civ_move_1", "volume": 0.1}
[2026-09-25 12:18:59.745] [SFX] {"sound": "civ_move_1", "volume": 0.01}
[2026-09-25 12:18:59.794] [SFX] {"sound": "civ_move_2", "volume": 0.11}
[2026-09-25 12:18:59.827] [SFX] {"sound": "guardian_move", "volume": 0.05}
[2026-09-25 12:18:59.878] [SFX] {"sound": "civ_move_2", "volume": 0.0}
[2026-09-25 12:18:59.879] [SFX] {"sound": "civ_move_1", "volume": 0.03}
[2026-09-25 12:18:59.993] [SFX] {"sound": "civ_move_1", "volume": 0.1}
[2026-09-25 12:19:00.158] [SFX] {"sound": "civ_move_1", "volume": 0.0}
[2026-09-25 12:19:00.208] [SFX] {"sound": "civ_move_2", "volume": 0.12}
[2026-09-25 12:19:00.308] [SFX] {"sound": "civ_move_1", "volume": 0.02}
[2026-09-25 12:19:00.407] [SFX] {"sound": "civ_move_1", "volume": 0.1}
[2026-09-25 12:19:00.407] [SFX] {"sound": "civ_move_1", "volume": 0.01}
[2026-09-25 12:19:00.439] [SFX] {"sound": "guardian_move", "volume": 0.06}
[2026-09-25 12:19:00.617] [SFX] {"sound": "civ_move_2", "volume": 0.13}
[2026-09-25 12:19:00.718] [SFX] {"sound": "civ_move_1", "volume": 0.02}
[2026-09-25 12:19:00.817] [SFX] {"sound": "civ_move_1", "volume": 0.1}
[2026-09-25 12:19:00.818] [SFX] {"sound": "civ_move_1", "volume": 0.02}
[2026-09-25 12:19:01.029] [SFX] {"sound": "civ_move_2", "volume": 0.14}
[2026-09-25 12:19:01.051] [SFX] {"sound": "guardian_move", "volume": 0.08}
[2026-09-25 12:19:01.130] [SFX] {"sound": "civ_move_1", "volume": 0.01}
[2026-09-25 12:19:01.231] [SFX] {"sound": "civ_move_1", "volume": 0.11}
[2026-09-25 12:19:01.232] [SFX] {"sound": "civ_move_1", "volume": 0.03}
[2026-09-25 12:19:01.432] [SFX] {"sound": "civ_move_2", "volume": 0.15}
[2026-09-25 12:19:01.530] [SFX] {"sound": "civ_move_1", "volume": 0.02}
[2026-09-25 12:19:01.631] [SFX] {"sound": "civ_move_1", "volume": 0.12}
[2026-09-25 12:19:01.631] [SFX] {"sound": "civ_move_1", "volume": 0.04}
[2026-09-25 12:19:01.653] [SFX] {"sound": "guardian_move", "volume": 0.09}
[2026-09-25 12:19:01.832] [SFX] {"sound": "civ_move_2", "volume": 0.16}
[2026-09-25 12:19:01.933] [SFX] {"sound": "civ_move_1", "volume": 0.03}
[2026-09-25 12:19:02.030] [SFX] {"sound": "civ_move_1", "volume": 0.13}
[2026-09-25 12:19:02.031] [SFX] {"sound": "civ_move_1", "volume": 0.05}
[2026-09-25 12:19:02.249] [SFX] {"sound": "guardian_move", "volume": 0.1}
[2026-09-25 12:19:02.249] [SFX] {"sound": "civ_move_2", "volume": 0.17}
[2026-09-25 12:19:02.333] [SFX] {"sound": "civ_move_1", "volume": 0.03}
[2026-09-25 12:19:02.432] [SFX] {"sound": "civ_move_1", "volume": 0.14}
[2026-09-25 12:19:02.432] [SFX] {"sound": "civ_move_1", "volume": 0.05}
[2026-09-25 12:19:02.665] [SFX] {"sound": "civ_move_2", "volume": 0.18}
[2026-09-25 12:19:02.747] [SFX] {"sound": "civ_move_1", "volume": 0.03}
[2026-09-25 12:19:02.846] [SFX] {"sound": "civ_move_1", "volume": 0.15}
[2026-09-25 12:19:02.847] [SFX] {"sound": "civ_move_1", "volume": 0.07}
[2026-09-25 12:19:02.870] [SFX] {"sound": "guardian_move", "volume": 0.11}
[2026-09-25 12:19:03.051] [M] {"button": 1, "pos": [356, 184], "ui_clicked": false}
[2026-09-25 12:19:03.058] [P] {"start": [93, 36], "goal": [97, 36], "length": 5, "is_direction_change": false}
[2026-09-25 12:19:03.059] [SFX] {"sound": "click_target", "volume": 0.71}
[2026-09-25 12:19:03.079] [JACK] Kurzer Blick um die Ecke...
[2026-09-25 12:19:03.080] [SFX] {"sound": "civ_move_2", "volume": 0.19}
[2026-09-25 12:19:03.136] [SFX] {"sound": "civ_move_1", "volume": 0.01}
[2026-09-25 12:19:03.159] [SFX] {"sound": "civ_move_1", "volume": 0.04}
[2026-09-25 12:19:03.252] [SFX] {"sound": "civ_move_1", "volume": 0.16}
[2026-09-25 12:19:03.253] [SFX] {"sound": "civ_move_1", "volume": 0.06}
[2026-09-25 12:19:03.275] [SFX] {"sound": "player_move", "volume": 0.4}
[2026-09-25 12:19:03.466] [SFX] {"sound": "guardian_move", "volume": 0.14}
[2026-09-25 12:19:03.488] [SFX] {"sound": "civ_move_2", "volume": 0.19}
[2026-09-25 12:19:03.549] [SFX] {"sound": "civ_move_1", "volume": 0.03}
[2026-09-25 12:19:03.571] [SFX] {"sound": "civ_move_1", "volume": 0.06}
[2026-09-25 12:19:03.664] [SFX] {"sound": "civ_move_1", "volume": 0.19}
[2026-09-25 12:19:03.665] [SFX] {"sound": "civ_move_1", "volume": 0.08}
[2026-09-25 12:19:03.899] [SFX] {"sound": "civ_move_2", "volume": 0.19}
[2026-09-25 12:19:03.950] [SFX] {"sound": "civ_move_1", "volume": 0.04}
[2026-09-25 12:19:03.973] [SFX] {"sound": "civ_move_1", "volume": 0.05}
[2026-09-25 12:19:03.998] [M] {"button": 1, "pos": [358, 187], "ui_clicked": false}
[2026-09-25 12:19:04.066] [SFX] {"sound": "guardian_move", "volume": 0.16}
[2026-09-25 12:19:04.067] [SFX] {"sound": "civ_move_1", "volume": 0.19}
[2026-09-25 12:19:04.067] [SFX] {"sound": "civ_move_1", "volume": 0.09}
[2026-09-25 12:19:04.316] [SFX] {"sound": "civ_move_2", "volume": 0.2}
[2026-09-25 12:19:04.367] [SFX] {"sound": "civ_move_1", "volume": 0.05}
[2026-09-25 12:19:04.482] [SFX] {"sound": "civ_move_1", "volume": 0.2}
[2026-09-25 12:19:04.483] [SFX] {"sound": "civ_move_1", "volume": 0.1}
[2026-09-25 12:19:04.548] [M] {"button": 1, "pos": [356, 177], "ui_clicked": false}
[2026-09-25 12:19:04.681] [SFX] {"sound": "guardian_move", "volume": 0.16}
[2026-09-25 12:19:04.731] [SFX] {"sound": "civ_move_2", "volume": 0.2}
[2026-09-25 12:19:04.795] [SFX] {"sound": "civ_move_1", "volume": 0.05}
[2026-09-25 12:19:04.809] [SFX] {"sound": "civ_move_1", "volume": 0.06}
[2026-09-25 12:19:04.883] [SFX] {"sound": "civ_move_1", "volume": 0.2}
[2026-09-25 12:19:04.884] [SFX] {"sound": "civ_move_1", "volume": 0.11}
[2026-09-25 12:19:05.050] [M] {"button": 1, "pos": [353, 161], "ui_clicked": false}
[2026-09-25 12:19:05.133] [SFX] {"sound": "civ_move_2", "volume": 0.2}
[2026-09-25 12:19:05.182] [SFX] {"sound": "civ_move_1", "volume": 0.06}
[2026-09-25 12:19:05.295] [SFX] {"sound": "guardian_move", "volume": 0.17}
[2026-09-25 12:19:05.296] [SFX] {"sound": "civ_move_1", "volume": 0.2}
[2026-09-25 12:19:05.297] [SFX] {"sound": "civ_move_1", "volume": 0.12}
[2026-09-25 12:19:05.546] [SFX] {"sound": "civ_move_2", "volume": 0.2}
[2026-09-25 12:19:05.597] [SFX] {"sound": "civ_move_1", "volume": 0.07}
[2026-09-25 12:19:05.630] [SFX] {"sound": "civ_move_1", "volume": 0.06}
[2026-09-25 12:19:05.695] [SFX] {"sound": "civ_move_1", "volume": 0.2}
[2026-09-25 12:19:05.696] [SFX] {"sound": "civ_move_1", "volume": 0.13}
[2026-09-25 12:19:05.712] [M] {"button": 1, "pos": [350, 149], "ui_clicked": false}
[2026-09-25 12:19:05.719] [P] {"start": [97, 36], "goal": [100, 32], "length": 4, "is_direction_change": false}
[2026-09-25 12:19:05.720] [SFX] {"sound": "click_target", "volume": 0.87}
[2026-09-25 12:19:05.797] [SFX] {"sound": "player_move", "volume": 0.4}
[2026-09-25 12:19:05.895] [SFX] {"sound": "guardian_move", "volume": 0.18}
[2026-09-25 12:19:05.961] [SFX] {"sound": "civ_move_2", "volume": 0.19}
[2026-09-25 12:19:06.010] [SFX] {"sound": "civ_move_1", "volume": 0.07}
[2026-09-25 12:19:06.044] [SFX] {"sound": "civ_move_1", "volume": 0.05}
[2026-09-25 12:19:06.109] [SFX] {"sound": "civ_move_1", "volume": 0.17}
[2026-09-25 12:19:06.109] [SFX] {"sound": "civ_move_1", "volume": 0.11}
[2026-09-25 12:19:06.375] [SFX] {"sound": "civ_move_2", "volume": 0.18}
[2026-09-25 12:19:06.425] [SFX] {"sound": "civ_move_1", "volume": 0.07}
[2026-09-25 12:19:06.458] [SFX] {"sound": "civ_move_1", "volume": 0.04}
[2026-09-25 12:19:06.509] [SFX] {"sound": "guardian_move", "volume": 0.19}
[2026-09-25 12:19:06.510] [SFX] {"sound": "civ_move_1", "volume": 0.16}
[2026-09-25 12:19:06.511] [SFX] {"sound": "civ_move_1", "volume": 0.11}
[2026-09-25 12:19:06.738] [M] {"button": 1, "pos": [356, 165], "ui_clicked": false}
[2026-09-25 12:19:06.746] [P] {"start": [100, 32], "goal": [104, 30], "length": 3, "is_direction_change": false}
[2026-09-25 12:19:06.746] [SFX] {"sound": "click_target", "volume": 0.88}
[2026-09-25 12:19:06.775] [SFX] {"sound": "player_move", "volume": 0.4}
[2026-09-25 12:19:06.790] [SFX] {"sound": "civ_move_2", "volume": 0.18}
[2026-09-25 12:19:06.831] [SFX] {"sound": "civ_move_1", "volume": 0.09}
[2026-09-25 12:19:06.866] [SFX] {"sound": "civ_move_1", "volume": 0.04}
[2026-09-25 12:19:06.915] [SFX] {"sound": "civ_move_1", "volume": 0.14}
[2026-09-25 12:19:06.916] [SFX] {"sound": "civ_move_1", "volume": 0.11}
[2026-09-25 12:19:07.065] [SFX] {"sound": "player_move", "volume": 0.4}
[2026-09-25 12:19:07.116] [SFX] {"sound": "guardian_move", "volume": 0.22}
[2026-09-25 12:19:07.198] [SFX] {"sound": "civ_move_2", "volume": 0.17}
[2026-09-25 12:19:07.232] [SFX] {"sound": "civ_move_1", "volume": 0.09}
[2026-09-25 12:19:07.266] [SFX] {"sound": "civ_move_1", "volume": 0.03}
[2026-09-25 12:19:07.316] [SFX] {"sound": "civ_move_1", "volume": 0.13}
[2026-09-25 12:19:07.316] [SFX] {"sound": "civ_move_1", "volume": 0.11}
[2026-09-25 12:19:07.448] [SFX] {"sound": "civ_move_2", "volume": 0.01}
[2026-09-25 12:19:07.612] [SFX] {"sound": "civ_move_2", "volume": 0.17}
[2026-09-25 12:19:07.645] [SFX] {"sound": "civ_move_1", "volume": 0.1}
[2026-09-25 12:19:07.678] [SFX] {"sound": "civ_move_1", "volume": 0.02}
[2026-09-25 12:19:07.728] [SFX] {"sound": "guardian_move", "volume": 0.28}
[2026-09-25 12:19:07.729] [SFX] {"sound": "civ_move_1", "volume": 0.12}
[2026-09-25 12:19:07.730] [SFX] {"sound": "civ_move_1", "volume": 0.11}
[2026-09-25 12:19:07.812] [M] {"button": 1, "pos": [356, 166], "ui_clicked": false}
[2026-09-25 12:19:07.819] [P] {"start": [104, 30], "goal": [108, 28], "length": 3, "is_direction_change": false}
[2026-09-25 12:19:07.820] [SFX] {"sound": "click_target", "volume": 0.88}
[2026-09-25 12:19:07.860] [SFX] {"sound": "civ_move_2", "volume": 0.03}
[2026-09-25 12:19:08.024] [SFX] {"sound": "civ_move_2", "volume": 0.16}
[2026-09-25 12:19:08.058] [SFX] {"sound": "civ_move_1", "volume": 0.11}
[2026-09-25 12:19:08.091] [SFX] {"sound": "civ_move_1", "volume": 0.02}
[2026-09-25 12:19:08.124] [SFX] {"sound": "player_move", "volume": 0.4}
[2026-09-25 12:19:08.146] [SFX] {"sound": "civ_move_1", "volume": 0.09}
[2026-09-25 12:19:08.146] [SFX] {"sound": "civ_move_1", "volume": 0.1}
[2026-09-25 12:19:08.271] [SFX] {"sound": "civ_move_2", "volume": 0.07}
[2026-09-25 12:19:08.339] [SFX] {"sound": "guardian_move", "volume": 0.32}
[2026-09-25 12:19:08.439] [SFX] {"sound": "civ_move_2", "volume": 0.16}
[2026-09-25 12:19:08.473] [SFX] {"sound": "civ_move_1", "volume": 0.12}
[2026-09-25 12:19:08.506] [SFX] {"sound": "civ_move_1", "volume": 0.02}
[2026-09-25 12:19:08.555] [SFX] {"sound": "civ_move_1", "volume": 0.08}
[2026-09-25 12:19:08.555] [SFX] {"sound": "civ_move_1", "volume": 0.1}
[2026-09-25 12:19:08.672] [SFX] {"sound": "civ_move_2", "volume": 0.08}
[2026-09-25 12:19:08.854] [SFX] {"sound": "civ_move_2", "volume": 0.15}
[2026-09-25 12:19:08.887] [SFX] {"sound": "civ_move_1", "volume": 0.13}
[2026-09-25 12:19:08.919] [SFX] {"sound": "civ_move_1", "volume": 0.01}
[2026-09-25 12:19:08.951] [SFX] {"sound": "guardian_move", "volume": 0.33}
[2026-09-25 12:19:08.974] [SFX] {"sound": "civ_move_1", "volume": 0.07}
[2026-09-25 12:19:08.975] [SFX] {"sound": "civ_move_1", "volume": 0.11}
[2026-09-25 12:19:09.086] [SFX] {"sound": "civ_move_2", "volume": 0.09}
[2026-09-25 12:19:09.255] [SFX] {"sound": "civ_move_2", "volume": 0.15}
[2026-09-25 12:19:09.288] [SFX] {"sound": "civ_move_1", "volume": 0.14}
[2026-09-25 12:19:09.322] [SFX] {"sound": "civ_move_1", "volume": 0.0}
[2026-09-25 12:19:09.372] [SFX] {"sound": "civ_move_1", "volume": 0.06}
[2026-09-25 12:19:09.373] [SFX] {"sound": "civ_move_1", "volume": 0.12}
[2026-09-25 12:19:09.488] [SFX] {"sound": "civ_move_2", "volume": 0.1}
[2026-09-25 12:19:09.554] [SFX] {"sound": "guardian_move", "volume": 0.36}
[2026-09-25 12:19:09.595] [JACK] Hörst du das Wummern? Sentinels in der Nähe... Bloß keinen falschen Schritt machen!
[2026-09-25 12:19:09.668] [SFX] {"sound": "civ_move_2", "volume": 0.15}
[2026-09-25 12:19:09.701] [SFX] {"sound": "civ_move_1", "volume": 0.15}
[2026-09-25 12:19:09.732] [SFX] {"sound": "civ_move_2", "volume": 0.01}
[2026-09-25 12:19:09.783] [SFX] {"sound": "civ_move_1", "volume": 0.06}
[2026-09-25 12:19:09.784] [SFX] {"sound": "civ_move_1", "volume": 0.12}
[2026-09-25 12:19:09.799] [M] {"button": 1, "pos": [352, 168], "ui_clicked": false}
[2026-09-25 12:19:09.808] [SFX] {"sound": "threat_pulse", "volume": 0.3}
[2026-09-25 12:19:09.809] [SFX] {"sound": "click_target", "volume": 0.89}
[2026-09-25 12:19:09.898] [SFX] {"sound": "civ_move_2", "volume": 0.12}
[2026-09-25 12:19:10.081] [SFX] {"sound": "civ_move_2", "volume": 0.14}
[2026-09-25 12:19:10.114] [SFX] {"sound": "civ_move_1", "volume": 0.15}
[2026-09-25 12:19:10.147] [SFX] {"sound": "civ_move_2", "volume": 0.0}
[2026-09-25 12:19:10.173] [SFX] {"sound": "guardian_move", "volume": 0.4}
[2026-09-25 12:19:10.198] [SFX] {"sound": "civ_move_1", "volume": 0.03}
[2026-09-25 12:19:10.199] [SFX] {"sound": "civ_move_1", "volume": 0.12}
[2026-09-25 12:19:10.298] [SFX] {"sound": "civ_move_2", "volume": 0.13}
[2026-09-25 12:19:10.495] [SFX] {"sound": "civ_move_2", "volume": 0.14}
[2026-09-25 12:19:10.528] [SFX] {"sound": "civ_move_1", "volume": 0.16}
[2026-09-25 12:19:10.529] [SFX] {"sound": "civ_move_2", "volume": 0.0}
[2026-09-25 12:19:10.562] [SFX] {"sound": "civ_move_2", "volume": 0.01}
[2026-09-25 12:19:10.612] [SFX] {"sound": "civ_move_1", "volume": 0.03}
[2026-09-25 12:19:10.613] [SFX] {"sound": "civ_move_1", "volume": 0.12}
[2026-09-25 12:19:10.713] [SFX] {"sound": "civ_move_2", "volume": 0.15}
[2026-09-25 12:19:10.713] [SFX] {"sound": "threat_pulse", "volume": 0.37}
[2026-09-25 12:19:10.794] [SFX] {"sound": "guardian_move", "volume": 0.4}
[2026-09-25 12:19:10.911] [SFX] {"sound": "civ_move_2", "volume": 0.15}
[2026-09-25 12:19:10.944] [SFX] {"sound": "civ_move_1", "volume": 0.17}
[2026-09-25 12:19:10.945] [SFX] {"sound": "civ_move_2", "volume": 0.01}
[2026-09-25 12:19:11.029] [SFX] {"sound": "civ_move_1", "volume": 0.02}
[2026-09-25 12:19:11.030] [SFX] {"sound": "civ_move_1", "volume": 0.13}
[2026-09-25 12:19:11.128] [SFX] {"sound": "civ_move_2", "volume": 0.16}
[2026-09-25 12:19:11.262] [M] {"button": 1, "pos": [372, 207], "ui_clicked": true}
[2026-09-25 12:19:11.293] [SFX] {"sound": "game_over", "volume": 1.0}
[2026-09-25 12:19:20.004] [SFX] {"sound": "hack_success", "volume": 0.8}
[2026-09-25 12:19:20.848] [SESSION_RESET] {"msg": "--- NEW LIFE STARTED ---"}
[2026-09-25 12:19:20.893] [S] {"map": "Shadowgrid"}
[2026-09-25 12:19:20.916] [JACK] Blick ins Systemfenster... Was führen wir im Schild?
[2026-09-25 12:19:20.938] [JACK] Ah, im Shadowgrid angekommen... endlich.
[2026-09-25 12:19:20.938] [SFX] {"sound": "player_move", "volume": 0.4}
[2026-09-25 12:19:21.378] [SFX] {"sound": "civ_move_2", "volume": 0.21}
[2026-09-25 12:19:21.544] [SFX] {"sound": "player_move", "volume": 0.4}
[2026-09-25 12:19:21.578] [SFX] {"sound": "civ_move_2", "volume": 0.19}
[2026-09-25 12:19:21.644] [SFX] {"sound": "civ_move_1", "volume": 0.16}
[2026-09-25 12:19:21.712] [SFX] {"sound": "civ_move_2", "volume": 0.11}
[2026-09-25 12:19:21.777] [SFX] {"sound": "civ_move_2", "volume": 0.23}
[2026-09-25 12:19:21.810] [C] {"civ_pos": [56, 26]}
[2026-09-25 12:19:21.866] [SFX] {"sound": "player_move", "volume": 0.4}
[2026-09-25 12:19:21.981] [SFX] {"sound": "civ_move_2", "volume": 0.2}
[2026-09-25 12:19:22.048] [SFX] {"sound": "civ_move_1", "volume": 0.14}
[2026-09-25 12:19:22.114] [SFX] {"sound": "civ_move_2", "volume": 0.12}
[2026-09-25 12:19:22.180] [SFX] {"sound": "player_move", "volume": 0.4}
[2026-09-25 12:19:22.180] [SFX] {"sound": "civ_move_2", "volume": 0.28}
[2026-09-25 12:19:22.213] [SFX] {"sound": "civ_move_2", "volume": 0.02}
[2026-09-25 12:19:22.396] [SFX] {"sound": "civ_move_2", "volume": 0.21}
[2026-09-25 12:19:22.463] [SFX] {"sound": "civ_move_1", "volume": 0.18}
[2026-09-25 12:19:22.486] [SFX] {"sound": "player_move", "volume": 0.4}
[2026-09-25 12:19:22.514] [SFX] {"sound": "civ_move_2", "volume": 0.13}
[2026-09-25 12:19:22.595] [SFX] {"sound": "civ_move_2", "volume": 0.25}
[2026-09-25 12:19:22.628] [SFX] {"sound": "civ_move_2", "volume": 0.02}
[2026-09-25 12:19:22.796] [SFX] {"sound": "player_move", "volume": 0.4}
[2026-09-25 12:19:22.796] [SFX] {"sound": "civ_move_2", "volume": 0.23}
[2026-09-25 12:19:22.879] [SFX] {"sound": "civ_move_1", "volume": 0.19}
[2026-09-25 12:19:22.928] [SFX] {"sound": "civ_move_2", "volume": 0.16}
[2026-09-25 12:19:23.025] [SFX] {"sound": "civ_move_2", "volume": 0.21}
[2026-09-25 12:19:23.038] [SFX] {"sound": "civ_move_2", "volume": 0.06}
[2026-09-25 12:19:23.065] [M] {"button": 1, "pos": [310, 193], "ui_clicked": false}
[2026-09-25 12:19:23.097] [SFX] {"sound": "player_move", "volume": 0.4}
[2026-09-25 12:19:23.196] [SFX] {"sound": "civ_move_2", "volume": 0.26}
[2026-09-25 12:19:23.281] [SFX] {"sound": "civ_move_1", "volume": 0.15}
[2026-09-25 12:19:23.331] [SFX] {"sound": "civ_move_2", "volume": 0.2}
[2026-09-25 12:19:23.399] [SFX] {"sound": "player_move", "volume": 0.4}
[2026-09-25 12:19:23.420] [SFX] {"sound": "civ_move_2", "volume": 0.17}
[2026-09-25 12:19:23.448] [SFX] {"sound": "civ_move_2", "volume": 0.09}
[2026-09-25 12:19:23.580] [SFX] {"sound": "civ_move_2", "volume": 0.01}
[2026-09-25 12:19:23.603] [SFX] {"sound": "civ_move_2", "volume": 0.21}
[2026-09-25 12:19:23.663] [M] {"button": 1, "pos": [328, 193], "ui_clicked": false}
[2026-09-25 12:19:23.695] [SFX] {"sound": "civ_move_1", "volume": 0.09}
[2026-09-25 12:19:23.718] [SFX] {"sound": "player_move", "volume": 0.4}
[2026-09-25 12:19:23.746] [SFX] {"sound": "civ_move_2", "volume": 0.24}
[2026-09-25 12:19:23.829] [SFX] {"sound": "civ_move_2", "volume": 0.12}
[2026-09-25 12:19:23.996] [SFX] {"sound": "civ_move_2", "volume": 0.05}
[2026-09-25 12:19:24.019] [SFX] {"sound": "civ_move_2", "volume": 0.17}
[2026-09-25 12:19:24.034] [SFX] {"sound": "player_move", "volume": 0.4}
[2026-09-25 12:19:24.097] [SFX] {"sound": "civ_move_2", "volume": 0.01}
[2026-09-25 12:19:24.098] [SFX] {"sound": "civ_move_1", "volume": 0.04}
[2026-09-25 12:19:24.146] [SFX] {"sound": "civ_move_2", "volume": 0.26}
[2026-09-25 12:19:24.230] [SFX] {"sound": "civ_move_2", "volume": 0.06}
[2026-09-25 12:19:24.246] [M] {"button": 1, "pos": [325, 194], "ui_clicked": false}
[2026-09-25 12:19:24.253] [SFX] {"sound": "action_cancel", "volume": 1.0}
[2026-09-25 12:19:24.253] [P] {"start": [54, 62], "goal": [54, 60], "length": 1, "is_direction_change": true}
[2026-09-25 12:19:24.254] [SFX] {"sound": "click_target", "volume": 0.95}
[2026-09-25 12:19:24.274] [SFX] {"sound": "civ_move_2", "volume": 0.15}
[2026-09-25 12:19:24.315] [SFX] {"sound": "civ_move_2", "volume": 0.03}
[2026-09-25 12:19:24.336] [SFX] {"sound": "player_move", "volume": 0.4}
[2026-09-25 12:19:24.395] [SFX] {"sound": "civ_move_2", "volume": 0.05}
[2026-09-25 12:19:24.418] [SFX] {"sound": "civ_move_2", "volume": 0.16}
[2026-09-25 12:19:24.511] [SFX] {"sound": "civ_move_2", "volume": 0.01}
[2026-09-25 12:19:24.511] [SFX] {"sound": "civ_move_1", "volume": 0.03}
[2026-09-25 12:19:24.561] [SFX] {"sound": "civ_move_2", "volume": 0.27}
[2026-09-25 12:19:24.642] [SFX] {"sound": "civ_move_2", "volume": 0.07}
[2026-09-25 12:19:24.674] [SFX] {"sound": "civ_move_2", "volume": 0.12}
[2026-09-25 12:19:24.722] [SFX] {"sound": "civ_move_2", "volume": 0.02}
[2026-09-25 12:19:24.806] [SFX] {"sound": "civ_move_2", "volume": 0.04}
[2026-09-25 12:19:24.830] [SFX] {"sound": "civ_move_2", "volume": 0.17}
[2026-09-25 12:19:24.924] [SFX] {"sound": "civ_move_2", "volume": 0.0}
[2026-09-25 12:19:24.925] [SFX] {"sound": "civ_move_1", "volume": 0.02}
[2026-09-25 12:19:24.975] [SFX] {"sound": "civ_move_2", "volume": 0.28}
[2026-09-25 12:19:25.058] [SFX] {"sound": "civ_move_2", "volume": 0.07}
[2026-09-25 12:19:25.081] [SFX] {"sound": "civ_move_2", "volume": 0.12}
[2026-09-25 12:19:25.098] [C] {"civ_pos": [54, 58]}
[2026-09-25 12:19:25.141] [SFX] {"sound": "civ_move_2", "volume": 0.02}
[2026-09-25 12:19:25.207] [SFX] {"sound": "civ_move_2", "volume": 0.03}
[2026-09-25 12:19:25.231] [SFX] {"sound": "civ_move_2", "volume": 0.18}
[2026-09-25 12:19:25.339] [SFX] {"sound": "civ_move_1", "volume": 0.01}
[2026-09-25 12:19:25.388] [SFX] {"sound": "civ_move_2", "volume": 0.29}
[2026-09-25 12:19:25.469] [SFX] {"sound": "civ_move_2", "volume": 0.07}
[2026-09-25 12:19:25.493] [SFX] {"sound": "civ_move_2", "volume": 0.12}
[2026-09-25 12:19:25.553] [SFX] {"sound": "civ_move_2", "volume": 0.02}
[2026-09-25 12:19:25.637] [SFX] {"sound": "civ_move_2", "volume": 0.2}
[2026-09-25 12:19:25.754] [SFX] {"sound": "civ_move_1", "volume": 0.0}
[2026-09-25 12:19:25.804] [SFX] {"sound": "civ_move_2", "volume": 0.23}
[2026-09-25 12:19:25.871] [SFX] {"sound": "civ_move_2", "volume": 0.07}
[2026-09-25 12:19:25.894] [SFX] {"sound": "civ_move_2", "volume": 0.11}
[2026-09-25 12:19:25.953] [SFX] {"sound": "civ_move_2", "volume": 0.02}
[2026-09-25 12:19:26.051] [SFX] {"sound": "civ_move_2", "volume": 0.21}
[2026-09-25 12:19:26.216] [SFX] {"sound": "civ_move_2", "volume": 0.22}
[2026-09-25 12:19:26.281] [SFX] {"sound": "civ_move_2", "volume": 0.07}
[2026-09-25 12:19:26.303] [SFX] {"sound": "civ_move_2", "volume": 0.11}
[2026-09-25 12:19:26.366] [SFX] {"sound": "civ_move_2", "volume": 0.02}
[2026-09-25 12:19:26.464] [SFX] {"sound": "civ_move_2", "volume": 0.22}
[2026-09-25 12:19:26.683] [SFX] {"sound": "civ_move_2", "volume": 0.07}
[2026-09-25 12:19:26.705] [SFX] {"sound": "civ_move_2", "volume": 0.11}
[2026-09-25 12:19:26.766] [SFX] {"sound": "civ_move_2", "volume": 0.02}
[2026-09-25 12:19:26.881] [SFX] {"sound": "civ_move_2", "volume": 0.23}
[2026-09-25 12:19:27.028] [SFX] {"sound": "civ_move_2", "volume": 0.21}
[2026-09-25 12:19:27.094] [SFX] {"sound": "civ_move_2", "volume": 0.07}
[2026-09-25 12:19:27.116] [SFX] {"sound": "civ_move_2", "volume": 0.1}
[2026-09-25 12:19:27.178] [SFX] {"sound": "civ_move_2", "volume": 0.02}
[2026-09-25 12:19:27.294] [SFX] {"sound": "civ_move_2", "volume": 0.25}
[2026-09-25 12:19:27.429] [SFX] {"sound": "civ_move_2", "volume": 0.2}
[2026-09-25 12:19:27.495] [SFX] {"sound": "civ_move_2", "volume": 0.06}
[2026-09-25 12:19:27.517] [SFX] {"sound": "civ_move_2", "volume": 0.1}
[2026-09-25 12:19:27.579] [SFX] {"sound": "civ_move_2", "volume": 0.02}
[2026-09-25 12:19:27.694] [SFX] {"sound": "civ_move_2", "volume": 0.26}
[2026-09-25 12:19:27.828] [SFX] {"sound": "civ_move_2", "volume": 0.19}
[2026-09-25 12:19:27.895] [SFX] {"sound": "civ_move_2", "volume": 0.06}
[2026-09-25 12:19:27.918] [SFX] {"sound": "civ_move_2", "volume": 0.09}
[2026-09-25 12:19:27.995] [SFX] {"sound": "civ_move_2", "volume": 0.01}
[2026-09-25 12:19:28.062] [SFX] {"sound": "civ_move_2", "volume": 0.02}
[2026-09-25 12:19:28.095] [SFX] {"sound": "civ_move_2", "volume": 0.27}
[2026-09-25 12:19:28.231] [SFX] {"sound": "civ_move_2", "volume": 0.18}
[2026-09-25 12:19:28.297] [SFX] {"sound": "civ_move_2", "volume": 0.06}
[2026-09-25 12:19:28.319] [SFX] {"sound": "civ_move_2", "volume": 0.09}
[2026-09-25 12:19:28.398] [SFX] {"sound": "civ_move_2", "volume": 0.01}
[2026-09-25 12:19:28.498] [SFX] {"sound": "civ_move_2", "volume": 0.28}
[2026-09-25 12:19:28.582] [C] {"civ_pos": [54, 58]}
[2026-09-25 12:19:28.626] [JACK] Ein weiterer Passant im Netz. Ignorieren oder anpöbeln?
[2026-09-25 12:19:28.643] [SFX] {"sound": "civ_move_2", "volume": 0.17}
[2026-09-25 12:19:28.702] [SFX] {"sound": "civ_move_2", "volume": 0.05}
[2026-09-25 12:19:28.724] [SFX] {"sound": "civ_move_2", "volume": 0.08}
[2026-09-25 12:19:28.803] [SFX] {"sound": "civ_move_2", "volume": 0.01}
[2026-09-25 12:19:28.902] [SFX] {"sound": "civ_move_2", "volume": 0.29}
[2026-09-25 12:19:29.050] [SFX] {"sound": "civ_move_2", "volume": 0.16}
[2026-09-25 12:19:29.116] [SFX] {"sound": "civ_move_2", "volume": 0.04}
[2026-09-25 12:19:29.139] [SFX] {"sound": "civ_move_2", "volume": 0.07}
[2026-09-25 12:19:29.215] [SFX] {"sound": "civ_move_2", "volume": 0.0}
[2026-09-25 12:19:29.282] [SFX] {"sound": "civ_move_2", "volume": 0.01}
[2026-09-25 12:19:29.316] [SFX] {"sound": "civ_move_2", "volume": 0.23}
[2026-09-25 12:19:29.449] [SFX] {"sound": "civ_move_2", "volume": 0.15}
[2026-09-25 12:19:29.531] [SFX] {"sound": "civ_move_2", "volume": 0.04}
[2026-09-25 12:19:29.553] [SFX] {"sound": "civ_move_2", "volume": 0.07}
[2026-09-25 12:19:29.616] [SFX] {"sound": "civ_move_2", "volume": 0.0}
[2026-09-25 12:19:29.717] [SFX] {"sound": "civ_move_2", "volume": 0.22}
[2026-09-25 12:19:29.851] [SFX] {"sound": "civ_move_2", "volume": 0.14}
[2026-09-25 12:19:29.933] [SFX] {"sound": "civ_move_2", "volume": 0.03}
[2026-09-25 12:19:29.956] [SFX] {"sound": "civ_move_2", "volume": 0.06}
[2026-09-25 12:19:30.117] [SFX] {"sound": "civ_move_2", "volume": 0.22}
[2026-09-25 12:19:30.266] [SFX] {"sound": "civ_move_2", "volume": 0.13}
[2026-09-25 12:19:30.332] [SFX] {"sound": "civ_move_2", "volume": 0.03}
[2026-09-25 12:19:30.355] [SFX] {"sound": "civ_move_2", "volume": 0.05}
