[2026-09-25 11:30:41.662] [S] {"sid": "20260925_113041", "sys_t": "2026-09-25T11:30:41.661943"}
[2026-09-25 11:30:41.663] [SFX] {"sound": "hack_success", "volume": 0.8}
[2026-09-25 11:30:51.281] [SESSION_RESET] {"msg": "--- NEW LIFE STARTED ---"}
[2026-09-25 11:30:51.328] [S] {"map": "Shadowgrid"}
[2026-09-25 11:30:51.348] [JACK] Ah, im Shadowgrid angekommen... endlich.
[2026-09-25 11:30:51.770] [SFX] {"sound": "civ_move_2", "volume": 0.07}
[2026-09-25 11:30:51.832] [SFX] {"sound": "guardian_move", "volume": 0.06}
[2026-09-25 11:30:51.856] [SFX] {"sound": "civ_move_1", "volume": 0.04}
[2026-09-25 11:30:52.171] [SFX] {"sound": "civ_move_2", "volume": 0.01}
[2026-09-25 11:30:52.172] [SFX] {"sound": "civ_move_2", "volume": 0.06}
[2026-09-25 11:30:52.270] [SFX] {"sound": "civ_move_1", "volume": 0.04}
[2026-09-25 11:30:52.435] [SFX] {"sound": "guardian_move", "volume": 0.08}
[2026-09-25 11:30:52.584] [SFX] {"sound": "civ_move_2", "volume": 0.01}
[2026-09-25 11:30:52.584] [SFX] {"sound": "civ_move_2", "volume": 0.05}
[2026-09-25 11:30:52.682] [SFX] {"sound": "civ_move_1", "volume": 0.03}
[2026-09-25 11:30:52.986] [SFX] {"sound": "civ_move_2", "volume": 0.02}
[2026-09-25 11:30:52.987] [SFX] {"sound": "civ_move_2", "volume": 0.05}
[2026-09-25 11:30:53.051] [SFX] {"sound": "guardian_move", "volume": 0.09}
[2026-09-25 11:30:53.084] [SFX] {"sound": "civ_move_1", "volume": 0.02}
[2026-09-25 11:30:53.397] [SFX] {"sound": "civ_move_2", "volume": 0.03}
[2026-09-25 11:30:53.398] [SFX] {"sound": "civ_move_2", "volume": 0.04}
[2026-09-25 11:30:53.499] [SFX] {"sound": "civ_move_1", "volume": 0.02}
[2026-09-25 11:30:53.665] [SFX] {"sound": "guardian_move", "volume": 0.1}
[2026-09-25 11:30:53.807] [SFX] {"sound": "civ_move_2", "volume": 0.04}
[2026-09-25 11:30:53.909] [SFX] {"sound": "civ_move_1", "volume": 0.02}
[2026-09-25 11:30:54.009] [M] {"button": 1, "pos": [321, 245], "ui_clicked": false}
[2026-09-25 11:30:54.015] [P] {"start": [92, 60], "goal": [92, 68], "length": 1, "is_direction_change": false}
[2026-09-25 11:30:54.016] [SFX] {"sound": "click_target", "volume": 0.64}
[2026-09-25 11:30:54.037] [SFX] {"sound": "player_move", "volume": 0.4}
[2026-09-25 11:30:54.209] [SFX] {"sound": "civ_move_2", "volume": 0.06}
[2026-09-25 11:30:54.210] [SFX] {"sound": "civ_move_2", "volume": 0.07}
[2026-09-25 11:30:54.276] [SFX] {"sound": "guardian_move", "volume": 0.15}
[2026-09-25 11:30:54.309] [SFX] {"sound": "civ_move_1", "volume": 0.06}
[2026-09-25 11:30:54.331] [SFX] {"sound": "player_move", "volume": 0.4}
[2026-09-25 11:30:54.375] [SFX] {"sound": "guardian_move", "volume": 0.03}
[2026-09-25 11:30:54.610] [SFX] {"sound": "civ_move_2", "volume": 0.08}
[2026-09-25 11:30:54.610] [SFX] {"sound": "civ_move_2", "volume": 0.09}
[2026-09-25 11:30:54.711] [SFX] {"sound": "civ_move_1", "volume": 0.07}
[2026-09-25 11:30:54.777] [M] {"button": 1, "pos": [321, 245], "ui_clicked": false}
[2026-09-25 11:30:54.785] [P] {"start": [92, 68], "goal": [92, 75], "length": 1, "is_direction_change": false}
[2026-09-25 11:30:54.786] [SFX] {"sound": "click_target", "volume": 0.65}
[2026-09-25 11:30:54.879] [SFX] {"sound": "guardian_move", "volume": 0.19}
[2026-09-25 11:30:54.978] [SFX] {"sound": "guardian_move", "volume": 0.05}
[2026-09-25 11:30:55.010] [SFX] {"sound": "player_move", "volume": 0.4}
[2026-09-25 11:30:55.010] [SFX] {"sound": "civ_move_2", "volume": 0.1}
[2026-09-25 11:30:55.011] [SFX] {"sound": "civ_move_2", "volume": 0.12}
[2026-09-25 11:30:55.126] [SFX] {"sound": "civ_move_1", "volume": 0.1}
[2026-09-25 11:30:55.411] [SFX] {"sound": "civ_move_2", "volume": 0.12}
[2026-09-25 11:30:55.412] [SFX] {"sound": "civ_move_2", "volume": 0.14}
[2026-09-25 11:30:55.493] [SFX] {"sound": "guardian_move", "volume": 0.23}
[2026-09-25 11:30:55.526] [SFX] {"sound": "civ_move_1", "volume": 0.1}
[2026-09-25 11:30:55.592] [SFX] {"sound": "guardian_move", "volume": 0.06}
[2026-09-25 11:30:55.810] [SFX] {"sound": "civ_move_2", "volume": 0.12}
[2026-09-25 11:30:55.811] [SFX] {"sound": "civ_move_2", "volume": 0.13}
[2026-09-25 11:30:55.929] [SFX] {"sound": "civ_move_1", "volume": 0.09}
[2026-09-25 11:30:56.096] [SFX] {"sound": "guardian_move", "volume": 0.24}
[2026-09-25 11:30:56.194] [SFX] {"sound": "guardian_move", "volume": 0.04}
[2026-09-25 11:30:56.225] [SFX] {"sound": "civ_move_2", "volume": 0.13}
[2026-09-25 11:30:56.344] [SFX] {"sound": "civ_move_1", "volume": 0.09}
[2026-09-25 11:30:56.627] [SFX] {"sound": "civ_move_2", "volume": 0.14}
[2026-09-25 11:30:56.629] [SFX] {"sound": "civ_move_2", "volume": 0.12}
[2026-09-25 11:30:56.709] [SFX] {"sound": "guardian_move", "volume": 0.25}
[2026-09-25 11:30:56.759] [SFX] {"sound": "civ_move_1", "volume": 0.08}
[2026-09-25 11:30:56.808] [SFX] {"sound": "guardian_move", "volume": 0.03}
[2026-09-25 11:30:57.040] [SFX] {"sound": "civ_move_2", "volume": 0.15}
[2026-09-25 11:30:57.041] [SFX] {"sound": "civ_move_2", "volume": 0.11}
[2026-09-25 11:30:57.171] [SFX] {"sound": "civ_move_1", "volume": 0.08}
[2026-09-25 11:30:57.318] [SFX] {"sound": "guardian_move", "volume": 0.26}
[2026-09-25 11:30:57.418] [SFX] {"sound": "guardian_move", "volume": 0.02}
[2026-09-25 11:30:57.452] [SFX] {"sound": "civ_move_2", "volume": 0.16}
[2026-09-25 11:30:57.453] [SFX] {"sound": "civ_move_2", "volume": 0.11}
[2026-09-25 11:30:57.584] [SFX] {"sound": "civ_move_1", "volume": 0.07}
[2026-09-25 11:30:57.862] [SFX] {"sound": "civ_move_2", "volume": 0.17}
[2026-09-25 11:30:57.864] [SFX] {"sound": "civ_move_2", "volume": 0.11}
[2026-09-25 11:30:57.927] [SFX] {"sound": "guardian_move", "volume": 0.26}
[2026-09-25 11:30:57.994] [SFX] {"sound": "civ_move_1", "volume": 0.06}
[2026-09-25 11:30:58.028] [SFX] {"sound": "guardian_move", "volume": 0.0}
[2026-09-25 11:30:58.263] [SFX] {"sound": "civ_move_2", "volume": 0.18}
[2026-09-25 11:30:58.264] [SFX] {"sound": "civ_move_2", "volume": 0.11}
[2026-09-25 11:30:58.396] [SFX] {"sound": "civ_move_1", "volume": 0.06}
[2026-09-25 11:30:58.529] [SFX] {"sound": "guardian_move", "volume": 0.26}
[2026-09-25 11:30:58.679] [SFX] {"sound": "civ_move_2", "volume": 0.18}
[2026-09-25 11:30:58.680] [SFX] {"sound": "civ_move_2", "volume": 0.11}
[2026-09-25 11:30:58.796] [SFX] {"sound": "civ_move_1", "volume": 0.05}
[2026-09-25 11:30:59.095] [SFX] {"sound": "civ_move_2", "volume": 0.19}
[2026-09-25 11:30:59.095] [SFX] {"sound": "civ_move_2", "volume": 0.1}
[2026-09-25 11:30:59.144] [SFX] {"sound": "guardian_move", "volume": 0.25}
[2026-09-25 11:30:59.212] [SFX] {"sound": "civ_move_1", "volume": 0.04}
[2026-09-25 11:30:59.393] [SFX] {"sound": "civ_move_1", "volume": 0.01}
[2026-09-25 11:30:59.495] [SFX] {"sound": "civ_move_2", "volume": 0.19}
[2026-09-25 11:30:59.495] [SFX] {"sound": "civ_move_2", "volume": 0.1}
[2026-09-25 11:30:59.611] [SFX] {"sound": "civ_move_1", "volume": 0.03}
[2026-09-25 11:30:59.757] [SFX] {"sound": "guardian_move", "volume": 0.23}
[2026-09-25 11:30:59.807] [SFX] {"sound": "civ_move_1", "volume": 0.01}
[2026-09-25 11:30:59.908] [SFX] {"sound": "civ_move_2", "volume": 0.2}
[2026-09-25 11:30:59.909] [SFX] {"sound": "civ_move_2", "volume": 0.09}
[2026-09-25 11:31:00.024] [SFX] {"sound": "civ_move_1", "volume": 0.03}
[2026-09-25 11:31:00.222] [SFX] {"sound": "civ_move_1", "volume": 0.02}
[2026-09-25 11:31:00.323] [SFX] {"sound": "civ_move_2", "volume": 0.2}
[2026-09-25 11:31:00.324] [SFX] {"sound": "civ_move_2", "volume": 0.09}
[2026-09-25 11:31:00.356] [SFX] {"sound": "guardian_move", "volume": 0.22}
[2026-09-25 11:31:00.438] [SFX] {"sound": "civ_move_1", "volume": 0.02}
[2026-09-25 11:31:00.519] [SFX] {"sound": "guardian_move", "volume": 0.0}
[2026-09-25 11:31:00.636] [SFX] {"sound": "civ_move_1", "volume": 0.03}
[2026-09-25 11:31:00.734] [SFX] {"sound": "civ_move_2", "volume": 0.2}
[2026-09-25 11:31:00.734] [SFX] {"sound": "civ_move_2", "volume": 0.08}
[2026-09-25 11:31:00.848] [SFX] {"sound": "civ_move_1", "volume": 0.01}
[2026-09-25 11:31:00.963] [SFX] {"sound": "guardian_move", "volume": 0.2}
[2026-09-25 11:31:01.047] [SFX] {"sound": "civ_move_1", "volume": 0.04}
[2026-09-25 11:31:01.130] [SFX] {"sound": "guardian_move", "volume": 0.02}
[2026-09-25 11:31:01.154] [SFX] {"sound": "civ_move_2", "volume": 0.19}
[2026-09-25 11:31:01.154] [SFX] {"sound": "civ_move_2", "volume": 0.08}
[2026-09-25 11:31:01.248] [SFX] {"sound": "civ_move_1", "volume": 0.0}
[2026-09-25 11:31:01.449] [SFX] {"sound": "civ_move_1", "volume": 0.05}
[2026-09-25 11:31:01.548] [SFX] {"sound": "civ_move_2", "volume": 0.19}
[2026-09-25 11:31:01.549] [SFX] {"sound": "civ_move_2", "volume": 0.07}
[2026-09-25 11:31:01.571] [SFX] {"sound": "guardian_move", "volume": 0.19}
[2026-09-25 11:31:01.733] [SFX] {"sound": "guardian_move", "volume": 0.04}
[2026-09-25 11:31:01.851] [SFX] {"sound": "civ_move_1", "volume": 0.06}
[2026-09-25 11:31:01.952] [SFX] {"sound": "civ_move_2", "volume": 0.18}
[2026-09-25 11:31:01.953] [SFX] {"sound": "civ_move_2", "volume": 0.06}
[2026-09-25 11:31:02.168] [SFX] {"sound": "guardian_move", "volume": 0.17}
[2026-09-25 11:31:02.252] [SFX] {"sound": "civ_move_1", "volume": 0.07}
[2026-09-25 11:31:02.335] [SFX] {"sound": "guardian_move", "volume": 0.06}
[2026-09-25 11:31:02.357] [SFX] {"sound": "civ_move_2", "volume": 0.17}
[2026-09-25 11:31:02.358] [SFX] {"sound": "civ_move_2", "volume": 0.06}
[2026-09-25 11:31:02.585] [SFX] {"sound": "civ_move_1", "volume": 0.0}
[2026-09-25 11:31:02.668] [SFX] {"sound": "civ_move_1", "volume": 0.08}
[2026-09-25 11:31:02.752] [SFX] {"sound": "civ_move_2", "volume": 0.17}
[2026-09-25 11:31:02.753] [SFX] {"sound": "civ_move_2", "volume": 0.05}
[2026-09-25 11:31:02.775] [SFX] {"sound": "guardian_move", "volume": 0.15}
[2026-09-25 11:31:02.951] [SFX] {"sound": "guardian_move", "volume": 0.08}
[2026-09-25 11:31:03.001] [SFX] {"sound": "civ_move_1", "volume": 0.01}
[2026-09-25 11:31:03.068] [SFX] {"sound": "civ_move_1", "volume": 0.09}
[2026-09-25 11:31:03.167] [SFX] {"sound": "civ_move_2", "volume": 0.16}
[2026-09-25 11:31:03.168] [SFX] {"sound": "civ_move_2", "volume": 0.04}
[2026-09-25 11:31:03.383] [SFX] {"sound": "guardian_move", "volume": 0.13}
[2026-09-25 11:31:03.416] [SFX] {"sound": "civ_move_1", "volume": 0.03}
[2026-09-25 11:31:03.482] [SFX] {"sound": "civ_move_1", "volume": 0.1}
[2026-09-25 11:31:03.565] [SFX] {"sound": "guardian_move", "volume": 0.1}
[2026-09-25 11:31:03.588] [SFX] {"sound": "civ_move_2", "volume": 0.15}
[2026-09-25 11:31:03.589] [SFX] {"sound": "civ_move_2", "volume": 0.03}
[2026-09-25 11:31:03.664] [SFX] {"sound": "civ_move_2", "volume": 0.01}
[2026-09-25 11:31:03.829] [SFX] {"sound": "civ_move_1", "volume": 0.04}
[2026-09-25 11:31:03.895] [SFX] {"sound": "civ_move_1", "volume": 0.11}
[2026-09-25 11:31:03.995] [SFX] {"sound": "guardian_move", "volume": 0.11}
[2026-09-25 11:31:03.996] [SFX] {"sound": "civ_move_2", "volume": 0.14}
[2026-09-25 11:31:03.996] [SFX] {"sound": "civ_move_2", "volume": 0.03}
[2026-09-25 11:31:04.070] [SFX] {"sound": "civ_move_2", "volume": 0.02}
[2026-09-25 11:31:04.170] [SFX] {"sound": "guardian_move", "volume": 0.12}
[2026-09-25 11:31:04.235] [SFX] {"sound": "civ_move_1", "volume": 0.05}
[2026-09-25 11:31:04.302] [SFX] {"sound": "civ_move_1", "volume": 0.12}
[2026-09-25 11:31:04.402] [SFX] {"sound": "civ_move_2", "volume": 0.13}
[2026-09-25 11:31:04.403] [SFX] {"sound": "civ_move_2", "volume": 0.02}
[2026-09-25 11:31:04.600] [SFX] {"sound": "guardian_move", "volume": 0.09}
[2026-09-25 11:31:04.650] [SFX] {"sound": "civ_move_1", "volume": 0.06}
[2026-09-25 11:31:04.718] [SFX] {"sound": "civ_move_1", "volume": 0.13}
[2026-09-25 11:31:04.785] [SFX] {"sound": "guardian_move", "volume": 0.14}
[2026-09-25 11:31:04.818] [SFX] {"sound": "civ_move_2", "volume": 0.12}
[2026-09-25 11:31:04.818] [SFX] {"sound": "civ_move_2", "volume": 0.01}
[2026-09-25 11:31:04.900] [SFX] {"sound": "civ_move_2", "volume": 0.03}
[2026-09-25 11:31:05.050] [SFX] {"sound": "civ_move_1", "volume": 0.07}
[2026-09-25 11:31:05.118] [SFX] {"sound": "civ_move_1", "volume": 0.14}
[2026-09-25 11:31:05.201] [SFX] {"sound": "guardian_move", "volume": 0.08}
[2026-09-25 11:31:05.224] [SFX] {"sound": "civ_move_2", "volume": 0.11}
[2026-09-25 11:31:05.224] [SFX] {"sound": "civ_move_2", "volume": 0.0}
[2026-09-25 11:31:05.303] [SFX] {"sound": "civ_move_2", "volume": 0.04}
[2026-09-25 11:31:05.386] [SFX] {"sound": "guardian_move", "volume": 0.16}
[2026-09-25 11:31:05.452] [SFX] {"sound": "civ_move_1", "volume": 0.08}
[2026-09-25 11:31:05.518] [SFX] {"sound": "civ_move_1", "volume": 0.15}
[2026-09-25 11:31:05.619] [SFX] {"sound": "civ_move_2", "volume": 0.11}
[2026-09-25 11:31:05.717] [SFX] {"sound": "civ_move_2", "volume": 0.05}
[2026-09-25 11:31:05.815] [SFX] {"sound": "guardian_move", "volume": 0.06}
[2026-09-25 11:31:05.863] [SFX] {"sound": "civ_move_1", "volume": 0.09}
[2026-09-25 11:31:05.929] [SFX] {"sound": "civ_move_1", "volume": 0.15}
[2026-09-25 11:31:05.995] [SFX] {"sound": "guardian_move", "volume": 0.17}
[2026-09-25 11:31:06.029] [SFX] {"sound": "civ_move_2", "volume": 0.1}
[2026-09-25 11:31:06.128] [SFX] {"sound": "civ_move_2", "volume": 0.05}
[2026-09-25 11:31:06.279] [SFX] {"sound": "civ_move_1", "volume": 0.1}
[2026-09-25 11:31:06.329] [SFX] {"sound": "civ_move_1", "volume": 0.16}
[2026-09-25 11:31:06.415] [SFX] {"sound": "guardian_move", "volume": 0.04}
[2026-09-25 11:31:06.438] [SFX] {"sound": "civ_move_2", "volume": 0.09}
[2026-09-25 11:31:06.532] [SFX] {"sound": "civ_move_2", "volume": 0.06}
[2026-09-25 11:31:06.598] [SFX] {"sound": "guardian_move", "volume": 0.19}
[2026-09-25 11:31:06.681] [SFX] {"sound": "civ_move_1", "volume": 0.11}
[2026-09-25 11:31:06.731] [SFX] {"sound": "civ_move_1", "volume": 0.17}
[2026-09-25 11:31:06.848] [SFX] {"sound": "civ_move_2", "volume": 0.08}
[2026-09-25 11:31:06.945] [SFX] {"sound": "civ_move_2", "volume": 0.07}
[2026-09-25 11:31:07.029] [SFX] {"sound": "guardian_move", "volume": 0.02}
[2026-09-25 11:31:07.095] [SFX] {"sound": "civ_move_1", "volume": 0.12}
[2026-09-25 11:31:07.144] [SFX] {"sound": "civ_move_1", "volume": 0.18}
[2026-09-25 11:31:07.209] [SFX] {"sound": "guardian_move", "volume": 0.21}
[2026-09-25 11:31:07.258] [SFX] {"sound": "civ_move_2", "volume": 0.07}
[2026-09-25 11:31:07.510] [SFX] {"sound": "civ_move_1", "volume": 0.13}
[2026-09-25 11:31:07.559] [SFX] {"sound": "civ_move_1", "volume": 0.19}
[2026-09-25 11:31:07.659] [SFX] {"sound": "civ_move_2", "volume": 0.06}
[2026-09-25 11:31:07.759] [SFX] {"sound": "civ_move_2", "volume": 0.08}
[2026-09-25 11:31:07.811] [SFX] {"sound": "guardian_move", "volume": 0.22}
[2026-09-25 11:31:07.910] [SFX] {"sound": "civ_move_1", "volume": 0.14}
[2026-09-25 11:31:07.959] [SFX] {"sound": "civ_move_1", "volume": 0.19}
[2026-09-25 11:31:08.076] [SFX] {"sound": "civ_move_2", "volume": 0.05}
[2026-09-25 11:31:08.175] [SFX] {"sound": "civ_move_2", "volume": 0.09}
[2026-09-25 11:31:08.325] [SFX] {"sound": "civ_move_1", "volume": 0.15}
[2026-09-25 11:31:08.376] [SFX] {"sound": "civ_move_1", "volume": 0.2}
[2026-09-25 11:31:08.424] [SFX] {"sound": "guardian_move", "volume": 0.24}
[2026-09-25 11:31:08.491] [SFX] {"sound": "civ_move_2", "volume": 0.04}
[2026-09-25 11:31:08.590] [SFX] {"sound": "civ_move_2", "volume": 0.09}
[2026-09-25 11:31:08.739] [SFX] {"sound": "civ_move_1", "volume": 0.16}
[2026-09-25 11:31:08.788] [SFX] {"sound": "civ_move_1", "volume": 0.2}
[2026-09-25 11:31:08.904] [SFX] {"sound": "civ_move_2", "volume": 0.03}
[2026-09-25 11:31:09.004] [SFX] {"sound": "civ_move_2", "volume": 0.1}
[2026-09-25 11:31:09.037] [SFX] {"sound": "guardian_move", "volume": 0.25}
[2026-09-25 11:31:09.139] [SFX] {"sound": "civ_move_1", "volume": 0.16}
[2026-09-25 11:31:09.189] [SFX] {"sound": "civ_move_1", "volume": 0.2}
[2026-09-25 11:31:09.306] [SFX] {"sound": "civ_move_2", "volume": 0.02}
[2026-09-25 11:31:09.405] [SFX] {"sound": "civ_move_2", "volume": 0.1}
[2026-09-25 11:31:09.552] [SFX] {"sound": "civ_move_1", "volume": 0.17}
[2026-09-25 11:31:09.600] [SFX] {"sound": "civ_move_1", "volume": 0.21}
[2026-09-25 11:31:09.650] [SFX] {"sound": "guardian_move", "volume": 0.26}
[2026-09-25 11:31:09.715] [SFX] {"sound": "civ_move_2", "volume": 0.01}
[2026-09-25 11:31:09.817] [SFX] {"sound": "civ_move_2", "volume": 0.1}
[2026-09-25 11:31:09.965] [SFX] {"sound": "civ_move_1", "volume": 0.18}
[2026-09-25 11:31:10.013] [SFX] {"sound": "civ_move_1", "volume": 0.22}
[2026-09-25 11:31:10.036] [C] {"civ_pos": [92, 77]}
[2026-09-25 11:31:10.070] [JACK] Da drüben bewegt sich eine Civ-Subroutine! Was führt die im Schilde?
[2026-09-25 11:31:10.127] [SFX] {"sound": "civ_move_2", "volume": 0.0}
[2026-09-25 11:31:10.227] [SFX] {"sound": "civ_move_2", "volume": 0.11}
[2026-09-25 11:31:10.260] [SFX] {"sound": "guardian_move", "volume": 0.26}
[2026-09-25 11:31:10.375] [SFX] {"sound": "civ_move_1", "volume": 0.18}
[2026-09-25 11:31:10.426] [SFX] {"sound": "civ_move_1", "volume": 0.23}
[2026-09-25 11:31:10.644] [SFX] {"sound": "civ_move_2", "volume": 0.01}
[2026-09-25 11:31:10.644] [SFX] {"sound": "civ_move_2", "volume": 0.11}
[2026-09-25 11:31:10.667] [SFX] {"sound": "civ_move_2", "volume": 0.0}
[2026-09-25 11:31:10.789] [SFX] {"sound": "civ_move_1", "volume": 0.18}
[2026-09-25 11:31:10.840] [SFX] {"sound": "civ_move_1", "volume": 0.3}
[2026-09-25 11:31:10.874] [SFX] {"sound": "guardian_move", "volume": 0.26}
[2026-09-25 11:31:11.054] [SFX] {"sound": "civ_move_2", "volume": 0.02}
[2026-09-25 11:31:11.055] [SFX] {"sound": "civ_move_2", "volume": 0.11}
[2026-09-25 11:31:11.076] [SFX] {"sound": "civ_move_2", "volume": 0.01}
[2026-09-25 11:31:11.203] [SFX] {"sound": "civ_move_1", "volume": 0.19}
[2026-09-25 11:31:11.251] [SFX] {"sound": "civ_move_1", "volume": 0.28}
[2026-09-25 11:31:11.467] [SFX] {"sound": "civ_move_2", "volume": 0.02}
[2026-09-25 11:31:11.469] [SFX] {"sound": "civ_move_2", "volume": 0.11}
[2026-09-25 11:31:11.490] [SFX] {"sound": "guardian_move", "volume": 0.25}
[2026-09-25 11:31:11.491] [SFX] {"sound": "civ_move_2", "volume": 0.02}
[2026-09-25 11:31:11.618] [SFX] {"sound": "civ_move_1", "volume": 0.19}
[2026-09-25 11:31:11.652] [SFX] {"sound": "civ_move_1", "volume": 0.27}
[2026-09-25 11:31:11.882] [SFX] {"sound": "civ_move_2", "volume": 0.03}
[2026-09-25 11:31:11.883] [SFX] {"sound": "civ_move_2", "volume": 0.11}
[2026-09-25 11:31:11.908] [SFX] {"sound": "civ_move_2", "volume": 0.03}
[2026-09-25 11:31:12.032] [SFX] {"sound": "civ_move_1", "volume": 0.2}
[2026-09-25 11:31:12.065] [SFX] {"sound": "civ_move_1", "volume": 0.26}
[2026-09-25 11:31:12.099] [SFX] {"sound": "guardian_move", "volume": 0.24}
[2026-09-25 11:31:12.282] [SFX] {"sound": "civ_move_2", "volume": 0.1}
[2026-09-25 11:31:12.314] [SFX] {"sound": "civ_move_2", "volume": 0.04}
[2026-09-25 11:31:12.336] [SFX] {"sound": "civ_move_1", "volume": 0.01}
[2026-09-25 11:31:12.448] [SFX] {"sound": "civ_move_1", "volume": 0.21}
[2026-09-25 11:31:12.471] [SFX] {"sound": "civ_move_1", "volume": 0.25}
[2026-09-25 11:31:12.682] [SFX] {"sound": "civ_move_2", "volume": 0.09}
[2026-09-25 11:31:12.714] [SFX] {"sound": "guardian_move", "volume": 0.22}
[2026-09-25 11:31:12.715] [SFX] {"sound": "civ_move_2", "volume": 0.04}
[2026-09-25 11:31:12.715] [SFX] {"sound": "civ_move_2", "volume": 0.05}
[2026-09-25 11:31:12.737] [SFX] {"sound": "civ_move_1", "volume": 0.01}
[2026-09-25 11:31:12.848] [SFX] {"sound": "civ_move_1", "volume": 0.22}
[2026-09-25 11:31:12.882] [SFX] {"sound": "civ_move_1", "volume": 0.24}
[2026-09-25 11:31:13.081] [SFX] {"sound": "civ_move_2", "volume": 0.09}
[2026-09-25 11:31:13.115] [SFX] {"sound": "civ_move_2", "volume": 0.05}
[2026-09-25 11:31:13.137] [SFX] {"sound": "civ_move_1", "volume": 0.02}
[2026-09-25 11:31:13.139] [SFX] {"sound": "civ_move_2", "volume": 0.0}
[2026-09-25 11:31:13.262] [SFX] {"sound": "civ_move_1", "volume": 0.23}
[2026-09-25 11:31:13.296] [SFX] {"sound": "civ_move_1", "volume": 0.22}
[2026-09-25 11:31:13.329] [SFX] {"sound": "guardian_move", "volume": 0.21}
[2026-09-25 11:31:13.497] [SFX] {"sound": "civ_move_2", "volume": 0.09}
[2026-09-25 11:31:13.519] [SFX] {"sound": "civ_move_2", "volume": 0.06}
[2026-09-25 11:31:13.537] [SFX] {"sound": "civ_move_1", "volume": 0.03}
[2026-09-25 11:31:13.538] [SFX] {"sound": "civ_move_2", "volume": 0.01}
[2026-09-25 11:31:13.664] [SFX] {"sound": "civ_move_1", "volume": 0.24}
[2026-09-25 11:31:13.696] [SFX] {"sound": "civ_move_1", "volume": 0.21}
[2026-09-25 11:31:13.876] [SFX] {"sound": "guardian_move", "volume": 0.01}
[2026-09-25 11:31:13.910] [SFX] {"sound": "civ_move_2", "volume": 0.09}
[2026-09-25 11:31:13.933] [SFX] {"sound": "civ_move_1", "volume": 0.0}
[2026-09-25 11:31:13.933] [SFX] {"sound": "civ_move_2", "volume": 0.06}
[2026-09-25 11:31:13.934] [SFX] {"sound": "civ_move_2", "volume": 0.07}
[2026-09-25 11:31:13.949] [SFX] {"sound": "guardian_move", "volume": 0.19}
[2026-09-25 11:31:13.950] [SFX] {"sound": "civ_move_1", "volume": 0.03}
[2026-09-25 11:31:13.951] [SFX] {"sound": "civ_move_2", "volume": 0.02}
[2026-09-25 11:31:14.077] [SFX] {"sound": "civ_move_1", "volume": 0.26}
[2026-09-25 11:31:14.111] [SFX] {"sound": "civ_move_1", "volume": 0.2}
[2026-09-25 11:31:14.292] [SFX] {"sound": "guardian_move", "volume": 0.01}
[2026-09-25 11:31:14.327] [SFX] {"sound": "civ_move_2", "volume": 0.09}
[2026-09-25 11:31:14.350] [SFX] {"sound": "civ_move_1", "volume": 0.01}
[2026-09-25 11:31:14.350] [SFX] {"sound": "civ_move_1", "volume": 0.04}
[2026-09-25 11:31:14.351] [SFX] {"sound": "civ_move_2", "volume": 0.07}
[2026-09-25 11:31:14.352] [SFX] {"sound": "civ_move_2", "volume": 0.08}
[2026-09-25 11:31:14.352] [SFX] {"sound": "civ_move_2", "volume": 0.03}
[2026-09-25 11:31:14.492] [SFX] {"sound": "guardian_move", "volume": 0.02}
[2026-09-25 11:31:14.493] [SFX] {"sound": "civ_move_1", "volume": 0.27}
[2026-09-25 11:31:14.543] [SFX] {"sound": "civ_move_1", "volume": 0.19}
[2026-09-25 11:31:14.566] [SFX] {"sound": "guardian_move", "volume": 0.17}
[2026-09-25 11:31:14.740] [SFX] {"sound": "civ_move_2", "volume": 0.08}
[2026-09-25 11:31:14.762] [SFX] {"sound": "civ_move_1", "volume": 0.01}
[2026-09-25 11:31:14.762] [SFX] {"sound": "civ_move_1", "volume": 0.05}
[2026-09-25 11:31:14.763] [SFX] {"sound": "civ_move_2", "volume": 0.08}
[2026-09-25 11:31:14.764] [SFX] {"sound": "civ_move_2", "volume": 0.03}
[2026-09-25 11:31:14.905] [SFX] {"sound": "guardian_move", "volume": 0.03}
[2026-09-25 11:31:14.906] [SFX] {"sound": "civ_move_1", "volume": 0.28}
[2026-09-25 11:31:14.956] [SFX] {"sound": "civ_move_1", "volume": 0.2}
[2026-09-25 11:31:15.021] [C] {"civ_pos": [92, 73]}
[2026-09-25 11:31:15.104] [SFX] {"sound": "guardian_move", "volume": 0.04}
[2026-09-25 11:31:15.154] [SFX] {"sound": "civ_move_2", "volume": 0.08}
[2026-09-25 11:31:15.177] [SFX] {"sound": "guardian_move", "volume": 0.15}
[2026-09-25 11:31:15.178] [SFX] {"sound": "civ_move_1", "volume": 0.02}
[2026-09-25 11:31:15.179] [SFX] {"sound": "civ_move_1", "volume": 0.05}
[2026-09-25 11:31:15.179] [SFX] {"sound": "civ_move_2", "volume": 0.08}
[2026-09-25 11:31:15.180] [SFX] {"sound": "civ_move_2", "volume": 0.09}
[2026-09-25 11:31:15.195] [SFX] {"sound": "civ_move_2", "volume": 0.03}
[2026-09-25 11:31:15.317] [SFX] {"sound": "civ_move_1", "volume": 0.29}
[2026-09-25 11:31:15.368] [SFX] {"sound": "civ_move_1", "volume": 0.21}
[2026-09-25 11:31:15.517] [SFX] {"sound": "guardian_move", "volume": 0.05}
[2026-09-25 11:31:15.565] [SFX] {"sound": "civ_move_2", "volume": 0.08}
[2026-09-25 11:31:15.589] [SFX] {"sound": "civ_move_1", "volume": 0.03}
[2026-09-25 11:31:15.589] [SFX] {"sound": "civ_move_1", "volume": 0.06}
[2026-09-25 11:31:15.590] [SFX] {"sound": "civ_move_2", "volume": 0.09}
[2026-09-25 11:31:15.605] [SFX] {"sound": "civ_move_2", "volume": 0.02}
[2026-09-25 11:31:15.714] [SFX] {"sound": "guardian_move", "volume": 0.05}
[2026-09-25 11:31:15.738] [SFX] {"sound": "civ_move_2", "volume": 0.01}
[2026-09-25 11:31:15.739] [SFX] {"sound": "civ_move_1", "volume": 0.24}
[2026-09-25 11:31:15.780] [SFX] {"sound": "guardian_move", "volume": 0.13}
[2026-09-25 11:31:15.781] [SFX] {"sound": "civ_move_1", "volume": 0.22}
[2026-09-25 11:31:15.979] [SFX] {"sound": "civ_move_2", "volume": 0.07}
[2026-09-25 11:31:16.003] [SFX] {"sound": "civ_move_1", "volume": 0.04}
[2026-09-25 11:31:16.004] [SFX] {"sound": "civ_move_1", "volume": 0.06}
[2026-09-25 11:31:16.004] [SFX] {"sound": "civ_move_2", "volume": 0.09}
[2026-09-25 11:31:16.005] [SFX] {"sound": "civ_move_2", "volume": 0.1}
[2026-09-25 11:31:16.018] [SFX] {"sound": "civ_move_2", "volume": 0.01}
[2026-09-25 11:31:16.130] [SFX] {"sound": "guardian_move", "volume": 0.06}
[2026-09-25 11:31:16.153] [SFX] {"sound": "civ_move_2", "volume": 0.02}
[2026-09-25 11:31:16.153] [SFX] {"sound": "civ_move_1", "volume": 0.22}
[2026-09-25 11:31:16.196] [SFX] {"sound": "civ_move_1", "volume": 0.24}
[2026-09-25 11:31:16.314] [SFX] {"sound": "guardian_move", "volume": 0.07}
[2026-09-25 11:31:16.380] [SFX] {"sound": "guardian_move", "volume": 0.12}
[2026-09-25 11:31:16.381] [SFX] {"sound": "civ_move_2", "volume": 0.07}
[2026-09-25 11:31:16.402] [SFX] {"sound": "civ_move_1", "volume": 0.04}
[2026-09-25 11:31:16.403] [SFX] {"sound": "civ_move_1", "volume": 0.07}
[2026-09-25 11:31:16.404] [SFX] {"sound": "civ_move_2", "volume": 0.1}
[2026-09-25 11:31:16.419] [SFX] {"sound": "civ_move_2", "volume": 0.0}
[2026-09-25 11:31:16.562] [SFX] {"sound": "civ_move_2", "volume": 0.03}
[2026-09-25 11:31:16.562] [SFX] {"sound": "civ_move_1", "volume": 0.22}
[2026-09-25 11:31:16.595] [SFX] {"sound": "civ_move_1", "volume": 0.25}
[2026-09-25 11:31:16.729] [SFX] {"sound": "guardian_move", "volume": 0.08}
[2026-09-25 11:31:16.795] [SFX] {"sound": "civ_move_2", "volume": 0.06}
[2026-09-25 11:31:16.818] [SFX] {"sound": "civ_move_1", "volume": 0.05}
[2026-09-25 11:31:16.819] [SFX] {"sound": "civ_move_1", "volume": 0.07}
[2026-09-25 11:31:16.819] [SFX] {"sound": "civ_move_2", "volume": 0.1}
[2026-09-25 11:31:16.820] [SFX] {"sound": "civ_move_2", "volume": 0.11}
[2026-09-25 11:31:16.928] [SFX] {"sound": "guardian_move", "volume": 0.08}
[2026-09-25 11:31:16.962] [SFX] {"sound": "civ_move_2", "volume": 0.04}
[2026-09-25 11:31:16.963] [SFX] {"sound": "civ_move_1", "volume": 0.21}
[2026-09-25 11:31:16.995] [SFX] {"sound": "guardian_move", "volume": 0.1}
[2026-09-25 11:31:16.996] [SFX] {"sound": "civ_move_1", "volume": 0.26}
[2026-09-25 11:31:17.210] [SFX] {"sound": "civ_move_2", "volume": 0.06}
[2026-09-25 11:31:17.233] [SFX] {"sound": "civ_move_1", "volume": 0.05}
[2026-09-25 11:31:17.233] [SFX] {"sound": "civ_move_1", "volume": 0.08}
[2026-09-25 11:31:17.234] [SFX] {"sound": "civ_move_2", "volume": 0.11}
[2026-09-25 11:31:17.340] [SFX] {"sound": "guardian_move", "volume": 0.09}
[2026-09-25 11:31:17.374] [SFX] {"sound": "civ_move_2", "volume": 0.04}
[2026-09-25 11:31:17.375] [SFX] {"sound": "civ_move_1", "volume": 0.2}
[2026-09-25 11:31:17.407] [SFX] {"sound": "civ_move_1", "volume": 0.27}
[2026-09-25 11:31:17.539] [SFX] {"sound": "guardian_move", "volume": 0.1}
[2026-09-25 11:31:17.606] [SFX] {"sound": "guardian_move", "volume": 0.08}
[2026-09-25 11:31:17.630] [SFX] {"sound": "civ_move_2", "volume": 0.05}
[2026-09-25 11:31:17.645] [SFX] {"sound": "civ_move_1", "volume": 0.06}
[2026-09-25 11:31:17.646] [SFX] {"sound": "civ_move_1", "volume": 0.08}
[2026-09-25 11:31:17.647] [SFX] {"sound": "civ_move_2", "volume": 0.11}
[2026-09-25 11:31:17.787] [SFX] {"sound": "civ_move_2", "volume": 0.05}
[2026-09-25 11:31:17.788] [SFX] {"sound": "civ_move_1", "volume": 0.2}
[2026-09-25 11:31:17.789] [C] {"civ_pos": [92, 73]}
[2026-09-25 11:31:17.834] [JACK] Diese Nodes wandern völlig ahnungslos durch das Grid.
[2026-09-25 11:31:17.847] [SFX] {"sound": "civ_move_1", "volume": 0.01}
[2026-09-25 11:31:17.847] [SFX] {"sound": "civ_move_1", "volume": 0.29}
[2026-09-25 11:31:17.955] [SFX] {"sound": "guardian_move", "volume": 0.1}
[2026-09-25 11:31:18.037] [SFX] {"sound": "civ_move_2", "volume": 0.04}
[2026-09-25 11:31:18.060] [SFX] {"sound": "civ_move_1", "volume": 0.07}
[2026-09-25 11:31:18.060] [SFX] {"sound": "civ_move_1", "volume": 0.08}
[2026-09-25 11:31:18.061] [SFX] {"sound": "civ_move_2", "volume": 0.11}
[2026-09-25 11:31:18.154] [SFX] {"sound": "guardian_move", "volume": 0.11}
[2026-09-25 11:31:18.203] [SFX] {"sound": "civ_move_2", "volume": 0.06}
[2026-09-25 11:31:18.204] [SFX] {"sound": "civ_move_1", "volume": 0.19}
[2026-09-25 11:31:18.225] [SFX] {"sound": "guardian_move", "volume": 0.06}
[2026-09-25 11:31:18.252] [SFX] {"sound": "civ_move_1", "volume": 0.01}
[2026-09-25 11:31:18.253] [SFX] {"sound": "civ_move_1", "volume": 0.3}
[2026-09-25 11:31:18.448] [SFX] {"sound": "civ_move_2", "volume": 0.04}
[2026-09-25 11:31:18.470] [SFX] {"sound": "civ_move_1", "volume": 0.07}
[2026-09-25 11:31:18.471] [SFX] {"sound": "civ_move_1", "volume": 0.09}
[2026-09-25 11:31:18.472] [SFX] {"sound": "civ_move_2", "volume": 0.11}
[2026-09-25 11:31:18.563] [SFX] {"sound": "guardian_move", "volume": 0.11}
[2026-09-25 11:31:18.613] [SFX] {"sound": "civ_move_2", "volume": 0.07}
[2026-09-25 11:31:18.614] [SFX] {"sound": "civ_move_1", "volume": 0.19}
[2026-09-25 11:31:18.664] [SFX] {"sound": "civ_move_1", "volume": 0.02}
[2026-09-25 11:31:18.664] [SFX] {"sound": "civ_move_1", "volume": 0.23}
[2026-09-25 11:31:18.761] [SFX] {"sound": "guardian_move", "volume": 0.12}
[2026-09-25 11:31:18.828] [SFX] {"sound": "guardian_move", "volume": 0.04}
[2026-09-25 11:31:18.862] [SFX] {"sound": "civ_move_2", "volume": 0.03}
[2026-09-25 11:31:18.884] [SFX] {"sound": "civ_move_1", "volume": 0.07}
[2026-09-25 11:31:18.885] [SFX] {"sound": "civ_move_1", "volume": 0.09}
[2026-09-25 11:31:18.886] [SFX] {"sound": "civ_move_2", "volume": 0.11}
[2026-09-25 11:31:18.886] [SFX] {"sound": "civ_move_2", "volume": 0.12}
[2026-09-25 11:31:19.028] [SFX] {"sound": "civ_move_2", "volume": 0.08}
[2026-09-25 11:31:19.029] [SFX] {"sound": "civ_move_1", "volume": 0.18}
[2026-09-25 11:31:19.077] [SFX] {"sound": "civ_move_1", "volume": 0.03}
[2026-09-25 11:31:19.078] [SFX] {"sound": "civ_move_1", "volume": 0.22}
[2026-09-25 11:31:19.176] [SFX] {"sound": "guardian_move", "volume": 0.13}
[2026-09-25 11:31:19.276] [SFX] {"sound": "civ_move_2", "volume": 0.02}
[2026-09-25 11:31:19.301] [SFX] {"sound": "civ_move_1", "volume": 0.08}
[2026-09-25 11:31:19.302] [SFX] {"sound": "civ_move_1", "volume": 0.09}
[2026-09-25 11:31:19.302] [SFX] {"sound": "civ_move_2", "volume": 0.11}
[2026-09-25 11:31:19.303] [SFX] {"sound": "civ_move_2", "volume": 0.13}
[2026-09-25 11:31:19.376] [SFX] {"sound": "guardian_move", "volume": 0.13}
[2026-09-25 11:31:19.444] [SFX] {"sound": "civ_move_2", "volume": 0.09}
[2026-09-25 11:31:19.445] [SFX] {"sound": "civ_move_1", "volume": 0.17}
[2026-09-25 11:31:19.467] [SFX] {"sound": "guardian_move", "volume": 0.05}
[2026-09-25 11:31:19.492] [SFX] {"sound": "civ_move_1", "volume": 0.03}
[2026-09-25 11:31:19.493] [SFX] {"sound": "civ_move_1", "volume": 0.21}
[2026-09-25 11:31:19.691] [SFX] {"sound": "civ_move_2", "volume": 0.02}
[2026-09-25 11:31:19.715] [SFX] {"sound": "civ_move_1", "volume": 0.08}
[2026-09-25 11:31:19.716] [SFX] {"sound": "civ_move_1", "volume": 0.09}
[2026-09-25 11:31:19.717] [SFX] {"sound": "civ_move_2", "volume": 0.11}
[2026-09-25 11:31:19.717] [SFX] {"sound": "civ_move_2", "volume": 0.13}
[2026-09-25 11:31:19.790] [SFX] {"sound": "guardian_move", "volume": 0.13}
[2026-09-25 11:31:19.858] [SFX] {"sound": "civ_move_2", "volume": 0.1}
[2026-09-25 11:31:19.858] [SFX] {"sound": "civ_move_1", "volume": 0.16}
[2026-09-25 11:31:19.906] [SFX] {"sound": "civ_move_1", "volume": 0.04}
[2026-09-25 11:31:19.907] [SFX] {"sound": "civ_move_1", "volume": 0.2}
[2026-09-25 11:31:19.986] [SFX] {"sound": "guardian_move", "volume": 0.14}
[2026-09-25 11:31:20.069] [SFX] {"sound": "guardian_move", "volume": 0.07}
[2026-09-25 11:31:20.103] [SFX] {"sound": "civ_move_2", "volume": 0.01}
[2026-09-25 11:31:20.126] [SFX] {"sound": "civ_move_1", "volume": 0.08}
[2026-09-25 11:31:20.126] [SFX] {"sound": "civ_move_1", "volume": 0.1}
[2026-09-25 11:31:20.127] [SFX] {"sound": "civ_move_2", "volume": 0.11}
[2026-09-25 11:31:20.128] [SFX] {"sound": "civ_move_2", "volume": 0.13}
[2026-09-25 11:31:20.268] [SFX] {"sound": "civ_move_2", "volume": 0.11}
[2026-09-25 11:31:20.269] [SFX] {"sound": "civ_move_1", "volume": 0.16}
[2026-09-25 11:31:20.319] [SFX] {"sound": "civ_move_1", "volume": 0.05}
[2026-09-25 11:31:20.320] [SFX] {"sound": "civ_move_1", "volume": 0.2}
[2026-09-25 11:31:20.402] [SFX] {"sound": "guardian_move", "volume": 0.14}
[2026-09-25 11:31:20.502] [SFX] {"sound": "civ_move_2", "volume": 0.0}
[2026-09-25 11:31:20.526] [SFX] {"sound": "civ_move_1", "volume": 0.09}
[2026-09-25 11:31:20.527] [SFX] {"sound": "civ_move_1", "volume": 0.11}
[2026-09-25 11:31:20.527] [SFX] {"sound": "civ_move_2", "volume": 0.11}
[2026-09-25 11:31:20.528] [SFX] {"sound": "civ_move_2", "volume": 0.14}
[2026-09-25 11:31:20.602] [SFX] {"sound": "guardian_move", "volume": 0.15}
[2026-09-25 11:31:20.669] [SFX] {"sound": "guardian_move", "volume": 0.09}
[2026-09-25 11:31:20.670] [SFX] {"sound": "civ_move_2", "volume": 0.12}
[2026-09-25 11:31:20.671] [SFX] {"sound": "civ_move_1", "volume": 0.15}
[2026-09-25 11:31:20.687] [M] {"button": 1, "pos": [334, 245], "ui_clicked": false}
[2026-09-25 11:31:20.719] [SFX] {"sound": "civ_move_1", "volume": 0.05}
[2026-09-25 11:31:20.720] [SFX] {"sound": "civ_move_1", "volume": 0.2}
[2026-09-25 11:31:20.919] [SFX] {"sound": "civ_move_1", "volume": 0.09}
[2026-09-25 11:31:20.920] [SFX] {"sound": "civ_move_1", "volume": 0.11}
[2026-09-25 11:31:20.921] [SFX] {"sound": "civ_move_2", "volume": 0.11}
[2026-09-25 11:31:20.921] [SFX] {"sound": "civ_move_2", "volume": 0.13}
[2026-09-25 11:31:21.017] [SFX] {"sound": "guardian_move", "volume": 0.15}
[2026-09-25 11:31:21.070] [SFX] {"sound": "civ_move_2", "volume": 0.13}
[2026-09-25 11:31:21.070] [SFX] {"sound": "civ_move_1", "volume": 0.14}
[2026-09-25 11:31:21.135] [SFX] {"sound": "civ_move_1", "volume": 0.06}
[2026-09-25 11:31:21.135] [SFX] {"sound": "civ_move_1", "volume": 0.19}
[2026-09-25 11:31:21.151] [M] {"button": 1, "pos": [327, 240], "ui_clicked": false}
[2026-09-25 11:31:21.159] [P] {"start": [92, 75], "goal": [92, 82], "length": 1, "is_direction_change": false}
[2026-09-25 11:31:21.160] [SFX] {"sound": "click_target", "volume": 0.65}
[2026-09-25 11:31:21.202] [SFX] {"sound": "guardian_move", "volume": 0.16}
[2026-09-25 11:31:21.270] [SFX] {"sound": "guardian_move", "volume": 0.11}
[2026-09-25 11:31:21.302] [SFX] {"sound": "civ_move_2", "volume": 0.0}
[2026-09-25 11:31:21.334] [SFX] {"sound": "player_move", "volume": 0.4}
[2026-09-25 11:31:21.335] [SFX] {"sound": "civ_move_1", "volume": 0.11}
[2026-09-25 11:31:21.336] [SFX] {"sound": "civ_move_1", "volume": 0.14}
[2026-09-25 11:31:21.336] [SFX] {"sound": "civ_move_2", "volume": 0.12}
[2026-09-25 11:31:21.337] [SFX] {"sound": "civ_move_2", "volume": 0.15}
[2026-09-25 11:31:21.484] [SFX] {"sound": "civ_move_1", "volume": 0.14}
[2026-09-25 11:31:21.551] [SFX] {"sound": "civ_move_1", "volume": 0.1}
[2026-09-25 11:31:21.552] [SFX] {"sound": "civ_move_1", "volume": 0.26}
[2026-09-25 11:31:21.631] [SFX] {"sound": "guardian_move", "volume": 0.21}
[2026-09-25 11:31:21.647] [M] {"button": 4, "pos": [327, 239], "ui_clicked": false}
[2026-09-25 11:31:21.716] [SFX] {"sound": "civ_move_2", "volume": 0.01}
[2026-09-25 11:31:21.733] [M] {"button": 4, "pos": [327, 239], "ui_clicked": false}
[2026-09-25 11:31:21.750] [SFX] {"sound": "civ_move_1", "volume": 0.13}
[2026-09-25 11:31:21.750] [SFX] {"sound": "civ_move_1", "volume": 0.15}
[2026-09-25 11:31:21.751] [SFX] {"sound": "civ_move_2", "volume": 0.13}
[2026-09-25 11:31:21.772] [SFX] {"sound": "civ_move_2", "volume": 0.17}
[2026-09-25 11:31:21.815] [SFX] {"sound": "guardian_move", "volume": 0.21}
[2026-09-25 11:31:21.882] [SFX] {"sound": "guardian_move", "volume": 0.16}
[2026-09-25 11:31:21.906] [SFX] {"sound": "civ_move_2", "volume": 0.2}
[2026-09-25 11:31:21.906] [SFX] {"sound": "civ_move_1", "volume": 0.16}
[2026-09-25 11:31:21.965] [SFX] {"sound": "civ_move_1", "volume": 0.1}
[2026-09-25 11:31:21.966] [SFX] {"sound": "civ_move_1", "volume": 0.24}
[2026-09-25 11:31:22.132] [SFX] {"sound": "civ_move_2", "volume": 0.01}
[2026-09-25 11:31:22.165] [SFX] {"sound": "civ_move_1", "volume": 0.14}
[2026-09-25 11:31:22.166] [SFX] {"sound": "civ_move_1", "volume": 0.15}
[2026-09-25 11:31:22.167] [SFX] {"sound": "civ_move_2", "volume": 0.13}
[2026-09-25 11:31:22.187] [SFX] {"sound": "civ_move_2", "volume": 0.18}
[2026-09-25 11:31:22.233] [SFX] {"sound": "guardian_move", "volume": 0.21}
[2026-09-25 11:31:22.315] [SFX] {"sound": "civ_move_2", "volume": 0.21}
[2026-09-25 11:31:22.316] [SFX] {"sound": "civ_move_1", "volume": 0.15}
[2026-09-25 11:31:22.366] [SFX] {"sound": "civ_move_1", "volume": 0.11}
[2026-09-25 11:31:22.366] [SFX] {"sound": "civ_move_1", "volume": 0.23}
[2026-09-25 11:31:22.432] [SFX] {"sound": "guardian_move", "volume": 0.21}
[2026-09-25 11:31:22.498] [SFX] {"sound": "guardian_move", "volume": 0.19}
[2026-09-25 11:31:22.579] [SFX] {"sound": "civ_move_1", "volume": 0.15}
[2026-09-25 11:31:22.580] [SFX] {"sound": "civ_move_2", "volume": 0.12}
[2026-09-25 11:31:22.602] [SFX] {"sound": "civ_move_2", "volume": 0.17}
[2026-09-25 11:31:22.660] [M] {"button": 1, "pos": [239, 185], "ui_clicked": false}
[2026-09-25 11:31:22.668] [P] {"start": [92, 82], "goal": [87, 82], "length": 1, "is_direction_change": false}
[2026-09-25 11:31:22.669] [SFX] {"sound": "click_target", "volume": 0.7}
[2026-09-25 11:31:22.726] [SFX] {"sound": "civ_move_2", "volume": 0.21}
[2026-09-25 11:31:22.727] [SFX] {"sound": "civ_move_1", "volume": 0.15}
[2026-09-25 11:31:22.775] [SFX] {"sound": "civ_move_1", "volume": 0.12}
[2026-09-25 11:31:22.775] [SFX] {"sound": "civ_move_1", "volume": 0.2}
[2026-09-25 11:31:22.807] [SFX] {"sound": "player_move", "volume": 0.4}
[2026-09-25 11:31:22.839] [SFX] {"sound": "guardian_move", "volume": 0.21}
[2026-09-25 11:31:22.956] [SFX] {"sound": "civ_move_2", "volume": 0.01}
[2026-09-25 11:31:22.989] [SFX] {"sound": "civ_move_1", "volume": 0.16}
[2026-09-25 11:31:22.990] [SFX] {"sound": "civ_move_1", "volume": 0.12}
[2026-09-25 11:31:22.991] [SFX] {"sound": "civ_move_2", "volume": 0.13}
[2026-09-25 11:31:23.014] [SFX] {"sound": "civ_move_2", "volume": 0.17}
[2026-09-25 11:31:23.039] [SFX] {"sound": "guardian_move", "volume": 0.19}
[2026-09-25 11:31:23.106] [SFX] {"sound": "guardian_move", "volume": 0.26}
[2026-09-25 11:31:23.140] [SFX] {"sound": "civ_move_2", "volume": 0.2}
[2026-09-25 11:31:23.141] [SFX] {"sound": "civ_move_1", "volume": 0.16}
[2026-09-25 11:31:23.190] [SFX] {"sound": "civ_move_1", "volume": 0.13}
[2026-09-25 11:31:23.190] [SFX] {"sound": "civ_move_1", "volume": 0.17}
[2026-09-25 11:31:23.373] [SFX] {"sound": "civ_move_2", "volume": 0.01}
[2026-09-25 11:31:23.396] [SFX] {"sound": "civ_move_1", "volume": 0.16}
[2026-09-25 11:31:23.397] [SFX] {"sound": "civ_move_1", "volume": 0.12}
[2026-09-25 11:31:23.397] [SFX] {"sound": "civ_move_2", "volume": 0.13}
[2026-09-25 11:31:23.413] [SFX] {"sound": "civ_move_2", "volume": 0.16}
[2026-09-25 11:31:23.440] [SFX] {"sound": "guardian_move", "volume": 0.21}
[2026-09-25 11:31:23.544] [SFX] {"sound": "civ_move_2", "volume": 0.21}
[2026-09-25 11:31:23.545] [SFX] {"sound": "civ_move_1", "volume": 0.15}
[2026-09-25 11:31:23.592] [SFX] {"sound": "civ_move_1", "volume": 0.13}
[2026-09-25 11:31:23.593] [SFX] {"sound": "civ_move_1", "volume": 0.16}
[2026-09-25 11:31:23.640] [SFX] {"sound": "guardian_move", "volume": 0.18}
[2026-09-25 11:31:23.721] [SFX] {"sound": "guardian_move", "volume": 0.29}
[2026-09-25 11:31:23.804] [SFX] {"sound": "civ_move_1", "volume": 0.17}
[2026-09-25 11:31:23.805] [SFX] {"sound": "civ_move_1", "volume": 0.11}
[2026-09-25 11:31:23.805] [SFX] {"sound": "civ_move_2", "volume": 0.12}
[2026-09-25 11:31:23.829] [SFX] {"sound": "civ_move_2", "volume": 0.17}
[2026-09-25 11:31:23.939] [M] {"button": 1, "pos": [270, 241], "ui_clicked": false}
[2026-09-25 11:31:23.955] [SFX] {"sound": "civ_move_2", "volume": 0.22}
[2026-09-25 11:31:23.956] [SFX] {"sound": "civ_move_1", "volume": 0.14}
[2026-09-25 11:31:24.005] [SFX] {"sound": "civ_move_1", "volume": 0.13}
[2026-09-25 11:31:24.006] [SFX] {"sound": "civ_move_1", "volume": 0.14}
[2026-09-25 11:31:24.055] [SFX] {"sound": "guardian_move", "volume": 0.21}
[2026-09-25 11:31:24.219] [SFX] {"sound": "civ_move_1", "volume": 0.18}
[2026-09-25 11:31:24.220] [SFX] {"sound": "civ_move_1", "volume": 0.1}
[2026-09-25 11:31:24.221] [SFX] {"sound": "civ_move_2", "volume": 0.11}
[2026-09-25 11:31:24.242] [SFX] {"sound": "civ_move_2", "volume": 0.18}
[2026-09-25 11:31:24.259] [SFX] {"sound": "guardian_move", "volume": 0.16}
[2026-09-25 11:31:24.334] [SFX] {"sound": "guardian_move", "volume": 0.31}
[2026-09-25 11:31:24.349] [M] {"button": 1, "pos": [285, 247], "ui_clicked": false}
[2026-09-25 11:31:24.357] [P] {"start": [87, 82], "goal": [84, 86], "length": 8, "is_direction_change": false}
[2026-09-25 11:31:24.358] [SFX] {"sound": "click_target", "volume": 0.71}
[2026-09-25 11:31:24.392] [JACK] Kurzer Blick um die Ecke...
[2026-09-25 11:31:24.393] [SFX] {"sound": "civ_move_2", "volume": 0.24}
[2026-09-25 11:31:24.394] [SFX] {"sound": "civ_move_1", "volume": 0.12}
[2026-09-25 11:31:24.417] [SFX] {"sound": "civ_move_1", "volume": 0.13}
[2026-09-25 11:31:24.418] [SFX] {"sound": "civ_move_1", "volume": 0.14}
[2026-09-25 11:31:24.565] [SFX] {"sound": "player_move", "volume": 0.4}
[2026-09-25 11:31:24.613] [C] {"civ_pos": [94, 82]}
[2026-09-25 11:31:24.669] [SFX] {"sound": "civ_move_1", "volume": 0.2}
[2026-09-25 11:31:24.670] [SFX] {"sound": "civ_move_1", "volume": 0.12}
[2026-09-25 11:31:24.671] [SFX] {"sound": "civ_move_2", "volume": 0.08}
[2026-09-25 11:31:24.685] [SFX] {"sound": "guardian_move", "volume": 0.19}
[2026-09-25 11:31:24.686] [SFX] {"sound": "civ_move_2", "volume": 0.21}
[2026-09-25 11:31:24.778] [SFX] {"sound": "civ_move_2", "volume": 0.27}
[2026-09-25 11:31:24.778] [SFX] {"sound": "civ_move_1", "volume": 0.07}
[2026-09-25 11:31:24.826] [SFX] {"sound": "civ_move_1", "volume": 0.16}
[2026-09-25 11:31:24.827] [SFX] {"sound": "civ_move_1", "volume": 0.15}
[2026-09-25 11:31:24.859] [SFX] {"sound": "guardian_move", "volume": 0.21}
[2026-09-25 11:31:24.881] [SFX] {"sound": "player_move", "volume": 0.4}
[2026-09-25 11:31:24.940] [SFX] {"sound": "guardian_move", "volume": 0.27}
[2026-09-25 11:31:25.039] [SFX] {"sound": "civ_move_1", "volume": 0.27}
[2026-09-25 11:31:25.040] [SFX] {"sound": "civ_move_1", "volume": 0.13}
[2026-09-25 11:31:25.040] [SFX] {"sound": "civ_move_2", "volume": 0.09}
[2026-09-25 11:31:25.090] [SFX] {"sound": "civ_move_2", "volume": 0.27}
[2026-09-25 11:31:25.189] [SFX] {"sound": "player_move", "volume": 0.4}
[2026-09-25 11:31:25.189] [SFX] {"sound": "civ_move_2", "volume": 0.21}
[2026-09-25 11:31:25.191] [SFX] {"sound": "civ_move_1", "volume": 0.05}
[2026-09-25 11:31:25.238] [SFX] {"sound": "civ_move_1", "volume": 0.2}
[2026-09-25 11:31:25.239] [SFX] {"sound": "civ_move_1", "volume": 0.12}
[2026-09-25 11:31:25.288] [SFX] {"sound": "guardian_move", "volume": 0.23}
[2026-09-25 11:31:25.435] [SFX] {"sound": "civ_move_2", "volume": 0.0}
[2026-09-25 11:31:25.463] [SFX] {"sound": "civ_move_1", "volume": 0.25}
[2026-09-25 11:31:25.464] [SFX] {"sound": "civ_move_1", "volume": 0.12}
[2026-09-25 11:31:25.465] [SFX] {"sound": "civ_move_2", "volume": 0.1}
[2026-09-25 11:31:25.479] [SFX] {"sound": "guardian_move", "volume": 0.2}
[2026-09-25 11:31:25.503] [SFX] {"sound": "player_move", "volume": 0.4}
[2026-09-25 11:31:25.504] [SFX] {"sound": "civ_move_2", "volume": 0.25}
[2026-09-25 11:31:25.553] [SFX] {"sound": "guardian_move", "volume": 0.29}
[2026-09-25 11:31:25.603] [SFX] {"sound": "civ_move_2", "volume": 0.22}
[2026-09-25 11:31:25.603] [SFX] {"sound": "civ_move_1", "volume": 0.07}
[2026-09-25 11:31:25.651] [SFX] {"sound": "civ_move_1", "volume": 0.19}
[2026-09-25 11:31:25.652] [SFX] {"sound": "civ_move_1", "volume": 0.07}
[2026-09-25 11:31:25.798] [SFX] {"sound": "civ_move_2", "volume": 0.05}
[2026-09-25 11:31:25.824] [SFX] {"sound": "player_move", "volume": 0.4}
[2026-09-25 11:31:25.847] [SFX] {"sound": "civ_move_2", "volume": 0.02}
[2026-09-25 11:31:25.872] [SFX] {"sound": "civ_move_1", "volume": 0.2}
[2026-09-25 11:31:25.873] [SFX] {"sound": "civ_move_1", "volume": 0.06}
[2026-09-25 11:31:25.873] [SFX] {"sound": "civ_move_2", "volume": 0.13}
[2026-09-25 11:31:25.897] [SFX] {"sound": "guardian_move", "volume": 0.27}
[2026-09-25 11:31:25.920] [SFX] {"sound": "civ_move_2", "volume": 0.21}
[2026-09-25 11:31:26.006] [SFX] {"sound": "civ_move_2", "volume": 0.22}
[2026-09-25 11:31:26.007] [SFX] {"sound": "civ_move_1", "volume": 0.11}
[2026-09-25 11:31:26.057] [SFX] {"sound": "civ_move_1", "volume": 0.16}
[2026-09-25 11:31:26.058] [SFX] {"sound": "civ_move_1", "volume": 0.04}
[2026-09-25 11:31:26.080] [SFX] {"sound": "guardian_move", "volume": 0.12}
[2026-09-25 11:31:26.122] [SFX] {"sound": "player_move", "volume": 0.4}
[2026-09-25 11:31:26.155] [SFX] {"sound": "guardian_move", "volume": 0.34}
[2026-09-25 11:31:26.205] [SFX] {"sound": "civ_move_2", "volume": 0.07}
[2026-09-25 11:31:26.271] [SFX] {"sound": "civ_move_1", "volume": 0.23}
[2026-09-25 11:31:26.272] [SFX] {"sound": "civ_move_1", "volume": 0.05}
[2026-09-25 11:31:26.273] [SFX] {"sound": "civ_move_2", "volume": 0.1}
[2026-09-25 11:31:26.322] [SFX] {"sound": "civ_move_2", "volume": 0.23}
[2026-09-25 11:31:26.422] [SFX] {"sound": "civ_move_2", "volume": 0.26}
[2026-09-25 11:31:26.422] [SFX] {"sound": "civ_move_1", "volume": 0.08}
[2026-09-25 11:31:26.472] [SFX] {"sound": "civ_move_1", "volume": 0.17}
[2026-09-25 11:31:26.472] [SFX] {"sound": "civ_move_1", "volume": 0.05}
[2026-09-25 11:31:26.505] [SFX] {"sound": "guardian_move", "volume": 0.21}
[2026-09-25 11:31:26.613] [SFX] {"sound": "civ_move_2", "volume": 0.08}
[2026-09-25 11:31:26.673] [SFX] {"sound": "civ_move_1", "volume": 0.04}
[2026-09-25 11:31:26.674] [SFX] {"sound": "civ_move_2", "volume": 0.09}
[2026-09-25 11:31:26.697] [SFX] {"sound": "guardian_move", "volume": 0.12}
[2026-09-25 11:31:26.697] [SFX] {"sound": "civ_move_1", "volume": 0.23}
[2026-09-25 11:31:26.724] [SFX] {"sound": "civ_move_2", "volume": 0.24}
[2026-09-25 11:31:26.761] [SFX] {"sound": "guardian_move", "volume": 0.34}
[2026-09-25 11:31:26.825] [SFX] {"sound": "civ_move_2", "volume": 0.27}
[2026-09-25 11:31:26.826] [SFX] {"sound": "civ_move_1", "volume": 0.07}
[2026-09-25 11:31:26.876] [SFX] {"sound": "civ_move_1", "volume": 0.17}
[2026-09-25 11:31:26.877] [SFX] {"sound": "civ_move_1", "volume": 0.03}
[2026-09-25 11:31:27.010] [SFX] {"sound": "civ_move_2", "volume": 0.09}
[2026-09-25 11:31:27.077] [SFX] {"sound": "civ_move_1", "volume": 0.03}
[2026-09-25 11:31:27.078] [SFX] {"sound": "civ_move_2", "volume": 0.08}
[2026-09-25 11:31:27.104] [SFX] {"sound": "civ_move_1", "volume": 0.24}
[2026-09-25 11:31:27.119] [SFX] {"sound": "guardian_move", "volume": 0.2}
[2026-09-25 11:31:27.135] [SFX] {"sound": "civ_move_2", "volume": 0.25}
[2026-09-25 11:31:27.228] [SFX] {"sound": "civ_move_2", "volume": 0.27}
[2026-09-25 11:31:27.228] [SFX] {"sound": "civ_move_1", "volume": 0.06}
[2026-09-25 11:31:27.277] [SFX] {"sound": "civ_move_1", "volume": 0.18}
[2026-09-25 11:31:27.278] [SFX] {"sound": "civ_move_1", "volume": 0.02}
[2026-09-25 11:31:27.302] [SFX] {"sound": "guardian_move", "volume": 0.13}
[2026-09-25 11:31:27.362] [SFX] {"sound": "guardian_move", "volume": 0.32}
[2026-09-25 11:31:27.411] [SFX] {"sound": "civ_move_2", "volume": 0.1}
[2026-09-25 11:31:27.495] [SFX] {"sound": "civ_move_1", "volume": 0.02}
[2026-09-25 11:31:27.496] [SFX] {"sound": "civ_move_2", "volume": 0.07}
[2026-09-25 11:31:27.517] [SFX] {"sound": "civ_move_1", "volume": 0.24}
[2026-09-25 11:31:27.541] [SFX] {"sound": "civ_move_2", "volume": 0.26}
[2026-09-25 11:31:27.640] [SFX] {"sound": "civ_move_2", "volume": 0.27}
[2026-09-25 11:31:27.641] [SFX] {"sound": "civ_move_1", "volume": 0.05}
[2026-09-25 11:31:27.658] [M] {"button": 1, "pos": [262, 189], "ui_clicked": false}
[2026-09-25 11:31:27.667] [P] {"start": [84, 86], "goal": [80, 86], "length": 1, "is_direction_change": false}
[2026-09-25 11:31:27.668] [SFX] {"sound": "click_target", "volume": 0.73}
[2026-09-25 11:31:27.692] [SFX] {"sound": "civ_move_1", "volume": 0.18}
[2026-09-25 11:31:27.693] [SFX] {"sound": "civ_move_1", "volume": 0.0}
[2026-09-25 11:31:27.725] [SFX] {"sound": "guardian_move", "volume": 0.19}
[2026-09-25 11:31:27.809] [SFX] {"sound": "player_move", "volume": 0.4}
[2026-09-25 11:31:27.834] [SFX] {"sound": "civ_move_2", "volume": 0.14}
[2026-09-25 11:31:27.908] [SFX] {"sound": "guardian_move", "volume": 0.12}
[2026-09-25 11:31:27.909] [SFX] {"sound": "civ_move_2", "volume": 0.09}
[2026-09-25 11:31:27.932] [SFX] {"sound": "civ_move_1", "volume": 0.17}
[2026-09-25 11:31:27.949] [SFX] {"sound": "civ_move_2", "volume": 0.25}
[2026-09-25 11:31:27.976] [SFX] {"sound": "guardian_move", "volume": 0.28}
[2026-09-25 11:31:28.041] [SFX] {"sound": "civ_move_2", "volume": 0.27}
[2026-09-25 11:31:28.042] [SFX] {"sound": "civ_move_1", "volume": 0.06}
[2026-09-25 11:31:28.106] [SFX] {"sound": "civ_move_1", "volume": 0.17}
[2026-09-25 11:31:28.240] [SFX] {"sound": "civ_move_2", "volume": 0.16}
[2026-09-25 11:31:28.324] [SFX] {"sound": "civ_move_2", "volume": 0.08}
[2026-09-25 11:31:28.347] [SFX] {"sound": "guardian_move", "volume": 0.19}
[2026-09-25 11:31:28.347] [SFX] {"sound": "civ_move_1", "volume": 0.17}
[2026-09-25 11:31:28.363] [SFX] {"sound": "civ_move_2", "volume": 0.26}
[2026-09-25 11:31:28.457] [SFX] {"sound": "civ_move_2", "volume": 0.27}
[2026-09-25 11:31:28.457] [SFX] {"sound": "civ_move_1", "volume": 0.05}
[2026-09-25 11:31:28.507] [SFX] {"sound": "civ_move_1", "volume": 0.17}
[2026-09-25 11:31:28.530] [SFX] {"sound": "guardian_move", "volume": 0.13}
[2026-09-25 11:31:28.589] [SFX] {"sound": "guardian_move", "volume": 0.28}
[2026-09-25 11:31:28.622] [M] {"button": 1, "pos": [316, 126], "ui_clicked": false}
[2026-09-25 11:31:28.630] [SFX] {"sound": "click_target", "volume": 0.92}
[2026-09-25 11:31:28.654] [SFX] {"sound": "civ_move_2", "volume": 0.17}
[2026-09-25 11:31:28.737] [SFX] {"sound": "civ_move_2", "volume": 0.06}
[2026-09-25 11:31:28.760] [SFX] {"sound": "civ_move_1", "volume": 0.18}
[2026-09-25 11:31:28.761] [SFX] {"sound": "civ_move_1", "volume": 0.01}
[2026-09-25 11:31:28.777] [SFX] {"sound": "civ_move_2", "volume": 0.27}
[2026-09-25 11:31:28.871] [SFX] {"sound": "civ_move_2", "volume": 0.24}
[2026-09-25 11:31:28.871] [SFX] {"sound": "civ_move_1", "volume": 0.01}
[2026-09-25 11:31:28.895] [SFX] {"sound": "player_move", "volume": 0.4}
[2026-09-25 11:31:28.922] [SFX] {"sound": "civ_move_1", "volume": 0.24}
[2026-09-25 11:31:28.955] [SFX] {"sound": "guardian_move", "volume": 0.16}
[2026-09-25 11:31:29.054] [SFX] {"sound": "civ_move_2", "volume": 0.16}
[2026-09-25 11:31:29.136] [SFX] {"sound": "guardian_move", "volume": 0.18}
[2026-09-25 11:31:29.160] [SFX] {"sound": "civ_move_2", "volume": 0.05}
[2026-09-25 11:31:29.175] [SFX] {"sound": "civ_move_1", "volume": 0.18}
[2026-09-25 11:31:29.176] [SFX] {"sound": "civ_move_1", "volume": 0.02}
[2026-09-25 11:31:29.192] [SFX] {"sound": "civ_move_2", "volume": 0.23}
[2026-09-25 11:31:29.209] [SFX] {"sound": "player_move", "volume": 0.4}
[2026-09-25 11:31:29.210] [SFX] {"sound": "guardian_move", "volume": 0.29}
[2026-09-25 11:31:29.287] [SFX] {"sound": "civ_move_2", "volume": 0.21}
[2026-09-25 11:31:29.288] [SFX] {"sound": "civ_move_1", "volume": 0.0}
[2026-09-25 11:31:29.340] [SFX] {"sound": "civ_move_1", "volume": 0.21}
[2026-09-25 11:31:29.454] [SFX] {"sound": "civ_move_2", "volume": 0.14}
[2026-09-25 11:31:29.504] [SFX] {"sound": "player_move", "volume": 0.4}
[2026-09-25 11:31:29.554] [SFX] {"sound": "civ_move_2", "volume": 0.01}
[2026-09-25 11:31:29.577] [SFX] {"sound": "guardian_move", "volume": 0.12}
[2026-09-25 11:31:29.577] [SFX] {"sound": "civ_move_1", "volume": 0.22}
[2026-09-25 11:31:29.578] [SFX] {"sound": "civ_move_1", "volume": 0.06}
[2026-09-25 11:31:29.594] [SFX] {"sound": "civ_move_2", "volume": 0.2}
[2026-09-25 11:31:29.621] [SFX] {"sound": "threat_pulse", "volume": 0.3}
[2026-09-25 11:31:29.687] [SFX] {"sound": "civ_move_2", "volume": 0.16}
[2026-09-25 11:31:29.752] [SFX] {"sound": "civ_move_1", "volume": 0.21}
[2026-09-25 11:31:29.753] [C] {"civ_pos": [92, 93]}
[2026-09-25 11:31:29.798] [SFX] {"sound": "guardian_move", "volume": 0.24}
[2026-09-25 11:31:29.811] [SFX] {"sound": "player_move", "volume": 0.4}
[2026-09-25 11:31:29.812] [SFX] {"sound": "guardian_move", "volume": 0.36}
[2026-09-25 11:31:29.870] [SFX] {"sound": "civ_move_2", "volume": 0.1}
[2026-09-25 11:31:29.985] [SFX] {"sound": "civ_move_1", "volume": 0.23}
[2026-09-25 11:31:29.986] [SFX] {"sound": "civ_move_1", "volume": 0.1}
[2026-09-25 11:31:30.009] [SFX] {"sound": "civ_move_2", "volume": 0.17}
[2026-09-25 11:31:30.087] [SFX] {"sound": "civ_move_2", "volume": 0.14}
[2026-09-25 11:31:30.126] [SFX] {"sound": "player_move", "volume": 0.4}
[2026-09-25 11:31:30.167] [SFX] {"sound": "civ_move_1", "volume": 0.25}
[2026-09-25 11:31:30.190] [SFX] {"sound": "guardian_move", "volume": 0.06}
[2026-09-25 11:31:30.285] [SFX] {"sound": "civ_move_2", "volume": 0.13}
[2026-09-25 11:31:30.375] [JACK] Hörst du das Wummern? Sentinels in der Nähe... Bloß keinen falschen Schritt machen!
[2026-09-25 11:31:30.376] [SFX] {"sound": "guardian_move", "volume": 0.18}
[2026-09-25 11:31:30.394] [SFX] {"sound": "civ_move_1", "volume": 0.17}
[2026-09-25 11:31:30.395] [SFX] {"sound": "civ_move_1", "volume": 0.09}
[2026-09-25 11:31:30.410] [SFX] {"sound": "civ_move_2", "volume": 0.18}
[2026-09-25 11:31:30.426] [SFX] {"sound": "player_move", "volume": 0.4}
[2026-09-25 11:31:30.427] [SFX] {"sound": "guardian_move", "volume": 0.27}
[2026-09-25 11:31:30.503] [SFX] {"sound": "civ_move_2", "volume": 0.14}
[2026-09-25 11:31:30.537] [SFX] {"sound": "threat_pulse", "volume": 0.32}
[2026-09-25 11:31:30.570] [SFX] {"sound": "civ_move_1", "volume": 0.29}
[2026-09-25 11:31:30.689] [SFX] {"sound": "civ_move_2", "volume": 0.17}
[2026-09-25 11:31:30.721] [SFX] {"sound": "player_move", "volume": 0.4}
[2026-09-25 11:31:30.788] [SFX] {"sound": "guardian_move", "volume": 0.06}
[2026-09-25 11:31:30.789] [SFX] {"sound": "civ_move_1", "volume": 0.15}
[2026-09-25 11:31:30.789] [SFX] {"sound": "civ_move_1", "volume": 0.07}
[2026-09-25 11:31:30.812] [SFX] {"sound": "civ_move_2", "volume": 0.21}
[2026-09-25 11:31:30.907] [SFX] {"sound": "civ_move_2", "volume": 0.19}
[2026-09-25 11:31:30.974] [SFX] {"sound": "guardian_move", "volume": 0.1}
[2026-09-25 11:31:30.975] [SFX] {"sound": "civ_move_1", "volume": 0.27}
[2026-09-25 11:31:31.021] [SFX] {"sound": "player_move", "volume": 0.4}
[2026-09-25 11:31:31.022] [SFX] {"sound": "guardian_move", "volume": 0.23}
[2026-09-25 11:31:31.103] [SFX] {"sound": "civ_move_2", "volume": 0.25}
[2026-09-25 11:31:31.186] [SFX] {"sound": "civ_move_2", "volume": 0.01}
[2026-09-25 11:31:31.210] [SFX] {"sound": "civ_move_1", "volume": 0.14}
[2026-09-25 11:31:31.211] [SFX] {"sound": "civ_move_1", "volume": 0.03}
[2026-09-25 11:31:31.227] [SFX] {"sound": "civ_move_2", "volume": 0.26}
[2026-09-25 11:31:31.318] [SFX] {"sound": "civ_move_2", "volume": 0.24}
[2026-09-25 11:31:31.341] [SFX] {"sound": "player_move", "volume": 0.4}
[2026-09-25 11:31:31.379] [SFX] {"sound": "civ_move_1", "volume": 0.22}
[2026-09-25 11:31:31.403] [SFX] {"sound": "guardian_move", "volume": 0.13}
[2026-09-25 11:31:31.514] [SFX] {"sound": "civ_move_2", "volume": 0.28}
[2026-09-25 11:31:31.581] [SFX] {"sound": "guardian_move", "volume": 0.01}
[2026-09-25 11:31:31.608] [SFX] {"sound": "civ_move_2", "volume": 0.05}
[2026-09-25 11:31:31.625] [SFX] {"sound": "civ_move_1", "volume": 0.11}
[2026-09-25 11:31:31.640] [SFX] {"sound": "civ_move_2", "volume": 0.29}
[2026-09-25 11:31:31.655] [SFX] {"sound": "player_move", "volume": 0.4}
[2026-09-25 11:31:31.656] [SFX] {"sound": "guardian_move", "volume": 0.13}
[2026-09-25 11:31:31.729] [SFX] {"sound": "civ_move_2", "volume": 0.29}
[2026-09-25 11:31:31.730] [SFX] {"sound": "civ_move_1", "volume": 0.05}
[2026-09-25 11:31:31.779] [SFX] {"sound": "civ_move_1", "volume": 0.17}
[2026-09-25 11:31:31.913] [SFX] {"sound": "civ_move_2", "volume": 0.23}
[2026-09-25 11:31:31.949] [SFX] {"sound": "player_move", "volume": 0.4}
[2026-09-25 11:31:31.998] [SFX] {"sound": "guardian_move", "volume": 0.17}
[2026-09-25 11:31:31.999] [SFX] {"sound": "civ_move_2", "volume": 0.06}
[2026-09-25 11:31:32.033] [SFX] {"sound": "civ_move_1", "volume": 0.1}
[2026-09-25 11:31:32.034] [SFX] {"sound": "civ_move_2", "volume": 0.28}
[2026-09-25 11:31:32.132] [SFX] {"sound": "civ_move_2", "volume": 0.29}
[2026-09-25 11:31:32.132] [SFX] {"sound": "civ_move_1", "volume": 0.05}
[2026-09-25 11:31:32.182] [SFX] {"sound": "civ_move_1", "volume": 0.17}
[2026-09-25 11:31:32.249] [SFX] {"sound": "player_move", "volume": 0.4}
[2026-09-25 11:31:32.249] [SFX] {"sound": "guardian_move", "volume": 0.09}
[2026-09-25 11:31:32.250] [SFX] {"sound": "threat_pulse", "volume": 0.31}
[2026-09-25 11:31:32.274] [C] {"civ_pos": [64, 82]}
[2026-09-25 11:31:32.317] [SFX] {"sound": "civ_move_2", "volume": 0.2}
[2026-09-25 11:31:32.399] [SFX] {"sound": "civ_move_2", "volume": 0.06}
[2026-09-25 11:31:32.447] [SFX] {"sound": "civ_move_1", "volume": 0.1}
[2026-09-25 11:31:32.448] [SFX] {"sound": "civ_move_2", "volume": 0.28}
[2026-09-25 11:31:32.544] [SFX] {"sound": "civ_move_2", "volume": 0.29}
[2026-09-25 11:31:32.568] [SFX] {"sound": "player_move", "volume": 0.4}
[2026-09-25 11:31:32.568] [SFX] {"sound": "civ_move_1", "volume": 0.06}
[2026-09-25 11:31:32.595] [SFX] {"sound": "civ_move_1", "volume": 0.17}
[2026-09-25 11:31:32.617] [SFX] {"sound": "guardian_move", "volume": 0.17}
[2026-09-25 11:31:32.724] [SFX] {"sound": "civ_move_2", "volume": 0.18}
[2026-09-25 11:31:32.806] [SFX] {"sound": "civ_move_2", "volume": 0.06}
[2026-09-25 11:31:32.855] [SFX] {"sound": "guardian_move", "volume": 0.07}
[2026-09-25 11:31:32.856] [SFX] {"sound": "civ_move_1", "volume": 0.1}
[2026-09-25 11:31:32.857] [SFX] {"sound": "civ_move_2", "volume": 0.28}
[2026-09-25 11:31:32.879] [SFX] {"sound": "player_move", "volume": 0.4}
[2026-09-25 11:31:32.955] [SFX] {"sound": "civ_move_2", "volume": 0.29}
[2026-09-25 11:31:32.979] [SFX] {"sound": "civ_move_1", "volume": 0.09}
[2026-09-25 11:31:33.004] [SFX] {"sound": "civ_move_1", "volume": 0.17}
[2026-09-25 11:31:33.136] [SFX] {"sound": "civ_move_2", "volume": 0.15}
[2026-09-25 11:31:33.159] [SFX] {"sound": "threat_pulse", "volume": 0.32}
[2026-09-25 11:31:33.185] [SFX] {"sound": "player_move", "volume": 0.4}
[2026-09-25 11:31:33.218] [SFX] {"sound": "guardian_move", "volume": 0.17}
[2026-09-25 11:31:33.219] [SFX] {"sound": "civ_move_2", "volume": 0.06}
[2026-09-25 11:31:33.266] [SFX] {"sound": "civ_move_2", "volume": 0.28}
[2026-09-25 11:31:33.289] [SFX] {"sound": "civ_move_1", "volume": 0.09}
[2026-09-25 11:31:33.364] [SFX] {"sound": "civ_move_2", "volume": 0.29}
[2026-09-25 11:31:33.387] [SFX] {"sound": "civ_move_1", "volume": 0.12}
[2026-09-25 11:31:33.413] [SFX] {"sound": "civ_move_1", "volume": 0.17}
[2026-09-25 11:31:33.447] [M] {"button": 1, "pos": [330, 208], "ui_clicked": true}
[2026-09-25 11:31:33.466] [SFX] {"sound": "guardian_move", "volume": 0.04}
[2026-09-25 11:31:33.467] [SFX] {"sound": "infiltrate 2", "volume": 0.5}
[2026-09-25 11:31:33.497] [SFX] {"sound": "player_move", "volume": 0.4}
[2026-09-25 11:31:33.548] [SFX] {"sound": "civ_move_2", "volume": 0.13}
[2026-09-25 11:31:33.631] [SFX] {"sound": "civ_move_2", "volume": 0.07}
[2026-09-25 11:31:33.680] [SFX] {"sound": "civ_move_2", "volume": 0.27}
[2026-09-25 11:31:33.703] [SFX] {"sound": "civ_move_1", "volume": 0.07}
[2026-09-25 11:31:33.781] [SFX] {"sound": "civ_move_2", "volume": 0.29}
[2026-09-25 11:31:33.803] [SFX] {"sound": "civ_move_1", "volume": 0.14}
[2026-09-25 11:31:33.819] [SFX] {"sound": "player_move", "volume": 0.4}
[2026-09-25 11:31:33.835] [SFX] {"sound": "guardian_move", "volume": 0.17}
[2026-09-25 11:31:33.836] [SFX] {"sound": "civ_move_1", "volume": 0.17}
[2026-09-25 11:31:33.879] [SFX] {"sound": "infiltrate 2", "volume": 0.5}
[2026-09-25 11:31:33.962] [SFX] {"sound": "civ_move_2", "volume": 0.1}
[2026-09-25 11:31:34.044] [SFX] {"sound": "civ_move_2", "volume": 0.08}
[2026-09-25 11:31:34.066] [SFX] {"sound": "threat_pulse", "volume": 0.33}
[2026-09-25 11:31:34.082] [SFX] {"sound": "guardian_move", "volume": 0.02}
[2026-09-25 11:31:34.099] [SFX] {"sound": "civ_move_2", "volume": 0.27}
[2026-09-25 11:31:34.116] [SFX] {"sound": "civ_move_1", "volume": 0.06}
[2026-09-25 11:31:34.134] [SFX] {"sound": "player_move", "volume": 0.4}
[2026-09-25 11:31:34.192] [SFX] {"sound": "civ_move_2", "volume": 0.29}
[2026-09-25 11:31:34.215] [SFX] {"sound": "civ_move_1", "volume": 0.17}
[2026-09-25 11:31:34.289] [SFX] {"sound": "infiltrate 2", "volume": 0.5}
[2026-09-25 11:31:34.372] [SFX] {"sound": "civ_move_2", "volume": 0.08}
[2026-09-25 11:31:34.438] [SFX] {"sound": "player_move", "volume": 0.4}
[2026-09-25 11:31:34.439] [SFX] {"sound": "guardian_move", "volume": 0.17}
[2026-09-25 11:31:34.461] [SFX] {"sound": "civ_move_2", "volume": 0.09}
[2026-09-25 11:31:34.508] [SFX] {"sound": "civ_move_2", "volume": 0.28}
[2026-09-25 11:31:34.530] [SFX] {"sound": "civ_move_1", "volume": 0.04}
[2026-09-25 11:31:34.607] [SFX] {"sound": "civ_move_2", "volume": 0.29}
[2026-09-25 11:31:34.630] [SFX] {"sound": "civ_move_1", "volume": 0.19}
[2026-09-25 11:31:34.656] [SFX] {"sound": "civ_move_1", "volume": 0.17}
[2026-09-25 11:31:34.689] [SFX] {"sound": "guardian_move", "volume": 0.0}
[2026-09-25 11:31:34.711] [SFX] {"sound": "infiltrate 1", "volume": 0.5}
[2026-09-25 11:31:34.754] [SFX] {"sound": "player_move", "volume": 0.4}
[2026-09-25 11:31:34.776] [C] {"civ_pos": [54, 82]}
[2026-09-25 11:31:34.813] [SFX] {"sound": "civ_move_2", "volume": 0.05}
[2026-09-25 11:31:34.868] [SFX] {"sound": "civ_move_2", "volume": 0.11}
[2026-09-25 11:31:34.917] [SFX] {"sound": "civ_move_2", "volume": 0.28}
[2026-09-25 11:31:34.943] [SFX] {"sound": "civ_move_1", "volume": 0.02}
[2026-09-25 11:31:34.966] [SFX] {"sound": "threat_pulse", "volume": 0.34}
[2026-09-25 11:31:35.015] [SFX] {"sound": "civ_move_2", "volume": 0.29}
[2026-09-25 11:31:35.041] [SFX] {"sound": "civ_move_1", "volume": 0.22}
[2026-09-25 11:31:35.056] [SFX] {"sound": "guardian_move", "volume": 0.17}
[2026-09-25 11:31:35.073] [SFX] {"sound": "player_move", "volume": 0.4}
[2026-09-25 11:31:35.074] [SFX] {"sound": "civ_move_1", "volume": 0.17}
[2026-09-25 11:31:35.115] [SFX] {"sound": "infiltrate 1", "volume": 0.5}
[2026-09-25 11:31:35.198] [SFX] {"sound": "civ_move_2", "volume": 0.03}
[2026-09-25 11:31:35.281] [SFX] {"sound": "civ_move_2", "volume": 0.11}
[2026-09-25 11:31:35.309] [SFX] {"sound": "guardian_move", "volume": 0.0}
[2026-09-25 11:31:35.331] [SFX] {"sound": "civ_move_2", "volume": 0.27}
[2026-09-25 11:31:35.354] [SFX] {"sound": "civ_move_1", "volume": 0.0}
[2026-09-25 11:31:35.381] [SFX] {"sound": "player_move", "volume": 0.4}
[2026-09-25 11:31:35.431] [SFX] {"sound": "civ_move_2", "volume": 0.29}
[2026-09-25 11:31:35.431] [SFX] {"sound": "civ_move_1", "volume": 0.24}
[2026-09-25 11:31:35.481] [SFX] {"sound": "civ_move_1", "volume": 0.17}
[2026-09-25 11:31:35.531] [SFX] {"sound": "infiltrate 2", "volume": 0.5}
[2026-09-25 11:31:35.613] [SFX] {"sound": "civ_move_2", "volume": 0.01}
[2026-09-25 11:31:35.663] [SFX] {"sound": "guardian_move", "volume": 0.17}
[2026-09-25 11:31:35.695] [SFX] {"sound": "player_move", "volume": 0.4}
[2026-09-25 11:31:35.696] [SFX] {"sound": "civ_move_2", "volume": 0.11}
[2026-09-25 11:31:35.744] [SFX] {"sound": "civ_move_2", "volume": 0.27}
[2026-09-25 11:31:35.842] [SFX] {"sound": "civ_move_2", "volume": 0.29}
[2026-09-25 11:31:35.843] [SFX] {"sound": "civ_move_1", "volume": 0.26}
[2026-09-25 11:31:35.875] [SFX] {"sound": "threat_pulse", "volume": 0.35}
[2026-09-25 11:31:35.900] [SFX] {"sound": "civ_move_1", "volume": 0.17}
[2026-09-25 11:31:35.918] [SFX] {"sound": "guardian_move", "volume": 0.0}
[2026-09-25 11:31:35.943] [SFX] {"sound": "infiltrate 2", "volume": 0.5}
[2026-09-25 11:31:36.010] [SFX] {"sound": "player_move", "volume": 0.4}
[2026-09-25 11:31:36.108] [SFX] {"sound": "civ_move_2", "volume": 0.11}
[2026-09-25 11:31:36.159] [SFX] {"sound": "civ_move_2", "volume": 0.28}
[2026-09-25 11:31:36.242] [SFX] {"sound": "civ_move_2", "volume": 0.29}
[2026-09-25 11:31:36.242] [SFX] {"sound": "civ_move_1", "volume": 0.29}
[2026-09-25 11:31:36.291] [SFX] {"sound": "guardian_move", "volume": 0.18}
[2026-09-25 11:31:36.315] [SFX] {"sound": "civ_move_1", "volume": 0.17}
[2026-09-25 11:31:36.331] [SFX] {"sound": "player_move", "volume": 0.4}
[2026-09-25 11:31:36.357] [SFX] {"sound": "infiltrate 2", "volume": 0.5}
[2026-09-25 11:31:36.455] [SFX] {"sound": "hack_success", "volume": 1.0}
[2026-09-25 11:31:36.522] [SFX] {"sound": "guardian_move", "volume": 0.01}
[2026-09-25 11:31:36.523] [SFX] {"sound": "civ_move_2", "volume": 0.12}
[2026-09-25 11:31:36.572] [SFX] {"sound": "civ_move_2", "volume": 0.28}
[2026-09-25 11:31:36.654] [SFX] {"sound": "civ_move_2", "volume": 0.29}
[2026-09-25 11:31:36.655] [SFX] {"sound": "civ_move_1", "volume": 0.29}
[2026-09-25 11:31:36.720] [SFX] {"sound": "civ_move_1", "volume": 0.18}
[2026-09-25 11:31:36.785] [SFX] {"sound": "threat_pulse", "volume": 0.34}
[2026-09-25 11:31:36.899] [SFX] {"sound": "guardian_move", "volume": 0.17}
[2026-09-25 11:31:36.933] [SFX] {"sound": "civ_move_2", "volume": 0.13}
[2026-09-25 11:31:36.982] [SFX] {"sound": "civ_move_2", "volume": 0.29}
[2026-09-25 11:31:37.065] [SFX] {"sound": "civ_move_2", "volume": 0.27}
[2026-09-25 11:31:37.066] [SFX] {"sound": "civ_move_1", "volume": 0.28}
[2026-09-25 11:31:37.132] [SFX] {"sound": "guardian_move", "volume": 0.02}
[2026-09-25 11:31:37.133] [SFX] {"sound": "civ_move_1", "volume": 0.19}
[2026-09-25 11:31:37.282] [C] {"civ_pos": [48, 82]}
[2026-09-25 11:31:37.346] [SFX] {"sound": "civ_move_2", "volume": 0.14}
[2026-09-25 11:31:37.394] [SFX] {"sound": "civ_move_2", "volume": 0.3}
[2026-09-25 11:31:37.478] [SFX] {"sound": "civ_move_2", "volume": 0.26}
[2026-09-25 11:31:37.479] [SFX] {"sound": "civ_move_1", "volume": 0.27}
[2026-09-25 11:31:37.511] [SFX] {"sound": "guardian_move", "volume": 0.16}
[2026-09-25 11:31:37.546] [SFX] {"sound": "civ_move_1", "volume": 0.2}
[2026-09-25 11:31:37.745] [SFX] {"sound": "guardian_move", "volume": 0.04}
[2026-09-25 11:31:37.746] [SFX] {"sound": "civ_move_2", "volume": 0.14}
[2026-09-25 11:31:37.878] [SFX] {"sound": "civ_move_2", "volume": 0.25}
[2026-09-25 11:31:37.879] [SFX] {"sound": "civ_move_1", "volume": 0.26}
[2026-09-25 11:31:37.960] [SFX] {"sound": "civ_move_1", "volume": 0.22}
[2026-09-25 11:31:38.110] [SFX] {"sound": "guardian_move", "volume": 0.18}
[2026-09-25 11:31:38.146] [SFX] {"sound": "civ_move_2", "volume": 0.14}
[2026-09-25 11:31:38.211] [M] {"button": 1, "pos": [269, 178], "ui_clicked": false}
[2026-09-25 11:31:38.295] [SFX] {"sound": "civ_move_2", "volume": 0.24}
[2026-09-25 11:31:38.296] [SFX] {"sound": "civ_move_1", "volume": 0.24}
[2026-09-25 11:31:38.344] [SFX] {"sound": "guardian_move", "volume": 0.06}
[2026-09-25 11:31:38.368] [SFX] {"sound": "civ_move_1", "volume": 0.23}
[2026-09-25 11:31:38.561] [SFX] {"sound": "civ_move_2", "volume": 0.13}
[2026-09-25 11:31:38.675] [M] {"button": 1, "pos": [273, 187], "ui_clicked": false}
[2026-09-25 11:31:38.685] [P] {"start": [48, 82], "goal": [45, 82], "length": 1, "is_direction_change": false}
[2026-09-25 11:31:38.685] [SFX] {"sound": "click_target", "volume": 0.74}
[2026-09-25 11:31:38.718] [JACK] Kurzer Blick um die Ecke...
[2026-09-25 11:31:38.731] [SFX] {"sound": "guardian_move", "volume": 0.19}
[2026-09-25 11:31:38.732] [SFX] {"sound": "civ_move_2", "volume": 0.23}
[2026-09-25 11:31:38.733] [SFX] {"sound": "civ_move_1", "volume": 0.22}
[2026-09-25 11:31:38.958] [SFX] {"sound": "guardian_move", "volume": 0.05}
[2026-09-25 11:31:38.982] [SFX] {"sound": "civ_move_2", "volume": 0.15}
[2026-09-25 11:31:39.141] [SFX] {"sound": "civ_move_2", "volume": 0.24}
[2026-09-25 11:31:39.141] [SFX] {"sound": "civ_move_1", "volume": 0.19}
[2026-09-25 11:31:39.189] [SFX] {"sound": "civ_move_1", "volume": 0.23}
[2026-09-25 11:31:39.338] [SFX] {"sound": "guardian_move", "volume": 0.22}
[2026-09-25 11:31:39.388] [SFX] {"sound": "civ_move_2", "volume": 0.2}
[2026-09-25 11:31:39.556] [SFX] {"sound": "civ_move_2", "volume": 0.22}
[2026-09-25 11:31:39.557] [SFX] {"sound": "civ_move_1", "volume": 0.18}
[2026-09-25 11:31:39.593] [SFX] {"sound": "guardian_move", "volume": 0.06}
[2026-09-25 11:31:39.594] [SFX] {"sound": "civ_move_1", "volume": 0.24}
[2026-09-25 11:31:39.791] [SFX] {"sound": "civ_move_2", "volume": 0.2}
[2026-09-25 11:31:39.843] [SFX] {"sound": "civ_move_2", "volume": 0.0}
[2026-09-25 11:31:39.943] [SFX] {"sound": "guardian_move", "volume": 0.23}
[2026-09-25 11:31:39.968] [SFX] {"sound": "civ_move_2", "volume": 0.17}
[2026-09-25 11:31:39.969] [SFX] {"sound": "civ_move_1", "volume": 0.17}
[2026-09-25 11:31:40.008] [SFX] {"sound": "civ_move_1", "volume": 0.25}
[2026-09-25 11:31:40.206] [SFX] {"sound": "guardian_move", "volume": 0.04}
[2026-09-25 11:31:40.207] [SFX] {"sound": "civ_move_2", "volume": 0.2}
[2026-09-25 11:31:40.257] [SFX] {"sound": "civ_move_2", "volume": 0.01}
[2026-09-25 11:31:40.370] [SFX] {"sound": "civ_move_2", "volume": 0.17}
[2026-09-25 11:31:40.370] [SFX] {"sound": "civ_move_1", "volume": 0.16}
[2026-09-25 11:31:40.419] [SFX] {"sound": "civ_move_1", "volume": 0.26}
[2026-09-25 11:31:40.552] [SFX] {"sound": "guardian_move", "volume": 0.23}
[2026-09-25 11:31:40.618] [SFX] {"sound": "civ_move_2", "volume": 0.19}
[2026-09-25 11:31:40.670] [SFX] {"sound": "civ_move_2", "volume": 0.02}
[2026-09-25 11:31:40.785] [SFX] {"sound": "civ_move_2", "volume": 0.17}
[2026-09-25 11:31:40.786] [SFX] {"sound": "civ_move_1", "volume": 0.14}
[2026-09-25 11:31:40.819] [SFX] {"sound": "guardian_move", "volume": 0.02}
[2026-09-25 11:31:40.842] [SFX] {"sound": "civ_move_1", "volume": 0.28}
[2026-09-25 11:31:40.886] [C] {"civ_pos": [47, 82]}
[2026-09-25 11:31:41.049] [SFX] {"sound": "civ_move_2", "volume": 0.19}
[2026-09-25 11:31:41.083] [SFX] {"sound": "civ_move_2", "volume": 0.03}
[2026-09-25 11:31:41.166] [SFX] {"sound": "guardian_move", "volume": 0.3}
[2026-09-25 11:31:41.199] [SFX] {"sound": "civ_move_2", "volume": 0.17}
[2026-09-25 11:31:41.200] [SFX] {"sound": "civ_move_1", "volume": 0.13}
[2026-09-25 11:31:41.251] [SFX] {"sound": "civ_move_1", "volume": 0.29}
[2026-09-25 11:31:41.433] [SFX] {"sound": "guardian_move", "volume": 0.0}
[2026-09-25 11:31:41.456] [SFX] {"sound": "civ_move_2", "volume": 0.19}
[2026-09-25 11:31:41.499] [SFX] {"sound": "civ_move_2", "volume": 0.04}
[2026-09-25 11:31:41.613] [SFX] {"sound": "civ_move_2", "volume": 0.16}
[2026-09-25 11:31:41.614] [SFX] {"sound": "civ_move_1", "volume": 0.12}
[2026-09-25 11:31:41.660] [SFX] {"sound": "civ_move_1", "volume": 0.3}
[2026-09-25 11:31:41.776] [SFX] {"sound": "guardian_move", "volume": 0.33}
[2026-09-25 11:31:41.858] [SFX] {"sound": "civ_move_2", "volume": 0.2}
[2026-09-25 11:31:41.908] [SFX] {"sound": "civ_move_2", "volume": 0.05}
[2026-09-25 11:31:41.974] [SFX] {"sound": "guardian_move", "volume": 0.02}
[2026-09-25 11:31:42.023] [SFX] {"sound": "civ_move_2", "volume": 0.15}
[2026-09-25 11:31:42.024] [SFX] {"sound": "civ_move_1", "volume": 0.11}
[2026-09-25 11:31:42.070] [SFX] {"sound": "civ_move_1", "volume": 0.29}
[2026-09-25 11:31:42.266] [SFX] {"sound": "civ_move_2", "volume": 0.2}
[2026-09-25 11:31:42.315] [SFX] {"sound": "civ_move_2", "volume": 0.05}
[2026-09-25 11:31:42.382] [SFX] {"sound": "guardian_move", "volume": 0.35}
[2026-09-25 11:31:42.432] [SFX] {"sound": "civ_move_2", "volume": 0.15}
[2026-09-25 11:31:42.433] [SFX] {"sound": "civ_move_1", "volume": 0.09}
[2026-09-25 11:31:42.434] [SFX] {"sound": "threat_pulse", "volume": 0.3}
[2026-09-25 11:31:42.482] [SFX] {"sound": "civ_move_1", "volume": 0.27}
[2026-09-25 11:31:42.580] [M] {"button": 1, "pos": [269, 188], "ui_clicked": false}
[2026-09-25 11:31:42.588] [SFX] {"sound": "guardian_move", "volume": 0.05}
[2026-09-25 11:31:42.589] [SFX] {"sound": "click_target", "volume": 0.74}
[2026-09-25 11:31:42.605] [SFX] {"sound": "player_move", "volume": 0.4}
[2026-09-25 11:31:42.682] [SFX] {"sound": "civ_move_2", "volume": 0.2}
[2026-09-25 11:31:42.715] [SFX] {"sound": "civ_move_2", "volume": 0.14}
[2026-09-25 11:31:42.738] [SFX] {"sound": "civ_move_2", "volume": 0.05}
[2026-09-25 11:31:42.833] [SFX] {"sound": "civ_move_2", "volume": 0.16}
[2026-09-25 11:31:42.834] [SFX] {"sound": "civ_move_1", "volume": 0.05}
[2026-09-25 11:31:42.884] [SFX] {"sound": "civ_move_1", "volume": 0.29}
[2026-09-25 11:31:42.907] [SFX] {"sound": "player_move", "volume": 0.4}
[2026-09-25 11:31:43.000] [SFX] {"sound": "guardian_move", "volume": 0.39}
[2026-09-25 11:31:43.082] [SFX] {"sound": "civ_move_2", "volume": 0.18}
[2026-09-25 11:31:43.116] [SFX] {"sound": "civ_move_2", "volume": 0.12}
[2026-09-25 11:31:43.140] [SFX] {"sound": "civ_move_2", "volume": 0.05}
[2026-09-25 11:31:43.181] [SFX] {"sound": "guardian_move", "volume": 0.02}
[2026-09-25 11:31:43.214] [SFX] {"sound": "player_move", "volume": 0.4}
[2026-09-25 11:31:43.247] [SFX] {"sound": "civ_move_2", "volume": 0.17}
[2026-09-25 11:31:43.248] [SFX] {"sound": "civ_move_1", "volume": 0.03}
[2026-09-25 11:31:43.300] [SFX] {"sound": "civ_move_1", "volume": 0.29}
[2026-09-25 11:31:43.333] [SFX] {"sound": "threat_pulse", "volume": 0.36}
[2026-09-25 11:31:43.400] [C] {"civ_pos": [37, 82]}
[2026-09-25 11:31:43.484] [SFX] {"sound": "civ_move_2", "volume": 0.19}
[2026-09-25 11:31:43.517] [SFX] {"sound": "player_move", "volume": 0.4}
[2026-09-25 11:31:43.518] [SFX] {"sound": "civ_move_2", "volume": 0.11}
[2026-09-25 11:31:43.540] [SFX] {"sound": "civ_move_2", "volume": 0.05}
[2026-09-25 11:31:43.601] [SFX] {"sound": "guardian_move", "volume": 0.39}
[2026-09-25 11:31:43.651] [SFX] {"sound": "civ_move_2", "volume": 0.19}
[2026-09-25 11:31:43.652] [SFX] {"sound": "civ_move_1", "volume": 0.0}
[2026-09-25 11:31:43.701] [SFX] {"sound": "civ_move_1", "volume": 0.29}
[2026-09-25 11:31:43.787] [SFX] {"sound": "guardian_move", "volume": 0.01}
[2026-09-25 11:31:43.818] [SFX] {"sound": "player_move", "volume": 0.4}
[2026-09-25 11:31:43.900] [SFX] {"sound": "civ_move_2", "volume": 0.21}
[2026-09-25 11:31:43.922] [SFX] {"sound": "civ_move_2", "volume": 0.09}
[2026-09-25 11:31:43.948] [SFX] {"sound": "civ_move_2", "volume": 0.05}
[2026-09-25 11:31:44.065] [SFX] {"sound": "civ_move_2", "volume": 0.2}
[2026-09-25 11:31:44.082] [M] {"button": 1, "pos": [323, 207], "ui_clicked": true}
[2026-09-25 11:31:44.128] [SFX] {"sound": "player_move", "volume": 0.4}
[2026-09-25 11:31:44.162] [SFX] {"sound": "civ_move_1", "volume": 0.29}
[2026-09-25 11:31:44.211] [SFX] {"sound": "guardian_move", "volume": 0.39}
[2026-09-25 11:31:44.245] [SFX] {"sound": "threat_pulse", "volume": 0.51}
[2026-09-25 11:31:44.311] [SFX] {"sound": "civ_move_2", "volume": 0.2}
[2026-09-25 11:31:44.335] [SFX] {"sound": "civ_move_2", "volume": 0.08}
[2026-09-25 11:31:44.362] [SFX] {"sound": "civ_move_2", "volume": 0.05}
[2026-09-25 11:31:44.396] [SFX] {"sound": "guardian_move", "volume": 0.03}
[2026-09-25 11:31:44.461] [SFX] {"sound": "player_move", "volume": 0.4}
[2026-09-25 11:31:44.484] [SFX] {"sound": "civ_move_2", "volume": 0.21}
[2026-09-25 11:31:44.576] [SFX] {"sound": "civ_move_1", "volume": 0.29}
[2026-09-25 11:31:44.577] [SFX] {"sound": "alert_trigger", "volume": 1.0}
[2026-09-25 11:31:44.642] [SFX] {"sound": "game_over", "volume": 1.0}
[2026-09-25 11:31:58.779] [SFX] {"sound": "hack_success", "volume": 0.8}
[2026-09-25 11:31:59.620] [SESSION_RESET] {"msg": "--- NEW LIFE STARTED ---"}
[2026-09-25 11:31:59.664] [S] {"map": "Shadowgrid"}
[2026-09-25 11:31:59.685] [JACK] Blick ins Systemfenster... Was führen wir im Schild?
[2026-09-25 11:31:59.688] [SFX] {"sound": "guardian_move", "volume": 0.1}
[2026-09-25 11:31:59.708] [JACK] Ah, im Shadowgrid angekommen... endlich.
[2026-09-25 11:32:00.031] [SFX] {"sound": "guardian_move", "volume": 0.22}
[2026-09-25 11:32:00.279] [SFX] {"sound": "guardian_move", "volume": 0.08}
[2026-09-25 11:32:00.648] [SFX] {"sound": "guardian_move", "volume": 0.22}
[2026-09-25 11:32:00.879] [SFX] {"sound": "guardian_move", "volume": 0.06}
[2026-09-25 11:32:01.260] [SFX] {"sound": "guardian_move", "volume": 0.22}
[2026-09-25 11:32:01.493] [SFX] {"sound": "guardian_move", "volume": 0.04}
[2026-09-25 11:32:01.873] [SFX] {"sound": "guardian_move", "volume": 0.21}
[2026-09-25 11:32:02.104] [SFX] {"sound": "guardian_move", "volume": 0.02}
[2026-09-25 11:32:02.251] [M] {"button": 1, "pos": [350, 210], "ui_clicked": false}
[2026-09-25 11:32:02.479] [SFX] {"sound": "guardian_move", "volume": 0.19}
[2026-09-25 11:32:02.679] [M] {"button": 1, "pos": [356, 219], "ui_clicked": false}
[2026-09-25 11:32:02.688] [SFX] {"sound": "action_cancel", "volume": 1.0}
[2026-09-25 11:32:02.688] [P] {"start": [42, 14], "goal": [46, 18], "length": 3, "is_direction_change": false}
[2026-09-25 11:32:02.689] [SFX] {"sound": "click_target", "volume": 0.67}
[2026-09-25 11:32:02.732] [SFX] {"sound": "player_move", "volume": 0.4}
[2026-09-25 11:32:02.747] [SFX] {"sound": "guardian_move", "volume": 0.01}
[2026-09-25 11:32:03.006] [SFX] {"sound": "player_move", "volume": 0.4}
[2026-09-25 11:32:03.088] [SFX] {"sound": "guardian_move", "volume": 0.22}
[2026-09-25 11:32:03.350] [SFX] {"sound": "guardian_move", "volume": 0.02}
[2026-09-25 11:32:03.700] [SFX] {"sound": "guardian_move", "volume": 0.23}
[2026-09-25 11:32:03.966] [SFX] {"sound": "guardian_move", "volume": 0.0}
[2026-09-25 11:32:04.083] [M] {"button": 1, "pos": [302, 222], "ui_clicked": false}
[2026-09-25 11:32:04.315] [SFX] {"sound": "guardian_move", "volume": 0.23}
[2026-09-25 11:32:04.609] [M] {"button": 1, "pos": [306, 215], "ui_clicked": false}
[2026-09-25 11:32:04.617] [P] {"start": [46, 18], "goal": [44, 22], "length": 10, "is_direction_change": false}
[2026-09-25 11:32:04.618] [SFX] {"sound": "click_target", "volume": 0.71}
[2026-09-25 11:32:04.842] [SFX] {"sound": "player_move", "volume": 0.4}
[2026-09-25 11:32:04.922] [SFX] {"sound": "guardian_move", "volume": 0.22}
[2026-09-25 11:32:05.153] [SFX] {"sound": "player_move", "volume": 0.4}
[2026-09-25 11:32:05.534] [SFX] {"sound": "guardian_move", "volume": 0.17}
[2026-09-25 11:32:05.769] [SFX] {"sound": "player_move", "volume": 0.4}
[2026-09-25 11:32:06.135] [SFX] {"sound": "guardian_move", "volume": 0.21}
[2026-09-25 11:32:06.739] [SFX] {"sound": "guardian_move", "volume": 0.2}
[2026-09-25 11:32:07.353] [SFX] {"sound": "guardian_move", "volume": 0.18}
[2026-09-25 11:32:07.963] [SFX] {"sound": "guardian_move", "volume": 0.16}
[2026-09-25 11:32:08.078] [M] {"button": 1, "pos": [331, 218], "ui_clicked": false}
[2026-09-25 11:32:08.085] [P] {"start": [44, 22], "goal": [45, 26], "length": 4, "is_direction_change": false}
[2026-09-25 11:32:08.086] [SFX] {"sound": "click_target", "volume": 0.7}
[2026-09-25 11:32:08.131] [JACK] Vorsichtig vorantasten...
[2026-09-25 11:32:08.145] [SFX] {"sound": "player_move", "volume": 0.4}
[2026-09-25 11:32:08.565] [SFX] {"sound": "guardian_move", "volume": 0.18}
[2026-09-25 11:32:08.879] [M] {"button": 1, "pos": [331, 218], "ui_clicked": false}
[2026-09-25 11:32:08.887] [P] {"start": [45, 26], "goal": [46, 30], "length": 3, "is_direction_change": false}
[2026-09-25 11:32:08.888] [SFX] {"sound": "click_target", "volume": 0.7}
[2026-09-25 11:32:08.979] [SFX] {"sound": "player_move", "volume": 0.4}
[2026-09-25 11:32:09.178] [SFX] {"sound": "guardian_move", "volume": 0.18}
[2026-09-25 11:32:09.793] [SFX] {"sound": "guardian_move", "volume": 0.17}
[2026-09-25 11:32:10.404] [SFX] {"sound": "guardian_move", "volume": 0.14}
[2026-09-25 11:32:11.014] [SFX] {"sound": "guardian_move", "volume": 0.12}
[2026-09-25 11:32:11.628] [SFX] {"sound": "guardian_move", "volume": 0.09}
[2026-09-25 11:32:12.234] [SFX] {"sound": "guardian_move", "volume": 0.07}
[2026-09-25 11:32:12.715] [M] {"button": 1, "pos": [360, 210], "ui_clicked": false}
[2026-09-25 11:32:12.724] [P] {"start": [46, 30], "goal": [50, 33], "length": 4, "is_direction_change": false}
[2026-09-25 11:32:12.725] [SFX] {"sound": "click_target", "volume": 0.68}
[2026-09-25 11:32:12.769] [SFX] {"sound": "player_move", "volume": 0.4}
[2026-09-25 11:32:12.835] [SFX] {"sound": "guardian_move", "volume": 0.05}
[2026-09-25 11:32:13.083] [SFX] {"sound": "player_move", "volume": 0.4}
[2026-09-25 11:32:13.445] [SFX] {"sound": "guardian_move", "volume": 0.06}
[2026-09-25 11:32:14.060] [SFX] {"sound": "guardian_move", "volume": 0.03}
[2026-09-25 11:32:14.627] [M] {"button": 1, "pos": [319, 225], "ui_clicked": false}
[2026-09-25 11:32:14.676] [SFX] {"sound": "guardian_move", "volume": 0.01}
[2026-09-25 11:32:15.043] [M] {"button": 1, "pos": [323, 226], "ui_clicked": false}
[2026-09-25 11:32:15.051] [P] {"start": [50, 33], "goal": [50, 38], "length": 1, "is_direction_change": false}
[2026-09-25 11:32:15.052] [SFX] {"sound": "click_target", "volume": 0.68}
[2026-09-25 11:32:15.158] [SFX] {"sound": "player_move", "volume": 0.4}
[2026-09-25 11:32:15.774] [M] {"button": 1, "pos": [327, 225], "ui_clicked": false}
[2026-09-25 11:32:15.783] [P] {"start": [50, 38], "goal": [50, 43], "length": 1, "is_direction_change": false}
[2026-09-25 11:32:15.784] [SFX] {"sound": "click_target", "volume": 0.69}
[2026-09-25 11:32:15.942] [SFX] {"sound": "player_move", "volume": 0.4}
[2026-09-25 11:32:18.453] [M] {"button": 1, "pos": [328, 224], "ui_clicked": false}
[2026-09-25 11:32:18.463] [P] {"start": [50, 43], "goal": [50, 48], "length": 1, "is_direction_change": false}
[2026-09-25 11:32:18.463] [SFX] {"sound": "click_target", "volume": 0.69}
[2026-09-25 11:32:18.677] [SFX] {"sound": "player_move", "volume": 0.4}
[2026-09-25 11:32:22.132] [SFX] {"sound": "civ_move_1", "volume": 0.01}
[2026-09-25 11:32:22.547] [SFX] {"sound": "civ_move_1", "volume": 0.02}
[2026-09-25 11:32:22.947] [SFX] {"sound": "civ_move_1", "volume": 0.03}
[2026-09-25 11:32:23.360] [SFX] {"sound": "civ_move_1", "volume": 0.04}
[2026-09-25 11:32:23.763] [SFX] {"sound": "civ_move_1", "volume": 0.05}
[2026-09-25 11:32:24.178] [SFX] {"sound": "civ_move_1", "volume": 0.06}
[2026-09-25 11:32:24.587] [SFX] {"sound": "civ_move_1", "volume": 0.07}
[2026-09-25 11:32:24.998] [SFX] {"sound": "civ_move_1", "volume": 0.08}
[2026-09-25 11:32:25.413] [SFX] {"sound": "civ_move_1", "volume": 0.09}
[2026-09-25 11:32:25.814] [SFX] {"sound": "civ_move_1", "volume": 0.1}
[2026-09-25 11:32:26.228] [SFX] {"sound": "civ_move_1", "volume": 0.11}
[2026-09-25 11:32:27.059] [SFX] {"sound": "civ_move_1", "volume": 0.13}
[2026-09-25 11:32:27.465] [SFX] {"sound": "civ_move_1", "volume": 0.14}
[2026-09-25 11:32:28.277] [SFX] {"sound": "civ_move_1", "volume": 0.15}
[2026-09-25 11:32:28.687] [SFX] {"sound": "civ_move_1", "volume": 0.16}
