[2026-09-24 21:25:05.715] [S] {"sid": "20260924_212505", "sys_t": "2026-09-24T21:25:05.715230"}
[2026-09-24 21:25:05.723] [SFX] {"sound": "hack_success", "volume": 0.8}
[2026-09-24 21:25:06.551] [SESSION_RESET] {"msg": "--- NEW LIFE STARTED ---"}
[2026-09-24 21:25:06.623] [JACK] CYBERDECK OS v4.2 // SYSTEME BEREIT
[2026-09-24 21:25:07.030] [SFX] {"sound": "civ_move_1", "volume": 0.18}
[2026-09-24 21:25:07.050] [SFX] {"sound": "civ_move_2", "volume": 0.15}
[2026-09-24 21:25:07.404] [SFX] {"sound": "civ_move_2", "volume": 0.02}
[2026-09-24 21:25:07.436] [SFX] {"sound": "civ_move_1", "volume": 0.18}
[2026-09-24 21:25:07.457] [SFX] {"sound": "civ_move_2", "volume": 0.15}
[2026-09-24 21:25:07.812] [SFX] {"sound": "civ_move_2", "volume": 0.01}
[2026-09-24 21:25:07.844] [SFX] {"sound": "civ_move_1", "volume": 0.17}
[2026-09-24 21:25:07.865] [SFX] {"sound": "civ_move_2", "volume": 0.16}
[2026-09-24 21:25:08.222] [SFX] {"sound": "civ_move_2", "volume": 0.0}
[2026-09-24 21:25:08.257] [SFX] {"sound": "civ_move_1", "volume": 0.17}
[2026-09-24 21:25:08.278] [SFX] {"sound": "civ_move_2", "volume": 0.16}
[2026-09-24 21:25:08.324] [M] {"button": 1, "pos": [310, 210], "ui_clicked": false}
[2026-09-24 21:25:08.657] [SFX] {"sound": "civ_move_1", "volume": 0.17}
[2026-09-24 21:25:08.679] [SFX] {"sound": "civ_move_2", "volume": 0.16}
[2026-09-24 21:25:08.723] [SFX] {"sound": "civ_move_2", "volume": 0.0}
[2026-09-24 21:25:08.807] [M] {"button": 1, "pos": [312, 214], "ui_clicked": false}
[2026-09-24 21:25:08.813] [P] {"start": [84, 12], "goal": [83, 16], "length": 2, "is_direction_change": false}
[2026-09-24 21:25:08.814] [SFX] {"sound": "click_target", "volume": 0.71}
[2026-09-24 21:25:08.834] [SFX] {"sound": "player_move", "volume": 0.4}
[2026-09-24 21:25:09.039] [SFX] {"sound": "civ_move_2", "volume": 0.0}
[2026-09-24 21:25:09.071] [SFX] {"sound": "civ_move_1", "volume": 0.19}
[2026-09-24 21:25:09.093] [SFX] {"sound": "civ_move_2", "volume": 0.19}
[2026-09-24 21:25:09.136] [SFX] {"sound": "civ_move_2", "volume": 0.03}
[2026-09-24 21:25:09.484] [SFX] {"sound": "civ_move_1", "volume": 0.2}
[2026-09-24 21:25:09.508] [SFX] {"sound": "civ_move_2", "volume": 0.2}
[2026-09-24 21:25:09.551] [SFX] {"sound": "civ_move_2", "volume": 0.04}
[2026-09-24 21:25:09.867] [M] {"button": 1, "pos": [302, 212], "ui_clicked": false}
[2026-09-24 21:25:09.874] [SFX] {"sound": "click_target", "volume": 0.71}
[2026-09-24 21:25:09.897] [SFX] {"sound": "civ_move_1", "volume": 0.19}
[2026-09-24 21:25:09.919] [SFX] {"sound": "civ_move_2", "volume": 0.21}
[2026-09-24 21:25:09.937] [SFX] {"sound": "player_move", "volume": 0.4}
[2026-09-24 21:25:09.962] [SFX] {"sound": "civ_move_2", "volume": 0.05}
[2026-09-24 21:25:10.080] [C] {"civ_pos": [80, 19]}
[2026-09-24 21:25:10.082] [SFX] {"sound": "threat_pulse", "volume": 0.3}
[2026-09-24 21:25:10.244] [SFX] {"sound": "player_move", "volume": 0.4}
[2026-09-24 21:25:10.310] [SFX] {"sound": "civ_move_1", "volume": 0.19}
[2026-09-24 21:25:10.333] [SFX] {"sound": "civ_move_2", "volume": 0.23}
[2026-09-24 21:25:10.376] [SFX] {"sound": "civ_move_2", "volume": 0.07}
[2026-09-24 21:25:10.557] [SFX] {"sound": "player_move", "volume": 0.4}
[2026-09-24 21:25:10.722] [SFX] {"sound": "civ_move_1", "volume": 0.18}
[2026-09-24 21:25:10.744] [SFX] {"sound": "civ_move_2", "volume": 0.3}
[2026-09-24 21:25:10.787] [SFX] {"sound": "civ_move_2", "volume": 0.07}
[2026-09-24 21:25:10.872] [SFX] {"sound": "player_move", "volume": 0.4}
[2026-09-24 21:25:10.989] [SFX] {"sound": "threat_pulse", "volume": 0.31}
[2026-09-24 21:25:11.136] [M] {"button": 1, "pos": [333, 213], "ui_clicked": false}
[2026-09-24 21:25:11.143] [SFX] {"sound": "civ_move_1", "volume": 0.18}
[2026-09-24 21:25:11.144] [SFX] {"sound": "action_cancel", "volume": 1.0}
[2026-09-24 21:25:11.145] [P] {"start": [81, 18], "goal": [82, 22], "length": 9, "is_direction_change": true}
[2026-09-24 21:25:11.145] [SFX] {"sound": "click_target", "volume": 0.72}
[2026-09-24 21:25:11.178] [SFX] {"sound": "civ_move_2", "volume": 0.3}
[2026-09-24 21:25:11.190] [SFX] {"sound": "player_move", "volume": 0.4}
[2026-09-24 21:25:11.206] [SFX] {"sound": "civ_move_2", "volume": 0.08}
[2026-09-24 21:25:11.498] [SFX] {"sound": "player_move", "volume": 0.4}
[2026-09-24 21:25:11.548] [SFX] {"sound": "civ_move_1", "volume": 0.17}
[2026-09-24 21:25:11.570] [SFX] {"sound": "civ_move_2", "volume": 0.21}
[2026-09-24 21:25:11.615] [SFX] {"sound": "civ_move_2", "volume": 0.07}
[2026-09-24 21:25:11.813] [SFX] {"sound": "player_move", "volume": 0.4}
[2026-09-24 21:25:11.961] [SFX] {"sound": "civ_move_1", "volume": 0.2}
[2026-09-24 21:25:11.983] [SFX] {"sound": "civ_move_2", "volume": 0.28}
[2026-09-24 21:25:12.026] [SFX] {"sound": "civ_move_2", "volume": 0.11}
[2026-09-24 21:25:12.124] [SFX] {"sound": "player_move", "volume": 0.4}
[2026-09-24 21:25:12.373] [SFX] {"sound": "civ_move_1", "volume": 0.19}
[2026-09-24 21:25:12.396] [SFX] {"sound": "civ_move_2", "volume": 0.25}
[2026-09-24 21:25:12.439] [SFX] {"sound": "player_move", "volume": 0.4}
[2026-09-24 21:25:12.439] [SFX] {"sound": "civ_move_2", "volume": 0.13}
[2026-09-24 21:25:12.787] [SFX] {"sound": "civ_move_1", "volume": 0.18}
[2026-09-24 21:25:12.811] [SFX] {"sound": "civ_move_2", "volume": 0.23}
[2026-09-24 21:25:12.853] [SFX] {"sound": "civ_move_2", "volume": 0.13}
[2026-09-24 21:25:13.199] [SFX] {"sound": "civ_move_1", "volume": 0.17}
[2026-09-24 21:25:13.221] [SFX] {"sound": "civ_move_2", "volume": 0.22}
[2026-09-24 21:25:13.248] [SFX] {"sound": "civ_move_1", "volume": 0.01}
[2026-09-24 21:25:13.271] [SFX] {"sound": "civ_move_2", "volume": 0.14}
[2026-09-24 21:25:13.514] [M] {"button": 1, "pos": [362, 198], "ui_clicked": false}
[2026-09-24 21:25:13.611] [SFX] {"sound": "civ_move_1", "volume": 0.16}
[2026-09-24 21:25:13.633] [SFX] {"sound": "civ_move_2", "volume": 0.22}
[2026-09-24 21:25:13.660] [SFX] {"sound": "civ_move_1", "volume": 0.02}
[2026-09-24 21:25:13.682] [SFX] {"sound": "civ_move_2", "volume": 0.14}
[2026-09-24 21:25:13.977] [M] {"button": 1, "pos": [345, 195], "ui_clicked": false}
[2026-09-24 21:25:14.025] [SFX] {"sound": "civ_move_1", "volume": 0.16}
[2026-09-24 21:25:14.050] [SFX] {"sound": "civ_move_2", "volume": 0.23}
[2026-09-24 21:25:14.074] [SFX] {"sound": "civ_move_1", "volume": 0.03}
[2026-09-24 21:25:14.096] [SFX] {"sound": "civ_move_2", "volume": 0.14}
[2026-09-24 21:25:14.374] [M] {"button": 1, "pos": [347, 198], "ui_clicked": false}
[2026-09-24 21:25:14.382] [P] {"start": [82, 22], "goal": [85, 24], "length": 2, "is_direction_change": false}
[2026-09-24 21:25:14.382] [SFX] {"sound": "click_target", "volume": 0.72}
[2026-09-24 21:25:14.416] [JACK] Kleine Schritte. Immer auf die Umgebung achten.
[2026-09-24 21:25:14.439] [SFX] {"sound": "civ_move_1", "volume": 0.16}
[2026-09-24 21:25:14.461] [SFX] {"sound": "civ_move_2", "volume": 0.23}
[2026-09-24 21:25:14.487] [SFX] {"sound": "civ_move_1", "volume": 0.04}
[2026-09-24 21:25:14.509] [SFX] {"sound": "civ_move_2", "volume": 0.16}
[2026-09-24 21:25:14.854] [SFX] {"sound": "civ_move_1", "volume": 0.17}
[2026-09-24 21:25:14.876] [SFX] {"sound": "civ_move_2", "volume": 0.25}
[2026-09-24 21:25:14.904] [SFX] {"sound": "civ_move_2", "volume": 0.15}
[2026-09-24 21:25:14.904] [SFX] {"sound": "civ_move_1", "volume": 0.03}
[2026-09-24 21:25:15.057] [M] {"button": 1, "pos": [358, 194], "ui_clicked": false}
[2026-09-24 21:25:15.255] [SFX] {"sound": "civ_move_1", "volume": 0.17}
[2026-09-24 21:25:15.279] [SFX] {"sound": "civ_move_2", "volume": 0.26}
[2026-09-24 21:25:15.305] [SFX] {"sound": "civ_move_2", "volume": 0.15}
[2026-09-24 21:25:15.306] [SFX] {"sound": "civ_move_1", "volume": 0.04}
[2026-09-24 21:25:15.655] [SFX] {"sound": "civ_move_1", "volume": 0.16}
[2026-09-24 21:25:15.676] [SFX] {"sound": "civ_move_2", "volume": 0.27}
[2026-09-24 21:25:15.704] [SFX] {"sound": "civ_move_2", "volume": 0.15}
[2026-09-24 21:25:15.705] [SFX] {"sound": "civ_move_1", "volume": 0.05}
[2026-09-24 21:25:16.056] [SFX] {"sound": "civ_move_1", "volume": 0.15}
[2026-09-24 21:25:16.078] [SFX] {"sound": "civ_move_2", "volume": 0.27}
[2026-09-24 21:25:16.105] [SFX] {"sound": "civ_move_2", "volume": 0.14}
[2026-09-24 21:25:16.106] [SFX] {"sound": "civ_move_1", "volume": 0.06}
[2026-09-24 21:25:16.468] [SFX] {"sound": "guardian_move", "volume": 0.02}
[2026-09-24 21:25:16.470] [SFX] {"sound": "civ_move_1", "volume": 0.14}
[2026-09-24 21:25:16.493] [SFX] {"sound": "civ_move_2", "volume": 0.28}
[2026-09-24 21:25:16.518] [SFX] {"sound": "civ_move_2", "volume": 0.14}
[2026-09-24 21:25:16.519] [SFX] {"sound": "civ_move_1", "volume": 0.07}
[2026-09-24 21:25:16.878] [SFX] {"sound": "civ_move_1", "volume": 0.14}
[2026-09-24 21:25:16.900] [SFX] {"sound": "civ_move_2", "volume": 0.28}
[2026-09-24 21:25:16.929] [M] {"button": 1, "pos": [353, 175], "ui_clicked": false}
[2026-09-24 21:25:16.936] [SFX] {"sound": "civ_move_2", "volume": 0.13}
[2026-09-24 21:25:16.937] [SFX] {"sound": "civ_move_1", "volume": 0.08}
[2026-09-24 21:25:17.077] [SFX] {"sound": "guardian_move", "volume": 0.04}
[2026-09-24 21:25:17.294] [SFX] {"sound": "civ_move_1", "volume": 0.15}
[2026-09-24 21:25:17.317] [SFX] {"sound": "civ_move_2", "volume": 0.27}
[2026-09-24 21:25:17.344] [SFX] {"sound": "civ_move_2", "volume": 0.12}
[2026-09-24 21:25:17.345] [SFX] {"sound": "civ_move_1", "volume": 0.08}
[2026-09-24 21:25:17.577] [M] {"button": 1, "pos": [354, 179], "ui_clicked": false}
[2026-09-24 21:25:17.678] [SFX] {"sound": "guardian_move", "volume": 0.05}
[2026-09-24 21:25:17.711] [SFX] {"sound": "civ_move_1", "volume": 0.15}
[2026-09-24 21:25:17.732] [SFX] {"sound": "civ_move_2", "volume": 0.28}
[2026-09-24 21:25:17.750] [SFX] {"sound": "civ_move_2", "volume": 0.12}
[2026-09-24 21:25:17.750] [SFX] {"sound": "civ_move_1", "volume": 0.09}
[2026-09-24 21:25:17.962] [C] {"civ_pos": [83, 24]}
[2026-09-24 21:25:18.043] [M] {"button": 1, "pos": [356, 182], "ui_clicked": false}
[2026-09-24 21:25:18.049] [SFX] {"sound": "click_target", "volume": 0.71}
[2026-09-24 21:25:18.093] [SFX] {"sound": "player_move", "volume": 0.4}
[2026-09-24 21:25:18.126] [SFX] {"sound": "civ_move_1", "volume": 0.15}
[2026-09-24 21:25:18.149] [SFX] {"sound": "civ_move_2", "volume": 0.23}
[2026-09-24 21:25:18.167] [SFX] {"sound": "civ_move_2", "volume": 0.1}
[2026-09-24 21:25:18.167] [SFX] {"sound": "civ_move_1", "volume": 0.09}
[2026-09-24 21:25:18.277] [SFX] {"sound": "guardian_move", "volume": 0.04}
[2026-09-24 21:25:18.528] [SFX] {"sound": "civ_move_1", "volume": 0.15}
[2026-09-24 21:25:18.550] [SFX] {"sound": "civ_move_2", "volume": 0.22}
[2026-09-24 21:25:18.565] [SFX] {"sound": "civ_move_2", "volume": 0.08}
[2026-09-24 21:25:18.566] [SFX] {"sound": "civ_move_1", "volume": 0.09}
[2026-09-24 21:25:18.860] [SFX] {"sound": "threat_pulse", "volume": 0.31}
[2026-09-24 21:25:18.892] [SFX] {"sound": "guardian_move", "volume": 0.06}
[2026-09-24 21:25:18.942] [SFX] {"sound": "civ_move_1", "volume": 0.15}
[2026-09-24 21:25:18.963] [SFX] {"sound": "civ_move_2", "volume": 0.28}
[2026-09-24 21:25:18.980] [SFX] {"sound": "civ_move_2", "volume": 0.08}
[2026-09-24 21:25:18.980] [SFX] {"sound": "civ_move_1", "volume": 0.1}
[2026-09-24 21:25:19.356] [SFX] {"sound": "civ_move_1", "volume": 0.15}
[2026-09-24 21:25:19.378] [SFX] {"sound": "civ_move_2", "volume": 0.29}
[2026-09-24 21:25:19.395] [SFX] {"sound": "civ_move_2", "volume": 0.07}
[2026-09-24 21:25:19.395] [SFX] {"sound": "civ_move_1", "volume": 0.11}
[2026-09-24 21:25:19.505] [SFX] {"sound": "guardian_move", "volume": 0.08}
[2026-09-24 21:25:19.634] [SFX] {"sound": "civ_move_1", "volume": 0.01}
[2026-09-24 21:25:19.767] [SFX] {"sound": "civ_move_1", "volume": 0.14}
[2026-09-24 21:25:19.768] [SFX] {"sound": "threat_pulse", "volume": 0.32}
[2026-09-24 21:25:19.790] [SFX] {"sound": "civ_move_2", "volume": 0.29}
[2026-09-24 21:25:19.805] [SFX] {"sound": "civ_move_2", "volume": 0.06}
[2026-09-24 21:25:19.806] [SFX] {"sound": "civ_move_1", "volume": 0.11}
[2026-09-24 21:25:20.046] [SFX] {"sound": "civ_move_1", "volume": 0.02}
[2026-09-24 21:25:20.126] [SFX] {"sound": "guardian_move", "volume": 0.06}
[2026-09-24 21:25:20.176] [SFX] {"sound": "civ_move_1", "volume": 0.14}
[2026-09-24 21:25:20.197] [SFX] {"sound": "civ_move_2", "volume": 0.24}
[2026-09-24 21:25:20.213] [SFX] {"sound": "civ_move_2", "volume": 0.05}
[2026-09-24 21:25:20.214] [SFX] {"sound": "civ_move_1", "volume": 0.12}
[2026-09-24 21:25:20.323] [SFX] {"sound": "civ_move_2", "volume": 0.0}
[2026-09-24 21:25:20.456] [SFX] {"sound": "civ_move_1", "volume": 0.03}
[2026-09-24 21:25:20.480] [C] {"civ_pos": [88, 24]}
[2026-09-24 21:25:20.515] [JACK] Subroutine gesichtet. Ob der wertvollen Loot geladen hat?
[2026-09-24 21:25:20.541] [M] {"button": 1, "pos": [324, 215], "ui_clicked": false}
[2026-09-24 21:25:20.575] [SFX] {"sound": "civ_move_1", "volume": 0.13}
[2026-09-24 21:25:20.598] [SFX] {"sound": "civ_move_2", "volume": 0.23}
[2026-09-24 21:25:20.614] [SFX] {"sound": "civ_move_2", "volume": 0.04}
[2026-09-24 21:25:20.615] [SFX] {"sound": "civ_move_1", "volume": 0.13}
[2026-09-24 21:25:20.676] [SFX] {"sound": "threat_pulse", "volume": 0.33}
[2026-09-24 21:25:20.726] [SFX] {"sound": "civ_move_2", "volume": 0.01}
[2026-09-24 21:25:20.748] [SFX] {"sound": "guardian_move", "volume": 0.04}
[2026-09-24 21:25:20.859] [SFX] {"sound": "civ_move_1", "volume": 0.03}
[2026-09-24 21:25:20.991] [SFX] {"sound": "civ_move_1", "volume": 0.13}
[2026-09-24 21:25:21.013] [SFX] {"sound": "civ_move_2", "volume": 0.28}
[2026-09-24 21:25:21.032] [SFX] {"sound": "civ_move_2", "volume": 0.03}
[2026-09-24 21:25:21.033] [SFX] {"sound": "civ_move_1", "volume": 0.13}
[2026-09-24 21:25:21.139] [SFX] {"sound": "civ_move_2", "volume": 0.02}
[2026-09-24 21:25:21.271] [SFX] {"sound": "civ_move_1", "volume": 0.04}
[2026-09-24 21:25:21.356] [SFX] {"sound": "guardian_move", "volume": 0.03}
[2026-09-24 21:25:21.405] [SFX] {"sound": "civ_move_1", "volume": 0.12}
[2026-09-24 21:25:21.426] [SFX] {"sound": "civ_move_2", "volume": 0.28}
[2026-09-24 21:25:21.445] [SFX] {"sound": "civ_move_2", "volume": 0.02}
[2026-09-24 21:25:21.446] [SFX] {"sound": "civ_move_1", "volume": 0.14}
[2026-09-24 21:25:21.539] [SFX] {"sound": "civ_move_2", "volume": 0.03}
[2026-09-24 21:25:21.588] [SFX] {"sound": "threat_pulse", "volume": 0.34}
[2026-09-24 21:25:21.685] [SFX] {"sound": "civ_move_1", "volume": 0.05}
[2026-09-24 21:25:21.815] [SFX] {"sound": "civ_move_1", "volume": 0.11}
[2026-09-24 21:25:21.838] [SFX] {"sound": "civ_move_2", "volume": 0.27}
[2026-09-24 21:25:21.855] [SFX] {"sound": "civ_move_2", "volume": 0.01}
[2026-09-24 21:25:21.856] [SFX] {"sound": "civ_move_1", "volume": 0.14}
[2026-09-24 21:25:21.897] [SFX] {"sound": "guardian_move", "volume": 0.01}
[2026-09-24 21:25:21.947] [SFX] {"sound": "civ_move_2", "volume": 0.04}
[2026-09-24 21:25:21.969] [SFX] {"sound": "guardian_move", "volume": 0.01}
[2026-09-24 21:25:22.095] [SFX] {"sound": "civ_move_1", "volume": 0.06}
[2026-09-24 21:25:22.227] [SFX] {"sound": "civ_move_1", "volume": 0.11}
[2026-09-24 21:25:22.252] [SFX] {"sound": "civ_move_2", "volume": 0.22}
[2026-09-24 21:25:22.267] [SFX] {"sound": "civ_move_2", "volume": 0.01}
[2026-09-24 21:25:22.268] [SFX] {"sound": "civ_move_1", "volume": 0.14}
[2026-09-24 21:25:22.360] [SFX] {"sound": "civ_move_2", "volume": 0.05}
[2026-09-24 21:25:22.493] [SFX] {"sound": "threat_pulse", "volume": 0.35}
[2026-09-24 21:25:22.514] [SFX] {"sound": "guardian_move", "volume": 0.03}
[2026-09-24 21:25:22.515] [SFX] {"sound": "civ_move_1", "volume": 0.07}
[2026-09-24 21:25:22.639] [SFX] {"sound": "civ_move_1", "volume": 0.1}
[2026-09-24 21:25:22.661] [SFX] {"sound": "civ_move_2", "volume": 0.21}
[2026-09-24 21:25:22.676] [SFX] {"sound": "civ_move_1", "volume": 0.15}
[2026-09-24 21:25:22.769] [SFX] {"sound": "civ_move_2", "volume": 0.06}
[2026-09-24 21:25:22.918] [SFX] {"sound": "civ_move_1", "volume": 0.08}
[2026-09-24 21:25:23.050] [SFX] {"sound": "civ_move_1", "volume": 0.09}
[2026-09-24 21:25:23.072] [SFX] {"sound": "civ_move_2", "volume": 0.2}
[2026-09-24 21:25:23.088] [SFX] {"sound": "civ_move_1", "volume": 0.15}
[2026-09-24 21:25:23.115] [SFX] {"sound": "guardian_move", "volume": 0.04}
[2026-09-24 21:25:23.182] [SFX] {"sound": "civ_move_2", "volume": 0.07}
[2026-09-24 21:25:23.330] [SFX] {"sound": "civ_move_1", "volume": 0.09}
[2026-09-24 21:25:23.398] [SFX] {"sound": "threat_pulse", "volume": 0.36}
[2026-09-24 21:25:23.461] [SFX] {"sound": "civ_move_1", "volume": 0.08}
[2026-09-24 21:25:23.484] [SFX] {"sound": "civ_move_2", "volume": 0.2}
[2026-09-24 21:25:23.500] [SFX] {"sound": "civ_move_1", "volume": 0.15}
[2026-09-24 21:25:23.590] [SFX] {"sound": "civ_move_2", "volume": 0.08}
[2026-09-24 21:25:23.720] [M] {"button": 1, "pos": [324, 201], "ui_clicked": false}
[2026-09-24 21:25:23.728] [SFX] {"sound": "guardian_move", "volume": 0.06}
[2026-09-24 21:25:23.741] [SFX] {"sound": "civ_move_1", "volume": 0.09}
[2026-09-24 21:25:23.870] [SFX] {"sound": "civ_move_1", "volume": 0.08}
[2026-09-24 21:25:23.892] [SFX] {"sound": "civ_move_2", "volume": 0.19}
[2026-09-24 21:25:23.909] [SFX] {"sound": "civ_move_1", "volume": 0.15}
[2026-09-24 21:25:24.000] [SFX] {"sound": "civ_move_2", "volume": 0.09}
[2026-09-24 21:25:24.151] [SFX] {"sound": "civ_move_1", "volume": 0.1}
[2026-09-24 21:25:24.284] [SFX] {"sound": "civ_move_1", "volume": 0.07}
[2026-09-24 21:25:24.306] [SFX] {"sound": "civ_move_2", "volume": 0.18}
[2026-09-24 21:25:24.306] [SFX] {"sound": "threat_pulse", "volume": 0.37}
[2026-09-24 21:25:24.323] [SFX] {"sound": "civ_move_1", "volume": 0.15}
[2026-09-24 21:25:24.338] [SFX] {"sound": "guardian_move", "volume": 0.08}
[2026-09-24 21:25:24.431] [SFX] {"sound": "civ_move_2", "volume": 0.1}
[2026-09-24 21:25:24.562] [SFX] {"sound": "civ_move_1", "volume": 0.11}
[2026-09-24 21:25:24.693] [SFX] {"sound": "civ_move_1", "volume": 0.06}
[2026-09-24 21:25:24.715] [SFX] {"sound": "civ_move_2", "volume": 0.18}
[2026-09-24 21:25:24.733] [SFX] {"sound": "civ_move_1", "volume": 0.15}
[2026-09-24 21:25:24.841] [SFX] {"sound": "civ_move_2", "volume": 0.11}
[2026-09-24 21:25:24.940] [SFX] {"sound": "guardian_move", "volume": 0.1}
[2026-09-24 21:25:24.985] [SFX] {"sound": "civ_move_1", "volume": 0.12}
[2026-09-24 21:25:25.105] [SFX] {"sound": "civ_move_1", "volume": 0.05}
[2026-09-24 21:25:25.129] [SFX] {"sound": "civ_move_2", "volume": 0.17}
