[2026-09-25 10:22:41.215] [S] {"sid": "20260925_102241", "sys_t": "2026-09-25T10:22:41.214709"}
[2026-09-25 10:22:41.216] [SFX] {"sound": "hack_success", "volume": 0.8}
[2026-09-25 10:22:52.250] [SESSION_RESET] {"msg": "--- NEW LIFE STARTED ---"}
[2026-09-25 10:22:52.296] [S] {"map": "Shadowgrid"}
[2026-09-25 10:22:52.316] [JACK] Ah, im Shadowgrid angekommen... endlich.
[2026-09-25 10:22:52.317] [SFX] {"sound": "guardian_move", "volume": 0.13}
[2026-09-25 10:22:52.918] [SFX] {"sound": "guardian_move", "volume": 0.11}
[2026-09-25 10:22:53.092] [SFX] {"sound": "civ_move_1", "volume": 0.07}
[2026-09-25 10:22:53.507] [SFX] {"sound": "guardian_move", "volume": 0.09}
[2026-09-25 10:22:53.508] [SFX] {"sound": "civ_move_1", "volume": 0.06}
[2026-09-25 10:22:53.908] [SFX] {"sound": "civ_move_1", "volume": 0.05}
[2026-09-25 10:22:54.119] [SFX] {"sound": "guardian_move", "volume": 0.07}
[2026-09-25 10:22:54.319] [SFX] {"sound": "civ_move_1", "volume": 0.04}
[2026-09-25 10:22:54.732] [SFX] {"sound": "guardian_move", "volume": 0.05}
[2026-09-25 10:22:54.732] [SFX] {"sound": "civ_move_1", "volume": 0.03}
[2026-09-25 10:22:55.138] [SFX] {"sound": "civ_move_1", "volume": 0.02}
[2026-09-25 10:22:55.321] [M] {"button": 1, "pos": [332, 213], "ui_clicked": false}
[2026-09-25 10:22:55.338] [SFX] {"sound": "guardian_move", "volume": 0.03}
[2026-09-25 10:22:55.551] [SFX] {"sound": "civ_move_1", "volume": 0.01}
[2026-09-25 10:22:55.944] [SFX] {"sound": "guardian_move", "volume": 0.01}
[2026-09-25 10:22:56.144] [M] {"button": 1, "pos": [332, 214], "ui_clicked": false}
[2026-09-25 10:22:56.576] [M] {"button": 1, "pos": [342, 212], "ui_clicked": false}
[2026-09-25 10:22:56.582] [P] {"start": [80, 8], "goal": [82, 12], "length": 2, "is_direction_change": false}
[2026-09-25 10:22:56.583] [SFX] {"sound": "click_target", "volume": 0.7}
[2026-09-25 10:22:56.614] [SFX] {"sound": "player_move", "volume": 0.4}
[2026-09-25 10:22:57.240] [M] {"button": 1, "pos": [336, 214], "ui_clicked": false}
[2026-09-25 10:22:57.634] [M] {"button": 1, "pos": [353, 202], "ui_clicked": false}
[2026-09-25 10:22:57.642] [P] {"start": [82, 12], "goal": [86, 14], "length": 2, "is_direction_change": false}
[2026-09-25 10:22:57.642] [SFX] {"sound": "click_target", "volume": 0.7}
[2026-09-25 10:22:57.668] [SFX] {"sound": "player_move", "volume": 0.4}
[2026-09-25 10:22:58.350] [M] {"button": 1, "pos": [364, 180], "ui_clicked": false}
[2026-09-25 10:22:58.816] [M] {"button": 1, "pos": [380, 180], "ui_clicked": false}
[2026-09-25 10:22:59.048] [M] {"button": 1, "pos": [374, 183], "ui_clicked": false}
[2026-09-25 10:22:59.054] [P] {"start": [86, 14], "goal": [92, 14], "length": 1, "is_direction_change": false}
[2026-09-25 10:22:59.055] [SFX] {"sound": "click_target", "volume": 0.66}
[2026-09-25 10:22:59.099] [JACK] Vorsichtig vorantasten...
[2026-09-25 10:22:59.113] [SFX] {"sound": "player_move", "volume": 0.4}
[2026-09-25 10:22:59.499] [M] {"button": 1, "pos": [373, 183], "ui_clicked": false}
[2026-09-25 10:22:59.506] [P] {"start": [92, 14], "goal": [97, 14], "length": 1, "is_direction_change": false}
[2026-09-25 10:22:59.507] [SFX] {"sound": "click_target", "volume": 0.69}
[2026-09-25 10:22:59.584] [SFX] {"sound": "player_move", "volume": 0.4}
[2026-09-25 10:22:59.617] [SFX] {"sound": "guardian_move", "volume": 0.02}
[2026-09-25 10:22:59.639] [SFX] {"sound": "civ_move_1", "volume": 0.0}
[2026-09-25 10:22:59.982] [M] {"button": 1, "pos": [373, 183], "ui_clicked": false}
[2026-09-25 10:22:59.989] [P] {"start": [97, 14], "goal": [102, 14], "length": 1, "is_direction_change": false}
[2026-09-25 10:22:59.990] [SFX] {"sound": "click_target", "volume": 0.69}
[2026-09-25 10:23:00.036] [SFX] {"sound": "civ_move_1", "volume": 0.01}
[2026-09-25 10:23:00.118] [SFX] {"sound": "player_move", "volume": 0.4}
[2026-09-25 10:23:00.233] [SFX] {"sound": "guardian_move", "volume": 0.07}
[2026-09-25 10:23:00.379] [M] {"button": 5, "pos": [368, 192], "ui_clicked": false}
[2026-09-25 10:23:00.446] [SFX] {"sound": "civ_move_1", "volume": 0.03}
[2026-09-25 10:23:00.480] [M] {"button": 5, "pos": [368, 192], "ui_clicked": false}
[2026-09-25 10:23:00.839] [SFX] {"sound": "guardian_move", "volume": 0.05}
[2026-09-25 10:23:00.855] [M] {"button": 5, "pos": [368, 192], "ui_clicked": false}
[2026-09-25 10:23:00.862] [SFX] {"sound": "civ_move_1", "volume": 0.02}
[2026-09-25 10:23:00.872] [M] {"button": 5, "pos": [368, 192], "ui_clicked": false}
[2026-09-25 10:23:01.257] [SFX] {"sound": "civ_move_1", "volume": 0.01}
[2026-09-25 10:23:01.341] [M] {"button": 5, "pos": [368, 192], "ui_clicked": false}
[2026-09-25 10:23:01.442] [SFX] {"sound": "guardian_move", "volume": 0.02}
[2026-09-25 10:23:02.007] [M] {"button": 5, "pos": [368, 192], "ui_clicked": false}
[2026-09-25 10:23:02.686] [M] {"button": 4, "pos": [365, 193], "ui_clicked": false}
[2026-09-25 10:23:03.704] [M] {"button": 4, "pos": [305, 191], "ui_clicked": false}
[2026-09-25 10:23:03.720] [M] {"button": 4, "pos": [293, 191], "ui_clicked": false}
[2026-09-25 10:23:03.770] [M] {"button": 4, "pos": [292, 191], "ui_clicked": false}
[2026-09-25 10:23:04.104] [M] {"button": 4, "pos": [296, 192], "ui_clicked": false}
[2026-09-25 10:23:04.531] [M] {"button": 4, "pos": [307, 196], "ui_clicked": false}
[2026-09-25 10:23:04.897] [M] {"button": 4, "pos": [316, 198], "ui_clicked": false}
[2026-09-25 10:23:05.527] [M] {"button": 1, "pos": [427, 205], "ui_clicked": false}
[2026-09-25 10:23:05.535] [P] {"start": [102, 14], "goal": [105, 14], "length": 1, "is_direction_change": false}
[2026-09-25 10:23:05.535] [SFX] {"sound": "click_target", "volume": 0.73}
[2026-09-25 10:23:05.568] [JACK] Kurzer Blick um die Ecke...
[2026-09-25 10:23:06.034] [M] {"button": 1, "pos": [433, 201], "ui_clicked": false}
[2026-09-25 10:23:06.042] [P] {"start": [105, 14], "goal": [108, 14], "length": 1, "is_direction_change": false}
[2026-09-25 10:23:06.042] [SFX] {"sound": "click_target", "volume": 0.73}
[2026-09-25 10:23:06.081] [SFX] {"sound": "player_move", "volume": 0.4}
[2026-09-25 10:23:07.347] [M] {"button": 1, "pos": [428, 200], "ui_clicked": false}
[2026-09-25 10:23:07.354] [P] {"start": [108, 14], "goal": [111, 14], "length": 1, "is_direction_change": false}
[2026-09-25 10:23:07.355] [SFX] {"sound": "click_target", "volume": 0.73}
[2026-09-25 10:23:07.510] [SFX] {"sound": "threat_pulse", "volume": 0.3}
[2026-09-25 10:23:07.977] [M] {"button": 1, "pos": [440, 199], "ui_clicked": false}
[2026-09-25 10:23:07.984] [P] {"start": [111, 14], "goal": [114, 14], "length": 1, "is_direction_change": false}
[2026-09-25 10:23:07.985] [SFX] {"sound": "click_target", "volume": 0.73}
[2026-09-25 10:23:08.020] [JACK] IoT-Überwachung überall... Kameras, Mikrofone und Scanner wollen uns ertappen!
[2026-09-25 10:23:08.044] [SFX] {"sound": "player_move", "volume": 0.4}
[2026-09-25 10:23:08.145] [SFX] {"sound": "guardian_move", "volume": 0.0}
[2026-09-25 10:23:09.187] [M] {"button": 1, "pos": [460, 199], "ui_clicked": false}
[2026-09-25 10:23:09.195] [P] {"start": [114, 14], "goal": [118, 14], "length": 1, "is_direction_change": false}
[2026-09-25 10:23:09.196] [SFX] {"sound": "click_target", "volume": 0.71}
[2026-09-25 10:23:09.367] [SFX] {"sound": "guardian_move", "volume": 0.01}
[2026-09-25 10:23:09.433] [SFX] {"sound": "civ_move_1", "volume": 0.0}
[2026-09-25 10:23:09.809] [M] {"button": 1, "pos": [481, 199], "ui_clicked": false}
[2026-09-25 10:23:09.815] [P] {"start": [118, 14], "goal": [122, 14], "length": 1, "is_direction_change": false}
[2026-09-25 10:23:09.816] [SFX] {"sound": "click_target", "volume": 0.7}
[2026-09-25 10:23:09.855] [SFX] {"sound": "player_move", "volume": 0.4}
[2026-09-25 10:23:09.971] [SFX] {"sound": "guardian_move", "volume": 0.02}
[2026-09-25 10:23:10.272] [SFX] {"sound": "civ_move_1", "volume": 0.01}
[2026-09-25 10:23:10.371] [M] {"button": 1, "pos": [489, 199], "ui_clicked": false}
[2026-09-25 10:23:10.380] [P] {"start": [122, 14], "goal": [126, 14], "length": 1, "is_direction_change": false}
[2026-09-25 10:23:10.381] [SFX] {"sound": "click_target", "volume": 0.7}
[2026-09-25 10:23:10.537] [SFX] {"sound": "player_move", "volume": 0.4}
[2026-09-25 10:23:10.585] [SFX] {"sound": "guardian_move", "volume": 0.03}
[2026-09-25 10:23:10.687] [SFX] {"sound": "civ_move_1", "volume": 0.02}
[2026-09-25 10:23:11.087] [SFX] {"sound": "civ_move_1", "volume": 0.01}
[2026-09-25 10:23:11.201] [SFX] {"sound": "guardian_move", "volume": 0.02}
[2026-09-25 10:23:11.487] [M] {"button": 1, "pos": [489, 199], "ui_clicked": false}
[2026-09-25 10:23:11.494] [SFX] {"sound": "civ_move_1", "volume": 0.0}
[2026-09-25 10:23:11.495] [P] {"start": [126, 14], "goal": [131, 14], "length": 1, "is_direction_change": false}
[2026-09-25 10:23:11.496] [SFX] {"sound": "click_target", "volume": 0.69}
[2026-09-25 10:23:11.804] [SFX] {"sound": "guardian_move", "volume": 0.03}
[2026-09-25 10:23:11.901] [SFX] {"sound": "civ_move_1", "volume": 0.01}
[2026-09-25 10:23:12.415] [SFX] {"sound": "guardian_move", "volume": 0.01}
[2026-09-25 10:23:12.566] [M] {"button": 1, "pos": [607, 327], "ui_clicked": true}
[2026-09-25 10:23:13.792] [M] {"button": 1, "pos": [486, 215], "ui_clicked": true}
[2026-09-25 10:23:15.496] [M] {"button": 1, "pos": [277, 128], "ui_clicked": false}
[2026-09-25 10:23:18.308] [M] {"button": 1, "pos": [389, 201], "ui_clicked": false}
[2026-09-25 10:23:18.316] [P] {"start": [131, 14], "goal": [133, 14], "length": 1, "is_direction_change": false}
[2026-09-25 10:23:18.317] [SFX] {"sound": "click_target", "volume": 0.75}
[2026-09-25 10:23:18.348] [JACK] Kurzer Blick um die Ecke...
[2026-09-25 10:23:18.360] [SFX] {"sound": "player_move", "volume": 0.4}
[2026-09-25 10:23:21.692] [M] {"button": 1, "pos": [112, 207], "ui_clicked": false}
[2026-09-25 10:23:21.700] [P] {"start": [133, 14], "goal": [126, 14], "length": 1, "is_direction_change": false}
[2026-09-25 10:23:21.701] [SFX] {"sound": "click_target", "volume": 0.67}
[2026-09-25 10:23:21.956] [SFX] {"sound": "player_move", "volume": 0.4}
[2026-09-25 10:23:22.105] [M] {"button": 1, "pos": [89, 205], "ui_clicked": false}
[2026-09-25 10:23:22.111] [P] {"start": [126, 14], "goal": [120, 14], "length": 1, "is_direction_change": false}
[2026-09-25 10:23:22.112] [SFX] {"sound": "click_target", "volume": 0.7}
[2026-09-25 10:23:22.337] [SFX] {"sound": "player_move", "volume": 0.4}
[2026-09-25 10:23:22.417] [M] {"button": 1, "pos": [89, 205], "ui_clicked": false}
[2026-09-25 10:23:22.425] [P] {"start": [120, 14], "goal": [115, 14], "length": 1, "is_direction_change": false}
[2026-09-25 10:23:22.425] [SFX] {"sound": "click_target", "volume": 0.72}
[2026-09-25 10:23:22.663] [SFX] {"sound": "player_move", "volume": 0.4}
[2026-09-25 10:23:22.745] [M] {"button": 1, "pos": [89, 205], "ui_clicked": false}
[2026-09-25 10:23:22.754] [P] {"start": [115, 14], "goal": [110, 14], "length": 1, "is_direction_change": false}
[2026-09-25 10:23:22.755] [SFX] {"sound": "click_target", "volume": 0.7}
[2026-09-25 10:23:24.083] [M] {"button": 1, "pos": [356, 202], "ui_clicked": false}
[2026-09-25 10:23:24.091] [P] {"start": [110, 14], "goal": [111, 14], "length": 1, "is_direction_change": false}
[2026-09-25 10:23:24.092] [SFX] {"sound": "click_target", "volume": 0.77}
[2026-09-25 10:23:24.170] [SFX] {"sound": "threat_pulse", "volume": 0.3}
[2026-09-25 10:23:24.343] [JACK] IoT-Überwachung überall... Kameras, Mikrofone und Scanner wollen uns ertappen!
[2026-09-25 10:23:25.079] [SFX] {"sound": "threat_pulse", "volume": 0.32}
[2026-09-25 10:23:25.991] [SFX] {"sound": "threat_pulse", "volume": 0.34}
[2026-09-25 10:23:26.903] [SFX] {"sound": "threat_pulse", "volume": 0.37}
[2026-09-25 10:23:27.812] [SFX] {"sound": "threat_pulse", "volume": 0.39}
[2026-09-25 10:23:28.624] [SFX] {"sound": "threat_pulse", "volume": 0.41}
[2026-09-25 10:23:29.431] [SFX] {"sound": "threat_pulse", "volume": 0.43}
[2026-09-25 10:23:29.779] [M] {"button": 1, "pos": [130, 302], "ui_clicked": true}
[2026-09-25 10:23:30.144] [SFX] {"sound": "threat_pulse", "volume": 0.44}
[2026-09-25 10:23:30.855] [SFX] {"sound": "threat_pulse", "volume": 0.46}
[2026-09-25 10:23:31.365] [JACK] Hörst du das Wummern? Sentinels in der Nähe... Bloß keinen falschen Schritt machen!
[2026-09-25 10:23:31.458] [SFX] {"sound": "threat_pulse", "volume": 0.48}
[2026-09-25 10:23:31.572] [M] {"button": 1, "pos": [143, 328], "ui_clicked": true}
[2026-09-25 10:23:32.069] [SFX] {"sound": "threat_pulse", "volume": 0.49}
[2026-09-25 10:23:32.678] [SFX] {"sound": "threat_pulse", "volume": 0.51}
[2026-09-25 10:23:33.187] [SFX] {"sound": "threat_pulse", "volume": 0.52}
[2026-09-25 10:23:33.700] [SFX] {"sound": "threat_pulse", "volume": 0.53}
[2026-09-25 10:23:33.783] [SFX] {"sound": "guardian_move", "volume": 0.0}
[2026-09-25 10:23:34.216] [SFX] {"sound": "threat_pulse", "volume": 0.54}
[2026-09-25 10:23:34.398] [SFX] {"sound": "guardian_move", "volume": 0.01}
[2026-09-25 10:23:34.628] [SFX] {"sound": "threat_pulse", "volume": 0.55}
[2026-09-25 10:23:35.009] [SFX] {"sound": "guardian_move", "volume": 0.01}
[2026-09-25 10:23:35.042] [SFX] {"sound": "threat_pulse", "volume": 0.56}
[2026-09-25 10:23:35.452] [SFX] {"sound": "threat_pulse", "volume": 0.57}
[2026-09-25 10:23:35.619] [SFX] {"sound": "guardian_move", "volume": 0.02}
[2026-09-25 10:23:35.866] [SFX] {"sound": "threat_pulse", "volume": 0.58}
[2026-09-25 10:23:36.178] [SFX] {"sound": "threat_pulse", "volume": 0.59}
[2026-09-25 10:23:36.228] [SFX] {"sound": "guardian_move", "volume": 0.04}
[2026-09-25 10:23:36.412] [SFX] {"sound": "civ_move_2", "volume": 0.0}
[2026-09-25 10:23:36.478] [SFX] {"sound": "threat_pulse", "volume": 0.6}
[2026-09-25 10:23:36.511] [SFX] {"sound": "civ_move_1", "volume": 0.0}
[2026-09-25 10:23:36.726] [M] {"button": 1, "pos": [416, 195], "ui_clicked": false}
[2026-09-25 10:23:36.734] [P] {"start": [111, 14], "goal": [113, 14], "length": 1, "is_direction_change": false}
[2026-09-25 10:23:36.734] [SFX] {"sound": "click_target", "volume": 0.74}
[2026-09-25 10:23:36.766] [SFX] {"sound": "player_move", "volume": 0.4}
[2026-09-25 10:23:36.790] [SFX] {"sound": "threat_pulse", "volume": 0.6}
[2026-09-25 10:23:36.824] [SFX] {"sound": "civ_move_2", "volume": 0.01}
[2026-09-25 10:23:36.847] [SFX] {"sound": "guardian_move", "volume": 0.09}
[2026-09-25 10:23:36.862] [SFX] {"sound": "civ_move_1", "volume": 0.01}
[2026-09-25 10:23:37.105] [SFX] {"sound": "threat_pulse", "volume": 0.59}
[2026-09-25 10:23:37.239] [SFX] {"sound": "civ_move_2", "volume": 0.02}
[2026-09-25 10:23:37.255] [M] {"button": 1, "pos": [416, 195], "ui_clicked": false}
[2026-09-25 10:23:37.262] [P] {"start": [113, 14], "goal": [115, 14], "length": 1, "is_direction_change": false}
[2026-09-25 10:23:37.263] [SFX] {"sound": "click_target", "volume": 0.74}
[2026-09-25 10:23:37.302] [JACK] Überall Wacheinheiten... Ihr bedrohliches Summen brennt sich ins Deck.
[2026-09-25 10:23:37.302] [SFX] {"sound": "civ_move_1", "volume": 0.01}
[2026-09-25 10:23:37.326] [SFX] {"sound": "civ_move_1", "volume": 0.02}
[2026-09-25 10:23:37.409] [SFX] {"sound": "threat_pulse", "volume": 0.57}
[2026-09-25 10:23:37.442] [SFX] {"sound": "guardian_move", "volume": 0.13}
[2026-09-25 10:23:37.641] [SFX] {"sound": "civ_move_2", "volume": 0.03}
[2026-09-25 10:23:37.674] [SFX] {"sound": "civ_move_1", "volume": 0.02}
[2026-09-25 10:23:37.741] [SFX] {"sound": "civ_move_1", "volume": 0.03}
[2026-09-25 10:23:37.821] [SFX] {"sound": "threat_pulse", "volume": 0.55}
[2026-09-25 10:23:38.054] [SFX] {"sound": "guardian_move", "volume": 0.15}
[2026-09-25 10:23:38.054] [SFX] {"sound": "civ_move_2", "volume": 0.03}
[2026-09-25 10:23:38.088] [SFX] {"sound": "civ_move_1", "volume": 0.03}
[2026-09-25 10:23:38.235] [SFX] {"sound": "threat_pulse", "volume": 0.53}
[2026-09-25 10:23:38.466] [SFX] {"sound": "civ_move_2", "volume": 0.04}
[2026-09-25 10:23:38.499] [SFX] {"sound": "civ_move_1", "volume": 0.03}
[2026-09-25 10:23:38.566] [SFX] {"sound": "civ_move_1", "volume": 0.04}
[2026-09-25 10:23:38.666] [SFX] {"sound": "guardian_move", "volume": 0.18}
[2026-09-25 10:23:38.749] [SFX] {"sound": "threat_pulse", "volume": 0.51}
[2026-09-25 10:23:38.881] [SFX] {"sound": "civ_move_2", "volume": 0.05}
[2026-09-25 10:23:38.914] [SFX] {"sound": "civ_move_1", "volume": 0.03}
[2026-09-25 10:23:38.979] [SFX] {"sound": "civ_move_1", "volume": 0.05}
[2026-09-25 10:23:39.257] [SFX] {"sound": "threat_pulse", "volume": 0.48}
[2026-09-25 10:23:39.280] [SFX] {"sound": "guardian_move", "volume": 0.2}
[2026-09-25 10:23:39.297] [SFX] {"sound": "civ_move_2", "volume": 0.06}
[2026-09-25 10:23:39.324] [SFX] {"sound": "civ_move_1", "volume": 0.03}
[2026-09-25 10:23:39.391] [SFX] {"sound": "civ_move_1", "volume": 0.06}
[2026-09-25 10:23:39.691] [SFX] {"sound": "civ_move_2", "volume": 0.07}
[2026-09-25 10:23:39.724] [SFX] {"sound": "civ_move_1", "volume": 0.04}
[2026-09-25 10:23:39.791] [SFX] {"sound": "civ_move_1", "volume": 0.08}
[2026-09-25 10:23:39.823] [M] {"button": 1, "pos": [409, 197], "ui_clicked": false}
[2026-09-25 10:23:39.830] [P] {"start": [115, 14], "goal": [117, 14], "length": 1, "is_direction_change": false}
[2026-09-25 10:23:39.831] [SFX] {"sound": "click_target", "volume": 0.74}
[2026-09-25 10:23:39.864] [JACK] Diese Bedrohung ist greifbar... Die Wachen dürfen unser Signal nicht isolieren.
[2026-09-25 10:23:39.876] [SFX] {"sound": "threat_pulse", "volume": 0.45}
[2026-09-25 10:23:39.893] [SFX] {"sound": "guardian_move", "volume": 0.24}
[2026-09-25 10:23:40.101] [SFX] {"sound": "civ_move_2", "volume": 0.1}
[2026-09-25 10:23:40.135] [SFX] {"sound": "civ_move_1", "volume": 0.06}
[2026-09-25 10:23:40.203] [SFX] {"sound": "civ_move_1", "volume": 0.1}
[2026-09-25 10:23:40.302] [M] {"button": 1, "pos": [409, 197], "ui_clicked": false}
[2026-09-25 10:23:40.308] [P] {"start": [117, 14], "goal": [119, 14], "length": 1, "is_direction_change": false}
[2026-09-25 10:23:40.309] [SFX] {"sound": "click_target", "volume": 0.75}
[2026-09-25 10:23:40.345] [JACK] Achtung! Guardians patrouillieren den Sektor. Wir müssen extrem vorsichtig sein!
[2026-09-25 10:23:40.358] [SFX] {"sound": "player_move", "volume": 0.4}
[2026-09-25 10:23:40.500] [SFX] {"sound": "guardian_move", "volume": 0.29}
[2026-09-25 10:23:40.523] [SFX] {"sound": "civ_move_2", "volume": 0.13}
[2026-09-25 10:23:40.549] [SFX] {"sound": "civ_move_1", "volume": 0.09}
[2026-09-25 10:23:40.580] [SFX] {"sound": "threat_pulse", "volume": 0.41}
[2026-09-25 10:23:40.614] [SFX] {"sound": "civ_move_1", "volume": 0.13}
[2026-09-25 10:23:40.780] [M] {"button": 5, "pos": [387, 227], "ui_clicked": false}
[2026-09-25 10:23:40.929] [SFX] {"sound": "civ_move_2", "volume": 0.14}
[2026-09-25 10:23:40.961] [SFX] {"sound": "civ_move_1", "volume": 0.1}
[2026-09-25 10:23:41.027] [SFX] {"sound": "civ_move_1", "volume": 0.14}
[2026-09-25 10:23:41.109] [SFX] {"sound": "guardian_move", "volume": 0.32}
[2026-09-25 10:23:41.344] [SFX] {"sound": "civ_move_2", "volume": 0.15}
[2026-09-25 10:23:41.376] [SFX] {"sound": "civ_move_1", "volume": 0.12}
[2026-09-25 10:23:41.399] [SFX] {"sound": "threat_pulse", "volume": 0.37}
[2026-09-25 10:23:41.441] [SFX] {"sound": "civ_move_1", "volume": 0.16}
[2026-09-25 10:23:41.710] [SFX] {"sound": "guardian_move", "volume": 0.34}
[2026-09-25 10:23:41.744] [SFX] {"sound": "civ_move_2", "volume": 0.17}
[2026-09-25 10:23:41.777] [SFX] {"sound": "civ_move_1", "volume": 0.13}
[2026-09-25 10:23:41.845] [SFX] {"sound": "civ_move_1", "volume": 0.17}
[2026-09-25 10:23:41.960] [M] {"button": 1, "pos": [404, 185], "ui_clicked": false}
[2026-09-25 10:23:41.967] [P] {"start": [119, 14], "goal": [125, 14], "length": 1, "is_direction_change": false}
[2026-09-25 10:23:41.968] [SFX] {"sound": "click_target", "volume": 0.67}
[2026-09-25 10:23:42.144] [SFX] {"sound": "civ_move_2", "volume": 0.2}
[2026-09-25 10:23:42.177] [SFX] {"sound": "civ_move_1", "volume": 0.17}
[2026-09-25 10:23:42.227] [SFX] {"sound": "player_move", "volume": 0.4}
[2026-09-25 10:23:42.259] [SFX] {"sound": "civ_move_1", "volume": 0.22}
[2026-09-25 10:23:42.293] [SFX] {"sound": "threat_pulse", "volume": 0.36}
[2026-09-25 10:23:42.326] [SFX] {"sound": "guardian_move", "volume": 0.38}
[2026-09-25 10:23:42.558] [SFX] {"sound": "civ_move_2", "volume": 0.23}
[2026-09-25 10:23:42.590] [SFX] {"sound": "civ_move_1", "volume": 0.2}
[2026-09-25 10:23:42.671] [SFX] {"sound": "civ_move_1", "volume": 0.24}
[2026-09-25 10:23:42.870] [M] {"button": 1, "pos": [412, 191], "ui_clicked": false}
[2026-09-25 10:23:42.877] [SFX] {"sound": "click_target", "volume": 0.66}
[2026-09-25 10:23:42.954] [SFX] {"sound": "guardian_move", "volume": 0.39}
[2026-09-25 10:23:42.976] [SFX] {"sound": "civ_move_2", "volume": 0.26}
[2026-09-25 10:23:43.004] [SFX] {"sound": "civ_move_1", "volume": 0.23}
[2026-09-25 10:23:43.071] [SFX] {"sound": "civ_move_1", "volume": 0.28}
[2026-09-25 10:23:43.072] [SFX] {"sound": "civ_move_2", "volume": 0.02}
[2026-09-25 10:23:43.093] [C] {"civ_pos": [131, 14]}
[2026-09-25 10:23:43.138] [SFX] {"sound": "player_move", "volume": 0.4}
[2026-09-25 10:23:43.205] [SFX] {"sound": "threat_pulse", "volume": 0.43}
[2026-09-25 10:23:43.385] [SFX] {"sound": "civ_move_2", "volume": 0.3}
[2026-09-25 10:23:43.417] [SFX] {"sound": "civ_move_1", "volume": 0.26}
[2026-09-25 10:23:43.451] [SFX] {"sound": "player_move", "volume": 0.4}
[2026-09-25 10:23:43.483] [SFX] {"sound": "civ_move_1", "volume": 0.3}
[2026-09-25 10:23:43.484] [SFX] {"sound": "civ_move_2", "volume": 0.03}
[2026-09-25 10:23:43.583] [SFX] {"sound": "guardian_move", "volume": 0.38}
[2026-09-25 10:23:43.764] [SFX] {"sound": "player_move", "volume": 0.4}
[2026-09-25 10:23:43.796] [SFX] {"sound": "civ_move_2", "volume": 0.29}
[2026-09-25 10:23:43.830] [SFX] {"sound": "civ_move_1", "volume": 0.27}
[2026-09-25 10:23:43.894] [SFX] {"sound": "civ_move_1", "volume": 0.29}
[2026-09-25 10:23:43.895] [SFX] {"sound": "civ_move_2", "volume": 0.04}
[2026-09-25 10:23:43.916] [SFX] {"sound": "threat_pulse", "volume": 0.48}
[2026-09-25 10:23:44.079] [SFX] {"sound": "player_move", "volume": 0.4}
[2026-09-25 10:23:44.212] [SFX] {"sound": "guardian_move", "volume": 0.39}
[2026-09-25 10:23:44.213] [SFX] {"sound": "civ_move_2", "volume": 0.29}
[2026-09-25 10:23:44.234] [SFX] {"sound": "civ_move_1", "volume": 0.27}
[2026-09-25 10:23:44.294] [SFX] {"sound": "civ_move_1", "volume": 0.29}
[2026-09-25 10:23:44.295] [SFX] {"sound": "civ_move_2", "volume": 0.04}
[2026-09-25 10:23:44.393] [SFX] {"sound": "player_move", "volume": 0.4}
[2026-09-25 10:23:44.525] [SFX] {"sound": "threat_pulse", "volume": 0.53}
[2026-09-25 10:23:44.621] [SFX] {"sound": "civ_move_2", "volume": 0.29}
[2026-09-25 10:23:44.644] [SFX] {"sound": "civ_move_1", "volume": 0.27}
[2026-09-25 10:23:44.704] [SFX] {"sound": "player_move", "volume": 0.4}
[2026-09-25 10:23:44.706] [SFX] {"sound": "civ_move_1", "volume": 0.29}
[2026-09-25 10:23:44.707] [SFX] {"sound": "civ_move_2", "volume": 0.04}
[2026-09-25 10:23:44.822] [SFX] {"sound": "guardian_move", "volume": 0.39}
[2026-09-25 10:23:45.019] [SFX] {"sound": "player_move", "volume": 0.4}
[2026-09-25 10:23:45.042] [SFX] {"sound": "civ_move_2", "volume": 0.29}
[2026-09-25 10:23:45.043] [SFX] {"sound": "threat_pulse", "volume": 0.57}
[2026-09-25 10:23:45.059] [SFX] {"sound": "civ_move_1", "volume": 0.27}
[2026-09-25 10:23:45.104] [SFX] {"sound": "civ_move_1", "volume": 0.29}
[2026-09-25 10:23:45.105] [SFX] {"sound": "civ_move_2", "volume": 0.04}
[2026-09-25 10:23:45.322] [SFX] {"sound": "player_move", "volume": 0.4}
[2026-09-25 10:23:45.422] [SFX] {"sound": "guardian_move", "volume": 0.39}
[2026-09-25 10:23:45.445] [SFX] {"sound": "civ_move_2", "volume": 0.29}
[2026-09-25 10:23:45.446] [SFX] {"sound": "threat_pulse", "volume": 0.61}
[2026-09-25 10:23:45.460] [SFX] {"sound": "civ_move_1", "volume": 0.27}
[2026-09-25 10:23:45.505] [SFX] {"sound": "civ_move_1", "volume": 0.29}
[2026-09-25 10:23:45.506] [SFX] {"sound": "civ_move_2", "volume": 0.04}
[2026-09-25 10:23:45.603] [C] {"civ_pos": [121, 14]}
[2026-09-25 10:23:45.637] [SFX] {"sound": "player_move", "volume": 0.4}
[2026-09-25 10:23:45.751] [M] {"button": 1, "pos": [406, 203], "ui_clicked": true}
[2026-09-25 10:23:45.764] [SFX] {"sound": "threat_pulse", "volume": 0.63}
[2026-09-25 10:23:45.853] [SFX] {"sound": "civ_move_2", "volume": 0.29}
[2026-09-25 10:23:45.876] [SFX] {"sound": "civ_move_1", "volume": 0.27}
[2026-09-25 10:23:45.877] [SFX] {"sound": "alert_trigger", "volume": 1.0}
[2026-09-25 10:23:45.922] [SFX] {"sound": "civ_move_1", "volume": 0.29}
[2026-09-25 10:23:45.923] [SFX] {"sound": "civ_move_2", "volume": 0.04}
[2026-09-25 10:23:45.943] [SFX] {"sound": "player_move", "volume": 0.4}
[2026-09-25 10:23:45.959] [SFX] {"sound": "threat_pulse", "volume": 0.7}
[2026-09-25 10:23:45.985] [SFX] {"sound": "game_over", "volume": 1.0}
[2026-09-25 10:23:52.247] [SFX] {"sound": "hack_success", "volume": 0.8}
[2026-09-25 10:23:53.094] [SESSION_RESET] {"msg": "--- NEW LIFE STARTED ---"}
[2026-09-25 10:23:53.138] [S] {"map": "Shadowgrid"}
[2026-09-25 10:23:53.158] [JACK] Da drüben bewegt sich eine Civ-Subroutine! Was führt die im Schilde?
[2026-09-25 10:23:53.185] [JACK] Ah, im Shadowgrid angekommen... endlich.
[2026-09-25 10:23:53.951] [SFX] {"sound": "civ_move_2", "volume": 0.01}
[2026-09-25 10:23:55.984] [M] {"button": 1, "pos": [324, 175], "ui_clicked": false}
[2026-09-25 10:23:56.777] [M] {"button": 1, "pos": [319, 242], "ui_clicked": false}
[2026-09-25 10:23:57.288] [M] {"button": 1, "pos": [324, 226], "ui_clicked": false}
[2026-09-25 10:23:57.296] [SFX] {"sound": "action_cancel", "volume": 1.0}
[2026-09-25 10:23:57.297] [P] {"start": [208, 10], "goal": [208, 15], "length": 1, "is_direction_change": false}
[2026-09-25 10:23:57.298] [SFX] {"sound": "click_target", "volume": 0.68}
[2026-09-25 10:23:57.328] [SFX] {"sound": "player_move", "volume": 0.4}
[2026-09-25 10:23:57.630] [SFX] {"sound": "threat_pulse", "volume": 0.3}
[2026-09-25 10:23:58.493] [M] {"button": 1, "pos": [306, 221], "ui_clicked": false}
[2026-09-25 10:23:58.500] [P] {"start": [208, 15], "goal": [206, 20], "length": 3, "is_direction_change": false}
[2026-09-25 10:23:58.501] [SFX] {"sound": "click_target", "volume": 0.69}
[2026-09-25 10:23:58.536] [JACK] IoT-Überwachung überall... Kameras, Mikrofone und Scanner wollen uns ertappen!
[2026-09-25 10:23:58.549] [SFX] {"sound": "threat_pulse", "volume": 0.32}
[2026-09-25 10:23:58.576] [SFX] {"sound": "player_move", "volume": 0.4}
[2026-09-25 10:23:59.105] [M] {"button": 1, "pos": [313, 229], "ui_clicked": false}
[2026-09-25 10:23:59.634] [M] {"button": 1, "pos": [292, 208], "ui_clicked": false}
[2026-09-25 10:24:00.097] [M] {"button": 1, "pos": [284, 206], "ui_clicked": false}
[2026-09-25 10:24:00.549] [M] {"button": 1, "pos": [285, 199], "ui_clicked": false}
[2026-09-25 10:24:00.556] [P] {"start": [206, 20], "goal": [201, 22], "length": 7, "is_direction_change": false}
[2026-09-25 10:24:00.557] [SFX] {"sound": "click_target", "volume": 0.7}
[2026-09-25 10:24:00.590] [SFX] {"sound": "player_move", "volume": 0.4}
[2026-09-25 10:24:02.132] [M] {"button": 1, "pos": [272, 164], "ui_clicked": false}
[2026-09-25 10:24:02.513] [M] {"button": 1, "pos": [301, 171], "ui_clicked": false}
[2026-09-25 10:24:02.521] [P] {"start": [201, 22], "goal": [198, 20], "length": 3, "is_direction_change": false}
[2026-09-25 10:24:02.522] [SFX] {"sound": "click_target", "volume": 0.93}
[2026-09-25 10:24:02.627] [SFX] {"sound": "player_move", "volume": 0.4}
[2026-09-25 10:24:03.276] [M] {"button": 1, "pos": [275, 178], "ui_clicked": false}
[2026-09-25 10:24:03.772] [M] {"button": 1, "pos": [280, 184], "ui_clicked": false}
[2026-09-25 10:24:04.595] [M] {"button": 1, "pos": [290, 203], "ui_clicked": false}
[2026-09-25 10:24:04.603] [P] {"start": [198, 20], "goal": [194, 22], "length": 2, "is_direction_change": false}
[2026-09-25 10:24:04.604] [SFX] {"sound": "click_target", "volume": 0.71}
[2026-09-25 10:24:04.636] [JACK] Kurzer Blick um die Ecke...
[2026-09-25 10:24:04.758] [SFX] {"sound": "player_move", "volume": 0.4}
[2026-09-25 10:24:05.270] [M] {"button": 1, "pos": [308, 205], "ui_clicked": false}
[2026-09-25 10:24:05.566] [M] {"button": 1, "pos": [321, 216], "ui_clicked": false}
[2026-09-25 10:24:05.574] [P] {"start": [194, 22], "goal": [194, 26], "length": 1, "is_direction_change": false}
[2026-09-25 10:24:05.575] [SFX] {"sound": "click_target", "volume": 0.71}
[2026-09-25 10:24:05.730] [SFX] {"sound": "player_move", "volume": 0.4}
[2026-09-25 10:24:05.814] [SFX] {"sound": "civ_move_1", "volume": 0.01}
[2026-09-25 10:24:06.098] [M] {"button": 1, "pos": [321, 216], "ui_clicked": false}
[2026-09-25 10:24:06.105] [P] {"start": [194, 26], "goal": [194, 30], "length": 1, "is_direction_change": false}
[2026-09-25 10:24:06.106] [SFX] {"sound": "click_target", "volume": 0.72}
[2026-09-25 10:24:06.228] [SFX] {"sound": "civ_move_1", "volume": 0.01}
[2026-09-25 10:24:06.229] [SFX] {"sound": "civ_move_1", "volume": 0.02}
[2026-09-25 10:24:06.642] [SFX] {"sound": "civ_move_1", "volume": 0.03}
[2026-09-25 10:24:06.674] [M] {"button": 1, "pos": [321, 216], "ui_clicked": false}
[2026-09-25 10:24:06.681] [P] {"start": [194, 30], "goal": [194, 34], "length": 1, "is_direction_change": false}
[2026-09-25 10:24:06.682] [SFX] {"sound": "click_target", "volume": 0.72}
[2026-09-25 10:24:06.755] [SFX] {"sound": "player_move", "volume": 0.4}
[2026-09-25 10:24:07.055] [SFX] {"sound": "civ_move_1", "volume": 0.06}
[2026-09-25 10:24:07.056] [SFX] {"sound": "civ_move_1", "volume": 0.05}
[2026-09-25 10:24:07.418] [M] {"button": 1, "pos": [325, 227], "ui_clicked": false}
[2026-09-25 10:24:07.426] [P] {"start": [194, 34], "goal": [194, 39], "length": 1, "is_direction_change": false}
[2026-09-25 10:24:07.427] [SFX] {"sound": "click_target", "volume": 0.68}
[2026-09-25 10:24:07.470] [SFX] {"sound": "civ_move_1", "volume": 0.08}
[2026-09-25 10:24:07.471] [SFX] {"sound": "civ_move_1", "volume": 0.05}
[2026-09-25 10:24:07.603] [SFX] {"sound": "player_move", "volume": 0.4}
[2026-09-25 10:24:07.870] [SFX] {"sound": "civ_move_1", "volume": 0.11}
[2026-09-25 10:24:07.871] [SFX] {"sound": "civ_move_1", "volume": 0.07}
[2026-09-25 10:24:07.951] [M] {"button": 1, "pos": [325, 227], "ui_clicked": false}
[2026-09-25 10:24:07.959] [P] {"start": [194, 39], "goal": [194, 44], "length": 1, "is_direction_change": false}
[2026-09-25 10:24:07.960] [SFX] {"sound": "click_target", "volume": 0.69}
[2026-09-25 10:24:08.197] [SFX] {"sound": "civ_move_1", "volume": 0.02}
[2026-09-25 10:24:08.281] [SFX] {"sound": "civ_move_1", "volume": 0.15}
[2026-09-25 10:24:08.282] [SFX] {"sound": "civ_move_1", "volume": 0.09}
[2026-09-25 10:24:08.493] [SFX] {"sound": "civ_move_1", "volume": 0.0}
[2026-09-25 10:24:08.607] [SFX] {"sound": "civ_move_1", "volume": 0.03}
[2026-09-25 10:24:08.690] [SFX] {"sound": "civ_move_1", "volume": 0.16}
[2026-09-25 10:24:08.691] [SFX] {"sound": "civ_move_1", "volume": 0.08}
[2026-09-25 10:24:08.723] [M] {"button": 1, "pos": [325, 227], "ui_clicked": false}
[2026-09-25 10:24:08.729] [P] {"start": [194, 44], "goal": [194, 49], "length": 1, "is_direction_change": false}
[2026-09-25 10:24:08.730] [SFX] {"sound": "click_target", "volume": 0.69}
[2026-09-25 10:24:08.751] [SFX] {"sound": "player_move", "volume": 0.4}
[2026-09-25 10:24:08.907] [SFX] {"sound": "civ_move_1", "volume": 0.02}
[2026-09-25 10:24:09.022] [SFX] {"sound": "civ_move_1", "volume": 0.07}
[2026-09-25 10:24:09.103] [SFX] {"sound": "civ_move_1", "volume": 0.2}
[2026-09-25 10:24:09.103] [SFX] {"sound": "civ_move_1", "volume": 0.1}
[2026-09-25 10:24:09.265] [M] {"button": 1, "pos": [325, 227], "ui_clicked": false}
[2026-09-25 10:24:09.274] [SFX] {"sound": "click_target", "volume": 0.69}
[2026-09-25 10:24:09.315] [SFX] {"sound": "civ_move_1", "volume": 0.04}
[2026-09-25 10:24:09.348] [SFX] {"sound": "player_move", "volume": 0.4}
[2026-09-25 10:24:09.398] [C] {"civ_pos": [194, 53]}
[2026-09-25 10:24:09.444] [SFX] {"sound": "civ_move_1", "volume": 0.1}
[2026-09-25 10:24:09.511] [SFX] {"sound": "civ_move_1", "volume": 0.23}
[2026-09-25 10:24:09.511] [SFX] {"sound": "civ_move_1", "volume": 0.1}
[2026-09-25 10:24:09.657] [SFX] {"sound": "player_move", "volume": 0.4}
[2026-09-25 10:24:09.707] [SFX] {"sound": "threat_pulse", "volume": 0.3}
[2026-09-25 10:24:09.729] [SFX] {"sound": "civ_move_1", "volume": 0.05}
[2026-09-25 10:24:09.857] [SFX] {"sound": "civ_move_1", "volume": 0.11}
[2026-09-25 10:24:09.923] [SFX] {"sound": "civ_move_1", "volume": 0.29}
[2026-09-25 10:24:09.924] [SFX] {"sound": "civ_move_1", "volume": 0.09}
[2026-09-25 10:24:09.957] [SFX] {"sound": "player_move", "volume": 0.4}
[2026-09-25 10:24:10.124] [SFX] {"sound": "civ_move_1", "volume": 0.04}
[2026-09-25 10:24:10.258] [SFX] {"sound": "player_move", "volume": 0.4}
[2026-09-25 10:24:10.259] [SFX] {"sound": "civ_move_1", "volume": 0.12}
[2026-09-25 10:24:10.338] [SFX] {"sound": "civ_move_1", "volume": 0.29}
[2026-09-25 10:24:10.339] [SFX] {"sound": "civ_move_1", "volume": 0.08}
[2026-09-25 10:24:10.538] [SFX] {"sound": "civ_move_1", "volume": 0.03}
[2026-09-25 10:24:10.572] [SFX] {"sound": "player_move", "volume": 0.4}
[2026-09-25 10:24:10.620] [SFX] {"sound": "threat_pulse", "volume": 0.32}
[2026-09-25 10:24:10.670] [SFX] {"sound": "civ_move_1", "volume": 0.11}
[2026-09-25 10:24:10.751] [SFX] {"sound": "civ_move_1", "volume": 0.29}
[2026-09-25 10:24:10.752] [SFX] {"sound": "civ_move_1", "volume": 0.07}
[2026-09-25 10:24:10.881] [SFX] {"sound": "player_move", "volume": 0.4}
[2026-09-25 10:24:10.945] [SFX] {"sound": "civ_move_1", "volume": 0.01}
[2026-09-25 10:24:11.076] [SFX] {"sound": "civ_move_1", "volume": 0.11}
[2026-09-25 10:24:11.158] [SFX] {"sound": "civ_move_1", "volume": 0.29}
[2026-09-25 10:24:11.159] [SFX] {"sound": "civ_move_1", "volume": 0.05}
[2026-09-25 10:24:11.194] [SFX] {"sound": "player_move", "volume": 0.4}
[2026-09-25 10:24:11.209] [M] {"button": 1, "pos": [368, 197], "ui_clicked": true}
[2026-09-25 10:24:11.235] [JACK] Blick ins Systemfenster... Was führen wir im Schild?
[2026-09-25 10:24:11.247] [SFX] {"sound": "infiltrate 1", "volume": 0.5}
[2026-09-25 10:24:11.488] [SFX] {"sound": "civ_move_1", "volume": 0.11}
[2026-09-25 10:24:11.510] [SFX] {"sound": "player_move", "volume": 0.4}
[2026-09-25 10:24:11.527] [SFX] {"sound": "threat_pulse", "volume": 0.33}
[2026-09-25 10:24:11.570] [SFX] {"sound": "civ_move_1", "volume": 0.29}
[2026-09-25 10:24:11.571] [SFX] {"sound": "civ_move_1", "volume": 0.04}
[2026-09-25 10:24:11.651] [SFX] {"sound": "infiltrate 1", "volume": 0.5}
[2026-09-25 10:24:11.819] [SFX] {"sound": "player_move", "volume": 0.4}
[2026-09-25 10:24:11.901] [SFX] {"sound": "civ_move_1", "volume": 0.11}
[2026-09-25 10:24:11.902] [C] {"civ_pos": [194, 43]}
[2026-09-25 10:24:11.982] [SFX] {"sound": "civ_move_1", "volume": 0.29}
[2026-09-25 10:24:11.982] [SFX] {"sound": "civ_move_1", "volume": 0.03}
[2026-09-25 10:24:12.064] [SFX] {"sound": "infiltrate 1", "volume": 0.5}
[2026-09-25 10:24:12.129] [SFX] {"sound": "player_move", "volume": 0.4}
[2026-09-25 10:24:12.311] [SFX] {"sound": "civ_move_1", "volume": 0.11}
[2026-09-25 10:24:12.393] [SFX] {"sound": "civ_move_1", "volume": 0.29}
[2026-09-25 10:24:12.394] [SFX] {"sound": "civ_move_1", "volume": 0.01}
[2026-09-25 10:24:12.427] [SFX] {"sound": "threat_pulse", "volume": 0.34}
[2026-09-25 10:24:12.448] [SFX] {"sound": "player_move", "volume": 0.4}
[2026-09-25 10:24:12.477] [SFX] {"sound": "infiltrate 2", "volume": 0.5}
[2026-09-25 10:24:12.722] [SFX] {"sound": "civ_move_1", "volume": 0.1}
[2026-09-25 10:24:12.756] [SFX] {"sound": "player_move", "volume": 0.4}
[2026-09-25 10:24:12.805] [SFX] {"sound": "civ_move_1", "volume": 0.29}
[2026-09-25 10:24:12.806] [SFX] {"sound": "civ_move_1", "volume": 0.0}
[2026-09-25 10:24:12.890] [SFX] {"sound": "infiltrate 1", "volume": 0.5}
[2026-09-25 10:24:13.072] [SFX] {"sound": "player_move", "volume": 0.4}
[2026-09-25 10:24:13.137] [SFX] {"sound": "civ_move_1", "volume": 0.09}
[2026-09-25 10:24:13.219] [SFX] {"sound": "civ_move_1", "volume": 0.29}
[2026-09-25 10:24:13.300] [SFX] {"sound": "infiltrate 1", "volume": 0.5}
[2026-09-25 10:24:13.333] [SFX] {"sound": "threat_pulse", "volume": 0.35}
[2026-09-25 10:24:13.384] [SFX] {"sound": "player_move", "volume": 0.4}
[2026-09-25 10:24:13.549] [SFX] {"sound": "civ_move_1", "volume": 0.09}
[2026-09-25 10:24:13.634] [SFX] {"sound": "civ_move_1", "volume": 0.29}
[2026-09-25 10:24:13.699] [SFX] {"sound": "player_move", "volume": 0.4}
[2026-09-25 10:24:13.723] [SFX] {"sound": "infiltrate 2", "volume": 0.5}
[2026-09-25 10:24:13.951] [SFX] {"sound": "civ_move_1", "volume": 0.09}
[2026-09-25 10:24:14.001] [SFX] {"sound": "player_move", "volume": 0.4}
[2026-09-25 10:24:14.035] [SFX] {"sound": "civ_move_1", "volume": 0.29}
[2026-09-25 10:24:14.058] [SFX] {"sound": "guardian_move", "volume": 0.0}
[2026-09-25 10:24:14.118] [SFX] {"sound": "infiltrate 2", "volume": 0.5}
[2026-09-25 10:24:14.214] [SFX] {"sound": "hack_success", "volume": 1.0}
[2026-09-25 10:24:14.246] [SFX] {"sound": "threat_pulse", "volume": 0.44}
[2026-09-25 10:24:14.362] [SFX] {"sound": "civ_move_1", "volume": 0.08}
[2026-09-25 10:24:14.411] [C] {"civ_pos": [194, 38]}
[2026-09-25 10:24:14.451] [SFX] {"sound": "civ_move_1", "volume": 0.29}
[2026-09-25 10:24:14.655] [SFX] {"sound": "guardian_move", "volume": 0.02}
[2026-09-25 10:24:14.735] [M] {"button": 1, "pos": [323, 96], "ui_clicked": false}
[2026-09-25 10:24:14.743] [P] {"start": [194, 39], "goal": [194, 28], "length": 1, "is_direction_change": false}
[2026-09-25 10:24:14.744] [SFX] {"sound": "click_target", "volume": 0.74}
[2026-09-25 10:24:14.775] [JACK] Hörst du das Wummern? Sentinels in der Nähe... Bloß keinen falschen Schritt machen!
[2026-09-25 10:24:14.788] [SFX] {"sound": "civ_move_1", "volume": 0.08}
[2026-09-25 10:24:14.830] [SFX] {"sound": "player_move", "volume": 0.4}
[2026-09-25 10:24:14.863] [SFX] {"sound": "civ_move_1", "volume": 0.23}
[2026-09-25 10:24:14.946] [SFX] {"sound": "threat_pulse", "volume": 0.41}
[2026-09-25 10:24:15.131] [SFX] {"sound": "player_move", "volume": 0.4}
[2026-09-25 10:24:15.198] [SFX] {"sound": "civ_move_1", "volume": 0.03}
[2026-09-25 10:24:15.264] [SFX] {"sound": "civ_move_1", "volume": 0.18}
[2026-09-25 10:24:15.611] [SFX] {"sound": "civ_move_1", "volume": 0.01}
[2026-09-25 10:24:15.678] [SFX] {"sound": "civ_move_1", "volume": 0.18}
[2026-09-25 10:24:15.761] [SFX] {"sound": "threat_pulse", "volume": 0.37}
[2026-09-25 10:24:15.795] [M] {"button": 1, "pos": [318, 92], "ui_clicked": false}
[2026-09-25 10:24:16.026] [SFX] {"sound": "civ_move_1", "volume": 0.01}
[2026-09-25 10:24:16.090] [SFX] {"sound": "civ_move_1", "volume": 0.18}
[2026-09-25 10:24:16.436] [SFX] {"sound": "civ_move_1", "volume": 0.0}
[2026-09-25 10:24:16.502] [SFX] {"sound": "civ_move_1", "volume": 0.18}
[2026-09-25 10:24:16.535] [M] {"button": 1, "pos": [318, 91], "ui_clicked": false}
[2026-09-25 10:24:16.668] [SFX] {"sound": "threat_pulse", "volume": 0.32}
[2026-09-25 10:24:16.882] [M] {"button": 1, "pos": [322, 92], "ui_clicked": false}
[2026-09-25 10:24:16.890] [P] {"start": [194, 28], "goal": [194, 17], "length": 1, "is_direction_change": false}
[2026-09-25 10:24:16.890] [SFX] {"sound": "click_target", "volume": 0.72}
[2026-09-25 10:24:16.929] [SFX] {"sound": "civ_move_1", "volume": 0.17}
[2026-09-25 10:24:17.028] [SFX] {"sound": "player_move", "volume": 0.4}
[2026-09-25 10:24:17.342] [SFX] {"sound": "civ_move_1", "volume": 0.12}
[2026-09-25 10:24:17.757] [SFX] {"sound": "civ_move_1", "volume": 0.11}
[2026-09-25 10:24:18.947] [M] {"button": 1, "pos": [359, 203], "ui_clicked": false}
[2026-09-25 10:24:18.997] [SFX] {"sound": "civ_move_1", "volume": 0.11}
[2026-09-25 10:24:19.540] [M] {"button": 1, "pos": [359, 207], "ui_clicked": false}
[2026-09-25 10:24:19.547] [P] {"start": [194, 17], "goal": [198, 20], "length": 2, "is_direction_change": false}
[2026-09-25 10:24:19.547] [SFX] {"sound": "click_target", "volume": 0.68}
[2026-09-25 10:24:19.770] [SFX] {"sound": "player_move", "volume": 0.4}
[2026-09-25 10:24:19.821] [SFX] {"sound": "civ_move_1", "volume": 0.13}
[2026-09-25 10:24:22.913] [M] {"button": 1, "pos": [292, 250], "ui_clicked": false}
[2026-09-25 10:24:22.921] [P] {"start": [198, 20], "goal": [194, 28], "length": 2, "is_direction_change": false}
[2026-09-25 10:24:22.922] [SFX] {"sound": "click_target", "volume": 0.61}
[2026-09-25 10:24:22.954] [JACK] Vorsichtig vorantasten...
[2026-09-25 10:24:23.107] [SFX] {"sound": "player_move", "volume": 0.4}
[2026-09-25 10:24:23.129] [SFX] {"sound": "civ_move_1", "volume": 0.13}
[2026-09-25 10:24:23.423] [SFX] {"sound": "player_move", "volume": 0.4}
[2026-09-25 10:24:23.525] [SFX] {"sound": "civ_move_1", "volume": 0.18}
[2026-09-25 10:24:23.591] [SFX] {"sound": "civ_move_2", "volume": 0.02}
[2026-09-25 10:24:23.809] [SFX] {"sound": "guardian_move", "volume": 0.03}
[2026-09-25 10:24:23.925] [SFX] {"sound": "civ_move_1", "volume": 0.18}
[2026-09-25 10:24:24.006] [SFX] {"sound": "civ_move_2", "volume": 0.02}
[2026-09-25 10:24:24.339] [SFX] {"sound": "civ_move_1", "volume": 0.18}
[2026-09-25 10:24:24.422] [SFX] {"sound": "guardian_move", "volume": 0.02}
[2026-09-25 10:24:24.422] [SFX] {"sound": "civ_move_2", "volume": 0.02}
[2026-09-25 10:24:24.670] [SFX] {"sound": "civ_move_2", "volume": 0.01}
[2026-09-25 10:24:24.704] [M] {"button": 1, "pos": [322, 312], "ui_clicked": false}
[2026-09-25 10:24:24.711] [P] {"start": [194, 28], "goal": [194, 44], "length": 1, "is_direction_change": false}
[2026-09-25 10:24:24.712] [SFX] {"sound": "click_target", "volume": 0.47}
[2026-09-25 10:24:24.779] [SFX] {"sound": "civ_move_1", "volume": 0.19}
[2026-09-25 10:24:24.827] [SFX] {"sound": "civ_move_2", "volume": 0.03}
[2026-09-25 10:24:24.910] [SFX] {"sound": "player_move", "volume": 0.4}
[2026-09-25 10:24:25.025] [SFX] {"sound": "guardian_move", "volume": 0.06}
[2026-09-25 10:24:25.074] [SFX] {"sound": "civ_move_2", "volume": 0.06}
[2026-09-25 10:24:25.125] [C] {"civ_pos": [194, 38]}
[2026-09-25 10:24:25.191] [SFX] {"sound": "civ_move_1", "volume": 0.24}
[2026-09-25 10:24:25.224] [SFX] {"sound": "player_move", "volume": 0.4}
[2026-09-25 10:24:25.246] [SFX] {"sound": "civ_move_2", "volume": 0.07}
[2026-09-25 10:24:25.438] [M] {"button": 1, "pos": [327, 312], "ui_clicked": false}
[2026-09-25 10:24:25.446] [SFX] {"sound": "click_target", "volume": 0.54}
[2026-09-25 10:24:25.487] [SFX] {"sound": "civ_move_2", "volume": 0.12}
[2026-09-25 10:24:25.488] [SFX] {"sound": "civ_move_1", "volume": 0.0}
[2026-09-25 10:24:25.535] [SFX] {"sound": "player_move", "volume": 0.4}
[2026-09-25 10:24:25.601] [SFX] {"sound": "civ_move_1", "volume": 0.24}
[2026-09-25 10:24:25.634] [SFX] {"sound": "guardian_move", "volume": 0.13}
[2026-09-25 10:24:25.657] [SFX] {"sound": "civ_move_2", "volume": 0.11}
[2026-09-25 10:24:25.751] [SFX] {"sound": "civ_move_2", "volume": 0.01}
[2026-09-25 10:24:25.848] [SFX] {"sound": "player_move", "volume": 0.4}
[2026-09-25 10:24:25.899] [SFX] {"sound": "civ_move_2", "volume": 0.18}
[2026-09-25 10:24:25.900] [SFX] {"sound": "civ_move_1", "volume": 0.03}
[2026-09-25 10:24:26.016] [SFX] {"sound": "civ_move_1", "volume": 0.18}
[2026-09-25 10:24:26.049] [SFX] {"sound": "civ_move_2", "volume": 0.14}
[2026-09-25 10:24:26.164] [SFX] {"sound": "civ_move_2", "volume": 0.06}
[2026-09-25 10:24:26.197] [SFX] {"sound": "civ_move_1", "volume": 0.01}
[2026-09-25 10:24:26.246] [SFX] {"sound": "guardian_move", "volume": 0.16}
[2026-09-25 10:24:26.313] [SFX] {"sound": "civ_move_2", "volume": 0.21}
[2026-09-25 10:24:26.313] [SFX] {"sound": "civ_move_1", "volume": 0.04}
[2026-09-25 10:24:26.430] [SFX] {"sound": "civ_move_1", "volume": 0.17}
[2026-09-25 10:24:26.462] [SFX] {"sound": "civ_move_2", "volume": 0.13}
[2026-09-25 10:24:26.577] [SFX] {"sound": "civ_move_2", "volume": 0.07}
[2026-09-25 10:24:26.611] [SFX] {"sound": "civ_move_1", "volume": 0.02}
[2026-09-25 10:24:26.728] [SFX] {"sound": "civ_move_2", "volume": 0.22}
[2026-09-25 10:24:26.728] [SFX] {"sound": "civ_move_1", "volume": 0.05}
[2026-09-25 10:24:26.846] [SFX] {"sound": "civ_move_1", "volume": 0.17}
[2026-09-25 10:24:26.867] [SFX] {"sound": "guardian_move", "volume": 0.14}
[2026-09-25 10:24:26.868] [SFX] {"sound": "civ_move_2", "volume": 0.12}
[2026-09-25 10:24:26.977] [SFX] {"sound": "civ_move_2", "volume": 0.08}
[2026-09-25 10:24:27.025] [SFX] {"sound": "civ_move_1", "volume": 0.03}
[2026-09-25 10:24:27.141] [SFX] {"sound": "civ_move_2", "volume": 0.23}
[2026-09-25 10:24:27.141] [SFX] {"sound": "civ_move_1", "volume": 0.04}
[2026-09-25 10:24:27.253] [SFX] {"sound": "civ_move_1", "volume": 0.17}
[2026-09-25 10:24:27.275] [SFX] {"sound": "civ_move_2", "volume": 0.11}
[2026-09-25 10:24:27.385] [SFX] {"sound": "civ_move_2", "volume": 0.09}
[2026-09-25 10:24:27.436] [SFX] {"sound": "civ_move_1", "volume": 0.03}
[2026-09-25 10:24:27.469] [M] {"button": 1, "pos": [356, 240], "ui_clicked": true}
[2026-09-25 10:24:27.497] [SFX] {"sound": "guardian_move", "volume": 0.13}
[2026-09-25 10:24:27.552] [SFX] {"sound": "civ_move_2", "volume": 0.3}
[2026-09-25 10:24:27.553] [SFX] {"sound": "civ_move_1", "volume": 0.04}
[2026-09-25 10:24:27.634] [C] {"civ_pos": [194, 54]}
[2026-09-25 10:24:27.669] [SFX] {"sound": "civ_move_2", "volume": 0.1}
[2026-09-25 10:24:27.670] [SFX] {"sound": "civ_move_1", "volume": 0.17}
[2026-09-25 10:24:27.782] [SFX] {"sound": "infiltrate 2", "volume": 0.5}
[2026-09-25 10:24:27.803] [SFX] {"sound": "civ_move_2", "volume": 0.1}
[2026-09-25 10:24:27.848] [SFX] {"sound": "civ_move_1", "volume": 0.04}
[2026-09-25 10:24:27.932] [SFX] {"sound": "guardian_move", "volume": 0.01}
[2026-09-25 10:24:27.966] [SFX] {"sound": "civ_move_2", "volume": 0.29}
[2026-09-25 10:24:27.967] [SFX] {"sound": "civ_move_1", "volume": 0.04}
[2026-09-25 10:24:28.080] [SFX] {"sound": "guardian_move", "volume": 0.11}
[2026-09-25 10:24:28.081] [SFX] {"sound": "civ_move_2", "volume": 0.09}
[2026-09-25 10:24:28.082] [SFX] {"sound": "civ_move_1", "volume": 0.17}
[2026-09-25 10:24:28.197] [SFX] {"sound": "infiltrate 1", "volume": 0.5}
[2026-09-25 10:24:28.220] [SFX] {"sound": "civ_move_2", "volume": 0.11}
[2026-09-25 10:24:28.261] [SFX] {"sound": "civ_move_1", "volume": 0.05}
[2026-09-25 10:24:28.311] [SFX] {"sound": "threat_pulse", "volume": 0.34}
[2026-09-25 10:24:28.375] [SFX] {"sound": "civ_move_2", "volume": 0.27}
[2026-09-25 10:24:28.376] [SFX] {"sound": "civ_move_1", "volume": 0.04}
[2026-09-25 10:24:28.493] [SFX] {"sound": "civ_move_2", "volume": 0.08}
[2026-09-25 10:24:28.494] [SFX] {"sound": "civ_move_1", "volume": 0.17}
[2026-09-25 10:24:28.538] [SFX] {"sound": "guardian_move", "volume": 0.03}
[2026-09-25 10:24:28.603] [SFX] {"sound": "infiltrate 1", "volume": 0.5}
[2026-09-25 10:24:28.630] [SFX] {"sound": "civ_move_2", "volume": 0.12}
[2026-09-25 10:24:28.669] [SFX] {"sound": "civ_move_1", "volume": 0.04}
[2026-09-25 10:24:28.690] [SFX] {"sound": "guardian_move", "volume": 0.09}
[2026-09-25 10:24:28.785] [SFX] {"sound": "civ_move_2", "volume": 0.26}
[2026-09-25 10:24:28.786] [SFX] {"sound": "civ_move_1", "volume": 0.04}
[2026-09-25 10:24:28.903] [SFX] {"sound": "civ_move_2", "volume": 0.08}
[2026-09-25 10:24:28.904] [SFX] {"sound": "civ_move_1", "volume": 0.17}
[2026-09-25 10:24:28.957] [JACK] Hörst du das Wummern? Sentinels in der Nähe... Bloß keinen falschen Schritt machen!
[2026-09-25 10:24:29.013] [SFX] {"sound": "infiltrate 2", "volume": 0.5}
[2026-09-25 10:24:29.043] [SFX] {"sound": "civ_move_2", "volume": 0.13}
[2026-09-25 10:24:29.082] [SFX] {"sound": "civ_move_1", "volume": 0.04}
[2026-09-25 10:24:29.148] [SFX] {"sound": "guardian_move", "volume": 0.05}
[2026-09-25 10:24:29.199] [SFX] {"sound": "civ_move_2", "volume": 0.25}
[2026-09-25 10:24:29.200] [SFX] {"sound": "civ_move_1", "volume": 0.04}
[2026-09-25 10:24:29.222] [SFX] {"sound": "threat_pulse", "volume": 0.43}
[2026-09-25 10:24:29.298] [SFX] {"sound": "guardian_move", "volume": 0.07}
[2026-09-25 10:24:29.320] [SFX] {"sound": "civ_move_2", "volume": 0.07}
[2026-09-25 10:24:29.321] [SFX] {"sound": "civ_move_1", "volume": 0.17}
[2026-09-25 10:24:29.416] [SFX] {"sound": "infiltrate 1", "volume": 0.5}
[2026-09-25 10:24:29.440] [SFX] {"sound": "civ_move_2", "volume": 0.14}
[2026-09-25 10:24:29.482] [SFX] {"sound": "civ_move_1", "volume": 0.03}
[2026-09-25 10:24:29.614] [SFX] {"sound": "civ_move_2", "volume": 0.24}
[2026-09-25 10:24:29.614] [SFX] {"sound": "civ_move_1", "volume": 0.03}
[2026-09-25 10:24:29.731] [SFX] {"sound": "civ_move_2", "volume": 0.06}
[2026-09-25 10:24:29.732] [SFX] {"sound": "civ_move_1", "volume": 0.17}
[2026-09-25 10:24:29.763] [SFX] {"sound": "guardian_move", "volume": 0.07}
[2026-09-25 10:24:29.831] [SFX] {"sound": "infiltrate 2", "volume": 0.5}
[2026-09-25 10:24:29.851] [SFX] {"sound": "civ_move_2", "volume": 0.15}
[2026-09-25 10:24:29.896] [SFX] {"sound": "civ_move_1", "volume": 0.0}
[2026-09-25 10:24:29.897] [SFX] {"sound": "civ_move_1", "volume": 0.04}
[2026-09-25 10:24:29.919] [SFX] {"sound": "guardian_move", "volume": 0.05}
[2026-09-25 10:24:29.934] [SFX] {"sound": "threat_pulse", "volume": 0.5}
[2026-09-25 10:24:30.028] [SFX] {"sound": "civ_move_2", "volume": 0.23}
[2026-09-25 10:24:30.029] [SFX] {"sound": "civ_move_1", "volume": 0.03}
[2026-09-25 10:24:30.147] [SFX] {"sound": "civ_move_2", "volume": 0.05}
[2026-09-25 10:24:30.147] [SFX] {"sound": "civ_move_1", "volume": 0.17}
[2026-09-25 10:24:30.246] [SFX] {"sound": "infiltrate 1", "volume": 0.5}
[2026-09-25 10:24:30.267] [SFX] {"sound": "civ_move_2", "volume": 0.16}
[2026-09-25 10:24:30.311] [SFX] {"sound": "civ_move_1", "volume": 0.01}
[2026-09-25 10:24:30.312] [SFX] {"sound": "civ_move_1", "volume": 0.03}
[2026-09-25 10:24:30.378] [SFX] {"sound": "guardian_move", "volume": 0.09}
[2026-09-25 10:24:30.428] [SFX] {"sound": "civ_move_2", "volume": 0.21}
[2026-09-25 10:24:30.429] [SFX] {"sound": "civ_move_1", "volume": 0.01}
[2026-09-25 10:24:30.479] [SFX] {"sound": "hack_success", "volume": 1.0}
[2026-09-25 10:24:30.528] [SFX] {"sound": "guardian_move", "volume": 0.03}
[2026-09-25 10:24:30.550] [SFX] {"sound": "civ_move_2", "volume": 0.04}
[2026-09-25 10:24:30.551] [SFX] {"sound": "civ_move_1", "volume": 0.17}
[2026-09-25 10:24:30.552] [SFX] {"sound": "threat_pulse", "volume": 0.55}
[2026-09-25 10:24:30.661] [SFX] {"sound": "civ_move_2", "volume": 0.17}
[2026-09-25 10:24:30.712] [SFX] {"sound": "civ_move_1", "volume": 0.02}
[2026-09-25 10:24:30.713] [SFX] {"sound": "civ_move_1", "volume": 0.04}
[2026-09-25 10:24:30.844] [SFX] {"sound": "civ_move_2", "volume": 0.2}
[2026-09-25 10:24:30.868] [SFX] {"sound": "civ_move_1", "volume": 0.01}
[2026-09-25 10:24:30.959] [SFX] {"sound": "civ_move_2", "volume": 0.03}
[2026-09-25 10:24:30.960] [SFX] {"sound": "civ_move_1", "volume": 0.17}
[2026-09-25 10:24:30.961] [SFX] {"sound": "threat_pulse", "volume": 0.53}
[2026-09-25 10:24:30.992] [M] {"button": 1, "pos": [326, 118], "ui_clicked": false}
[2026-09-25 10:24:30.998] [SFX] {"sound": "guardian_move", "volume": 0.11}
[2026-09-25 10:24:30.999] [P] {"start": [194, 55], "goal": [194, 47], "length": 1, "is_direction_change": false}
[2026-09-25 10:24:31.000] [SFX] {"sound": "click_target", "volume": 0.81}
[2026-09-25 10:24:31.034] [JACK] Überall Wacheinheiten... Ihr bedrohliches Summen brennt sich ins Deck.
[2026-09-25 10:24:31.074] [SFX] {"sound": "player_move", "volume": 0.4}
[2026-09-25 10:24:31.074] [SFX] {"sound": "civ_move_2", "volume": 0.17}
[2026-09-25 10:24:31.123] [SFX] {"sound": "civ_move_1", "volume": 0.02}
[2026-09-25 10:24:31.146] [SFX] {"sound": "guardian_move", "volume": 0.01}
[2026-09-25 10:24:31.257] [SFX] {"sound": "civ_move_2", "volume": 0.23}
[2026-09-25 10:24:31.277] [SFX] {"sound": "civ_move_1", "volume": 0.02}
[2026-09-25 10:24:31.370] [SFX] {"sound": "civ_move_2", "volume": 0.0}
[2026-09-25 10:24:31.370] [SFX] {"sound": "civ_move_1", "volume": 0.23}
[2026-09-25 10:24:31.392] [SFX] {"sound": "player_move", "volume": 0.4}
[2026-09-25 10:24:31.470] [SFX] {"sound": "threat_pulse", "volume": 0.5}
[2026-09-25 10:24:31.492] [SFX] {"sound": "civ_move_2", "volume": 0.14}
[2026-09-25 10:24:31.603] [SFX] {"sound": "guardian_move", "volume": 0.06}
[2026-09-25 10:24:31.670] [SFX] {"sound": "civ_move_2", "volume": 0.24}
[2026-09-25 10:24:31.692] [SFX] {"sound": "civ_move_1", "volume": 0.02}
[2026-09-25 10:24:31.737] [M] {"button": 1, "pos": [325, 119], "ui_clicked": false}
[2026-09-25 10:24:31.744] [SFX] {"sound": "click_target", "volume": 0.82}
[2026-09-25 10:24:31.785] [SFX] {"sound": "civ_move_1", "volume": 0.24}
[2026-09-25 10:24:31.901] [SFX] {"sound": "civ_move_2", "volume": 0.12}
[2026-09-25 10:24:31.981] [SFX] {"sound": "threat_pulse", "volume": 0.48}
[2026-09-25 10:24:32.030] [SFX] {"sound": "player_move", "volume": 0.4}
[2026-09-25 10:24:32.063] [C] {"civ_pos": [194, 38]}
[2026-09-25 10:24:32.091] [SFX] {"sound": "civ_move_2", "volume": 0.28}
[2026-09-25 10:24:32.103] [SFX] {"sound": "civ_move_1", "volume": 0.01}
[2026-09-25 10:24:32.194] [SFX] {"sound": "civ_move_1", "volume": 0.24}
[2026-09-25 10:24:32.217] [SFX] {"sound": "guardian_move", "volume": 0.01}
[2026-09-25 10:24:32.312] [SFX] {"sound": "civ_move_2", "volume": 0.08}
[2026-09-25 10:24:32.345] [SFX] {"sound": "player_move", "volume": 0.4}
[2026-09-25 10:24:32.510] [SFX] {"sound": "civ_move_2", "volume": 0.3}
[2026-09-25 10:24:32.511] [SFX] {"sound": "civ_move_1", "volume": 0.02}
[2026-09-25 10:24:32.591] [SFX] {"sound": "threat_pulse", "volume": 0.48}
[2026-09-25 10:24:32.613] [SFX] {"sound": "civ_move_1", "volume": 0.23}
[2026-09-25 10:24:32.721] [SFX] {"sound": "civ_move_2", "volume": 0.08}
[2026-09-25 10:24:32.819] [SFX] {"sound": "guardian_move", "volume": 0.02}
[2026-09-25 10:24:32.918] [SFX] {"sound": "player_move", "volume": 0.4}
[2026-09-25 10:24:32.918] [SFX] {"sound": "civ_move_2", "volume": 0.23}
[2026-09-25 10:24:32.919] [SFX] {"sound": "civ_move_1", "volume": 0.01}
[2026-09-25 10:24:33.018] [SFX] {"sound": "civ_move_1", "volume": 0.23}
[2026-09-25 10:24:33.132] [SFX] {"sound": "civ_move_2", "volume": 0.08}
[2026-09-25 10:24:33.197] [SFX] {"sound": "threat_pulse", "volume": 0.5}
[2026-09-25 10:24:33.230] [SFX] {"sound": "player_move", "volume": 0.4}
[2026-09-25 10:24:33.329] [SFX] {"sound": "civ_move_2", "volume": 0.23}
[2026-09-25 10:24:33.330] [SFX] {"sound": "civ_move_1", "volume": 0.01}
[2026-09-25 10:24:33.427] [SFX] {"sound": "guardian_move", "volume": 0.06}
[2026-09-25 10:24:33.428] [SFX] {"sound": "civ_move_1", "volume": 0.29}
[2026-09-25 10:24:33.429] [SFX] {"sound": "civ_move_1", "volume": 0.0}
[2026-09-25 10:24:33.543] [SFX] {"sound": "player_move", "volume": 0.4}
[2026-09-25 10:24:33.544] [SFX] {"sound": "civ_move_2", "volume": 0.09}
[2026-09-25 10:24:33.739] [SFX] {"sound": "civ_move_2", "volume": 0.23}
[2026-09-25 10:24:33.740] [SFX] {"sound": "civ_move_1", "volume": 0.01}
[2026-09-25 10:24:33.805] [SFX] {"sound": "threat_pulse", "volume": 0.5}
[2026-09-25 10:24:33.839] [SFX] {"sound": "civ_move_1", "volume": 0.28}
[2026-09-25 10:24:33.840] [SFX] {"sound": "civ_move_1", "volume": 0.02}
[2026-09-25 10:24:33.862] [SFX] {"sound": "player_move", "volume": 0.4}
[2026-09-25 10:24:33.955] [SFX] {"sound": "civ_move_2", "volume": 0.09}
[2026-09-25 10:24:34.002] [SFX] {"sound": "civ_move_1", "volume": 0.02}
[2026-09-25 10:24:34.034] [SFX] {"sound": "guardian_move", "volume": 0.1}
[2026-09-25 10:24:34.150] [SFX] {"sound": "civ_move_2", "volume": 0.23}
[2026-09-25 10:24:34.151] [SFX] {"sound": "civ_move_1", "volume": 0.02}
[2026-09-25 10:24:34.174] [SFX] {"sound": "player_move", "volume": 0.4}
[2026-09-25 10:24:34.190] [SFX] {"sound": "guardian_move", "volume": 0.0}
[2026-09-25 10:24:34.248] [SFX] {"sound": "civ_move_1", "volume": 0.27}
[2026-09-25 10:24:34.249] [SFX] {"sound": "civ_move_1", "volume": 0.03}
[2026-09-25 10:24:34.313] [SFX] {"sound": "threat_pulse", "volume": 0.51}
[2026-09-25 10:24:34.363] [SFX] {"sound": "civ_move_2", "volume": 0.1}
[2026-09-25 10:24:34.412] [SFX] {"sound": "civ_move_1", "volume": 0.04}
[2026-09-25 10:24:34.479] [SFX] {"sound": "player_move", "volume": 0.4}
[2026-09-25 10:24:34.563] [SFX] {"sound": "civ_move_2", "volume": 0.23}
[2026-09-25 10:24:34.564] [SFX] {"sound": "civ_move_1", "volume": 0.03}
[2026-09-25 10:24:34.586] [C] {"civ_pos": [194, 44]}
[2026-09-25 10:24:34.645] [SFX] {"sound": "guardian_move", "volume": 0.14}
[2026-09-25 10:24:34.666] [SFX] {"sound": "civ_move_2", "volume": 0.0}
[2026-09-25 10:24:34.667] [SFX] {"sound": "civ_move_1", "volume": 0.26}
[2026-09-25 10:24:34.667] [SFX] {"sound": "civ_move_1", "volume": 0.04}
[2026-09-25 10:24:34.711] [SFX] {"sound": "guardian_move", "volume": 0.03}
[2026-09-25 10:24:34.777] [SFX] {"sound": "civ_move_2", "volume": 0.1}
[2026-09-25 10:24:34.799] [SFX] {"sound": "player_move", "volume": 0.4}
[2026-09-25 10:24:34.800] [SFX] {"sound": "guardian_move", "volume": 0.01}
[2026-09-25 10:24:34.827] [SFX] {"sound": "civ_move_1", "volume": 0.06}
[2026-09-25 10:24:34.828] [SFX] {"sound": "threat_pulse", "volume": 0.52}
[2026-09-25 10:24:34.974] [SFX] {"sound": "civ_move_2", "volume": 0.23}
[2026-09-25 10:24:34.975] [SFX] {"sound": "civ_move_1", "volume": 0.03}
[2026-09-25 10:24:35.075] [SFX] {"sound": "civ_move_2", "volume": 0.01}
[2026-09-25 10:24:35.076] [SFX] {"sound": "civ_move_1", "volume": 0.24}
[2026-09-25 10:24:35.077] [SFX] {"sound": "civ_move_1", "volume": 0.06}
[2026-09-25 10:24:35.108] [SFX] {"sound": "player_move", "volume": 0.4}
[2026-09-25 10:24:35.191] [SFX] {"sound": "civ_move_2", "volume": 0.1}
[2026-09-25 10:24:35.240] [SFX] {"sound": "civ_move_1", "volume": 0.08}
[2026-09-25 10:24:35.262] [SFX] {"sound": "guardian_move", "volume": 0.18}
[2026-09-25 10:24:35.323] [SFX] {"sound": "guardian_move", "volume": 0.07}
[2026-09-25 10:24:35.346] [SFX] {"sound": "threat_pulse", "volume": 0.52}
[2026-09-25 10:24:35.390] [SFX] {"sound": "civ_move_2", "volume": 0.23}
[2026-09-25 10:24:35.391] [SFX] {"sound": "civ_move_1", "volume": 0.03}
[2026-09-25 10:24:35.413] [SFX] {"sound": "guardian_move", "volume": 0.03}
[2026-09-25 10:24:35.430] [SFX] {"sound": "player_move", "volume": 0.4}
[2026-09-25 10:24:35.476] [SFX] {"sound": "civ_move_2", "volume": 0.01}
[2026-09-25 10:24:35.476] [SFX] {"sound": "civ_move_1", "volume": 0.23}
[2026-09-25 10:24:35.477] [SFX] {"sound": "civ_move_1", "volume": 0.07}
[2026-09-25 10:24:35.592] [SFX] {"sound": "civ_move_2", "volume": 0.1}
[2026-09-25 10:24:35.642] [SFX] {"sound": "civ_move_1", "volume": 0.1}
[2026-09-25 10:24:35.724] [SFX] {"sound": "player_move", "volume": 0.4}
[2026-09-25 10:24:35.791] [SFX] {"sound": "civ_move_2", "volume": 0.23}
[2026-09-25 10:24:35.792] [SFX] {"sound": "civ_move_1", "volume": 0.02}
[2026-09-25 10:24:35.841] [SFX] {"sound": "threat_pulse", "volume": 0.53}
[2026-09-25 10:24:35.863] [SFX] {"sound": "guardian_move", "volume": 0.21}
[2026-09-25 10:24:35.890] [SFX] {"sound": "civ_move_2", "volume": 0.02}
[2026-09-25 10:24:35.891] [SFX] {"sound": "civ_move_1", "volume": 0.22}
[2026-09-25 10:24:35.892] [SFX] {"sound": "civ_move_1", "volume": 0.09}
[2026-09-25 10:24:35.924] [SFX] {"sound": "guardian_move", "volume": 0.11}
[2026-09-25 10:24:36.006] [SFX] {"sound": "civ_move_2", "volume": 0.1}
[2026-09-25 10:24:36.028] [SFX] {"sound": "guardian_move", "volume": 0.05}
[2026-09-25 10:24:36.045] [SFX] {"sound": "player_move", "volume": 0.4}
[2026-09-25 10:24:36.062] [SFX] {"sound": "civ_move_1", "volume": 0.12}
[2026-09-25 10:24:36.090] [M] {"button": 1, "pos": [360, 216], "ui_clicked": true}
[2026-09-25 10:24:36.203] [SFX] {"sound": "civ_move_2", "volume": 0.23}
[2026-09-25 10:24:36.204] [SFX] {"sound": "civ_move_1", "volume": 0.02}
[2026-09-25 10:24:36.271] [SFX] {"sound": "infiltrate 1", "volume": 0.5}
[2026-09-25 10:24:36.304] [SFX] {"sound": "civ_move_2", "volume": 0.04}
[2026-09-25 10:24:36.305] [SFX] {"sound": "civ_move_1", "volume": 0.21}
[2026-09-25 10:24:36.305] [SFX] {"sound": "civ_move_1", "volume": 0.1}
[2026-09-25 10:24:36.352] [SFX] {"sound": "player_move", "volume": 0.4}
[2026-09-25 10:24:36.353] [SFX] {"sound": "threat_pulse", "volume": 0.53}
[2026-09-25 10:24:36.417] [SFX] {"sound": "civ_move_2", "volume": 0.1}
[2026-09-25 10:24:36.466] [SFX] {"sound": "guardian_move", "volume": 0.25}
[2026-09-25 10:24:36.467] [SFX] {"sound": "civ_move_1", "volume": 0.14}
[2026-09-25 10:24:36.531] [SFX] {"sound": "guardian_move", "volume": 0.15}
[2026-09-25 10:24:36.613] [SFX] {"sound": "civ_move_2", "volume": 0.23}
[2026-09-25 10:24:36.614] [SFX] {"sound": "civ_move_1", "volume": 0.02}
[2026-09-25 10:24:36.634] [SFX] {"sound": "guardian_move", "volume": 0.05}
[2026-09-25 10:24:36.662] [SFX] {"sound": "player_move", "volume": 0.4}
[2026-09-25 10:24:36.684] [SFX] {"sound": "infiltrate 2", "volume": 0.5}
[2026-09-25 10:24:36.713] [SFX] {"sound": "civ_move_2", "volume": 0.04}
[2026-09-25 10:24:36.714] [SFX] {"sound": "civ_move_1", "volume": 0.2}
[2026-09-25 10:24:36.716] [SFX] {"sound": "civ_move_1", "volume": 0.11}
[2026-09-25 10:24:36.826] [SFX] {"sound": "civ_move_2", "volume": 0.1}
[2026-09-25 10:24:36.859] [SFX] {"sound": "threat_pulse", "volume": 0.54}
[2026-09-25 10:24:36.882] [SFX] {"sound": "civ_move_1", "volume": 0.16}
[2026-09-25 10:24:36.977] [SFX] {"sound": "player_move", "volume": 0.4}
[2026-09-25 10:24:37.048] [JACK] Diese Bedrohung ist greifbar... Die Wachen dürfen unser Signal nicht isolieren.
[2026-09-25 10:24:37.049] [SFX] {"sound": "civ_move_2", "volume": 0.23}
[2026-09-25 10:24:37.049] [SFX] {"sound": "civ_move_1", "volume": 0.01}
[2026-09-25 10:24:37.073] [SFX] {"sound": "guardian_move", "volume": 0.29}
[2026-09-25 10:24:37.094] [C] {"civ_pos": [194, 54]}
[2026-09-25 10:24:37.122] [SFX] {"sound": "civ_move_2", "volume": 0.04}
[2026-09-25 10:24:37.123] [SFX] {"sound": "civ_move_1", "volume": 0.18}
[2026-09-25 10:24:37.124] [SFX] {"sound": "civ_move_1", "volume": 0.13}
[2026-09-25 10:24:37.144] [SFX] {"sound": "guardian_move", "volume": 0.19}
[2026-09-25 10:24:37.160] [SFX] {"sound": "alert_trigger", "volume": 1.0}
[2026-09-25 10:24:37.235] [SFX] {"sound": "guardian_move", "volume": 0.05}
[2026-09-25 10:24:37.236] [SFX] {"sound": "civ_move_2", "volume": 0.09}
[2026-09-25 10:24:37.269] [SFX] {"sound": "threat_pulse", "volume": 0.7}
[2026-09-25 10:24:37.290] [SFX] {"sound": "player_move", "volume": 0.4}
[2026-09-25 10:24:37.291] [SFX] {"sound": "civ_move_1", "volume": 0.18}
[2026-09-25 10:24:37.385] [SFX] {"sound": "game_over", "volume": 1.0}
[2026-09-25 10:24:40.420] [SFX] {"sound": "hack_success", "volume": 0.8}
[2026-09-25 10:24:41.275] [SESSION_RESET] {"msg": "--- NEW LIFE STARTED ---"}
[2026-09-25 10:24:41.320] [S] {"map": "Shadowgrid"}
[2026-09-25 10:24:41.340] [JACK] Da drüben bewegt sich eine Civ-Subroutine! Was führt die im Schilde?
[2026-09-25 10:24:41.360] [JACK] Ah, im Shadowgrid angekommen... endlich.
[2026-09-25 10:24:41.796] [SFX] {"sound": "guardian_move", "volume": 0.07}
[2026-09-25 10:24:41.819] [SFX] {"sound": "civ_move_1", "volume": 0.22}
[2026-09-25 10:24:42.025] [SFX] {"sound": "civ_move_1", "volume": 0.11}
[2026-09-25 10:24:42.222] [SFX] {"sound": "civ_move_1", "volume": 0.21}
[2026-09-25 10:24:42.402] [SFX] {"sound": "guardian_move", "volume": 0.06}
[2026-09-25 10:24:42.435] [SFX] {"sound": "civ_move_1", "volume": 0.1}
[2026-09-25 10:24:42.618] [SFX] {"sound": "guardian_move", "volume": 0.0}
[2026-09-25 10:24:42.641] [SFX] {"sound": "civ_move_1", "volume": 0.2}
[2026-09-25 10:24:42.846] [SFX] {"sound": "civ_move_1", "volume": 0.09}
[2026-09-25 10:24:43.012] [SFX] {"sound": "guardian_move", "volume": 0.04}
[2026-09-25 10:24:43.045] [SFX] {"sound": "civ_move_1", "volume": 0.2}
[2026-09-25 10:24:43.226] [SFX] {"sound": "guardian_move", "volume": 0.02}
[2026-09-25 10:24:43.258] [SFX] {"sound": "civ_move_1", "volume": 0.09}
[2026-09-25 10:24:43.455] [SFX] {"sound": "civ_move_1", "volume": 0.21}
[2026-09-25 10:24:43.617] [SFX] {"sound": "guardian_move", "volume": 0.03}
[2026-09-25 10:24:43.668] [SFX] {"sound": "civ_move_1", "volume": 0.08}
[2026-09-25 10:24:43.837] [SFX] {"sound": "guardian_move", "volume": 0.04}
[2026-09-25 10:24:43.868] [SFX] {"sound": "civ_move_1", "volume": 0.21}
[2026-09-25 10:24:44.068] [SFX] {"sound": "civ_move_1", "volume": 0.07}
[2026-09-25 10:24:44.217] [SFX] {"sound": "guardian_move", "volume": 0.01}
[2026-09-25 10:24:44.281] [SFX] {"sound": "civ_move_1", "volume": 0.21}
[2026-09-25 10:24:44.449] [SFX] {"sound": "guardian_move", "volume": 0.05}
[2026-09-25 10:24:44.482] [SFX] {"sound": "civ_move_1", "volume": 0.07}
[2026-09-25 10:24:44.565] [M] {"button": 1, "pos": [337, 214], "ui_clicked": false}
[2026-09-25 10:24:44.574] [SFX] {"sound": "action_cancel", "volume": 1.0}
[2026-09-25 10:24:44.575] [P] {"start": [74, 10], "goal": [76, 14], "length": 3, "is_direction_change": false}
[2026-09-25 10:24:44.576] [SFX] {"sound": "click_target", "volume": 0.7}
[2026-09-25 10:24:44.594] [SFX] {"sound": "player_move", "volume": 0.4}
[2026-09-25 10:24:44.686] [SFX] {"sound": "civ_move_1", "volume": 0.21}
[2026-09-25 10:24:44.818] [SFX] {"sound": "guardian_move", "volume": 0.02}
[2026-09-25 10:24:44.884] [SFX] {"sound": "player_move", "volume": 0.4}
[2026-09-25 10:24:44.884] [SFX] {"sound": "civ_move_1", "volume": 0.09}
[2026-09-25 10:24:45.049] [SFX] {"sound": "guardian_move", "volume": 0.1}
[2026-09-25 10:24:45.099] [SFX] {"sound": "civ_move_1", "volume": 0.27}
[2026-09-25 10:24:45.165] [SFX] {"sound": "civ_move_2", "volume": 0.01}
[2026-09-25 10:24:45.198] [SFX] {"sound": "guardian_move", "volume": 0.01}
[2026-09-25 10:24:45.297] [SFX] {"sound": "civ_move_1", "volume": 0.08}
[2026-09-25 10:24:45.430] [SFX] {"sound": "guardian_move", "volume": 0.01}
[2026-09-25 10:24:45.513] [SFX] {"sound": "civ_move_1", "volume": 0.26}
[2026-09-25 10:24:45.529] [M] {"button": 1, "pos": [339, 190], "ui_clicked": false}
[2026-09-25 10:24:45.537] [P] {"start": [76, 14], "goal": [78, 15], "length": 3, "is_direction_change": false}
[2026-09-25 10:24:45.537] [SFX] {"sound": "click_target", "volume": 0.75}
[2026-09-25 10:24:45.586] [SFX] {"sound": "civ_move_2", "volume": 0.02}
[2026-09-25 10:24:45.652] [SFX] {"sound": "guardian_move", "volume": 0.13}
[2026-09-25 10:24:45.700] [SFX] {"sound": "civ_move_1", "volume": 0.08}
[2026-09-25 10:24:45.800] [SFX] {"sound": "guardian_move", "volume": 0.04}
[2026-09-25 10:24:45.930] [SFX] {"sound": "civ_move_1", "volume": 0.27}
[2026-09-25 10:24:45.993] [SFX] {"sound": "civ_move_2", "volume": 0.04}
[2026-09-25 10:24:46.042] [SFX] {"sound": "guardian_move", "volume": 0.01}
[2026-09-25 10:24:46.108] [SFX] {"sound": "civ_move_1", "volume": 0.08}
[2026-09-25 10:24:46.130] [SFX] {"sound": "civ_move_1", "volume": 0.0}
[2026-09-25 10:24:46.241] [M] {"button": 1, "pos": [362, 159], "ui_clicked": false}
[2026-09-25 10:24:46.248] [SFX] {"sound": "click_target", "volume": 0.86}
[2026-09-25 10:24:46.263] [SFX] {"sound": "guardian_move", "volume": 0.15}
[2026-09-25 10:24:46.279] [SFX] {"sound": "player_move", "volume": 0.4}
[2026-09-25 10:24:46.340] [SFX] {"sound": "civ_move_1", "volume": 0.26}
[2026-09-25 10:24:46.407] [SFX] {"sound": "guardian_move", "volume": 0.04}
[2026-09-25 10:24:46.409] [SFX] {"sound": "civ_move_2", "volume": 0.04}
[2026-09-25 10:24:46.507] [SFX] {"sound": "civ_move_1", "volume": 0.07}
[2026-09-25 10:24:46.531] [SFX] {"sound": "civ_move_1", "volume": 0.0}
[2026-09-25 10:24:46.574] [SFX] {"sound": "player_move", "volume": 0.4}
[2026-09-25 10:24:46.741] [SFX] {"sound": "civ_move_1", "volume": 0.28}
[2026-09-25 10:24:46.763] [SFX] {"sound": "threat_pulse", "volume": 0.3}
[2026-09-25 10:24:46.780] [C] {"civ_pos": [84, 12]}
[2026-09-25 10:24:46.831] [SFX] {"sound": "civ_move_2", "volume": 0.06}
[2026-09-25 10:24:46.863] [SFX] {"sound": "guardian_move", "volume": 0.17}
[2026-09-25 10:24:46.886] [SFX] {"sound": "player_move", "volume": 0.4}
[2026-09-25 10:24:46.911] [SFX] {"sound": "civ_move_1", "volume": 0.07}
[2026-09-25 10:24:46.928] [M] {"button": 1, "pos": [368, 168], "ui_clicked": false}
[2026-09-25 10:24:46.935] [SFX] {"sound": "civ_move_1", "volume": 0.01}
[2026-09-25 10:24:47.011] [SFX] {"sound": "guardian_move", "volume": 0.07}
[2026-09-25 10:24:47.141] [SFX] {"sound": "civ_move_1", "volume": 0.23}
[2026-09-25 10:24:47.191] [SFX] {"sound": "player_move", "volume": 0.4}
[2026-09-25 10:24:47.241] [SFX] {"sound": "civ_move_2", "volume": 0.08}
[2026-09-25 10:24:47.325] [SFX] {"sound": "civ_move_1", "volume": 0.08}
[2026-09-25 10:24:47.347] [SFX] {"sound": "civ_move_1", "volume": 0.03}
[2026-09-25 10:24:47.470] [SFX] {"sound": "guardian_move", "volume": 0.18}
[2026-09-25 10:24:47.503] [SFX] {"sound": "player_move", "volume": 0.4}
[2026-09-25 10:24:47.552] [SFX] {"sound": "civ_move_1", "volume": 0.29}
[2026-09-25 10:24:47.617] [SFX] {"sound": "guardian_move", "volume": 0.1}
[2026-09-25 10:24:47.648] [SFX] {"sound": "civ_move_2", "volume": 0.1}
[2026-09-25 10:24:47.682] [SFX] {"sound": "threat_pulse", "volume": 0.31}
[2026-09-25 10:24:47.731] [SFX] {"sound": "civ_move_1", "volume": 0.08}
[2026-09-25 10:24:47.753] [SFX] {"sound": "civ_move_1", "volume": 0.05}
[2026-09-25 10:24:47.813] [SFX] {"sound": "player_move", "volume": 0.4}
[2026-09-25 10:24:47.961] [SFX] {"sound": "civ_move_1", "volume": 0.23}
[2026-09-25 10:24:48.064] [SFX] {"sound": "civ_move_2", "volume": 0.11}
[2026-09-25 10:24:48.085] [SFX] {"sound": "guardian_move", "volume": 0.17}
[2026-09-25 10:24:48.127] [SFX] {"sound": "player_move", "volume": 0.4}
[2026-09-25 10:24:48.149] [SFX] {"sound": "civ_move_1", "volume": 0.08}
[2026-09-25 10:24:48.166] [SFX] {"sound": "civ_move_1", "volume": 0.07}
[2026-09-25 10:24:48.226] [SFX] {"sound": "guardian_move", "volume": 0.14}
[2026-09-25 10:24:48.373] [M] {"button": 1, "pos": [367, 210], "ui_clicked": true}
[2026-09-25 10:24:48.414] [JACK] Blick ins Systemfenster... Was führen wir im Schild?
[2026-09-25 10:24:48.414] [SFX] {"sound": "civ_move_1", "volume": 0.29}
[2026-09-25 10:24:48.437] [SFX] {"sound": "player_move", "volume": 0.4}
[2026-09-25 10:24:48.471] [SFX] {"sound": "civ_move_2", "volume": 0.12}
[2026-09-25 10:24:48.553] [SFX] {"sound": "civ_move_1", "volume": 0.07}
[2026-09-25 10:24:48.575] [SFX] {"sound": "civ_move_1", "volume": 0.08}
[2026-09-25 10:24:48.594] [SFX] {"sound": "threat_pulse", "volume": 0.32}
[2026-09-25 10:24:48.688] [SFX] {"sound": "guardian_move", "volume": 0.18}
[2026-09-25 10:24:48.739] [SFX] {"sound": "player_move", "volume": 0.4}
[2026-09-25 10:24:48.787] [SFX] {"sound": "civ_move_1", "volume": 0.24}
[2026-09-25 10:24:48.843] [SFX] {"sound": "guardian_move", "volume": 0.16}
[2026-09-25 10:24:48.887] [SFX] {"sound": "civ_move_2", "volume": 0.13}
[2026-09-25 10:24:48.953] [SFX] {"sound": "civ_move_1", "volume": 0.06}
[2026-09-25 10:24:48.975] [SFX] {"sound": "civ_move_1", "volume": 0.09}
[2026-09-25 10:24:49.039] [SFX] {"sound": "player_move", "volume": 0.4}
[2026-09-25 10:24:49.087] [M] {"button": 1, "pos": [367, 210], "ui_clicked": true}
[2026-09-25 10:24:49.190] [SFX] {"sound": "civ_move_1", "volume": 0.23}
[2026-09-25 10:24:49.288] [SFX] {"sound": "guardian_move", "volume": 0.2}
[2026-09-25 10:24:49.288] [SFX] {"sound": "civ_move_2", "volume": 0.13}
[2026-09-25 10:24:49.289] [SFX] {"sound": "civ_move_2", "volume": 0.0}
[2026-09-25 10:24:49.290] [C] {"civ_pos": [84, 18]}
[2026-09-25 10:24:49.317] [SFX] {"sound": "infiltrate 1", "volume": 0.5}
[2026-09-25 10:24:49.339] [SFX] {"sound": "player_move", "volume": 0.4}
[2026-09-25 10:24:49.361] [SFX] {"sound": "civ_move_1", "volume": 0.05}
[2026-09-25 10:24:49.377] [SFX] {"sound": "civ_move_1", "volume": 0.1}
[2026-09-25 10:24:49.454] [SFX] {"sound": "guardian_move", "volume": 0.19}
[2026-09-25 10:24:49.503] [SFX] {"sound": "threat_pulse", "volume": 0.33}
[2026-09-25 10:24:49.601] [SFX] {"sound": "civ_move_1", "volume": 0.23}
[2026-09-25 10:24:49.650] [SFX] {"sound": "player_move", "volume": 0.4}
[2026-09-25 10:24:49.700] [SFX] {"sound": "civ_move_2", "volume": 0.13}
[2026-09-25 10:24:49.701] [SFX] {"sound": "civ_move_2", "volume": 0.02}
[2026-09-25 10:24:49.723] [SFX] {"sound": "infiltrate 2", "volume": 0.5}
[2026-09-25 10:24:49.766] [SFX] {"sound": "civ_move_1", "volume": 0.05}
[2026-09-25 10:24:49.788] [SFX] {"sound": "civ_move_1", "volume": 0.12}
[2026-09-25 10:24:49.898] [SFX] {"sound": "guardian_move", "volume": 0.22}
[2026-09-25 10:24:49.963] [SFX] {"sound": "player_move", "volume": 0.4}
[2026-09-25 10:24:50.011] [SFX] {"sound": "civ_move_1", "volume": 0.23}
[2026-09-25 10:24:50.060] [SFX] {"sound": "guardian_move", "volume": 0.23}
[2026-09-25 10:24:50.109] [SFX] {"sound": "civ_move_2", "volume": 0.13}
[2026-09-25 10:24:50.110] [SFX] {"sound": "civ_move_2", "volume": 0.04}
[2026-09-25 10:24:50.131] [SFX] {"sound": "infiltrate 2", "volume": 0.5}
[2026-09-25 10:24:50.176] [SFX] {"sound": "civ_move_1", "volume": 0.04}
[2026-09-25 10:24:50.199] [SFX] {"sound": "civ_move_1", "volume": 0.14}
[2026-09-25 10:24:50.274] [SFX] {"sound": "player_move", "volume": 0.4}
[2026-09-25 10:24:50.406] [SFX] {"sound": "threat_pulse", "volume": 0.34}
[2026-09-25 10:24:50.428] [SFX] {"sound": "civ_move_1", "volume": 0.29}
[2026-09-25 10:24:50.505] [SFX] {"sound": "guardian_move", "volume": 0.25}
[2026-09-25 10:24:50.526] [SFX] {"sound": "civ_move_2", "volume": 0.13}
[2026-09-25 10:24:50.527] [SFX] {"sound": "civ_move_2", "volume": 0.06}
[2026-09-25 10:24:50.542] [SFX] {"sound": "infiltrate 2", "volume": 0.5}
[2026-09-25 10:24:50.585] [SFX] {"sound": "player_move", "volume": 0.4}
[2026-09-25 10:24:50.586] [SFX] {"sound": "civ_move_1", "volume": 0.04}
[2026-09-25 10:24:50.608] [SFX] {"sound": "civ_move_1", "volume": 0.15}
[2026-09-25 10:24:50.667] [SFX] {"sound": "guardian_move", "volume": 0.26}
[2026-09-25 10:24:50.833] [SFX] {"sound": "civ_move_1", "volume": 0.23}
[2026-09-25 10:24:50.898] [SFX] {"sound": "player_move", "volume": 0.4}
[2026-09-25 10:24:50.931] [SFX] {"sound": "civ_move_2", "volume": 0.13}
[2026-09-25 10:24:50.931] [SFX] {"sound": "civ_move_2", "volume": 0.07}
[2026-09-25 10:24:50.953] [SFX] {"sound": "infiltrate 1", "volume": 0.5}
[2026-09-25 10:24:50.997] [SFX] {"sound": "civ_move_1", "volume": 0.03}
[2026-09-25 10:24:51.019] [SFX] {"sound": "civ_move_1", "volume": 0.16}
[2026-09-25 10:24:51.112] [SFX] {"sound": "guardian_move", "volume": 0.27}
[2026-09-25 10:24:51.212] [SFX] {"sound": "player_move", "volume": 0.4}
[2026-09-25 10:24:51.244] [SFX] {"sound": "civ_move_1", "volume": 0.23}
[2026-09-25 10:24:51.278] [SFX] {"sound": "guardian_move", "volume": 0.28}
[2026-09-25 10:24:51.311] [SFX] {"sound": "threat_pulse", "volume": 0.41}
[2026-09-25 10:24:51.346] [SFX] {"sound": "civ_move_2", "volume": 0.12}
[2026-09-25 10:24:51.347] [SFX] {"sound": "civ_move_2", "volume": 0.08}
[2026-09-25 10:24:51.410] [SFX] {"sound": "civ_move_1", "volume": 0.02}
[2026-09-25 10:24:51.432] [SFX] {"sound": "civ_move_1", "volume": 0.17}
[2026-09-25 10:24:51.526] [SFX] {"sound": "player_move", "volume": 0.4}
[2026-09-25 10:24:51.657] [SFX] {"sound": "civ_move_1", "volume": 0.23}
[2026-09-25 10:24:51.724] [SFX] {"sound": "guardian_move", "volume": 0.29}
[2026-09-25 10:24:51.758] [SFX] {"sound": "civ_move_2", "volume": 0.11}
[2026-09-25 10:24:51.759] [SFX] {"sound": "civ_move_2", "volume": 0.09}
[2026-09-25 10:24:51.791] [C] {"civ_pos": [86, 22]}
[2026-09-25 10:24:51.847] [SFX] {"sound": "player_move", "volume": 0.4}
[2026-09-25 10:24:51.848] [SFX] {"sound": "civ_move_1", "volume": 0.01}
[2026-09-25 10:24:51.849] [SFX] {"sound": "civ_move_1", "volume": 0.17}
[2026-09-25 10:24:51.849] [SFX] {"sound": "alert_trigger", "volume": 1.0}
[2026-09-25 10:24:51.881] [SFX] {"sound": "guardian_move", "volume": 0.3}
[2026-09-25 10:24:52.062] [SFX] {"sound": "civ_move_1", "volume": 0.23}
[2026-09-25 10:24:52.112] [SFX] {"sound": "threat_pulse", "volume": 0.7}
[2026-09-25 10:24:52.162] [SFX] {"sound": "player_move", "volume": 0.4}
[2026-09-25 10:24:52.162] [SFX] {"sound": "civ_move_2", "volume": 0.1}
[2026-09-25 10:24:52.213] [SFX] {"sound": "threat_pulse", "volume": 0.7}
[2026-09-25 10:24:52.247] [SFX] {"sound": "civ_move_1", "volume": 0.18}
[2026-09-25 10:24:52.313] [SFX] {"sound": "threat_pulse", "volume": 0.7}
[2026-09-25 10:24:52.336] [SFX] {"sound": "guardian_move", "volume": 0.3}
[2026-09-25 10:24:52.380] [SFX] {"sound": "game_over", "volume": 1.0}
[2026-09-25 10:24:55.927] [SFX] {"sound": "hack_success", "volume": 0.8}
[2026-09-25 10:24:56.761] [SESSION_RESET] {"msg": "--- NEW LIFE STARTED ---"}
[2026-09-25 10:24:56.805] [S] {"map": "Shadowgrid"}
[2026-09-25 10:24:56.827] [JACK] Da drüben bewegt sich eine Civ-Subroutine! Was führt die im Schilde?
[2026-09-25 10:24:56.831] [SFX] {"sound": "threat_pulse", "volume": 0.31}
[2026-09-25 10:24:56.852] [JACK] Ah, im Shadowgrid angekommen... endlich.
[2026-09-25 10:24:57.141] [SFX] {"sound": "guardian_move", "volume": 0.08}
[2026-09-25 10:24:57.291] [SFX] {"sound": "civ_move_1", "volume": 0.0}
[2026-09-25 10:24:57.341] [SFX] {"sound": "civ_move_2", "volume": 0.14}
[2026-09-25 10:24:57.342] [SFX] {"sound": "civ_move_1", "volume": 0.17}
[2026-09-25 10:24:57.522] [SFX] {"sound": "civ_move_2", "volume": 0.16}
[2026-09-25 10:24:57.719] [SFX] {"sound": "threat_pulse", "volume": 0.4}
[2026-09-25 10:24:57.750] [SFX] {"sound": "guardian_move", "volume": 0.08}
[2026-09-25 10:24:57.751] [SFX] {"sound": "civ_move_2", "volume": 0.15}
[2026-09-25 10:24:57.751] [SFX] {"sound": "civ_move_1", "volume": 0.18}
[2026-09-25 10:24:57.930] [SFX] {"sound": "civ_move_2", "volume": 0.16}
[2026-09-25 10:24:58.166] [SFX] {"sound": "civ_move_1", "volume": 0.18}
[2026-09-25 10:24:58.346] [SFX] {"sound": "civ_move_2", "volume": 0.15}
[2026-09-25 10:24:58.370] [SFX] {"sound": "guardian_move", "volume": 0.07}
[2026-09-25 10:24:58.529] [SFX] {"sound": "threat_pulse", "volume": 0.48}
[2026-09-25 10:24:58.578] [SFX] {"sound": "civ_move_2", "volume": 0.17}
[2026-09-25 10:24:58.579] [SFX] {"sound": "civ_move_1", "volume": 0.19}
[2026-09-25 10:24:58.759] [SFX] {"sound": "civ_move_2", "volume": 0.15}
[2026-09-25 10:24:58.973] [SFX] {"sound": "guardian_move", "volume": 0.07}
[2026-09-25 10:24:58.995] [SFX] {"sound": "civ_move_2", "volume": 0.18}
[2026-09-25 10:24:58.996] [SFX] {"sound": "civ_move_1", "volume": 0.2}
[2026-09-25 10:24:59.139] [SFX] {"sound": "threat_pulse", "volume": 0.54}
[2026-09-25 10:24:59.171] [SFX] {"sound": "civ_move_2", "volume": 0.14}
[2026-09-25 10:24:59.404] [SFX] {"sound": "civ_move_2", "volume": 0.18}
[2026-09-25 10:24:59.405] [SFX] {"sound": "civ_move_1", "volume": 0.21}
[2026-09-25 10:24:59.437] [M] {"button": 1, "pos": [326, 220], "ui_clicked": false}
[2026-09-25 10:24:59.444] [SFX] {"sound": "click_target", "volume": 0.7}
[2026-09-25 10:24:59.460] [SFX] {"sound": "player_move", "volume": 0.4}
[2026-09-25 10:24:59.551] [SFX] {"sound": "threat_pulse", "volume": 0.57}
[2026-09-25 10:24:59.576] [C] {"civ_pos": [62, 28]}
[2026-09-25 10:24:59.602] [SFX] {"sound": "guardian_move", "volume": 0.08}
[2026-09-25 10:24:59.602] [SFX] {"sound": "civ_move_2", "volume": 0.16}
[2026-09-25 10:24:59.758] [SFX] {"sound": "player_move", "volume": 0.4}
[2026-09-25 10:24:59.807] [SFX] {"sound": "civ_move_2", "volume": 0.19}
[2026-09-25 10:24:59.808] [SFX] {"sound": "civ_move_1", "volume": 0.24}
[2026-09-25 10:24:59.959] [SFX] {"sound": "threat_pulse", "volume": 0.57}
[2026-09-25 10:24:59.993] [SFX] {"sound": "civ_move_2", "volume": 0.17}
[2026-09-25 10:25:00.058] [SFX] {"sound": "player_move", "volume": 0.4}
[2026-09-25 10:25:00.192] [SFX] {"sound": "guardian_move", "volume": 0.08}
[2026-09-25 10:25:00.213] [SFX] {"sound": "civ_move_2", "volume": 0.18}
[2026-09-25 10:25:00.214] [SFX] {"sound": "civ_move_1", "volume": 0.29}
[2026-09-25 10:25:00.373] [SFX] {"sound": "player_move", "volume": 0.4}
[2026-09-25 10:25:00.374] [SFX] {"sound": "threat_pulse", "volume": 0.58}
[2026-09-25 10:25:00.406] [SFX] {"sound": "civ_move_2", "volume": 0.17}
[2026-09-25 10:25:00.622] [SFX] {"sound": "civ_move_2", "volume": 0.16}
[2026-09-25 10:25:00.623] [SFX] {"sound": "civ_move_1", "volume": 0.29}
[2026-09-25 10:25:00.688] [SFX] {"sound": "player_move", "volume": 0.4}
[2026-09-25 10:25:00.786] [SFX] {"sound": "threat_pulse", "volume": 0.58}
[2026-09-25 10:25:00.808] [SFX] {"sound": "guardian_move", "volume": 0.05}
[2026-09-25 10:25:00.823] [SFX] {"sound": "civ_move_2", "volume": 0.17}
[2026-09-25 10:25:00.997] [SFX] {"sound": "player_move", "volume": 0.4}
[2026-09-25 10:25:01.028] [SFX] {"sound": "civ_move_2", "volume": 0.15}
[2026-09-25 10:25:01.029] [SFX] {"sound": "civ_move_1", "volume": 0.3}
[2026-09-25 10:25:01.093] [SFX] {"sound": "threat_pulse", "volume": 0.58}
[2026-09-25 10:25:01.227] [SFX] {"sound": "civ_move_2", "volume": 0.18}
[2026-09-25 10:25:01.306] [SFX] {"sound": "player_move", "volume": 0.4}
[2026-09-25 10:25:01.404] [SFX] {"sound": "guardian_move", "volume": 0.04}
[2026-09-25 10:25:01.404] [SFX] {"sound": "threat_pulse", "volume": 0.59}
[2026-09-25 10:25:01.437] [SFX] {"sound": "civ_move_2", "volume": 0.13}
[2026-09-25 10:25:01.438] [SFX] {"sound": "civ_move_1", "volume": 0.29}
[2026-09-25 10:25:01.606] [SFX] {"sound": "player_move", "volume": 0.4}
[2026-09-25 10:25:01.639] [SFX] {"sound": "civ_move_2", "volume": 0.18}
[2026-09-25 10:25:01.705] [SFX] {"sound": "threat_pulse", "volume": 0.59}
[2026-09-25 10:25:01.854] [SFX] {"sound": "civ_move_2", "volume": 0.12}
[2026-09-25 10:25:01.855] [SFX] {"sound": "civ_move_1", "volume": 0.29}
[2026-09-25 10:25:01.918] [SFX] {"sound": "player_move", "volume": 0.4}
[2026-09-25 10:25:02.015] [SFX] {"sound": "guardian_move", "volume": 0.04}
[2026-09-25 10:25:02.016] [SFX] {"sound": "threat_pulse", "volume": 0.59}
[2026-09-25 10:25:02.047] [SFX] {"sound": "civ_move_2", "volume": 0.17}
[2026-09-25 10:25:02.080] [C] {"civ_pos": [67, 24]}
[2026-09-25 10:25:02.224] [SFX] {"sound": "player_move", "volume": 0.4}
[2026-09-25 10:25:02.259] [SFX] {"sound": "civ_move_2", "volume": 0.11}
[2026-09-25 10:25:02.259] [SFX] {"sound": "civ_move_1", "volume": 0.29}
[2026-09-25 10:25:02.325] [SFX] {"sound": "threat_pulse", "volume": 0.6}
[2026-09-25 10:25:02.458] [SFX] {"sound": "civ_move_2", "volume": 0.16}
[2026-09-25 10:25:02.525] [SFX] {"sound": "player_move", "volume": 0.4}
[2026-09-25 10:25:02.622] [SFX] {"sound": "guardian_move", "volume": 0.04}
[2026-09-25 10:25:02.645] [SFX] {"sound": "threat_pulse", "volume": 0.6}
[2026-09-25 10:25:02.673] [SFX] {"sound": "civ_move_2", "volume": 0.1}
[2026-09-25 10:25:02.674] [SFX] {"sound": "civ_move_1", "volume": 0.29}
[2026-09-25 10:25:02.866] [JACK] Hörst du das Wummern? Sentinels in der Nähe... Bloß keinen falschen Schritt machen!
[2026-09-25 10:25:02.867] [SFX] {"sound": "player_move", "volume": 0.4}
[2026-09-25 10:25:02.881] [SFX] {"sound": "civ_move_2", "volume": 0.14}
[2026-09-25 10:25:02.941] [SFX] {"sound": "threat_pulse", "volume": 0.61}
[2026-09-25 10:25:03.074] [SFX] {"sound": "civ_move_2", "volume": 0.09}
[2026-09-25 10:25:03.075] [SFX] {"sound": "civ_move_1", "volume": 0.29}
[2026-09-25 10:25:03.142] [SFX] {"sound": "player_move", "volume": 0.4}
[2026-09-25 10:25:03.225] [SFX] {"sound": "guardian_move", "volume": 0.04}
[2026-09-25 10:25:03.248] [SFX] {"sound": "threat_pulse", "volume": 0.61}
[2026-09-25 10:25:03.275] [SFX] {"sound": "civ_move_2", "volume": 0.13}
