[2026-09-25 11:49:26.531] [S] {"sid": "20260925_114926", "sys_t": "2026-09-25T11:49:26.530682"}
[2026-09-25 11:49:26.532] [SFX] {"sound": "hack_success", "volume": 0.8}
[2026-09-25 11:49:36.737] [SESSION_RESET] {"msg": "--- NEW LIFE STARTED ---"}
[2026-09-25 11:49:36.805] [S] {"map": "Shadowgrid"}
[2026-09-25 11:49:36.828] [JACK] Ah, im Shadowgrid angekommen... endlich.
[2026-09-25 11:49:37.306] [SFX] {"sound": "civ_move_2", "volume": 0.16}
[2026-09-25 11:49:37.307] [SFX] {"sound": "civ_move_1", "volume": 0.15}
[2026-09-25 11:49:37.705] [SFX] {"sound": "civ_move_2", "volume": 0.16}
[2026-09-25 11:49:37.706] [SFX] {"sound": "civ_move_1", "volume": 0.14}
[2026-09-25 11:49:38.105] [SFX] {"sound": "civ_move_2", "volume": 0.17}
[2026-09-25 11:49:38.106] [SFX] {"sound": "civ_move_1", "volume": 0.13}
[2026-09-25 11:49:38.505] [SFX] {"sound": "civ_move_2", "volume": 0.17}
[2026-09-25 11:49:38.506] [SFX] {"sound": "civ_move_1", "volume": 0.13}
[2026-09-25 11:49:38.905] [SFX] {"sound": "civ_move_2", "volume": 0.17}
[2026-09-25 11:49:38.906] [SFX] {"sound": "civ_move_1", "volume": 0.12}
[2026-09-25 11:49:39.320] [SFX] {"sound": "civ_move_2", "volume": 0.17}
[2026-09-25 11:49:39.321] [SFX] {"sound": "civ_move_1", "volume": 0.11}
[2026-09-25 11:49:39.735] [SFX] {"sound": "civ_move_2", "volume": 0.17}
[2026-09-25 11:49:39.736] [SFX] {"sound": "civ_move_1", "volume": 0.1}
[2026-09-25 11:49:40.135] [SFX] {"sound": "civ_move_2", "volume": 0.16}
[2026-09-25 11:49:40.136] [SFX] {"sound": "civ_move_1", "volume": 0.1}
[2026-09-25 11:49:40.467] [SFX] {"sound": "civ_move_1", "volume": 0.01}
[2026-09-25 11:49:40.551] [SFX] {"sound": "civ_move_2", "volume": 0.16}
[2026-09-25 11:49:40.551] [SFX] {"sound": "civ_move_1", "volume": 0.09}
[2026-09-25 11:49:40.884] [SFX] {"sound": "civ_move_1", "volume": 0.01}
[2026-09-25 11:49:40.965] [SFX] {"sound": "civ_move_2", "volume": 0.15}
[2026-09-25 11:49:40.965] [SFX] {"sound": "civ_move_1", "volume": 0.09}
[2026-09-25 11:49:41.298] [SFX] {"sound": "civ_move_1", "volume": 0.02}
[2026-09-25 11:49:41.365] [SFX] {"sound": "civ_move_2", "volume": 0.15}
[2026-09-25 11:49:41.366] [SFX] {"sound": "civ_move_1", "volume": 0.08}
[2026-09-25 11:49:41.712] [SFX] {"sound": "civ_move_1", "volume": 0.03}
[2026-09-25 11:49:41.779] [SFX] {"sound": "civ_move_2", "volume": 0.14}
[2026-09-25 11:49:41.780] [SFX] {"sound": "civ_move_1", "volume": 0.08}
[2026-09-25 11:49:42.112] [SFX] {"sound": "civ_move_1", "volume": 0.04}
[2026-09-25 11:49:42.180] [SFX] {"sound": "civ_move_2", "volume": 0.13}
[2026-09-25 11:49:42.181] [SFX] {"sound": "civ_move_1", "volume": 0.07}
[2026-09-25 11:49:42.527] [SFX] {"sound": "civ_move_1", "volume": 0.05}
[2026-09-25 11:49:42.588] [SFX] {"sound": "civ_move_2", "volume": 0.13}
[2026-09-25 11:49:42.589] [SFX] {"sound": "civ_move_1", "volume": 0.06}
[2026-09-25 11:49:43.003] [SFX] {"sound": "civ_move_2", "volume": 0.12}
[2026-09-25 11:49:43.004] [SFX] {"sound": "civ_move_1", "volume": 0.06}
[2026-09-25 11:49:43.417] [SFX] {"sound": "civ_move_2", "volume": 0.11}
[2026-09-25 11:49:43.439] [SFX] {"sound": "civ_move_1", "volume": 0.05}
[2026-09-25 11:49:43.763] [SFX] {"sound": "civ_move_1", "volume": 0.07}
[2026-09-25 11:49:43.827] [SFX] {"sound": "civ_move_2", "volume": 0.11}
[2026-09-25 11:49:43.852] [SFX] {"sound": "civ_move_1", "volume": 0.04}
[2026-09-25 11:49:44.164] [SFX] {"sound": "civ_move_1", "volume": 0.07}
[2026-09-25 11:49:44.229] [SFX] {"sound": "civ_move_2", "volume": 0.1}
[2026-09-25 11:49:44.265] [SFX] {"sound": "civ_move_1", "volume": 0.04}
[2026-09-25 11:49:44.573] [SFX] {"sound": "civ_move_1", "volume": 0.08}
[2026-09-25 11:49:44.639] [SFX] {"sound": "civ_move_2", "volume": 0.09}
[2026-09-25 11:49:44.663] [SFX] {"sound": "civ_move_1", "volume": 0.03}
[2026-09-25 11:49:44.982] [SFX] {"sound": "civ_move_1", "volume": 0.09}
[2026-09-25 11:49:45.049] [SFX] {"sound": "civ_move_2", "volume": 0.08}
[2026-09-25 11:49:45.071] [SFX] {"sound": "civ_move_1", "volume": 0.02}
[2026-09-25 11:49:45.395] [SFX] {"sound": "civ_move_1", "volume": 0.09}
[2026-09-25 11:49:45.463] [SFX] {"sound": "civ_move_2", "volume": 0.07}
[2026-09-25 11:49:45.484] [SFX] {"sound": "civ_move_1", "volume": 0.01}
[2026-09-25 11:49:45.795] [SFX] {"sound": "civ_move_1", "volume": 0.09}
[2026-09-25 11:49:45.877] [SFX] {"sound": "civ_move_2", "volume": 0.06}
[2026-09-25 11:49:45.899] [SFX] {"sound": "civ_move_1", "volume": 0.0}
[2026-09-25 11:49:46.208] [SFX] {"sound": "civ_move_1", "volume": 0.1}
[2026-09-25 11:49:46.388] [SFX] {"sound": "civ_move_2", "volume": 0.05}
[2026-09-25 11:49:46.619] [SFX] {"sound": "civ_move_1", "volume": 0.11}
[2026-09-25 11:49:46.802] [SFX] {"sound": "civ_move_2", "volume": 0.04}
[2026-09-25 11:49:46.882] [M] {"button": 1, "pos": [584, 29], "ui_clicked": true}
[2026-09-25 11:49:46.903] [JACK] Blick ins Systemfenster... Was führen wir im Schild?
[2026-09-25 11:49:47.029] [SFX] {"sound": "civ_move_1", "volume": 0.11}
[2026-09-25 11:49:47.210] [SFX] {"sound": "civ_move_2", "volume": 0.04}
[2026-09-25 11:49:47.442] [SFX] {"sound": "civ_move_1", "volume": 0.12}
[2026-09-25 11:49:47.624] [SFX] {"sound": "civ_move_2", "volume": 0.03}
[2026-09-25 11:49:47.843] [SFX] {"sound": "civ_move_1", "volume": 0.12}
[2026-09-25 11:49:47.894] [M] {"button": 1, "pos": [527, 26], "ui_clicked": true}
[2026-09-25 11:49:48.038] [SFX] {"sound": "civ_move_2", "volume": 0.02}
[2026-09-25 11:49:48.257] [SFX] {"sound": "civ_move_1", "volume": 0.11}
[2026-09-25 11:49:48.443] [SFX] {"sound": "civ_move_2", "volume": 0.01}
[2026-09-25 11:49:48.658] [SFX] {"sound": "civ_move_1", "volume": 0.11}
[2026-09-25 11:49:49.061] [SFX] {"sound": "civ_move_1", "volume": 0.12}
[2026-09-25 11:49:49.475] [SFX] {"sound": "civ_move_1", "volume": 0.13}
[2026-09-25 11:49:50.277] [SFX] {"sound": "civ_move_1", "volume": 0.14}
[2026-09-25 11:49:50.678] [SFX] {"sound": "civ_move_1", "volume": 0.15}
[2026-09-25 11:49:50.759] [M] {"button": 1, "pos": [356, 76], "ui_clicked": false}
[2026-09-25 11:49:51.093] [SFX] {"sound": "civ_move_1", "volume": 0.15}
[2026-09-25 11:49:51.307] [M] {"button": 5, "pos": [377, 139], "ui_clicked": false}
[2026-09-25 11:49:51.493] [SFX] {"sound": "civ_move_1", "volume": 0.16}
[2026-09-25 11:49:52.306] [SFX] {"sound": "civ_move_1", "volume": 0.17}
[2026-09-25 11:49:52.623] [M] {"button": 5, "pos": [378, 140], "ui_clicked": false}
[2026-09-25 11:49:52.722] [SFX] {"sound": "civ_move_1", "volume": 0.17}
[2026-09-25 11:49:53.239] [M] {"button": 4, "pos": [378, 140], "ui_clicked": false}
[2026-09-25 11:49:53.538] [SFX] {"sound": "civ_move_1", "volume": 0.17}
[2026-09-25 11:49:53.656] [M] {"button": 4, "pos": [378, 140], "ui_clicked": false}
[2026-09-25 11:49:53.939] [SFX] {"sound": "civ_move_1", "volume": 0.17}
[2026-09-25 11:49:54.344] [SFX] {"sound": "civ_move_1", "volume": 0.16}
[2026-09-25 11:49:54.395] [M] {"button": 1, "pos": [399, 71], "ui_clicked": false}
[2026-09-25 11:49:54.745] [SFX] {"sound": "civ_move_1", "volume": 0.16}
[2026-09-25 11:49:55.160] [SFX] {"sound": "civ_move_1", "volume": 0.15}
[2026-09-25 11:49:55.962] [SFX] {"sound": "civ_move_1", "volume": 0.14}
[2026-09-25 11:49:55.979] [M] {"button": 4, "pos": [361, 125], "ui_clicked": false}
[2026-09-25 11:49:56.377] [SFX] {"sound": "civ_move_1", "volume": 0.13}
[2026-09-25 11:49:56.394] [M] {"button": 4, "pos": [362, 125], "ui_clicked": false}
[2026-09-25 11:49:56.777] [SFX] {"sound": "civ_move_1", "volume": 0.13}
[2026-09-25 11:49:56.812] [M] {"button": 4, "pos": [362, 125], "ui_clicked": false}
[2026-09-25 11:49:57.182] [SFX] {"sound": "civ_move_1", "volume": 0.12}
[2026-09-25 11:49:57.596] [SFX] {"sound": "civ_move_1", "volume": 0.11}
[2026-09-25 11:49:58.426] [SFX] {"sound": "civ_move_1", "volume": 0.1}
[2026-09-25 11:49:58.834] [SFX] {"sound": "civ_move_1", "volume": 0.09}
[2026-09-25 11:49:59.250] [SFX] {"sound": "civ_move_1", "volume": 0.08}
[2026-09-25 11:49:59.666] [SFX] {"sound": "civ_move_1", "volume": 0.07}
[2026-09-25 11:50:00.065] [SFX] {"sound": "civ_move_1", "volume": 0.06}
[2026-09-25 11:50:00.514] [M] {"button": 1, "pos": [319, 250], "ui_clicked": false}
[2026-09-25 11:50:00.522] [P] {"start": [156, 2], "goal": [155, 4], "length": 2, "is_direction_change": false}
[2026-09-25 11:50:00.523] [SFX] {"sound": "click_target", "volume": 0.76}
[2026-09-25 11:50:00.543] [JACK] Kleine Schritte. Immer die Augen nach IoT-Sensoren und Sentinels offen halten.
[2026-09-25 11:50:00.544] [SFX] {"sound": "player_move", "volume": 0.4}
[2026-09-25 11:50:00.867] [SFX] {"sound": "civ_move_1", "volume": 0.06}
[2026-09-25 11:50:01.266] [M] {"button": 1, "pos": [339, 269], "ui_clicked": false}
[2026-09-25 11:50:01.273] [P] {"start": [155, 4], "goal": [155, 6], "length": 7, "is_direction_change": false}
[2026-09-25 11:50:01.273] [SFX] {"sound": "click_target", "volume": 0.74}
[2026-09-25 11:50:01.294] [SFX] {"sound": "civ_move_1", "volume": 0.05}
[2026-09-25 11:50:01.436] [SFX] {"sound": "player_move", "volume": 0.4}
[2026-09-25 11:50:01.684] [SFX] {"sound": "civ_move_1", "volume": 0.04}
[2026-09-25 11:50:01.735] [SFX] {"sound": "player_move", "volume": 0.4}
[2026-09-25 11:50:02.097] [SFX] {"sound": "civ_move_1", "volume": 0.04}
[2026-09-25 11:50:02.500] [SFX] {"sound": "civ_move_2", "volume": 0.01}
[2026-09-25 11:50:02.913] [SFX] {"sound": "civ_move_1", "volume": 0.03}
[2026-09-25 11:50:02.914] [SFX] {"sound": "civ_move_2", "volume": 0.01}
[2026-09-25 11:50:03.318] [SFX] {"sound": "civ_move_1", "volume": 0.02}
[2026-09-25 11:50:03.318] [SFX] {"sound": "civ_move_2", "volume": 0.02}
[2026-09-25 11:50:03.498] [M] {"button": 1, "pos": [242, 250], "ui_clicked": false}
[2026-09-25 11:50:03.507] [P] {"start": [155, 6], "goal": [152, 8], "length": 2, "is_direction_change": false}
[2026-09-25 11:50:03.508] [SFX] {"sound": "click_target", "volume": 0.73}
[2026-09-25 11:50:03.733] [SFX] {"sound": "civ_move_1", "volume": 0.02}
[2026-09-25 11:50:03.734] [SFX] {"sound": "civ_move_2", "volume": 0.05}
[2026-09-25 11:50:04.149] [SFX] {"sound": "civ_move_1", "volume": 0.02}
[2026-09-25 11:50:04.150] [SFX] {"sound": "civ_move_2", "volume": 0.06}
[2026-09-25 11:50:04.549] [SFX] {"sound": "civ_move_1", "volume": 0.02}
[2026-09-25 11:50:04.550] [SFX] {"sound": "civ_move_2", "volume": 0.07}
[2026-09-25 11:50:04.963] [SFX] {"sound": "civ_move_1", "volume": 0.02}
[2026-09-25 11:50:04.964] [SFX] {"sound": "civ_move_2", "volume": 0.07}
[2026-09-25 11:50:05.379] [SFX] {"sound": "civ_move_1", "volume": 0.01}
[2026-09-25 11:50:05.380] [SFX] {"sound": "civ_move_2", "volume": 0.08}
[2026-09-25 11:50:05.496] [M] {"button": 1, "pos": [213, 232], "ui_clicked": false}
[2026-09-25 11:50:05.793] [SFX] {"sound": "civ_move_1", "volume": 0.01}
[2026-09-25 11:50:05.795] [SFX] {"sound": "civ_move_2", "volume": 0.09}
[2026-09-25 11:50:05.893] [M] {"button": 1, "pos": [201, 214], "ui_clicked": false}
[2026-09-25 11:50:06.206] [SFX] {"sound": "civ_move_2", "volume": 0.1}
[2026-09-25 11:50:07.005] [SFX] {"sound": "civ_move_2", "volume": 0.11}
[2026-09-25 11:50:07.574] [SFX] {"sound": "civ_move_1", "volume": 0.0}
[2026-09-25 11:50:07.671] [M] {"button": 4, "pos": [223, 210], "ui_clicked": false}
[2026-09-25 11:50:07.838] [SFX] {"sound": "civ_move_2", "volume": 0.12}
[2026-09-25 11:50:07.987] [SFX] {"sound": "civ_move_1", "volume": 0.01}
[2026-09-25 11:50:08.252] [SFX] {"sound": "civ_move_2", "volume": 0.12}
[2026-09-25 11:50:08.403] [SFX] {"sound": "civ_move_1", "volume": 0.01}
[2026-09-25 11:50:08.652] [SFX] {"sound": "civ_move_2", "volume": 0.13}
[2026-09-25 11:50:08.818] [SFX] {"sound": "civ_move_1", "volume": 0.02}
[2026-09-25 11:50:08.884] [M] {"button": 1, "pos": [200, 194], "ui_clicked": false}
[2026-09-25 11:50:08.893] [P] {"start": [152, 8], "goal": [148, 8], "length": 1, "is_direction_change": false}
[2026-09-25 11:50:08.893] [SFX] {"sound": "click_target", "volume": 0.72}
[2026-09-25 11:50:08.925] [JACK] Vorsichtig vorantasten...
[2026-09-25 11:50:08.926] [SFX] {"sound": "player_move", "volume": 0.4}
[2026-09-25 11:50:08.939] [SFX] {"sound": "civ_move_1", "volume": 0.01}
[2026-09-25 11:50:09.065] [SFX] {"sound": "civ_move_2", "volume": 0.15}
[2026-09-25 11:50:09.230] [SFX] {"sound": "civ_move_1", "volume": 0.03}
[2026-09-25 11:50:09.345] [SFX] {"sound": "civ_move_1", "volume": 0.02}
[2026-09-25 11:50:09.479] [SFX] {"sound": "civ_move_2", "volume": 0.15}
[2026-09-25 11:50:09.644] [SFX] {"sound": "civ_move_1", "volume": 0.03}
[2026-09-25 11:50:09.879] [SFX] {"sound": "civ_move_2", "volume": 0.16}
[2026-09-25 11:50:10.044] [SFX] {"sound": "civ_move_1", "volume": 0.03}
[2026-09-25 11:50:10.294] [SFX] {"sound": "civ_move_2", "volume": 0.17}
[2026-09-25 11:50:10.459] [SFX] {"sound": "civ_move_1", "volume": 0.03}
[2026-09-25 11:50:10.708] [SFX] {"sound": "civ_move_2", "volume": 0.18}
[2026-09-25 11:50:10.858] [SFX] {"sound": "civ_move_1", "volume": 0.03}
[2026-09-25 11:50:11.092] [SFX] {"sound": "guardian_move", "volume": 0.01}
[2026-09-25 11:50:11.114] [SFX] {"sound": "civ_move_2", "volume": 0.19}
[2026-09-25 11:50:11.275] [SFX] {"sound": "civ_move_1", "volume": 0.04}
[2026-09-25 11:50:11.377] [SFX] {"sound": "civ_move_1", "volume": 0.03}
[2026-09-25 11:50:11.522] [SFX] {"sound": "civ_move_2", "volume": 0.2}
[2026-09-25 11:50:11.573] [SFX] {"sound": "guardian_move", "volume": 0.01}
[2026-09-25 11:50:11.691] [SFX] {"sound": "guardian_move", "volume": 0.03}
[2026-09-25 11:50:11.692] [SFX] {"sound": "civ_move_1", "volume": 0.04}
[2026-09-25 11:50:11.926] [SFX] {"sound": "civ_move_2", "volume": 0.21}
[2026-09-25 11:50:12.105] [SFX] {"sound": "civ_move_1", "volume": 0.04}
[2026-09-25 11:50:12.173] [SFX] {"sound": "guardian_move", "volume": 0.03}
[2026-09-25 11:50:12.199] [SFX] {"sound": "civ_move_1", "volume": 0.04}
[2026-09-25 11:50:12.308] [SFX] {"sound": "guardian_move", "volume": 0.03}
[2026-09-25 11:50:12.341] [SFX] {"sound": "civ_move_2", "volume": 0.22}
[2026-09-25 11:50:12.505] [SFX] {"sound": "civ_move_1", "volume": 0.04}
[2026-09-25 11:50:12.752] [SFX] {"sound": "civ_move_2", "volume": 0.22}
[2026-09-25 11:50:12.785] [SFX] {"sound": "guardian_move", "volume": 0.03}
[2026-09-25 11:50:12.919] [SFX] {"sound": "guardian_move", "volume": 0.04}
[2026-09-25 11:50:12.920] [SFX] {"sound": "civ_move_1", "volume": 0.03}
[2026-09-25 11:50:13.018] [SFX] {"sound": "civ_move_1", "volume": 0.04}
[2026-09-25 11:50:13.165] [SFX] {"sound": "civ_move_2", "volume": 0.23}
[2026-09-25 11:50:13.213] [C] {"civ_pos": [148, 10]}
[2026-09-25 11:50:13.334] [SFX] {"sound": "civ_move_1", "volume": 0.03}
[2026-09-25 11:50:13.385] [SFX] {"sound": "guardian_move", "volume": 0.04}
[2026-09-25 11:50:13.418] [SFX] {"sound": "civ_move_1", "volume": 0.03}
[2026-09-25 11:50:13.532] [SFX] {"sound": "guardian_move", "volume": 0.04}
[2026-09-25 11:50:13.565] [SFX] {"sound": "civ_move_2", "volume": 0.23}
[2026-09-25 11:50:13.734] [SFX] {"sound": "civ_move_1", "volume": 0.03}
[2026-09-25 11:50:13.969] [SFX] {"sound": "civ_move_2", "volume": 0.22}
[2026-09-25 11:50:13.992] [SFX] {"sound": "guardian_move", "volume": 0.04}
[2026-09-25 11:50:14.135] [SFX] {"sound": "guardian_move", "volume": 0.06}
[2026-09-25 11:50:14.136] [SFX] {"sound": "civ_move_1", "volume": 0.03}
[2026-09-25 11:50:14.370] [SFX] {"sound": "civ_move_2", "volume": 0.21}
[2026-09-25 11:50:14.550] [SFX] {"sound": "civ_move_1", "volume": 0.03}
[2026-09-25 11:50:14.600] [SFX] {"sound": "guardian_move", "volume": 0.06}
[2026-09-25 11:50:14.650] [SFX] {"sound": "civ_move_1", "volume": 0.03}
