[2026-09-25 14:22:22.939] [S] {"sid": "20260925_142222", "sys_t": "2026-09-25T14:22:22.938664"}
[2026-09-25 14:22:22.940] [SFX] {"sound": "hack_success", "volume": 0.8}
[2026-09-25 14:22:25.262] [SESSION_RESET] {"msg": "--- NEW LIFE STARTED ---"}
[2026-09-25 14:22:25.315] [S] {"map": "Shadowgrid"}
[2026-09-25 14:22:25.342] [JACK] Ah, im Shadowgrid angekommen... endlich.
[2026-09-25 14:22:25.443] [SFX] {"sound": "guardian_move", "volume": 0.21}
[2026-09-25 14:22:26.027] [SFX] {"sound": "civ_move_1", "volume": 0.13}
[2026-09-25 14:22:26.053] [SFX] {"sound": "guardian_move", "volume": 0.19}
[2026-09-25 14:22:26.418] [SFX] {"sound": "civ_move_1", "volume": 0.12}
[2026-09-25 14:22:26.667] [SFX] {"sound": "guardian_move", "volume": 0.17}
[2026-09-25 14:22:26.820] [SFX] {"sound": "civ_move_1", "volume": 0.12}
[2026-09-25 14:22:27.235] [SFX] {"sound": "civ_move_1", "volume": 0.11}
[2026-09-25 14:22:27.273] [SFX] {"sound": "guardian_move", "volume": 0.16}
[2026-09-25 14:22:27.640] [SFX] {"sound": "civ_move_1", "volume": 0.11}
[2026-09-25 14:22:27.879] [SFX] {"sound": "guardian_move", "volume": 0.14}
[2026-09-25 14:22:28.045] [SFX] {"sound": "civ_move_1", "volume": 0.1}
[2026-09-25 14:22:28.479] [SFX] {"sound": "guardian_move", "volume": 0.12}
[2026-09-25 14:22:28.860] [SFX] {"sound": "civ_move_1", "volume": 0.09}
[2026-09-25 14:22:29.093] [SFX] {"sound": "guardian_move", "volume": 0.1}
[2026-09-25 14:22:29.261] [SFX] {"sound": "civ_move_1", "volume": 0.08}
[2026-09-25 14:22:29.664] [SFX] {"sound": "civ_move_1", "volume": 0.07}
[2026-09-25 14:22:29.703] [SFX] {"sound": "guardian_move", "volume": 0.08}
[2026-09-25 14:22:30.072] [SFX] {"sound": "civ_move_1", "volume": 0.07}
[2026-09-25 14:22:30.319] [SFX] {"sound": "guardian_move", "volume": 0.06}
[2026-09-25 14:22:30.486] [SFX] {"sound": "civ_move_1", "volume": 0.06}
[2026-09-25 14:22:30.887] [SFX] {"sound": "civ_move_1", "volume": 0.05}
[2026-09-25 14:22:30.921] [SFX] {"sound": "guardian_move", "volume": 0.04}
[2026-09-25 14:22:31.287] [SFX] {"sound": "civ_move_1", "volume": 0.04}
[2026-09-25 14:22:31.537] [SFX] {"sound": "guardian_move", "volume": 0.02}
[2026-09-25 14:22:31.688] [SFX] {"sound": "civ_move_1", "volume": 0.04}
[2026-09-25 14:22:32.053] [M] {"button": 1, "pos": [309, 217], "ui_clicked": false}
[2026-09-25 14:22:32.060] [P] {"start": [216, 2], "goal": [214, 6], "length": 2, "is_direction_change": false}
[2026-09-25 14:22:32.061] [SFX] {"sound": "click_target", "volume": 0.7}
[2026-09-25 14:22:32.100] [JACK] Kleine Schritte. Immer die Augen nach IoT-Sensoren und Sentinels offen halten.
[2026-09-25 14:22:32.101] [SFX] {"sound": "player_move", "volume": 0.4}
[2026-09-25 14:22:32.121] [SFX] {"sound": "civ_move_1", "volume": 0.03}
[2026-09-25 14:22:32.154] [SFX] {"sound": "guardian_move", "volume": 0.02}
[2026-09-25 14:22:32.519] [SFX] {"sound": "civ_move_1", "volume": 0.04}
[2026-09-25 14:22:32.756] [SFX] {"sound": "guardian_move", "volume": 0.02}
[2026-09-25 14:22:32.933] [SFX] {"sound": "civ_move_1", "volume": 0.03}
[2026-09-25 14:22:33.340] [SFX] {"sound": "civ_move_1", "volume": 0.02}
[2026-09-25 14:22:33.626] [M] {"button": 1, "pos": [324, 213], "ui_clicked": false}
[2026-09-25 14:22:33.744] [SFX] {"sound": "civ_move_1", "volume": 0.01}
[2026-09-25 14:22:34.006] [M] {"button": 1, "pos": [346, 219], "ui_clicked": false}
[2026-09-25 14:22:34.159] [SFX] {"sound": "civ_move_1", "volume": 0.0}
[2026-09-25 14:22:34.460] [M] {"button": 1, "pos": [346, 234], "ui_clicked": false}
[2026-09-25 14:22:35.033] [M] {"button": 1, "pos": [331, 230], "ui_clicked": false}
[2026-09-25 14:22:36.200] [M] {"button": 1, "pos": [337, 220], "ui_clicked": false}
[2026-09-25 14:22:36.208] [P] {"start": [214, 6], "goal": [216, 10], "length": 3, "is_direction_change": false}
[2026-09-25 14:22:36.208] [SFX] {"sound": "click_target", "volume": 0.69}
[2026-09-25 14:22:36.250] [SFX] {"sound": "player_move", "volume": 0.4}
[2026-09-25 14:22:36.300] [SCANNER_INTERCEPT] {"tile": [214, 8]}
[2026-09-25 14:22:36.301] [SFX] {"sound": "threat_pulse", "volume": 0.3}
[2026-09-25 14:22:36.330] [JACK] Verdammt! Ein Scanner-Node hat unser Pathfinding abgefangen!
[2026-09-25 14:22:37.211] [SFX] {"sound": "threat_pulse", "volume": 0.32}
[2026-09-25 14:22:38.126] [SFX] {"sound": "threat_pulse", "volume": 0.34}
[2026-09-25 14:22:39.026] [SFX] {"sound": "threat_pulse", "volume": 0.37}
[2026-09-25 14:22:39.940] [SFX] {"sound": "threat_pulse", "volume": 0.39}
[2026-09-25 14:22:40.741] [SFX] {"sound": "threat_pulse", "volume": 0.41}
[2026-09-25 14:22:41.553] [SFX] {"sound": "threat_pulse", "volume": 0.43}
[2026-09-25 14:22:42.268] [SFX] {"sound": "threat_pulse", "volume": 0.44}
[2026-09-25 14:22:42.349] [JACK] Hörst du das Wummern? Sentinels in der Nähe... Bloß keinen falschen Schritt machen!
[2026-09-25 14:22:42.968] [SFX] {"sound": "threat_pulse", "volume": 0.46}
[2026-09-25 14:22:43.365] [SFX] {"sound": "civ_move_2", "volume": 0.0}
[2026-09-25 14:22:43.582] [SFX] {"sound": "threat_pulse", "volume": 0.48}
[2026-09-25 14:22:43.769] [SFX] {"sound": "civ_move_2", "volume": 0.01}
[2026-09-25 14:22:44.171] [SFX] {"sound": "civ_move_2", "volume": 0.02}
[2026-09-25 14:22:44.194] [SFX] {"sound": "threat_pulse", "volume": 0.49}
[2026-09-25 14:22:44.576] [SFX] {"sound": "civ_move_2", "volume": 0.03}
[2026-09-25 14:22:44.794] [SFX] {"sound": "threat_pulse", "volume": 0.5}
[2026-09-25 14:22:44.978] [SFX] {"sound": "civ_move_2", "volume": 0.04}
[2026-09-25 14:22:45.294] [SFX] {"sound": "threat_pulse", "volume": 0.52}
[2026-09-25 14:22:45.378] [SFX] {"sound": "civ_move_2", "volume": 0.05}
[2026-09-25 14:22:45.778] [SFX] {"sound": "civ_move_2", "volume": 0.06}
[2026-09-25 14:22:45.802] [SFX] {"sound": "threat_pulse", "volume": 0.53}
[2026-09-25 14:22:46.181] [SFX] {"sound": "civ_move_2", "volume": 0.07}
[2026-09-25 14:22:46.298] [SFX] {"sound": "threat_pulse", "volume": 0.54}
[2026-09-25 14:22:46.585] [SFX] {"sound": "civ_move_2", "volume": 0.07}
[2026-09-25 14:22:46.703] [SFX] {"sound": "threat_pulse", "volume": 0.55}
[2026-09-25 14:22:46.989] [SFX] {"sound": "civ_move_2", "volume": 0.08}
[2026-09-25 14:22:47.106] [SFX] {"sound": "threat_pulse", "volume": 0.56}
[2026-09-25 14:22:47.392] [SFX] {"sound": "civ_move_2", "volume": 0.09}
[2026-09-25 14:22:47.506] [SFX] {"sound": "threat_pulse", "volume": 0.57}
[2026-09-25 14:22:47.792] [SFX] {"sound": "civ_move_2", "volume": 0.1}
[2026-09-25 14:22:47.909] [SFX] {"sound": "threat_pulse", "volume": 0.58}
[2026-09-25 14:22:48.194] [SFX] {"sound": "civ_move_2", "volume": 0.11}
[2026-09-25 14:22:48.316] [SFX] {"sound": "threat_pulse", "volume": 0.59}
[2026-09-25 14:22:48.598] [SFX] {"sound": "civ_move_2", "volume": 0.12}
[2026-09-25 14:22:48.634] [SFX] {"sound": "threat_pulse", "volume": 0.6}
[2026-09-25 14:22:49.000] [SFX] {"sound": "civ_move_2", "volume": 0.12}
[2026-09-25 14:22:49.250] [SFX] {"sound": "threat_pulse", "volume": 0.61}
[2026-09-25 14:22:49.409] [SFX] {"sound": "civ_move_2", "volume": 0.13}
[2026-09-25 14:22:49.561] [SFX] {"sound": "threat_pulse", "volume": 0.62}
[2026-09-25 14:22:49.584] [SFX] {"sound": "guardian_move", "volume": 0.0}
[2026-09-25 14:22:49.817] [SFX] {"sound": "civ_move_2", "volume": 0.14}
[2026-09-25 14:22:49.871] [SFX] {"sound": "threat_pulse", "volume": 0.63}
[2026-09-25 14:22:50.188] [SFX] {"sound": "guardian_move", "volume": 0.02}
[2026-09-25 14:22:50.224] [SFX] {"sound": "civ_move_2", "volume": 0.15}
[2026-09-25 14:22:50.275] [SFX] {"sound": "threat_pulse", "volume": 0.64}
[2026-09-25 14:22:50.624] [SFX] {"sound": "civ_move_2", "volume": 0.15}
[2026-09-25 14:22:50.679] [SFX] {"sound": "threat_pulse", "volume": 0.65}
[2026-09-25 14:22:50.797] [SFX] {"sound": "guardian_move", "volume": 0.04}
[2026-09-25 14:22:50.881] [SFX] {"sound": "threat_pulse", "volume": 0.65}
[2026-09-25 14:22:51.033] [SFX] {"sound": "civ_move_2", "volume": 0.16}
[2026-09-25 14:22:51.094] [SFX] {"sound": "threat_pulse", "volume": 0.66}
[2026-09-25 14:22:51.133] [SFX] {"sound": "civ_move_2", "volume": 0.01}
[2026-09-25 14:22:51.301] [SFX] {"sound": "threat_pulse", "volume": 0.66}
[2026-09-25 14:22:51.422] [SFX] {"sound": "guardian_move", "volume": 0.06}
[2026-09-25 14:22:51.445] [SFX] {"sound": "civ_move_2", "volume": 0.16}
[2026-09-25 14:22:51.510] [SFX] {"sound": "threat_pulse", "volume": 0.67}
[2026-09-25 14:22:51.546] [SFX] {"sound": "civ_move_2", "volume": 0.02}
[2026-09-25 14:22:51.616] [SFX] {"sound": "threat_pulse", "volume": 0.67}
[2026-09-25 14:22:51.869] [SFX] {"sound": "civ_move_2", "volume": 0.16}
[2026-09-25 14:22:51.923] [SFX] {"sound": "threat_pulse", "volume": 0.68}
[2026-09-25 14:22:51.958] [SFX] {"sound": "civ_move_2", "volume": 0.03}
[2026-09-25 14:22:52.027] [SFX] {"sound": "guardian_move", "volume": 0.08}
[2026-09-25 14:22:52.028] [SFX] {"sound": "threat_pulse", "volume": 0.68}
[2026-09-25 14:22:52.278] [SFX] {"sound": "civ_move_2", "volume": 0.16}
[2026-09-25 14:22:52.349] [SFX] {"sound": "threat_pulse", "volume": 0.69}
[2026-09-25 14:22:52.372] [SFX] {"sound": "civ_move_2", "volume": 0.04}
[2026-09-25 14:22:52.454] [SFX] {"sound": "threat_pulse", "volume": 0.69}
[2026-09-25 14:22:52.638] [SFX] {"sound": "guardian_move", "volume": 0.09}
[2026-09-25 14:22:52.672] [SFX] {"sound": "threat_pulse", "volume": 0.69}
[2026-09-25 14:22:52.694] [SFX] {"sound": "civ_move_2", "volume": 0.15}
[2026-09-25 14:22:52.775] [SFX] {"sound": "civ_move_2", "volume": 0.05}
[2026-09-25 14:22:52.776] [SFX] {"sound": "threat_pulse", "volume": 0.7}
[2026-09-25 14:22:52.957] [SFX] {"sound": "alert_trigger", "volume": 1.0}
[2026-09-25 14:22:52.993] [SFX] {"sound": "threat_pulse", "volume": 0.7}
[2026-09-25 14:22:53.102] [SFX] {"sound": "civ_move_2", "volume": 0.15}
[2026-09-25 14:22:53.102] [SFX] {"sound": "threat_pulse", "volume": 0.7}
[2026-09-25 14:22:53.185] [SFX] {"sound": "civ_move_2", "volume": 0.06}
[2026-09-25 14:22:53.207] [SFX] {"sound": "threat_pulse", "volume": 0.7}
[2026-09-25 14:22:53.238] [SFX] {"sound": "guardian_move", "volume": 0.11}
[2026-09-25 14:22:53.306] [SFX] {"sound": "threat_pulse", "volume": 0.7}
[2026-09-25 14:22:53.517] [SFX] {"sound": "civ_move_2", "volume": 0.14}
[2026-09-25 14:22:53.539] [SFX] {"sound": "threat_pulse", "volume": 0.7}
[2026-09-25 14:22:53.589] [SFX] {"sound": "civ_move_2", "volume": 0.07}
[2026-09-25 14:22:53.641] [SFX] {"sound": "threat_pulse", "volume": 0.7}
[2026-09-25 14:22:53.808] [M] {"button": 1, "pos": [428, 184], "ui_clicked": false}
[2026-09-25 14:22:53.843] [SFX] {"sound": "guardian_move", "volume": 0.13}
[2026-09-25 14:22:53.844] [SFX] {"sound": "threat_pulse", "volume": 0.7}
[2026-09-25 14:22:53.927] [SFX] {"sound": "civ_move_2", "volume": 0.13}
[2026-09-25 14:22:53.950] [SFX] {"sound": "threat_pulse", "volume": 0.7}
[2026-09-25 14:22:54.002] [SFX] {"sound": "civ_move_2", "volume": 0.08}
[2026-09-25 14:22:54.054] [SFX] {"sound": "threat_pulse", "volume": 0.7}
[2026-09-25 14:22:54.334] [SFX] {"sound": "civ_move_2", "volume": 0.13}
[2026-09-25 14:22:54.369] [SFX] {"sound": "threat_pulse", "volume": 0.7}
[2026-09-25 14:22:54.404] [SFX] {"sound": "civ_move_2", "volume": 0.09}
[2026-09-25 14:22:54.455] [SFX] {"sound": "guardian_move", "volume": 0.15}
[2026-09-25 14:22:54.477] [SFX] {"sound": "threat_pulse", "volume": 0.7}
[2026-09-25 14:22:54.740] [SFX] {"sound": "civ_move_2", "volume": 0.12}
[2026-09-25 14:22:54.790] [SFX] {"sound": "threat_pulse", "volume": 0.7}
[2026-09-25 14:22:54.812] [SFX] {"sound": "civ_move_2", "volume": 0.1}
[2026-09-25 14:22:54.895] [SFX] {"sound": "threat_pulse", "volume": 0.7}
[2026-09-25 14:22:54.947] [SFX] {"sound": "alert_trigger", "volume": 1.0}
[2026-09-25 14:22:54.998] [SFX] {"sound": "threat_pulse", "volume": 0.7}
[2026-09-25 14:22:55.069] [SFX] {"sound": "guardian_move", "volume": 0.16}
[2026-09-25 14:22:55.104] [SFX] {"sound": "threat_pulse", "volume": 0.7}
[2026-09-25 14:22:55.156] [SFX] {"sound": "civ_move_2", "volume": 0.11}
[2026-09-25 14:22:55.210] [SFX] {"sound": "threat_pulse", "volume": 0.7}
[2026-09-25 14:22:55.563] [SFX] {"sound": "civ_move_2", "volume": 0.1}
[2026-09-25 14:22:55.619] [SFX] {"sound": "civ_move_2", "volume": 0.12}
[2026-09-25 14:22:55.619] [SFX] {"sound": "threat_pulse", "volume": 0.7}
[2026-09-25 14:22:55.674] [SFX] {"sound": "guardian_move", "volume": 0.18}
[2026-09-25 14:22:55.728] [SFX] {"sound": "threat_pulse", "volume": 0.7}
[2026-09-25 14:22:55.977] [SFX] {"sound": "civ_move_2", "volume": 0.09}
[2026-09-25 14:22:56.029] [SFX] {"sound": "civ_move_2", "volume": 0.13}
[2026-09-25 14:22:56.052] [SFX] {"sound": "threat_pulse", "volume": 0.7}
[2026-09-25 14:22:56.286] [SFX] {"sound": "guardian_move", "volume": 0.19}
[2026-09-25 14:22:56.341] [JACK] Verdammt, die Sentinels kreisen um uns... Ich habe echte Angst, ertappt zu werden!
[2026-09-25 14:22:56.360] [SFX] {"sound": "threat_pulse", "volume": 0.7}
[2026-09-25 14:22:56.391] [SFX] {"sound": "civ_move_2", "volume": 0.09}
[2026-09-25 14:22:56.444] [SFX] {"sound": "civ_move_2", "volume": 0.14}
[2026-09-25 14:22:56.469] [SFX] {"sound": "threat_pulse", "volume": 0.7}
[2026-09-25 14:22:56.802] [SFX] {"sound": "civ_move_2", "volume": 0.08}
[2026-09-25 14:22:56.855] [SFX] {"sound": "civ_move_2", "volume": 0.15}
[2026-09-25 14:22:56.877] [SFX] {"sound": "threat_pulse", "volume": 0.7}
[2026-09-25 14:22:56.898] [SFX] {"sound": "guardian_move", "volume": 0.2}
[2026-09-25 14:22:56.961] [SFX] {"sound": "alert_trigger", "volume": 1.0}
[2026-09-25 14:22:56.986] [SFX] {"sound": "threat_pulse", "volume": 0.7}
[2026-09-25 14:22:57.204] [SFX] {"sound": "civ_move_2", "volume": 0.07}
[2026-09-25 14:22:57.255] [SFX] {"sound": "civ_move_2", "volume": 0.16}
[2026-09-25 14:22:57.290] [SFX] {"sound": "threat_pulse", "volume": 0.7}
[2026-09-25 14:22:57.504] [SFX] {"sound": "guardian_move", "volume": 0.21}
[2026-09-25 14:22:57.527] [SFX] {"sound": "threat_pulse", "volume": 0.7}
[2026-09-25 14:22:57.609] [SFX] {"sound": "civ_move_2", "volume": 0.06}
[2026-09-25 14:22:57.631] [SFX] {"sound": "threat_pulse", "volume": 0.7}
[2026-09-25 14:22:57.659] [SFX] {"sound": "civ_move_2", "volume": 0.16}
[2026-09-25 14:22:57.725] [SFX] {"sound": "threat_pulse", "volume": 0.7}
[2026-09-25 14:22:58.024] [SFX] {"sound": "civ_move_2", "volume": 0.05}
[2026-09-25 14:22:58.062] [SFX] {"sound": "civ_move_2", "volume": 0.17}
[2026-09-25 14:22:58.064] [SFX] {"sound": "threat_pulse", "volume": 0.7}
[2026-09-25 14:22:58.115] [SFX] {"sound": "guardian_move", "volume": 0.22}
[2026-09-25 14:22:58.168] [SFX] {"sound": "threat_pulse", "volume": 0.7}
[2026-09-25 14:22:58.424] [SFX] {"sound": "civ_move_2", "volume": 0.04}
[2026-09-25 14:22:58.477] [SFX] {"sound": "civ_move_2", "volume": 0.18}
[2026-09-25 14:22:58.501] [SFX] {"sound": "threat_pulse", "volume": 0.7}
[2026-09-25 14:22:58.719] [SFX] {"sound": "guardian_move", "volume": 0.23}
[2026-09-25 14:22:58.805] [SFX] {"sound": "threat_pulse", "volume": 0.7}
[2026-09-25 14:22:58.842] [SFX] {"sound": "civ_move_2", "volume": 0.03}
[2026-09-25 14:22:58.877] [SFX] {"sound": "civ_move_2", "volume": 0.19}
[2026-09-25 14:22:58.913] [SFX] {"sound": "threat_pulse", "volume": 0.7}
[2026-09-25 14:22:58.967] [SFX] {"sound": "alert_trigger", "volume": 1.0}
[2026-09-25 14:22:59.021] [SFX] {"sound": "threat_pulse", "volume": 0.7}
[2026-09-25 14:22:59.246] [SFX] {"sound": "civ_move_2", "volume": 0.02}
[2026-09-25 14:22:59.283] [SFX] {"sound": "civ_move_2", "volume": 0.19}
[2026-09-25 14:22:59.319] [SFX] {"sound": "guardian_move", "volume": 0.25}
[2026-09-25 14:22:59.343] [SFX] {"sound": "threat_pulse", "volume": 0.7}
[2026-09-25 14:22:59.658] [SFX] {"sound": "civ_move_2", "volume": 0.01}
[2026-09-25 14:22:59.681] [SFX] {"sound": "threat_pulse", "volume": 0.7}
[2026-09-25 14:22:59.702] [SFX] {"sound": "civ_move_2", "volume": 0.2}
[2026-09-25 14:22:59.777] [SFX] {"sound": "threat_pulse", "volume": 0.7}
[2026-09-25 14:22:59.928] [SFX] {"sound": "guardian_move", "volume": 0.26}
[2026-09-25 14:22:59.986] [SFX] {"sound": "threat_pulse", "volume": 0.7}
[2026-09-25 14:23:00.072] [SFX] {"sound": "civ_move_2", "volume": 0.0}
[2026-09-25 14:23:00.097] [SFX] {"sound": "threat_pulse", "volume": 0.7}
[2026-09-25 14:23:00.117] [SFX] {"sound": "civ_move_2", "volume": 0.2}
[2026-09-25 14:23:00.198] [SFX] {"sound": "threat_pulse", "volume": 0.7}
[2026-09-25 14:23:00.512] [SFX] {"sound": "civ_move_2", "volume": 0.21}
[2026-09-25 14:23:00.536] [SFX] {"sound": "guardian_move", "volume": 0.27}
[2026-09-25 14:23:00.537] [SFX] {"sound": "threat_pulse", "volume": 0.7}
[2026-09-25 14:23:00.918] [SFX] {"sound": "civ_move_2", "volume": 0.22}
[2026-09-25 14:23:00.975] [SFX] {"sound": "threat_pulse", "volume": 0.7}
[2026-09-25 14:23:00.976] [SFX] {"sound": "alert_trigger", "volume": 1.0}
[2026-09-25 14:23:01.078] [SFX] {"sound": "threat_pulse", "volume": 0.7}
[2026-09-25 14:23:01.131] [SFX] {"sound": "guardian_move", "volume": 0.27}
[2026-09-25 14:23:01.183] [SFX] {"sound": "threat_pulse", "volume": 0.7}
[2026-09-25 14:23:01.333] [SFX] {"sound": "civ_move_2", "volume": 0.22}
[2026-09-25 14:23:01.384] [SFX] {"sound": "threat_pulse", "volume": 0.7}
[2026-09-25 14:23:01.555] [C] {"civ_pos": [216, 8]}
[2026-09-25 14:23:01.611] [SFX] {"sound": "threat_pulse", "volume": 0.7}
[2026-09-25 14:23:01.744] [SFX] {"sound": "guardian_move", "volume": 0.29}
[2026-09-25 14:23:01.745] [SFX] {"sound": "civ_move_2", "volume": 0.23}
[2026-09-25 14:23:01.812] [SFX] {"sound": "threat_pulse", "volume": 0.7}
[2026-09-25 14:23:02.151] [SFX] {"sound": "civ_move_2", "volume": 0.3}
[2026-09-25 14:23:02.234] [SFX] {"sound": "threat_pulse", "volume": 0.7}
[2026-09-25 14:23:02.354] [SFX] {"sound": "guardian_move", "volume": 0.38}
[2026-09-25 14:23:02.437] [SFX] {"sound": "threat_pulse", "volume": 0.7}
[2026-09-25 14:23:02.539] [SFX] {"sound": "game_over", "volume": 1.0}
