[2026-09-25 15:27:00.468] [S] {"sid": "20260925_152700", "sys_t": "2026-09-25T15:27:00.467233"}
[2026-09-25 15:27:00.470] [SFX] {"sound": "hack_success", "volume": 0.8}
[2026-09-25 15:27:02.277] [SESSION_RESET] {"msg": "--- NEW LIFE STARTED ---"}
[2026-09-25 15:27:02.330] [S] {"map": "Shadowgrid"}
[2026-09-25 15:27:02.363] [JACK] Ah, im Shadowgrid angekommen... endlich.
[2026-09-25 15:27:02.913] [SFX] {"sound": "civ_move_2", "volume": 0.16}
[2026-09-25 15:27:02.960] [SFX] {"sound": "civ_move_2", "volume": 0.19}
[2026-09-25 15:27:03.317] [SFX] {"sound": "civ_move_2", "volume": 0.17}
[2026-09-25 15:27:03.358] [SFX] {"sound": "civ_move_2", "volume": 0.19}
[2026-09-25 15:27:03.722] [SFX] {"sound": "civ_move_2", "volume": 0.18}
[2026-09-25 15:27:04.192] [SFX] {"sound": "guardian_move", "volume": 0.01}
[2026-09-25 15:27:04.525] [SFX] {"sound": "civ_move_2", "volume": 0.19}
[2026-09-25 15:27:04.590] [SFX] {"sound": "civ_move_2", "volume": 0.16}
[2026-09-25 15:27:04.808] [SFX] {"sound": "guardian_move", "volume": 0.03}
[2026-09-25 15:27:04.925] [SFX] {"sound": "civ_move_2", "volume": 0.19}
[2026-09-25 15:27:05.000] [SFX] {"sound": "civ_move_2", "volume": 0.16}
[2026-09-25 15:27:05.339] [SFX] {"sound": "civ_move_2", "volume": 0.18}
[2026-09-25 15:27:05.403] [SFX] {"sound": "civ_move_2", "volume": 0.15}
[2026-09-25 15:27:05.426] [SFX] {"sound": "guardian_move", "volume": 0.05}
[2026-09-25 15:27:05.567] [SFX] {"sound": "civ_move_2", "volume": 0.0}
[2026-09-25 15:27:05.750] [SFX] {"sound": "civ_move_2", "volume": 0.22}
[2026-09-25 15:27:05.813] [SFX] {"sound": "civ_move_2", "volume": 0.14}
[2026-09-25 15:27:05.982] [SFX] {"sound": "civ_move_2", "volume": 0.01}
[2026-09-25 15:27:06.030] [SFX] {"sound": "guardian_move", "volume": 0.06}
[2026-09-25 15:27:06.163] [SFX] {"sound": "civ_move_2", "volume": 0.24}
[2026-09-25 15:27:06.227] [SFX] {"sound": "civ_move_2", "volume": 0.13}
[2026-09-25 15:27:06.396] [SFX] {"sound": "civ_move_2", "volume": 0.02}
[2026-09-25 15:27:06.578] [SFX] {"sound": "civ_move_2", "volume": 0.25}
[2026-09-25 15:27:06.627] [SFX] {"sound": "civ_move_2", "volume": 0.12}
[2026-09-25 15:27:06.651] [SFX] {"sound": "guardian_move", "volume": 0.08}
[2026-09-25 15:27:06.795] [SFX] {"sound": "civ_move_2", "volume": 0.03}
[2026-09-25 15:27:06.978] [SFX] {"sound": "civ_move_2", "volume": 0.2}
[2026-09-25 15:27:07.028] [SFX] {"sound": "civ_move_2", "volume": 0.11}
[2026-09-25 15:27:07.208] [SFX] {"sound": "civ_move_2", "volume": 0.04}
[2026-09-25 15:27:07.257] [SFX] {"sound": "guardian_move", "volume": 0.1}
[2026-09-25 15:27:07.391] [SFX] {"sound": "civ_move_2", "volume": 0.2}
[2026-09-25 15:27:07.442] [SFX] {"sound": "civ_move_2", "volume": 0.1}
[2026-09-25 15:27:07.623] [SFX] {"sound": "civ_move_2", "volume": 0.05}
[2026-09-25 15:27:07.803] [SFX] {"sound": "civ_move_2", "volume": 0.21}
[2026-09-25 15:27:07.854] [SFX] {"sound": "civ_move_2", "volume": 0.09}
[2026-09-25 15:27:07.876] [SFX] {"sound": "guardian_move", "volume": 0.12}
[2026-09-25 15:27:08.037] [SFX] {"sound": "civ_move_2", "volume": 0.06}
[2026-09-25 15:27:08.218] [SFX] {"sound": "civ_move_2", "volume": 0.22}
[2026-09-25 15:27:08.265] [SFX] {"sound": "civ_move_2", "volume": 0.08}
[2026-09-25 15:27:08.447] [SFX] {"sound": "civ_move_2", "volume": 0.07}
[2026-09-25 15:27:08.479] [SFX] {"sound": "guardian_move", "volume": 0.13}
[2026-09-25 15:27:08.576] [C] {"civ_pos": [140, 10]}
[2026-09-25 15:27:08.607] [JACK] Da drüben bewegt sich eine Civ-Subroutine! Was führt die im Schilde?
[2026-09-25 15:27:08.626] [SFX] {"sound": "civ_move_2", "volume": 0.23}
[2026-09-25 15:27:08.668] [SFX] {"sound": "civ_move_2", "volume": 0.07}
