[2026-09-25 10:48:26.344] [S] {"sid": "20260925_104826", "sys_t": "2026-09-25T10:48:26.344201"}
[2026-09-25 10:48:26.346] [SFX] {"sound": "hack_success", "volume": 0.8}
[2026-09-25 10:48:37.406] [SESSION_RESET] {"msg": "--- NEW LIFE STARTED ---"}
[2026-09-25 10:48:37.452] [S] {"map": "Shadowgrid"}
[2026-09-25 10:48:37.473] [JACK] Ah, im Shadowgrid angekommen... endlich.
[2026-09-25 10:48:37.476] [C] {"civ_pos": [115, 24]}
[2026-09-25 10:48:37.995] [SFX] {"sound": "civ_move_1", "volume": 0.11}
[2026-09-25 10:48:38.093] [SFX] {"sound": "civ_move_1", "volume": 0.18}
[2026-09-25 10:48:38.231] [SFX] {"sound": "civ_move_1", "volume": 0.28}
[2026-09-25 10:48:38.399] [SFX] {"sound": "civ_move_1", "volume": 0.1}
[2026-09-25 10:48:38.480] [SFX] {"sound": "civ_move_1", "volume": 0.17}
[2026-09-25 10:48:38.647] [SFX] {"sound": "civ_move_1", "volume": 0.22}
[2026-09-25 10:48:38.811] [SFX] {"sound": "civ_move_1", "volume": 0.1}
[2026-09-25 10:48:38.885] [SFX] {"sound": "civ_move_1", "volume": 0.18}
[2026-09-25 10:48:39.047] [SFX] {"sound": "civ_move_1", "volume": 0.21}
[2026-09-25 10:48:39.213] [SFX] {"sound": "civ_move_1", "volume": 0.09}
[2026-09-25 10:48:39.297] [SFX] {"sound": "civ_move_1", "volume": 0.19}
[2026-09-25 10:48:39.462] [SFX] {"sound": "civ_move_1", "volume": 0.21}
[2026-09-25 10:48:39.627] [SFX] {"sound": "civ_move_1", "volume": 0.08}
[2026-09-25 10:48:39.711] [SFX] {"sound": "civ_move_1", "volume": 0.19}
[2026-09-25 10:48:39.876] [SFX] {"sound": "civ_move_1", "volume": 0.2}
[2026-09-25 10:48:40.041] [SFX] {"sound": "civ_move_1", "volume": 0.07}
[2026-09-25 10:48:40.126] [SFX] {"sound": "civ_move_1", "volume": 0.2}
[2026-09-25 10:48:40.291] [SFX] {"sound": "civ_move_1", "volume": 0.19}
[2026-09-25 10:48:40.456] [SFX] {"sound": "civ_move_1", "volume": 0.07}
[2026-09-25 10:48:40.541] [SFX] {"sound": "civ_move_1", "volume": 0.21}
[2026-09-25 10:48:40.691] [SFX] {"sound": "civ_move_1", "volume": 0.18}
[2026-09-25 10:48:40.858] [SFX] {"sound": "civ_move_1", "volume": 0.06}
[2026-09-25 10:48:40.956] [SFX] {"sound": "civ_move_1", "volume": 0.21}
[2026-09-25 10:48:41.107] [SFX] {"sound": "civ_move_1", "volume": 0.18}
[2026-09-25 10:48:41.271] [SFX] {"sound": "civ_move_1", "volume": 0.05}
[2026-09-25 10:48:41.371] [SFX] {"sound": "civ_move_1", "volume": 0.27}
[2026-09-25 10:48:41.519] [SFX] {"sound": "civ_move_1", "volume": 0.17}
[2026-09-25 10:48:41.686] [SFX] {"sound": "civ_move_1", "volume": 0.04}
[2026-09-25 10:48:41.781] [SFX] {"sound": "civ_move_1", "volume": 0.26}
[2026-09-25 10:48:41.930] [SFX] {"sound": "civ_move_1", "volume": 0.16}
[2026-09-25 10:48:42.087] [SFX] {"sound": "civ_move_1", "volume": 0.03}
[2026-09-25 10:48:42.186] [SFX] {"sound": "civ_move_1", "volume": 0.25}
[2026-09-25 10:48:42.336] [SFX] {"sound": "civ_move_1", "volume": 0.15}
[2026-09-25 10:48:42.501] [SFX] {"sound": "civ_move_1", "volume": 0.02}
[2026-09-25 10:48:42.597] [SFX] {"sound": "civ_move_1", "volume": 0.23}
[2026-09-25 10:48:42.746] [SFX] {"sound": "civ_move_1", "volume": 0.14}
[2026-09-25 10:48:42.913] [SFX] {"sound": "civ_move_1", "volume": 0.01}
[2026-09-25 10:48:43.010] [SFX] {"sound": "civ_move_1", "volume": 0.22}
[2026-09-25 10:48:43.094] [M] {"button": 1, "pos": [159, 312], "ui_clicked": true}
[2026-09-25 10:48:43.149] [SFX] {"sound": "civ_move_1", "volume": 0.13}
[2026-09-25 10:48:43.314] [SFX] {"sound": "civ_move_1", "volume": 0.0}
[2026-09-25 10:48:43.414] [SFX] {"sound": "civ_move_1", "volume": 0.21}
[2026-09-25 10:48:43.563] [SFX] {"sound": "civ_move_1", "volume": 0.12}
[2026-09-25 10:48:43.827] [SFX] {"sound": "civ_move_1", "volume": 0.2}
[2026-09-25 10:48:43.975] [SFX] {"sound": "civ_move_1", "volume": 0.11}
[2026-09-25 10:48:44.243] [SFX] {"sound": "civ_move_1", "volume": 0.18}
[2026-09-25 10:48:44.391] [SFX] {"sound": "civ_move_1", "volume": 0.1}
[2026-09-25 10:48:44.657] [SFX] {"sound": "civ_move_1", "volume": 0.14}
[2026-09-25 10:48:44.790] [SFX] {"sound": "civ_move_1", "volume": 0.09}
[2026-09-25 10:48:44.873] [M] {"button": 1, "pos": [169, 324], "ui_clicked": true}
[2026-09-25 10:48:44.900] [JACK] Blick ins Systemfenster... Was führen wir im Schild?
[2026-09-25 10:48:45.073] [SFX] {"sound": "civ_move_1", "volume": 0.14}
[2026-09-25 10:48:45.201] [SFX] {"sound": "civ_move_1", "volume": 0.08}
[2026-09-25 10:48:45.482] [SFX] {"sound": "civ_move_1", "volume": 0.14}
[2026-09-25 10:48:45.614] [SFX] {"sound": "civ_move_1", "volume": 0.07}
[2026-09-25 10:48:45.896] [SFX] {"sound": "civ_move_1", "volume": 0.14}
[2026-09-25 10:48:46.029] [SFX] {"sound": "civ_move_1", "volume": 0.06}
[2026-09-25 10:48:46.311] [SFX] {"sound": "civ_move_1", "volume": 0.13}
[2026-09-25 10:48:46.442] [SFX] {"sound": "civ_move_1", "volume": 0.05}
[2026-09-25 10:48:46.726] [SFX] {"sound": "civ_move_1", "volume": 0.13}
[2026-09-25 10:48:46.844] [SFX] {"sound": "civ_move_1", "volume": 0.04}
[2026-09-25 10:48:47.126] [SFX] {"sound": "civ_move_1", "volume": 0.12}
[2026-09-25 10:48:47.260] [SFX] {"sound": "civ_move_1", "volume": 0.03}
[2026-09-25 10:48:47.538] [SFX] {"sound": "civ_move_1", "volume": 0.12}
[2026-09-25 10:48:47.670] [SFX] {"sound": "civ_move_1", "volume": 0.02}
[2026-09-25 10:48:47.783] [M] {"button": 1, "pos": [342, 222], "ui_clicked": false}
[2026-09-25 10:48:47.951] [SFX] {"sound": "civ_move_1", "volume": 0.11}
[2026-09-25 10:48:48.083] [SFX] {"sound": "civ_move_1", "volume": 0.01}
[2026-09-25 10:48:48.367] [SFX] {"sound": "civ_move_1", "volume": 0.1}
[2026-09-25 10:48:48.401] [M] {"button": 1, "pos": [340, 216], "ui_clicked": false}
[2026-09-25 10:48:48.409] [P] {"start": [114, 24], "goal": [116, 28], "length": 2, "is_direction_change": false}
[2026-09-25 10:48:48.410] [SFX] {"sound": "click_target", "volume": 0.7}
[2026-09-25 10:48:48.440] [SFX] {"sound": "player_move", "volume": 0.4}
[2026-09-25 10:48:48.499] [SFX] {"sound": "civ_move_1", "volume": 0.01}
[2026-09-25 10:48:48.778] [SFX] {"sound": "civ_move_1", "volume": 0.12}
[2026-09-25 10:48:48.910] [SFX] {"sound": "civ_move_1", "volume": 0.02}
[2026-09-25 10:48:49.075] [M] {"button": 1, "pos": [340, 216], "ui_clicked": false}
[2026-09-25 10:48:49.085] [P] {"start": [116, 28], "goal": [118, 32], "length": 3, "is_direction_change": false}
[2026-09-25 10:48:49.086] [SFX] {"sound": "click_target", "volume": 0.7}
[2026-09-25 10:48:49.120] [SFX] {"sound": "player_move", "volume": 0.4}
[2026-09-25 10:48:49.193] [SFX] {"sound": "civ_move_1", "volume": 0.11}
[2026-09-25 10:48:49.410] [SFX] {"sound": "player_move", "volume": 0.4}
[2026-09-25 10:48:49.607] [SFX] {"sound": "civ_move_1", "volume": 0.13}
[2026-09-25 10:48:49.739] [SFX] {"sound": "civ_move_1", "volume": 0.02}
[2026-09-25 10:48:50.024] [SFX] {"sound": "civ_move_1", "volume": 0.13}
[2026-09-25 10:48:50.139] [SFX] {"sound": "civ_move_1", "volume": 0.01}
[2026-09-25 10:48:50.222] [M] {"button": 1, "pos": [330, 236], "ui_clicked": false}
[2026-09-25 10:48:50.425] [SFX] {"sound": "civ_move_1", "volume": 0.12}
[2026-09-25 10:48:50.541] [SFX] {"sound": "civ_move_1", "volume": 0.0}
[2026-09-25 10:48:50.851] [SFX] {"sound": "civ_move_1", "volume": 0.12}
[2026-09-25 10:48:50.983] [M] {"button": 1, "pos": [328, 217], "ui_clicked": false}
[2026-09-25 10:48:50.990] [P] {"start": [118, 32], "goal": [118, 36], "length": 1, "is_direction_change": false}
[2026-09-25 10:48:50.990] [SFX] {"sound": "click_target", "volume": 0.71}
[2026-09-25 10:48:51.039] [JACK] Kurzer Blick um die Ecke...
[2026-09-25 10:48:51.117] [SFX] {"sound": "player_move", "volume": 0.4}
[2026-09-25 10:48:51.263] [SFX] {"sound": "civ_move_1", "volume": 0.14}
[2026-09-25 10:48:51.364] [SFX] {"sound": "civ_move_1", "volume": 0.01}
[2026-09-25 10:48:51.575] [SFX] {"sound": "guardian_move", "volume": 0.03}
[2026-09-25 10:48:51.625] [M] {"button": 1, "pos": [330, 217], "ui_clicked": false}
[2026-09-25 10:48:51.633] [P] {"start": [118, 36], "goal": [119, 40], "length": 2, "is_direction_change": false}
[2026-09-25 10:48:51.634] [SFX] {"sound": "click_target", "volume": 0.71}
[2026-09-25 10:48:51.672] [SFX] {"sound": "civ_move_1", "volume": 0.15}
[2026-09-25 10:48:51.770] [SFX] {"sound": "civ_move_1", "volume": 0.01}
[2026-09-25 10:48:51.870] [SFX] {"sound": "player_move", "volume": 0.4}
[2026-09-25 10:48:52.084] [SFX] {"sound": "civ_move_1", "volume": 0.17}
[2026-09-25 10:48:52.181] [SFX] {"sound": "guardian_move", "volume": 0.08}
[2026-09-25 10:48:52.182] [SFX] {"sound": "civ_move_1", "volume": 0.01}
[2026-09-25 10:48:52.492] [SFX] {"sound": "civ_move_1", "volume": 0.17}
[2026-09-25 10:48:52.591] [SFX] {"sound": "civ_move_1", "volume": 0.0}
[2026-09-25 10:48:52.789] [SFX] {"sound": "guardian_move", "volume": 0.1}
[2026-09-25 10:48:52.905] [M] {"button": 1, "pos": [321, 223], "ui_clicked": false}
[2026-09-25 10:48:52.911] [SFX] {"sound": "civ_move_1", "volume": 0.22}
[2026-09-25 10:48:53.394] [SFX] {"sound": "guardian_move", "volume": 0.12}
[2026-09-25 10:48:53.448] [SFX] {"sound": "civ_move_1", "volume": 0.01}
[2026-09-25 10:48:53.658] [M] {"button": 1, "pos": [313, 231], "ui_clicked": false}
[2026-09-25 10:48:53.665] [P] {"start": [119, 40], "goal": [118, 46], "length": 2, "is_direction_change": false}
[2026-09-25 10:48:53.665] [SFX] {"sound": "click_target", "volume": 0.67}
[2026-09-25 10:48:53.723] [SFX] {"sound": "civ_move_1", "volume": 0.21}
[2026-09-25 10:48:53.856] [SFX] {"sound": "civ_move_1", "volume": 0.03}
[2026-09-25 10:48:53.957] [SFX] {"sound": "player_move", "volume": 0.4}
[2026-09-25 10:48:54.006] [SFX] {"sound": "guardian_move", "volume": 0.19}
[2026-09-25 10:48:54.107] [SFX] {"sound": "guardian_move", "volume": 0.02}
[2026-09-25 10:48:54.128] [SFX] {"sound": "civ_move_1", "volume": 0.18}
[2026-09-25 10:48:54.269] [SFX] {"sound": "civ_move_1", "volume": 0.06}
[2026-09-25 10:48:54.466] [M] {"button": 1, "pos": [320, 233], "ui_clicked": false}
[2026-09-25 10:48:54.474] [P] {"start": [118, 46], "goal": [118, 52], "length": 1, "is_direction_change": false}
[2026-09-25 10:48:54.474] [SFX] {"sound": "click_target", "volume": 0.67}
[2026-09-25 10:48:54.532] [SFX] {"sound": "civ_move_1", "volume": 0.16}
[2026-09-25 10:48:54.616] [SFX] {"sound": "guardian_move", "volume": 0.23}
[2026-09-25 10:48:54.648] [SFX] {"sound": "civ_move_1", "volume": 0.01}
[2026-09-25 10:48:54.681] [SFX] {"sound": "civ_move_1", "volume": 0.1}
[2026-09-25 10:48:54.713] [SFX] {"sound": "guardian_move", "volume": 0.03}
[2026-09-25 10:48:54.734] [SFX] {"sound": "player_move", "volume": 0.4}
[2026-09-25 10:48:54.942] [SFX] {"sound": "civ_move_1", "volume": 0.12}
[2026-09-25 10:48:55.058] [SFX] {"sound": "civ_move_1", "volume": 0.01}
[2026-09-25 10:48:55.091] [SFX] {"sound": "civ_move_1", "volume": 0.12}
[2026-09-25 10:48:55.108] [M] {"button": 1, "pos": [325, 245], "ui_clicked": false}
[2026-09-25 10:48:55.115] [P] {"start": [118, 52], "goal": [118, 59], "length": 1, "is_direction_change": false}
[2026-09-25 10:48:55.116] [SFX] {"sound": "click_target", "volume": 0.65}
[2026-09-25 10:48:55.208] [SFX] {"sound": "threat_pulse", "volume": 0.3}
[2026-09-25 10:48:55.231] [SFX] {"sound": "guardian_move", "volume": 0.29}
[2026-09-25 10:48:55.321] [SFX] {"sound": "guardian_move", "volume": 0.04}
[2026-09-25 10:48:55.354] [SFX] {"sound": "civ_move_1", "volume": 0.08}
[2026-09-25 10:48:55.386] [SFX] {"sound": "player_move", "volume": 0.4}
[2026-09-25 10:48:55.468] [SFX] {"sound": "civ_move_1", "volume": 0.05}
[2026-09-25 10:48:55.502] [SFX] {"sound": "civ_move_1", "volume": 0.17}
[2026-09-25 10:48:55.767] [M] {"button": 1, "pos": [325, 247], "ui_clicked": false}
[2026-09-25 10:48:55.775] [SFX] {"sound": "civ_move_1", "volume": 0.05}
[2026-09-25 10:48:55.775] [SFX] {"sound": "click_target", "volume": 0.64}
[2026-09-25 10:48:55.849] [SFX] {"sound": "guardian_move", "volume": 0.38}
[2026-09-25 10:48:55.885] [SFX] {"sound": "civ_move_1", "volume": 0.05}
[2026-09-25 10:48:55.907] [SFX] {"sound": "civ_move_1", "volume": 0.2}
[2026-09-25 10:48:55.933] [SFX] {"sound": "guardian_move", "volume": 0.02}
[2026-09-25 10:48:56.015] [SFX] {"sound": "player_move", "volume": 0.4}
[2026-09-25 10:48:56.113] [SFX] {"sound": "threat_pulse", "volume": 0.35}
[2026-09-25 10:48:56.146] [C] {"civ_pos": [118, 68]}
[2026-09-25 10:48:56.299] [SFX] {"sound": "civ_move_1", "volume": 0.07}
[2026-09-25 10:48:56.323] [SFX] {"sound": "civ_move_1", "volume": 0.0}
[2026-09-25 10:48:56.323] [SFX] {"sound": "civ_move_1", "volume": 0.23}
[2026-09-25 10:48:56.449] [SFX] {"sound": "guardian_move", "volume": 0.35}
[2026-09-25 10:48:56.711] [SFX] {"sound": "civ_move_1", "volume": 0.06}
[2026-09-25 10:48:56.733] [SFX] {"sound": "civ_move_1", "volume": 0.01}
[2026-09-25 10:48:56.733] [SFX] {"sound": "civ_move_1", "volume": 0.3}
[2026-09-25 10:48:57.022] [JACK] Hörst du das Wummern? Sentinels in der Nähe... Bloß keinen falschen Schritt machen!
[2026-09-25 10:48:57.035] [SFX] {"sound": "threat_pulse", "volume": 0.34}
[2026-09-25 10:48:57.077] [SFX] {"sound": "guardian_move", "volume": 0.37}
[2026-09-25 10:48:57.126] [SFX] {"sound": "civ_move_1", "volume": 0.05}
[2026-09-25 10:48:57.149] [SFX] {"sound": "civ_move_1", "volume": 0.01}
[2026-09-25 10:48:57.149] [SFX] {"sound": "civ_move_1", "volume": 0.28}
[2026-09-25 10:48:57.540] [SFX] {"sound": "civ_move_1", "volume": 0.04}
[2026-09-25 10:48:57.562] [SFX] {"sound": "civ_move_1", "volume": 0.01}
[2026-09-25 10:48:57.562] [SFX] {"sound": "civ_move_1", "volume": 0.27}
[2026-09-25 10:48:57.701] [SFX] {"sound": "guardian_move", "volume": 0.4}
[2026-09-25 10:48:57.932] [SFX] {"sound": "threat_pulse", "volume": 0.42}
[2026-09-25 10:48:57.954] [SFX] {"sound": "civ_move_1", "volume": 0.03}
[2026-09-25 10:48:57.972] [SFX] {"sound": "civ_move_1", "volume": 0.02}
[2026-09-25 10:48:57.973] [SFX] {"sound": "civ_move_1", "volume": 0.26}
[2026-09-25 10:48:58.282] [SFX] {"sound": "guardian_move", "volume": 0.0}
[2026-09-25 10:48:58.348] [SFX] {"sound": "guardian_move", "volume": 0.32}
[2026-09-25 10:48:58.349] [SFX] {"sound": "civ_move_1", "volume": 0.02}
[2026-09-25 10:48:58.381] [SFX] {"sound": "civ_move_1", "volume": 0.25}
[2026-09-25 10:48:58.746] [SFX] {"sound": "threat_pulse", "volume": 0.48}
[2026-09-25 10:48:58.768] [SFX] {"sound": "civ_move_1", "volume": 0.01}
[2026-09-25 10:48:58.795] [SFX] {"sound": "civ_move_1", "volume": 0.02}
[2026-09-25 10:48:58.796] [SFX] {"sound": "civ_move_1", "volume": 0.24}
[2026-09-25 10:48:58.895] [SFX] {"sound": "guardian_move", "volume": 0.02}
[2026-09-25 10:48:58.979] [SFX] {"sound": "guardian_move", "volume": 0.32}
[2026-09-25 10:48:59.205] [SFX] {"sound": "civ_move_1", "volume": 0.02}
[2026-09-25 10:48:59.206] [SFX] {"sound": "civ_move_1", "volume": 0.22}
[2026-09-25 10:48:59.356] [SFX] {"sound": "threat_pulse", "volume": 0.53}
[2026-09-25 10:48:59.507] [SFX] {"sound": "guardian_move", "volume": 0.04}
[2026-09-25 10:48:59.621] [SFX] {"sound": "civ_move_1", "volume": 0.01}
[2026-09-25 10:48:59.622] [SFX] {"sound": "civ_move_1", "volume": 0.21}
[2026-09-25 10:48:59.643] [SFX] {"sound": "guardian_move", "volume": 0.31}
[2026-09-25 10:48:59.871] [SFX] {"sound": "threat_pulse", "volume": 0.57}
[2026-09-25 10:49:00.036] [SFX] {"sound": "civ_move_1", "volume": 0.2}
[2026-09-25 10:49:00.120] [SFX] {"sound": "guardian_move", "volume": 0.06}
[2026-09-25 10:49:00.257] [SFX] {"sound": "guardian_move", "volume": 0.32}
[2026-09-25 10:49:00.280] [SFX] {"sound": "threat_pulse", "volume": 0.6}
[2026-09-25 10:49:00.372] [SFX] {"sound": "civ_move_1", "volume": 0.0}
[2026-09-25 10:49:00.439] [SFX] {"sound": "civ_move_1", "volume": 0.19}
[2026-09-25 10:49:00.573] [SFX] {"sound": "threat_pulse", "volume": 0.63}
[2026-09-25 10:49:00.721] [SFX] {"sound": "guardian_move", "volume": 0.08}
[2026-09-25 10:49:00.771] [SFX] {"sound": "civ_move_2", "volume": 0.01}
[2026-09-25 10:49:00.794] [SFX] {"sound": "civ_move_1", "volume": 0.01}
[2026-09-25 10:49:00.795] [SFX] {"sound": "threat_pulse", "volume": 0.65}
[2026-09-25 10:49:00.854] [SFX] {"sound": "civ_move_1", "volume": 0.17}
[2026-09-25 10:49:00.886] [SFX] {"sound": "guardian_move", "volume": 0.32}
[2026-09-25 10:49:01.002] [SFX] {"sound": "threat_pulse", "volume": 0.66}
[2026-09-25 10:49:01.116] [SFX] {"sound": "threat_pulse", "volume": 0.67}
[2026-09-25 10:49:01.184] [SFX] {"sound": "civ_move_1", "volume": 0.01}
[2026-09-25 10:49:01.185] [SFX] {"sound": "civ_move_2", "volume": 0.02}
[2026-09-25 10:49:01.207] [SFX] {"sound": "civ_move_1", "volume": 0.02}
[2026-09-25 10:49:01.222] [SFX] {"sound": "threat_pulse", "volume": 0.68}
[2026-09-25 10:49:01.266] [SFX] {"sound": "civ_move_1", "volume": 0.16}
[2026-09-25 10:49:01.330] [SFX] {"sound": "guardian_move", "volume": 0.1}
[2026-09-25 10:49:01.331] [SFX] {"sound": "threat_pulse", "volume": 0.69}
[2026-09-25 10:49:01.444] [SFX] {"sound": "threat_pulse", "volume": 0.7}
[2026-09-25 10:49:01.477] [SFX] {"sound": "alert_trigger", "volume": 1.0}
[2026-09-25 10:49:01.500] [SFX] {"sound": "game_over", "volume": 1.0}
