[2026-09-25 13:07:04.017] [S] {"sid": "20260925_130704", "sys_t": "2026-09-25T13:07:04.016129"}
[2026-09-25 13:07:04.017] [SFX] {"sound": "hack_success", "volume": 0.8}
[2026-09-25 13:07:15.053] [SESSION_RESET] {"msg": "--- NEW LIFE STARTED ---"}
[2026-09-25 13:07:15.106] [S] {"map": "Shadowgrid"}
[2026-09-25 13:07:15.128] [JACK] Ah, im Shadowgrid angekommen... endlich.
[2026-09-25 13:07:15.590] [SFX] {"sound": "civ_move_2", "volume": 0.08}
[2026-09-25 13:07:15.784] [SFX] {"sound": "civ_move_1", "volume": 0.09}
[2026-09-25 13:07:15.992] [SFX] {"sound": "civ_move_2", "volume": 0.09}
[2026-09-25 13:07:16.106] [SFX] {"sound": "civ_move_2", "volume": 0.01}
[2026-09-25 13:07:16.173] [SFX] {"sound": "civ_move_1", "volume": 0.1}
[2026-09-25 13:07:16.408] [SFX] {"sound": "civ_move_2", "volume": 0.1}
[2026-09-25 13:07:16.508] [SFX] {"sound": "civ_move_2", "volume": 0.02}
[2026-09-25 13:07:16.574] [SFX] {"sound": "civ_move_1", "volume": 0.11}
[2026-09-25 13:07:16.816] [SFX] {"sound": "civ_move_2", "volume": 0.11}
[2026-09-25 13:07:16.916] [SFX] {"sound": "civ_move_2", "volume": 0.03}
[2026-09-25 13:07:16.984] [SFX] {"sound": "civ_move_1", "volume": 0.12}
[2026-09-25 13:07:17.229] [SFX] {"sound": "civ_move_2", "volume": 0.12}
[2026-09-25 13:07:17.328] [SFX] {"sound": "civ_move_2", "volume": 0.04}
[2026-09-25 13:07:17.395] [SFX] {"sound": "civ_move_1", "volume": 0.13}
[2026-09-25 13:07:17.630] [SFX] {"sound": "civ_move_2", "volume": 0.12}
[2026-09-25 13:07:17.730] [SFX] {"sound": "civ_move_2", "volume": 0.05}
[2026-09-25 13:07:17.798] [SFX] {"sound": "civ_move_1", "volume": 0.14}
[2026-09-25 13:07:18.030] [SFX] {"sound": "civ_move_2", "volume": 0.13}
[2026-09-25 13:07:18.131] [SFX] {"sound": "civ_move_2", "volume": 0.06}
[2026-09-25 13:07:18.209] [SFX] {"sound": "civ_move_1", "volume": 0.15}
[2026-09-25 13:07:18.432] [SFX] {"sound": "civ_move_2", "volume": 0.14}
[2026-09-25 13:07:18.531] [SFX] {"sound": "civ_move_2", "volume": 0.07}
[2026-09-25 13:07:18.607] [SFX] {"sound": "civ_move_1", "volume": 0.16}
[2026-09-25 13:07:18.842] [SFX] {"sound": "civ_move_2", "volume": 0.14}
[2026-09-25 13:07:18.942] [SFX] {"sound": "civ_move_2", "volume": 0.08}
[2026-09-25 13:07:19.009] [SFX] {"sound": "civ_move_1", "volume": 0.17}
[2026-09-25 13:07:19.258] [SFX] {"sound": "civ_move_2", "volume": 0.15}
[2026-09-25 13:07:19.342] [SFX] {"sound": "civ_move_2", "volume": 0.09}
[2026-09-25 13:07:19.410] [SFX] {"sound": "civ_move_1", "volume": 0.18}
[2026-09-25 13:07:19.659] [SFX] {"sound": "civ_move_2", "volume": 0.15}
[2026-09-25 13:07:19.742] [SFX] {"sound": "civ_move_2", "volume": 0.09}
[2026-09-25 13:07:19.826] [SFX] {"sound": "civ_move_1", "volume": 0.19}
[2026-09-25 13:07:20.075] [SFX] {"sound": "civ_move_2", "volume": 0.15}
[2026-09-25 13:07:20.142] [SFX] {"sound": "civ_move_2", "volume": 0.1}
[2026-09-25 13:07:20.225] [SFX] {"sound": "civ_move_1", "volume": 0.2}
[2026-09-25 13:07:20.489] [SFX] {"sound": "civ_move_2", "volume": 0.15}
[2026-09-25 13:07:20.555] [SFX] {"sound": "civ_move_2", "volume": 0.11}
[2026-09-25 13:07:20.638] [SFX] {"sound": "civ_move_1", "volume": 0.2}
[2026-09-25 13:07:20.902] [SFX] {"sound": "civ_move_2", "volume": 0.16}
[2026-09-25 13:07:20.969] [SFX] {"sound": "civ_move_2", "volume": 0.12}
[2026-09-25 13:07:21.052] [SFX] {"sound": "civ_move_1", "volume": 0.21}
[2026-09-25 13:07:21.334] [SFX] {"sound": "civ_move_2", "volume": 0.16}
[2026-09-25 13:07:21.376] [SFX] {"sound": "civ_move_2", "volume": 0.13}
[2026-09-25 13:07:21.459] [SFX] {"sound": "civ_move_1", "volume": 0.22}
