[2026-09-25 10:05:51.427] [S] {"sid": "20260925_100551", "sys_t": "2026-09-25T10:05:51.426705"}
[2026-09-25 10:05:51.428] [SFX] {"sound": "hack_success", "volume": 0.8}
[2026-09-25 10:06:02.471] [SESSION_RESET] {"msg": "--- NEW LIFE STARTED ---"}
[2026-09-25 10:06:02.517] [S] {"map": "Shadowgrid"}
[2026-09-25 10:06:02.535] [JACK] Ah, im Shadowgrid angekommen... endlich.
[2026-09-25 10:06:02.538] [SFX] {"sound": "threat_pulse", "volume": 0.3}
[2026-09-25 10:06:02.562] [SFX] {"sound": "guardian_move", "volume": 0.37}
[2026-09-25 10:06:02.948] [SFX] {"sound": "civ_move_1", "volume": 0.14}
[2026-09-25 10:06:02.979] [SFX] {"sound": "civ_move_2", "volume": 0.05}
[2026-09-25 10:06:03.173] [SFX] {"sound": "guardian_move", "volume": 0.39}
[2026-09-25 10:06:03.209] [SFX] {"sound": "civ_move_2", "volume": 0.19}
[2026-09-25 10:06:03.349] [SFX] {"sound": "civ_move_1", "volume": 0.15}
[2026-09-25 10:06:03.381] [SFX] {"sound": "civ_move_2", "volume": 0.04}
[2026-09-25 10:06:03.431] [SFX] {"sound": "threat_pulse", "volume": 0.35}
[2026-09-25 10:06:03.597] [SFX] {"sound": "civ_move_2", "volume": 0.19}
[2026-09-25 10:06:03.762] [SFX] {"sound": "civ_move_1", "volume": 0.15}
[2026-09-25 10:06:03.793] [SFX] {"sound": "guardian_move", "volume": 0.32}
[2026-09-25 10:06:03.793] [SFX] {"sound": "civ_move_2", "volume": 0.03}
[2026-09-25 10:06:04.010] [SFX] {"sound": "civ_move_2", "volume": 0.2}
[2026-09-25 10:06:04.161] [SFX] {"sound": "civ_move_1", "volume": 0.15}
[2026-09-25 10:06:04.192] [SFX] {"sound": "civ_move_2", "volume": 0.02}
[2026-09-25 10:06:04.343] [SFX] {"sound": "threat_pulse", "volume": 0.42}
[2026-09-25 10:06:04.407] [M] {"button": 1, "pos": [325, 231], "ui_clicked": false}
[2026-09-25 10:06:04.414] [P] {"start": [218, 20], "goal": [218, 26], "length": 5, "is_direction_change": false}
[2026-09-25 10:06:04.415] [SFX] {"sound": "click_target", "volume": 0.67}
[2026-09-25 10:06:04.447] [JACK] Hörst du das Wummern? Sentinels in der Nähe... Bloß keinen falschen Schritt machen!
[2026-09-25 10:06:04.448] [SFX] {"sound": "player_move", "volume": 0.4}
[2026-09-25 10:06:04.449] [SFX] {"sound": "guardian_move", "volume": 0.4}
[2026-09-25 10:06:04.449] [SFX] {"sound": "civ_move_2", "volume": 0.21}
[2026-09-25 10:06:04.572] [SFX] {"sound": "civ_move_1", "volume": 0.17}
[2026-09-25 10:06:04.605] [SFX] {"sound": "civ_move_2", "volume": 0.01}
[2026-09-25 10:06:04.704] [C] {"civ_pos": [220, 24]}
[2026-09-25 10:06:04.750] [SFX] {"sound": "player_move", "volume": 0.4}
[2026-09-25 10:06:04.833] [SFX] {"sound": "civ_move_2", "volume": 0.28}
[2026-09-25 10:06:04.981] [SFX] {"sound": "civ_move_1", "volume": 0.22}
[2026-09-25 10:06:05.014] [SFX] {"sound": "civ_move_2", "volume": 0.02}
[2026-09-25 10:06:05.034] [SFX] {"sound": "guardian_move", "volume": 0.36}
[2026-09-25 10:06:05.052] [SFX] {"sound": "threat_pulse", "volume": 0.46}
[2026-09-25 10:06:05.248] [SFX] {"sound": "civ_move_2", "volume": 0.28}
[2026-09-25 10:06:05.363] [M] {"button": 1, "pos": [321, 233], "ui_clicked": false}
[2026-09-25 10:06:05.380] [SFX] {"sound": "civ_move_1", "volume": 0.22}
[2026-09-25 10:06:05.430] [SFX] {"sound": "civ_move_2", "volume": 0.01}
[2026-09-25 10:06:05.645] [SFX] {"sound": "guardian_move", "volume": 0.36}
[2026-09-25 10:06:05.666] [SFX] {"sound": "civ_move_2", "volume": 0.28}
[2026-09-25 10:06:05.758] [SFX] {"sound": "threat_pulse", "volume": 0.44}
[2026-09-25 10:06:05.792] [SFX] {"sound": "civ_move_1", "volume": 0.18}
[2026-09-25 10:06:05.921] [M] {"button": 1, "pos": [316, 227], "ui_clicked": false}
[2026-09-25 10:06:06.073] [SFX] {"sound": "civ_move_2", "volume": 0.28}
[2026-09-25 10:06:06.208] [SFX] {"sound": "civ_move_1", "volume": 0.18}
[2026-09-25 10:06:06.255] [SFX] {"sound": "guardian_move", "volume": 0.38}
[2026-09-25 10:06:06.467] [SFX] {"sound": "threat_pulse", "volume": 0.45}
[2026-09-25 10:06:06.491] [SFX] {"sound": "civ_move_2", "volume": 0.26}
[2026-09-25 10:06:06.618] [SFX] {"sound": "civ_move_1", "volume": 0.18}
[2026-09-25 10:06:06.782] [M] {"button": 1, "pos": [312, 209], "ui_clicked": false}
[2026-09-25 10:06:06.868] [SFX] {"sound": "guardian_move", "volume": 0.39}
[2026-09-25 10:06:06.892] [SFX] {"sound": "civ_move_2", "volume": 0.25}
[2026-09-25 10:06:07.018] [SFX] {"sound": "civ_move_1", "volume": 0.17}
[2026-09-25 10:06:07.182] [SFX] {"sound": "threat_pulse", "volume": 0.51}
[2026-09-25 10:06:07.229] [M] {"button": 1, "pos": [312, 198], "ui_clicked": false}
[2026-09-25 10:06:07.236] [P] {"start": [218, 26], "goal": [217, 28], "length": 2, "is_direction_change": false}
[2026-09-25 10:06:07.237] [SFX] {"sound": "click_target", "volume": 0.75}
[2026-09-25 10:06:07.294] [SFX] {"sound": "civ_move_2", "volume": 0.24}
[2026-09-25 10:06:07.326] [SFX] {"sound": "player_move", "volume": 0.4}
[2026-09-25 10:06:07.425] [SFX] {"sound": "civ_move_1", "volume": 0.17}
[2026-09-25 10:06:07.625] [SFX] {"sound": "guardian_move", "volume": 0.39}
[2026-09-25 10:06:07.692] [SFX] {"sound": "threat_pulse", "volume": 0.55}
[2026-09-25 10:06:07.712] [SFX] {"sound": "civ_move_2", "volume": 0.23}
[2026-09-25 10:06:07.840] [SFX] {"sound": "civ_move_1", "volume": 0.17}
[2026-09-25 10:06:08.107] [SFX] {"sound": "threat_pulse", "volume": 0.58}
[2026-09-25 10:06:08.131] [SFX] {"sound": "civ_move_2", "volume": 0.22}
[2026-09-25 10:06:08.254] [SFX] {"sound": "civ_move_1", "volume": 0.18}
[2026-09-25 10:06:08.384] [SFX] {"sound": "guardian_move", "volume": 0.4}
[2026-09-25 10:06:08.417] [SFX] {"sound": "threat_pulse", "volume": 0.61}
[2026-09-25 10:06:08.532] [SFX] {"sound": "civ_move_1", "volume": 0.01}
[2026-09-25 10:06:08.533] [SFX] {"sound": "civ_move_2", "volume": 0.21}
[2026-09-25 10:06:08.566] [M] {"button": 1, "pos": [381, 155], "ui_clicked": false}
[2026-09-25 10:06:08.573] [P] {"start": [217, 28], "goal": [224, 24], "length": 3, "is_direction_change": false}
[2026-09-25 10:06:08.574] [SFX] {"sound": "click_target", "volume": 0.79}
[2026-09-25 10:06:08.613] [JACK] Verdammt, die Sentinels kreisen um uns... Ich habe echte Angst, ertappt zu werden!
[2026-09-25 10:06:08.669] [SFX] {"sound": "civ_move_1", "volume": 0.18}
[2026-09-25 10:06:08.717] [SFX] {"sound": "threat_pulse", "volume": 0.63}
[2026-09-25 10:06:08.815] [SFX] {"sound": "player_move", "volume": 0.4}
[2026-09-25 10:06:08.929] [SFX] {"sound": "threat_pulse", "volume": 0.64}
[2026-09-25 10:06:08.951] [SFX] {"sound": "civ_move_2", "volume": 0.18}
[2026-09-25 10:06:08.993] [SFX] {"sound": "guardian_move", "volume": 0.29}
[2026-09-25 10:06:09.075] [SFX] {"sound": "civ_move_1", "volume": 0.18}
[2026-09-25 10:06:09.124] [SFX] {"sound": "player_move", "volume": 0.4}
[2026-09-25 10:06:09.146] [SFX] {"sound": "threat_pulse", "volume": 0.63}
[2026-09-25 10:06:09.351] [SFX] {"sound": "threat_pulse", "volume": 0.62}
[2026-09-25 10:06:09.364] [SFX] {"sound": "civ_move_2", "volume": 0.14}
[2026-09-25 10:06:09.441] [M] {"button": 1, "pos": [401, 173], "ui_clicked": false}
[2026-09-25 10:06:09.491] [SFX] {"sound": "civ_move_1", "volume": 0.18}
[2026-09-25 10:06:09.605] [SFX] {"sound": "guardian_move", "volume": 0.34}
[2026-09-25 10:06:09.653] [SFX] {"sound": "threat_pulse", "volume": 0.6}
[2026-09-25 10:06:09.767] [SFX] {"sound": "civ_move_2", "volume": 0.12}
[2026-09-25 10:06:09.901] [M] {"button": 1, "pos": [400, 179], "ui_clicked": false}
[2026-09-25 10:06:09.909] [SFX] {"sound": "civ_move_1", "volume": 0.17}
[2026-09-25 10:06:09.966] [SFX] {"sound": "threat_pulse", "volume": 0.59}
[2026-09-25 10:06:10.180] [SFX] {"sound": "civ_move_2", "volume": 0.11}
[2026-09-25 10:06:10.229] [SFX] {"sound": "guardian_move", "volume": 0.34}
[2026-09-25 10:06:10.280] [SFX] {"sound": "threat_pulse", "volume": 0.57}
[2026-09-25 10:06:10.312] [SFX] {"sound": "civ_move_1", "volume": 0.17}
[2026-09-25 10:06:10.396] [M] {"button": 1, "pos": [360, 180], "ui_clicked": false}
[2026-09-25 10:06:10.404] [P] {"start": [224, 24], "goal": [228, 24], "length": 1, "is_direction_change": false}
[2026-09-25 10:06:10.404] [SFX] {"sound": "click_target", "volume": 0.7}
[2026-09-25 10:06:10.439] [JACK] Diese Bedrohung ist greifbar... Die Wachen dürfen unser Signal nicht isolieren.
[2026-09-25 10:06:10.592] [SFX] {"sound": "civ_move_2", "volume": 0.07}
[2026-09-25 10:06:10.688] [SFX] {"sound": "threat_pulse", "volume": 0.55}
[2026-09-25 10:06:10.721] [SFX] {"sound": "civ_move_1", "volume": 0.15}
[2026-09-25 10:06:10.836] [SFX] {"sound": "guardian_move", "volume": 0.27}
[2026-09-25 10:06:10.984] [M] {"button": 1, "pos": [340, 216], "ui_clicked": false}
[2026-09-25 10:06:11.000] [SFX] {"sound": "civ_move_2", "volume": 0.06}
[2026-09-25 10:06:11.101] [SFX] {"sound": "threat_pulse", "volume": 0.53}
[2026-09-25 10:06:11.133] [SFX] {"sound": "civ_move_1", "volume": 0.14}
[2026-09-25 10:06:11.313] [M] {"button": 1, "pos": [326, 226], "ui_clicked": false}
[2026-09-25 10:06:11.321] [P] {"start": [228, 24], "goal": [228, 29], "length": 1, "is_direction_change": false}
[2026-09-25 10:06:11.322] [SFX] {"sound": "click_target", "volume": 0.68}
[2026-09-25 10:06:11.362] [JACK] Achtung! Guardians patrouillieren den Sektor. Wir müssen extrem vorsichtig sein!
[2026-09-25 10:06:11.416] [SFX] {"sound": "player_move", "volume": 0.4}
[2026-09-25 10:06:11.417] [SFX] {"sound": "civ_move_1", "volume": 0.01}
[2026-09-25 10:06:11.418] [SFX] {"sound": "civ_move_2", "volume": 0.04}
[2026-09-25 10:06:11.450] [SFX] {"sound": "guardian_move", "volume": 0.24}
[2026-09-25 10:06:11.548] [SFX] {"sound": "civ_move_1", "volume": 0.14}
[2026-09-25 10:06:11.614] [SFX] {"sound": "threat_pulse", "volume": 0.51}
[2026-09-25 10:06:11.778] [M] {"button": 1, "pos": [326, 226], "ui_clicked": false}
[2026-09-25 10:06:11.784] [P] {"start": [228, 29], "goal": [228, 33], "length": 1, "is_direction_change": false}
[2026-09-25 10:06:11.785] [SFX] {"sound": "click_target", "volume": 0.7}
[2026-09-25 10:06:11.821] [JACK] Überall Wacheinheiten... Ihr bedrohliches Summen brennt sich ins Deck.
[2026-09-25 10:06:11.832] [SFX] {"sound": "civ_move_1", "volume": 0.02}
[2026-09-25 10:06:11.832] [SFX] {"sound": "civ_move_2", "volume": 0.03}
[2026-09-25 10:06:11.946] [SFX] {"sound": "player_move", "volume": 0.4}
[2026-09-25 10:06:11.969] [SFX] {"sound": "civ_move_1", "volume": 0.14}
[2026-09-25 10:06:12.061] [SFX] {"sound": "guardian_move", "volume": 0.2}
[2026-09-25 10:06:12.127] [SFX] {"sound": "threat_pulse", "volume": 0.48}
[2026-09-25 10:06:12.240] [SFX] {"sound": "civ_move_1", "volume": 0.03}
[2026-09-25 10:06:12.241] [SFX] {"sound": "civ_move_2", "volume": 0.01}
[2026-09-25 10:06:12.370] [SFX] {"sound": "civ_move_1", "volume": 0.13}
[2026-09-25 10:06:12.386] [M] {"button": 1, "pos": [327, 228], "ui_clicked": false}
[2026-09-25 10:06:12.648] [SFX] {"sound": "civ_move_1", "volume": 0.04}
[2026-09-25 10:06:12.649] [SFX] {"sound": "civ_move_2", "volume": 0.0}
[2026-09-25 10:06:12.671] [SFX] {"sound": "guardian_move", "volume": 0.18}
[2026-09-25 10:06:12.731] [SFX] {"sound": "threat_pulse", "volume": 0.45}
[2026-09-25 10:06:12.781] [SFX] {"sound": "civ_move_1", "volume": 0.12}
[2026-09-25 10:06:12.928] [M] {"button": 1, "pos": [328, 219], "ui_clicked": false}
[2026-09-25 10:06:13.059] [SFX] {"sound": "civ_move_1", "volume": 0.05}
[2026-09-25 10:06:13.191] [SFX] {"sound": "civ_move_1", "volume": 0.11}
[2026-09-25 10:06:13.272] [SFX] {"sound": "guardian_move", "volume": 0.16}
[2026-09-25 10:06:13.439] [SFX] {"sound": "threat_pulse", "volume": 0.41}
[2026-09-25 10:06:13.471] [SFX] {"sound": "civ_move_1", "volume": 0.06}
[2026-09-25 10:06:13.602] [SFX] {"sound": "civ_move_1", "volume": 0.1}
[2026-09-25 10:06:13.881] [SFX] {"sound": "guardian_move", "volume": 0.13}
[2026-09-25 10:06:13.882] [SFX] {"sound": "civ_move_1", "volume": 0.07}
[2026-09-25 10:06:14.011] [SFX] {"sound": "civ_move_1", "volume": 0.09}
[2026-09-25 10:06:14.240] [SFX] {"sound": "threat_pulse", "volume": 0.37}
[2026-09-25 10:06:14.290] [SFX] {"sound": "civ_move_1", "volume": 0.08}
[2026-09-25 10:06:14.485] [SFX] {"sound": "guardian_move", "volume": 0.11}
[2026-09-25 10:06:14.698] [SFX] {"sound": "civ_move_1", "volume": 0.09}
[2026-09-25 10:06:14.831] [SFX] {"sound": "civ_move_1", "volume": 0.07}
[2026-09-25 10:06:15.049] [M] {"button": 4, "pos": [356, 192], "ui_clicked": false}
[2026-09-25 10:06:15.099] [SFX] {"sound": "guardian_move", "volume": 0.09}
[2026-09-25 10:06:15.100] [SFX] {"sound": "civ_move_1", "volume": 0.1}
[2026-09-25 10:06:15.116] [M] {"button": 4, "pos": [356, 192], "ui_clicked": false}
[2026-09-25 10:06:15.151] [SFX] {"sound": "threat_pulse", "volume": 0.33}
[2026-09-25 10:06:15.233] [SFX] {"sound": "civ_move_1", "volume": 0.06}
[2026-09-25 10:06:15.408] [M] {"button": 4, "pos": [356, 192], "ui_clicked": false}
[2026-09-25 10:06:15.505] [SFX] {"sound": "civ_move_1", "volume": 0.11}
[2026-09-25 10:06:15.637] [SFX] {"sound": "civ_move_1", "volume": 0.05}
[2026-09-25 10:06:15.705] [SFX] {"sound": "guardian_move", "volume": 0.06}
[2026-09-25 10:06:15.889] [M] {"button": 4, "pos": [356, 192], "ui_clicked": false}
[2026-09-25 10:06:15.905] [SFX] {"sound": "civ_move_1", "volume": 0.12}
[2026-09-25 10:06:15.923] [M] {"button": 4, "pos": [356, 192], "ui_clicked": false}
[2026-09-25 10:06:16.038] [SFX] {"sound": "civ_move_1", "volume": 0.04}
[2026-09-25 10:06:16.304] [SFX] {"sound": "guardian_move", "volume": 0.04}
[2026-09-25 10:06:16.326] [SFX] {"sound": "civ_move_1", "volume": 0.13}
[2026-09-25 10:06:16.451] [SFX] {"sound": "civ_move_1", "volume": 0.03}
[2026-09-25 10:06:16.667] [M] {"button": 5, "pos": [357, 192], "ui_clicked": false}
[2026-09-25 10:06:16.733] [SFX] {"sound": "civ_move_1", "volume": 0.14}
[2026-09-25 10:06:16.749] [M] {"button": 5, "pos": [357, 192], "ui_clicked": false}
[2026-09-25 10:06:16.867] [SFX] {"sound": "civ_move_1", "volume": 0.02}
[2026-09-25 10:06:16.917] [SFX] {"sound": "guardian_move", "volume": 0.02}
[2026-09-25 10:06:17.134] [SFX] {"sound": "civ_move_1", "volume": 0.15}
[2026-09-25 10:06:17.165] [M] {"button": 5, "pos": [357, 192], "ui_clicked": false}
[2026-09-25 10:06:17.267] [SFX] {"sound": "civ_move_1", "volume": 0.01}
[2026-09-25 10:06:17.545] [SFX] {"sound": "civ_move_1", "volume": 0.16}
[2026-09-25 10:06:17.562] [M] {"button": 5, "pos": [357, 192], "ui_clicked": false}
[2026-09-25 10:06:17.956] [SFX] {"sound": "guardian_move", "volume": 0.02}
[2026-09-25 10:06:17.958] [SFX] {"sound": "civ_move_1", "volume": 0.17}
[2026-09-25 10:06:18.151] [M] {"button": 4, "pos": [357, 192], "ui_clicked": false}
[2026-09-25 10:06:18.367] [SFX] {"sound": "civ_move_1", "volume": 0.18}
[2026-09-25 10:06:18.563] [SFX] {"sound": "guardian_move", "volume": 0.04}
[2026-09-25 10:06:18.775] [SFX] {"sound": "civ_move_1", "volume": 0.19}
[2026-09-25 10:06:19.075] [M] {"button": 4, "pos": [357, 192], "ui_clicked": false}
[2026-09-25 10:06:19.177] [SFX] {"sound": "guardian_move", "volume": 0.07}
[2026-09-25 10:06:19.178] [SFX] {"sound": "civ_move_1", "volume": 0.2}
[2026-09-25 10:06:19.194] [M] {"button": 4, "pos": [357, 192], "ui_clicked": false}
[2026-09-25 10:06:19.591] [SFX] {"sound": "civ_move_1", "volume": 0.21}
[2026-09-25 10:06:19.786] [M] {"button": 4, "pos": [357, 192], "ui_clicked": false}
[2026-09-25 10:06:19.793] [SFX] {"sound": "guardian_move", "volume": 0.09}
[2026-09-25 10:06:19.819] [M] {"button": 4, "pos": [357, 192], "ui_clicked": false}
[2026-09-25 10:06:20.004] [SFX] {"sound": "civ_move_1", "volume": 0.22}
[2026-09-25 10:06:20.401] [SFX] {"sound": "guardian_move", "volume": 0.11}
[2026-09-25 10:06:20.424] [SFX] {"sound": "civ_move_1", "volume": 0.23}
[2026-09-25 10:06:20.534] [M] {"button": 4, "pos": [357, 192], "ui_clicked": false}
[2026-09-25 10:06:20.681] [C] {"civ_pos": [227, 34]}
[2026-09-25 10:06:20.696] [M] {"button": 4, "pos": [357, 192], "ui_clicked": false}
[2026-09-25 10:06:20.714] [JACK] Da drüben bewegt sich eine Civ-Subroutine! Was führt die im Schilde?
[2026-09-25 10:06:20.822] [SFX] {"sound": "civ_move_1", "volume": 0.23}
[2026-09-25 10:06:21.002] [SFX] {"sound": "guardian_move", "volume": 0.14}
[2026-09-25 10:06:21.084] [M] {"button": 4, "pos": [357, 192], "ui_clicked": false}
[2026-09-25 10:06:21.231] [SFX] {"sound": "civ_move_1", "volume": 0.3}
[2026-09-25 10:06:21.609] [M] {"button": 4, "pos": [368, 191], "ui_clicked": false}
[2026-09-25 10:06:21.616] [SFX] {"sound": "guardian_move", "volume": 0.16}
[2026-09-25 10:06:21.640] [M] {"button": 4, "pos": [368, 191], "ui_clicked": false}
[2026-09-25 10:06:21.647] [SFX] {"sound": "civ_move_1", "volume": 0.29}
[2026-09-25 10:06:21.658] [M] {"button": 4, "pos": [368, 191], "ui_clicked": false}
[2026-09-25 10:06:22.055] [SFX] {"sound": "civ_move_1", "volume": 0.27}
[2026-09-25 10:06:22.220] [SFX] {"sound": "guardian_move", "volume": 0.18}
[2026-09-25 10:06:22.467] [SFX] {"sound": "civ_move_1", "volume": 0.26}
[2026-09-25 10:06:22.831] [SFX] {"sound": "guardian_move", "volume": 0.2}
[2026-09-25 10:06:22.880] [SFX] {"sound": "civ_move_1", "volume": 0.25}
[2026-09-25 10:06:23.294] [SFX] {"sound": "civ_move_1", "volume": 0.24}
[2026-09-25 10:06:23.442] [SFX] {"sound": "guardian_move", "volume": 0.22}
[2026-09-25 10:06:23.704] [SFX] {"sound": "civ_move_1", "volume": 0.23}
[2026-09-25 10:06:24.051] [SFX] {"sound": "guardian_move", "volume": 0.24}
[2026-09-25 10:06:24.116] [SFX] {"sound": "civ_move_1", "volume": 0.23}
[2026-09-25 10:06:24.531] [SFX] {"sound": "civ_move_1", "volume": 0.22}
[2026-09-25 10:06:24.662] [SFX] {"sound": "guardian_move", "volume": 0.26}
[2026-09-25 10:06:24.941] [SFX] {"sound": "civ_move_1", "volume": 0.21}
[2026-09-25 10:06:25.274] [SFX] {"sound": "guardian_move", "volume": 0.28}
[2026-09-25 10:06:25.341] [SFX] {"sound": "civ_move_1", "volume": 0.21}
[2026-09-25 10:06:25.887] [SFX] {"sound": "guardian_move", "volume": 0.3}
[2026-09-25 10:06:26.186] [SFX] {"sound": "civ_move_1", "volume": 0.22}
[2026-09-25 10:06:26.432] [M] {"button": 1, "pos": [315, 233], "ui_clicked": false}
[2026-09-25 10:06:26.439] [P] {"start": [228, 33], "goal": [227, 34], "length": 2, "is_direction_change": false}
[2026-09-25 10:06:26.440] [SFX] {"sound": "click_target", "volume": 0.77}
[2026-09-25 10:06:26.497] [SFX] {"sound": "guardian_move", "volume": 0.3}
[2026-09-25 10:06:26.596] [SFX] {"sound": "civ_move_1", "volume": 0.22}
[2026-09-25 10:06:27.109] [SFX] {"sound": "guardian_move", "volume": 0.3}
[2026-09-25 10:06:27.359] [M] {"button": 1, "pos": [295, 199], "ui_clicked": false}
[2026-09-25 10:06:27.366] [P] {"start": [227, 34], "goal": [226, 34], "length": 1, "is_direction_change": false}
[2026-09-25 10:06:27.367] [SFX] {"sound": "click_target", "volume": 0.78}
[2026-09-25 10:06:27.388] [JACK] Kleine Schritte. Immer die Augen nach IoT-Sensoren und Sentinels offen halten.
[2026-09-25 10:06:27.427] [SFX] {"sound": "civ_move_1", "volume": 0.22}
[2026-09-25 10:06:27.710] [SFX] {"sound": "guardian_move", "volume": 0.29}
[2026-09-25 10:06:27.829] [SFX] {"sound": "civ_move_1", "volume": 0.22}
[2026-09-25 10:06:28.324] [SFX] {"sound": "guardian_move", "volume": 0.28}
[2026-09-25 10:06:28.655] [SFX] {"sound": "civ_move_1", "volume": 0.22}
[2026-09-25 10:06:28.939] [SFX] {"sound": "guardian_move", "volume": 0.27}
[2026-09-25 10:06:29.056] [SFX] {"sound": "civ_move_1", "volume": 0.22}
[2026-09-25 10:06:29.457] [SFX] {"sound": "civ_move_1", "volume": 0.21}
[2026-09-25 10:06:29.573] [SFX] {"sound": "guardian_move", "volume": 0.27}
[2026-09-25 10:06:29.872] [SFX] {"sound": "civ_move_1", "volume": 0.21}
[2026-09-25 10:06:30.183] [SFX] {"sound": "guardian_move", "volume": 0.28}
[2026-09-25 10:06:30.282] [SFX] {"sound": "civ_move_1", "volume": 0.2}
[2026-09-25 10:06:30.682] [SFX] {"sound": "civ_move_1", "volume": 0.19}
[2026-09-25 10:06:30.795] [SFX] {"sound": "guardian_move", "volume": 0.29}
[2026-09-25 10:06:31.091] [SFX] {"sound": "civ_move_1", "volume": 0.18}
[2026-09-25 10:06:31.406] [SFX] {"sound": "guardian_move", "volume": 0.3}
[2026-09-25 10:06:31.506] [SFX] {"sound": "civ_move_1", "volume": 0.17}
[2026-09-25 10:06:31.906] [SFX] {"sound": "civ_move_1", "volume": 0.16}
[2026-09-25 10:06:32.006] [SFX] {"sound": "guardian_move", "volume": 0.3}
[2026-09-25 10:06:32.288] [SFX] {"sound": "civ_move_1", "volume": 0.01}
[2026-09-25 10:06:32.322] [SFX] {"sound": "civ_move_1", "volume": 0.15}
[2026-09-25 10:06:32.607] [SFX] {"sound": "guardian_move", "volume": 0.29}
[2026-09-25 10:06:32.689] [SFX] {"sound": "civ_move_1", "volume": 0.02}
[2026-09-25 10:06:32.722] [SFX] {"sound": "civ_move_1", "volume": 0.14}
[2026-09-25 10:06:33.090] [SFX] {"sound": "civ_move_1", "volume": 0.03}
[2026-09-25 10:06:33.124] [SFX] {"sound": "civ_move_1", "volume": 0.13}
[2026-09-25 10:06:33.208] [SFX] {"sound": "guardian_move", "volume": 0.28}
[2026-09-25 10:06:33.492] [SFX] {"sound": "civ_move_1", "volume": 0.05}
[2026-09-25 10:06:33.524] [SFX] {"sound": "civ_move_1", "volume": 0.12}
[2026-09-25 10:06:33.820] [SFX] {"sound": "guardian_move", "volume": 0.27}
[2026-09-25 10:06:33.901] [SFX] {"sound": "civ_move_1", "volume": 0.06}
[2026-09-25 10:06:33.933] [SFX] {"sound": "civ_move_1", "volume": 0.11}
[2026-09-25 10:06:34.329] [SFX] {"sound": "civ_move_1", "volume": 0.05}
[2026-09-25 10:06:34.351] [SFX] {"sound": "civ_move_1", "volume": 0.09}
[2026-09-25 10:06:34.426] [SFX] {"sound": "guardian_move", "volume": 0.25}
[2026-09-25 10:06:34.738] [SFX] {"sound": "civ_move_1", "volume": 0.04}
[2026-09-25 10:06:34.762] [SFX] {"sound": "civ_move_1", "volume": 0.08}
[2026-09-25 10:06:35.039] [SFX] {"sound": "guardian_move", "volume": 0.23}
[2026-09-25 10:06:35.140] [SFX] {"sound": "civ_move_1", "volume": 0.02}
[2026-09-25 10:06:35.162] [SFX] {"sound": "civ_move_1", "volume": 0.07}
[2026-09-25 10:06:35.339] [M] {"button": 1, "pos": [233, 201], "ui_clicked": false}
[2026-09-25 10:06:35.346] [P] {"start": [226, 34], "goal": [223, 34], "length": 1, "is_direction_change": false}
[2026-09-25 10:06:35.347] [SFX] {"sound": "click_target", "volume": 0.74}
[2026-09-25 10:06:35.367] [JACK] Vorsichtig vorantasten...
[2026-09-25 10:06:35.473] [SFX] {"sound": "player_move", "volume": 0.4}
[2026-09-25 10:06:35.540] [SFX] {"sound": "civ_move_1", "volume": 0.03}
[2026-09-25 10:06:35.571] [SFX] {"sound": "civ_move_1", "volume": 0.08}
[2026-09-25 10:06:35.638] [SFX] {"sound": "guardian_move", "volume": 0.24}
[2026-09-25 10:06:35.721] [SFX] {"sound": "civ_move_2", "volume": 0.03}
[2026-09-25 10:06:35.956] [SFX] {"sound": "civ_move_1", "volume": 0.02}
[2026-09-25 10:06:35.987] [SFX] {"sound": "civ_move_1", "volume": 0.07}
[2026-09-25 10:06:36.121] [SFX] {"sound": "civ_move_2", "volume": 0.04}
[2026-09-25 10:06:36.254] [SFX] {"sound": "guardian_move", "volume": 0.22}
[2026-09-25 10:06:36.356] [SFX] {"sound": "civ_move_1", "volume": 0.01}
[2026-09-25 10:06:36.390] [SFX] {"sound": "civ_move_1", "volume": 0.06}
[2026-09-25 10:06:36.523] [SFX] {"sound": "civ_move_2", "volume": 0.05}
[2026-09-25 10:06:36.589] [M] {"button": 1, "pos": [196, 201], "ui_clicked": false}
[2026-09-25 10:06:36.596] [P] {"start": [223, 34], "goal": [219, 34], "length": 1, "is_direction_change": false}
[2026-09-25 10:06:36.597] [SFX] {"sound": "click_target", "volume": 0.72}
[2026-09-25 10:06:36.768] [SFX] {"sound": "civ_move_1", "volume": 0.02}
[2026-09-25 10:06:36.802] [SFX] {"sound": "civ_move_1", "volume": 0.08}
[2026-09-25 10:06:36.868] [SFX] {"sound": "guardian_move", "volume": 0.23}
[2026-09-25 10:06:36.934] [SFX] {"sound": "civ_move_2", "volume": 0.09}
[2026-09-25 10:06:37.181] [SFX] {"sound": "civ_move_1", "volume": 0.02}
[2026-09-25 10:06:37.214] [SFX] {"sound": "civ_move_1", "volume": 0.06}
[2026-09-25 10:06:37.346] [SFX] {"sound": "civ_move_2", "volume": 0.1}
[2026-09-25 10:06:37.477] [SFX] {"sound": "guardian_move", "volume": 0.21}
[2026-09-25 10:06:37.594] [SFX] {"sound": "civ_move_1", "volume": 0.0}
[2026-09-25 10:06:37.626] [SFX] {"sound": "civ_move_1", "volume": 0.05}
[2026-09-25 10:06:37.759] [SFX] {"sound": "civ_move_2", "volume": 0.11}
[2026-09-25 10:06:38.042] [SFX] {"sound": "civ_move_1", "volume": 0.04}
[2026-09-25 10:06:38.093] [SFX] {"sound": "guardian_move", "volume": 0.19}
[2026-09-25 10:06:38.158] [SFX] {"sound": "civ_move_2", "volume": 0.12}
[2026-09-25 10:06:38.181] [SFX] {"sound": "civ_move_1", "volume": 0.0}
[2026-09-25 10:06:38.241] [M] {"button": 1, "pos": [438, 199], "ui_clicked": false}
[2026-09-25 10:06:38.247] [P] {"start": [219, 34], "goal": [222, 34], "length": 1, "is_direction_change": false}
[2026-09-25 10:06:38.248] [SFX] {"sound": "click_target", "volume": 0.73}
[2026-09-25 10:06:38.329] [SFX] {"sound": "player_move", "volume": 0.4}
[2026-09-25 10:06:38.449] [SFX] {"sound": "civ_move_1", "volume": 0.01}
[2026-09-25 10:06:38.563] [SFX] {"sound": "civ_move_2", "volume": 0.11}
[2026-09-25 10:06:38.696] [SFX] {"sound": "guardian_move", "volume": 0.14}
[2026-09-25 10:06:38.863] [M] {"button": 1, "pos": [488, 200], "ui_clicked": false}
[2026-09-25 10:06:38.871] [P] {"start": [222, 34], "goal": [227, 34], "length": 1, "is_direction_change": false}
[2026-09-25 10:06:38.872] [SFX] {"sound": "click_target", "volume": 0.7}
[2026-09-25 10:06:38.965] [SFX] {"sound": "civ_move_2", "volume": 0.11}
[2026-09-25 10:06:39.242] [M] {"button": 5, "pos": [488, 200], "ui_clicked": false}
[2026-09-25 10:06:39.308] [SFX] {"sound": "guardian_move", "volume": 0.07}
[2026-09-25 10:06:39.323] [M] {"button": 5, "pos": [488, 200], "ui_clicked": false}
[2026-09-25 10:06:39.375] [SFX] {"sound": "civ_move_2", "volume": 0.1}
[2026-09-25 10:06:39.786] [SFX] {"sound": "civ_move_2", "volume": 0.11}
[2026-09-25 10:06:39.922] [SFX] {"sound": "guardian_move", "volume": 0.05}
[2026-09-25 10:06:40.189] [SFX] {"sound": "civ_move_2", "volume": 0.12}
[2026-09-25 10:06:40.212] [SFX] {"sound": "civ_move_1", "volume": 0.01}
[2026-09-25 10:06:40.521] [SFX] {"sound": "guardian_move", "volume": 0.02}
[2026-09-25 10:06:40.589] [SFX] {"sound": "civ_move_2", "volume": 0.13}
[2026-09-25 10:06:40.612] [SFX] {"sound": "civ_move_1", "volume": 0.02}
[2026-09-25 10:06:40.989] [SFX] {"sound": "civ_move_2", "volume": 0.14}
[2026-09-25 10:06:41.011] [SFX] {"sound": "civ_move_1", "volume": 0.03}
[2026-09-25 10:06:41.022] [M] {"button": 1, "pos": [347, 95], "ui_clicked": false}
[2026-09-25 10:06:41.029] [P] {"start": [227, 34], "goal": [229, 26], "length": 3, "is_direction_change": false}
[2026-09-25 10:06:41.030] [SFX] {"sound": "click_target", "volume": 0.79}
[2026-09-25 10:06:41.062] [SFX] {"sound": "player_move", "volume": 0.4}
[2026-09-25 10:06:41.399] [SFX] {"sound": "civ_move_2", "volume": 0.17}
[2026-09-25 10:06:41.421] [SFX] {"sound": "civ_move_1", "volume": 0.02}
[2026-09-25 10:06:41.811] [SFX] {"sound": "civ_move_2", "volume": 0.17}
[2026-09-25 10:06:41.833] [SFX] {"sound": "civ_move_1", "volume": 0.03}
[2026-09-25 10:06:42.074] [M] {"button": 4, "pos": [347, 95], "ui_clicked": false}
[2026-09-25 10:06:42.225] [SFX] {"sound": "civ_move_2", "volume": 0.19}
[2026-09-25 10:06:42.246] [SFX] {"sound": "civ_move_1", "volume": 0.04}
[2026-09-25 10:06:42.637] [SFX] {"sound": "civ_move_2", "volume": 0.2}
[2026-09-25 10:06:42.660] [SFX] {"sound": "civ_move_1", "volume": 0.05}
[2026-09-25 10:06:42.931] [M] {"button": 5, "pos": [347, 95], "ui_clicked": false}
[2026-09-25 10:06:43.047] [SFX] {"sound": "civ_move_2", "volume": 0.21}
[2026-09-25 10:06:43.068] [SFX] {"sound": "civ_move_1", "volume": 0.06}
[2026-09-25 10:06:43.344] [M] {"button": 5, "pos": [347, 100], "ui_clicked": false}
[2026-09-25 10:06:43.459] [SFX] {"sound": "civ_move_2", "volume": 0.22}
[2026-09-25 10:06:43.480] [SFX] {"sound": "civ_move_1", "volume": 0.06}
[2026-09-25 10:06:43.871] [SFX] {"sound": "civ_move_2", "volume": 0.23}
[2026-09-25 10:06:43.894] [SFX] {"sound": "civ_move_1", "volume": 0.07}
[2026-09-25 10:06:44.037] [SFX] {"sound": "civ_move_2", "volume": 0.01}
[2026-09-25 10:06:44.220] [M] {"button": 4, "pos": [324, 195], "ui_clicked": false}
[2026-09-25 10:06:44.271] [SFX] {"sound": "civ_move_2", "volume": 0.25}
[2026-09-25 10:06:44.287] [M] {"button": 4, "pos": [324, 195], "ui_clicked": false}
[2026-09-25 10:06:44.294] [SFX] {"sound": "civ_move_1", "volume": 0.08}
[2026-09-25 10:06:44.439] [SFX] {"sound": "civ_move_2", "volume": 0.02}
[2026-09-25 10:06:44.671] [SFX] {"sound": "civ_move_2", "volume": 0.26}
[2026-09-25 10:06:44.695] [SFX] {"sound": "civ_move_1", "volume": 0.09}
[2026-09-25 10:06:44.856] [SFX] {"sound": "civ_move_2", "volume": 0.03}
[2026-09-25 10:06:45.049] [M] {"button": 5, "pos": [324, 195], "ui_clicked": false}
[2026-09-25 10:06:45.082] [SFX] {"sound": "civ_move_2", "volume": 0.27}
[2026-09-25 10:06:45.105] [SFX] {"sound": "civ_move_1", "volume": 0.1}
[2026-09-25 10:06:45.264] [SFX] {"sound": "civ_move_2", "volume": 0.05}
[2026-09-25 10:06:45.483] [SFX] {"sound": "civ_move_2", "volume": 0.28}
[2026-09-25 10:06:45.509] [SFX] {"sound": "civ_move_1", "volume": 0.11}
[2026-09-25 10:06:45.665] [SFX] {"sound": "civ_move_2", "volume": 0.06}
[2026-09-25 10:06:45.713] [M] {"button": 5, "pos": [324, 195], "ui_clicked": false}
[2026-09-25 10:06:45.897] [SFX] {"sound": "civ_move_2", "volume": 0.22}
[2026-09-25 10:06:45.919] [SFX] {"sound": "civ_move_1", "volume": 0.12}
[2026-09-25 10:06:45.995] [SFX] {"sound": "guardian_move", "volume": 0.02}
[2026-09-25 10:06:46.076] [SFX] {"sound": "civ_move_2", "volume": 0.07}
[2026-09-25 10:06:46.309] [SFX] {"sound": "civ_move_2", "volume": 0.22}
[2026-09-25 10:06:46.332] [SFX] {"sound": "civ_move_1", "volume": 0.13}
[2026-09-25 10:06:46.492] [SFX] {"sound": "civ_move_2", "volume": 0.08}
[2026-09-25 10:06:46.575] [M] {"button": 4, "pos": [324, 195], "ui_clicked": false}
[2026-09-25 10:06:46.607] [SFX] {"sound": "guardian_move", "volume": 0.04}
[2026-09-25 10:06:46.741] [SFX] {"sound": "civ_move_1", "volume": 0.14}
[2026-09-25 10:06:46.742] [SFX] {"sound": "civ_move_2", "volume": 0.22}
[2026-09-25 10:06:46.774] [M] {"button": 4, "pos": [324, 195], "ui_clicked": false}
[2026-09-25 10:06:46.906] [SFX] {"sound": "civ_move_2", "volume": 0.1}
[2026-09-25 10:06:47.157] [SFX] {"sound": "civ_move_1", "volume": 0.15}
[2026-09-25 10:06:47.159] [SFX] {"sound": "civ_move_2", "volume": 0.22}
[2026-09-25 10:06:47.206] [SFX] {"sound": "guardian_move", "volume": 0.07}
[2026-09-25 10:06:47.308] [SFX] {"sound": "civ_move_2", "volume": 0.11}
[2026-09-25 10:06:47.357] [M] {"button": 4, "pos": [324, 195], "ui_clicked": false}
[2026-09-25 10:06:47.557] [SFX] {"sound": "civ_move_1", "volume": 0.15}
[2026-09-25 10:06:47.558] [SFX] {"sound": "civ_move_2", "volume": 0.28}
[2026-09-25 10:06:47.722] [SFX] {"sound": "civ_move_2", "volume": 0.12}
[2026-09-25 10:06:47.821] [SFX] {"sound": "guardian_move", "volume": 0.09}
[2026-09-25 10:06:47.971] [SFX] {"sound": "civ_move_1", "volume": 0.16}
[2026-09-25 10:06:47.972] [SFX] {"sound": "civ_move_2", "volume": 0.27}
[2026-09-25 10:06:48.133] [SFX] {"sound": "civ_move_2", "volume": 0.13}
[2026-09-25 10:06:48.379] [SFX] {"sound": "civ_move_1", "volume": 0.17}
[2026-09-25 10:06:48.380] [SFX] {"sound": "civ_move_2", "volume": 0.26}
[2026-09-25 10:06:48.429] [SFX] {"sound": "guardian_move", "volume": 0.12}
[2026-09-25 10:06:48.546] [SFX] {"sound": "civ_move_2", "volume": 0.14}
[2026-09-25 10:06:48.596] [SFX] {"sound": "civ_move_2", "volume": 0.0}
[2026-09-25 10:06:48.792] [SFX] {"sound": "civ_move_1", "volume": 0.18}
[2026-09-25 10:06:48.793] [SFX] {"sound": "civ_move_2", "volume": 0.24}
[2026-09-25 10:06:48.959] [SFX] {"sound": "civ_move_2", "volume": 0.16}
[2026-09-25 10:06:49.011] [SFX] {"sound": "civ_move_2", "volume": 0.01}
[2026-09-25 10:06:49.044] [SFX] {"sound": "guardian_move", "volume": 0.14}
[2026-09-25 10:06:49.194] [SFX] {"sound": "civ_move_1", "volume": 0.18}
[2026-09-25 10:06:49.195] [SFX] {"sound": "civ_move_2", "volume": 0.23}
[2026-09-25 10:06:49.373] [SFX] {"sound": "civ_move_2", "volume": 0.17}
[2026-09-25 10:06:49.421] [SFX] {"sound": "civ_move_2", "volume": 0.02}
[2026-09-25 10:06:49.604] [SFX] {"sound": "civ_move_1", "volume": 0.19}
[2026-09-25 10:06:49.605] [SFX] {"sound": "civ_move_2", "volume": 0.22}
[2026-09-25 10:06:49.652] [SFX] {"sound": "guardian_move", "volume": 0.17}
[2026-09-25 10:06:49.785] [SFX] {"sound": "civ_move_2", "volume": 0.18}
[2026-09-25 10:06:49.835] [SFX] {"sound": "civ_move_2", "volume": 0.03}
[2026-09-25 10:06:49.867] [SFX] {"sound": "guardian_move", "volume": 0.01}
[2026-09-25 10:06:50.019] [SFX] {"sound": "civ_move_1", "volume": 0.19}
[2026-09-25 10:06:50.020] [SFX] {"sound": "civ_move_2", "volume": 0.21}
